Copyright 1986-2020 Xilinx, Inc. All Rights Reserved.
--------------------------------------------------------------------------------------------------------------------------------------------------------------------------
| Tool Version : Vivado v.2020.1 (lin64) Build 2902540 Wed May 27 19:54:35 MDT 2020
| Date         : Fri Oct  3 05:36:45 2025
| Host         : orthanc running 64-bit Ubuntu 22.04.4 LTS
| Command      : report_utilization -pblock pblock_657_xz_s -file /home/jyoo/custom_v_2/custom-core-tool/reports/memory_wo_simd/single/657_xz_s/pblock_util_pre_place.rpt
| Design       : top_multi_len
| Device       : xcu200fsgd2104-2
| Design State : Synthesized
--------------------------------------------------------------------------------------------------------------------------------------------------------------------------

Utilization Design Information

Table of Contents
-----------------
1. Pblock Summary
2. Clock Region Statistics
3. CLB Logic
3.1 Summary of Registers by Type
4. BLOCKRAM
5. ARITHMETIC
6. I/O
7. CLOCK
8. ADVANCED
9. CONFIGURATION
10. Primitives
11. Black Boxes
12. Instantiated Netlists
13. SLR Connectivity
14. SLR Connectivity Matrix
15. SLR CLB Logic and Dedicated Block Utilization
16. SLR IO Utilization

1. Pblock Summary
-----------------

+-------+-----------------+-------+-------------------+-----------------+----------------+
| Index |      Parent     | Child | EXCLUDE_PLACEMENT | CONTAIN_ROUTING | SLR(s) Covered |
+-------+-----------------+-------+-------------------+-----------------+----------------+
| 1     | pblock_657_xz_s |       |                 0 |               0 |           SLR0 |
+-------+-----------------+-------+-------------------+-----------------+----------------+


2. Clock Region Statistics
--------------------------

+-------------+--------------------+
| CLOCKREGION | Pblock Sites in CR |
+-------------+--------------------+
| X0Y0        |             18.37% |
| X0Y1        |             19.48% |
| X0Y2        |             19.48% |
| X1Y0        |             13.48% |
| X1Y1        |             14.59% |
| X1Y2        |             14.59% |
+-------------+--------------------+


3. CLB Logic
------------

+----------------------------+--------+-------+--------------+-------+-------+-----------+-------+
|          Site Type         | Parent | Child | Non-Assigned |  Used | Fixed | Available | Util% |
+----------------------------+--------+-------+--------------+-------+-------+-----------+-------+
| CLB LUTs*                  |  19353 |     0 |            0 | 19353 |     0 |     72960 | 26.53 |
|   LUT as Logic             |  18258 |     0 |            0 | 18258 |     0 |     72960 | 25.02 |
|   LUT as Memory            |   1095 |     0 |            0 |  1095 |     0 |     38400 |  2.85 |
|     LUT as Distributed RAM |      0 |     0 |            0 |     0 |     0 |           |       |
|     LUT as Shift Register  |   1095 |     0 |            0 |  1095 |     0 |           |       |
| CLB Registers              |  39776 |     0 |            0 | 39776 |     0 |    145920 | 27.26 |
|   Register as Flip Flop    |  39776 |     0 |            0 | 39776 |     0 |    145920 | 27.26 |
|   Register as Latch        |      0 |     0 |            0 |     0 |     0 |    145920 |  0.00 |
| CARRY8                     |    908 |     0 |            0 |   908 |     0 |      9120 |  9.96 |
| F7 Muxes                   |    456 |     0 |            0 |   456 |     0 |     36480 |  1.25 |
| F8 Muxes                   |      0 |     0 |            0 |     0 |     0 |     18240 |  0.00 |
| F9 Muxes                   |      0 |     0 |            0 |     0 |     0 |      9120 |  0.00 |
+----------------------------+--------+-------+--------------+-------+-------+-----------+-------+
* Warning! The Final LUT count, after physical optimizations and full implementation, is typically lower. Run opt_design after synthesis, if not already completed, for a more realistic count.


3.1 Summary of Registers by Type
--------------------------------

+-------+--------------+-------------+--------------+
| Total | Clock Enable | Synchronous | Asynchronous |
+-------+--------------+-------------+--------------+
| 0     |            _ |           - |            - |
| 0     |            _ |           - |          Set |
| 0     |            _ |           - |        Reset |
| 0     |            _ |         Set |            - |
| 0     |            _ |       Reset |            - |
| 0     |          Yes |           - |            - |
| 4     |          Yes |           - |          Set |
| 9801  |          Yes |           - |        Reset |
| 0     |          Yes |         Set |            - |
| 29971 |          Yes |       Reset |            - |
+-------+--------------+-------------+--------------+


4. BLOCKRAM
-----------

+-------------------+--------+-------+--------------+------+-------+-----------+-------+
|     Site Type     | Parent | Child | Non-Assigned | Used | Fixed | Available | Util% |
+-------------------+--------+-------+--------------+------+-------+-----------+-------+
| Block RAM Tile    |      8 |     0 |            0 |    8 |     0 |       144 |  5.56 |
|   RAMB36/FIFO*    |      8 |     0 |            0 |    8 |     0 |       144 |  5.56 |
|     RAMB36E2 only |      8 |     0 |            0 |    8 |       |           |       |
|   RAMB18          |      0 |     0 |            0 |    0 |     0 |       288 |  0.00 |
| URAM              |      0 |     0 |            0 |    0 |     0 |        48 |  0.00 |
+-------------------+--------+-------+--------------+------+-------+-----------+-------+
* Note: Each Block RAM Tile only has one FIFO logic available and therefore can accommodate only one FIFO36E2 or one FIFO18E2. However, if a FIFO18E2 occupies a Block RAM Tile, that tile can still accommodate a RAMB18E2


5. ARITHMETIC
-------------

+----------------+--------+-------+--------------+------+-------+-----------+-------+
|    Site Type   | Parent | Child | Non-Assigned | Used | Fixed | Available | Util% |
+----------------+--------+-------+--------------+------+-------+-----------+-------+
| DSPs           |     92 |     0 |            0 |   92 |     0 |       576 | 15.97 |
|   DSP48E2 only |     92 |     0 |            0 |   92 |       |           |       |
+----------------+--------+-------+--------------+------+-------+-----------+-------+


6. I/O
------

+-----------+--------+-------+--------------+------+-------+-----------+-------+
| Site Type | Parent | Child | Non-Assigned | Used | Fixed | Available | Util% |
+-----------+--------+-------+--------------+------+-------+-----------+-------+


7. CLOCK
--------

+-----------+--------+-------+--------------+------+-------+-----------+-------+
| Site Type | Parent | Child | Non-Assigned | Used | Fixed | Available | Util% |
+-----------+--------+-------+--------------+------+-------+-----------+-------+
* Note: Each used BUFGCTRL counts as two GLOBAL CLOCK BUFFERs. This table does not include global clocking resources, only buffer cell usage. See the Clock Utilization Report (report_clock_utilization) for detailed accounting of global clocking resource availability.


8. ADVANCED
-----------

+-----------+--------+-------+--------------+------+-------+-----------+-------+
| Site Type | Parent | Child | Non-Assigned | Used | Fixed | Available | Util% |
+-----------+--------+-------+--------------+------+-------+-----------+-------+


9. CONFIGURATION
----------------

+-----------+--------+-------+--------------+------+-------+-----------+-------+
| Site Type | Parent | Child | Non-Assigned | Used | Fixed | Available | Util% |
+-----------+--------+-------+--------------+------+-------+-----------+-------+


10. Primitives
--------------

+----------+-------+---------------------+
| Ref Name |  Used | Functional Category |
+----------+-------+---------------------+
| FDRE     | 29971 |            Register |
| FDCE     |  9801 |            Register |
| LUT2     |  8185 |                 CLB |
| LUT3     |  6050 |                 CLB |
| LUT6     |  3719 |                 CLB |
| SRL16E   |  2150 |                 CLB |
| LUT4     |  1430 |                 CLB |
| CARRY8   |   908 |                 CLB |
| LUT5     |   724 |                 CLB |
| LUT1     |   602 |                 CLB |
| MUXF7    |   456 |                 CLB |
| DSP48E2  |    92 |          Arithmetic |
| INBUF    |    72 |                 I/O |
| IBUFCTRL |    72 |              Others |
| OBUF     |    66 |                 I/O |
| RAMB36E2 |     8 |           Block Ram |
| FDPE     |     4 |            Register |
+----------+-------+---------------------+


11. Black Boxes
---------------

+----------+------+
| Ref Name | Used |
+----------+------+


12. Instantiated Netlists
-------------------------

+----------------+------+
|    Ref Name    | Used |
+----------------+------+
| integer_addsub |   28 |
| integer_mul    |    5 |
+----------------+------+


13. SLR Connectivity
--------------------

+----------------------------------+------+-------+-----------+-------+
|                                  | Used | Fixed | Available | Util% |
+----------------------------------+------+-------+-----------+-------+
| SLR2 <-> SLR1                    |    0 |       |     17280 |  0.00 |
|   SLR1 -> SLR2                   |    0 |       |           |  0.00 |
|     Using TX_REG only            |    0 |     0 |           |       |
|     Using RX_REG only            |    0 |     0 |           |       |
|     Using Both TX_REG and RX_REG |    0 |     0 |           |       |
|   SLR2 -> SLR1                   |    0 |       |           |  0.00 |
|     Using TX_REG only            |    0 |     0 |           |       |
|     Using RX_REG only            |    0 |     0 |           |       |
|     Using Both TX_REG and RX_REG |    0 |     0 |           |       |
| SLR1 <-> SLR0                    |    0 |       |     17280 |  0.00 |
|   SLR0 -> SLR1                   |    0 |       |           |  0.00 |
|     Using TX_REG only            |    0 |     0 |           |       |
|     Using RX_REG only            |    0 |     0 |           |       |
|     Using Both TX_REG and RX_REG |    0 |     0 |           |       |
|   SLR1 -> SLR0                   |    0 |       |           |  0.00 |
|     Using TX_REG only            |    0 |     0 |           |       |
|     Using RX_REG only            |    0 |     0 |           |       |
|     Using Both TX_REG and RX_REG |    0 |     0 |           |       |
+----------------------------------+------+-------+-----------+-------+
| Total SLLs Used                  |    0 |       |           |       |
+----------------------------------+------+-------+-----------+-------+


14. SLR Connectivity Matrix
---------------------------

+-----------+------+------+------+
| FROM \ TO | SLR2 | SLR1 | SLR0 |
+-----------+------+------+------+
| SLR2      |    0 |    0 |    0 |
| SLR1      |    0 |    0 |    0 |
| SLR0      |    0 |    0 |    0 |
+-----------+------+------+------+


15. SLR CLB Logic and Dedicated Block Utilization
-------------------------------------------------

+----------------------------+------+------+------+--------+--------+--------+
|          Site Type         | SLR0 | SLR1 | SLR2 | SLR0 % | SLR1 % | SLR2 % |
+----------------------------+------+------+------+--------+--------+--------+
| CLB                        |    0 |    0 |    0 |   0.00 |   0.00 |   0.00 |
|   CLBL                     |    0 |    0 |    0 |   0.00 |   0.00 |   0.00 |
|   CLBM                     |    0 |    0 |    0 |   0.00 |   0.00 |   0.00 |
| CLB LUTs                   |    0 |    0 |    0 |   0.00 |   0.00 |   0.00 |
|   LUT as Logic             |    0 |    0 |    0 |   0.00 |   0.00 |   0.00 |
|   LUT as Memory            |    0 |    0 |    0 |   0.00 |   0.00 |   0.00 |
|     LUT as Distributed RAM |    0 |    0 |    0 |   0.00 |   0.00 |   0.00 |
|     LUT as Shift Register  |    0 |    0 |    0 |   0.00 |   0.00 |   0.00 |
| CLB Registers              |    0 |    0 |    0 |   0.00 |   0.00 |   0.00 |
| CARRY8                     |    0 |    0 |    0 |   0.00 |   0.00 |   0.00 |
| F7 Muxes                   |    0 |    0 |    0 |   0.00 |   0.00 |   0.00 |
| F8 Muxes                   |    0 |    0 |    0 |   0.00 |   0.00 |   0.00 |
| F9 Muxes                   |    0 |    0 |    0 |   0.00 |   0.00 |   0.00 |
| Block RAM Tile             |    0 |    0 |    0 |   0.00 |   0.00 |   0.00 |
|   RAMB36/FIFO              |    0 |    0 |    0 |   0.00 |   0.00 |   0.00 |
|   RAMB18                   |    0 |    0 |    0 |   0.00 |   0.00 |   0.00 |
| URAM                       |    0 |    0 |    0 |   0.00 |   0.00 |   0.00 |
| DSPs                       |    0 |    0 |    0 |   0.00 |   0.00 |   0.00 |
| PLL                        |    0 |    0 |    0 |   0.00 |   0.00 |   0.00 |
| MMCM                       |    0 |    0 |    0 |   0.00 |   0.00 |   0.00 |
| Unique Control Sets        |    0 |    0 |    0 |   0.00 |   0.00 |   0.00 |
+----------------------------+------+------+------+--------+--------+--------+
* Note: Available Control Sets based on CLB Registers / 8


16. SLR IO Utilization
----------------------

+-----------+-----------+---------+------------+----------+------------+----------+-----+
| SLR Index | Used IOBs | (%)IOBs | Used IPADs | (%)IPADs | Used OPADs | (%)OPADs | GTs |
+-----------+-----------+---------+------------+----------+------------+----------+-----+
| SLR2      |         0 |    0.00 |          0 |     0.00 |          0 |     0.00 |   0 |
| SLR1      |         0 |    0.00 |          0 |     0.00 |          0 |     0.00 |   0 |
| SLR0      |         0 |    0.00 |          0 |     0.00 |          0 |     0.00 |   0 |
+-----------+-----------+---------+------------+----------+------------+----------+-----+
| Total     |         0 |         |          0 |          |          0 |          |   0 |
+-----------+-----------+---------+------------+----------+------------+----------+-----+


