Copyright 1986-2020 Xilinx, Inc. All Rights Reserved.
-------------------------------------------------------------------------------------------------------------------------------------------------------
| Tool Version : Vivado v.2020.1 (lin64) Build 2902540 Wed May 27 19:54:35 MDT 2020
| Date         : Fri Sep 19 11:12:34 2025
| Host         : orthanc running 64-bit Ubuntu 22.04.4 LTS
| Command      : report_utilization -hierarchical -file /home/jyoo/custom_v_2/custom-core-tool/reports/benches/503_bwaves_r/503_bwaves_r_util_hier.rpt
| Design       : top_bench__503_bwaves_r
| Device       : xcu200fsgd2104-2
| Design State : Optimized
-------------------------------------------------------------------------------------------------------------------------------------------------------

Utilization Design Information

Table of Contents
-----------------
1. Utilization by Hierarchy

1. Utilization by Hierarchy
---------------------------

+----------------------------------------------+-----------------------------------------------------+------------+------------+---------+------+-------+--------+--------+------+------------+
|                   Instance                   |                        Module                       | Total LUTs | Logic LUTs | LUTRAMs | SRLs |  FFs  | RAMB36 | RAMB18 | URAM | DSP Blocks |
+----------------------------------------------+-----------------------------------------------------+------------+------------+---------+------+-------+--------+--------+------+------------+
| top_bench__503_bwaves_r                      |                                               (top) |        737 |        737 |       0 |    0 | 10544 |      0 |      0 |    0 |          0 |
|   (top_bench__503_bwaves_r)                  |                                               (top) |          0 |          0 |       0 |    0 |     0 |      0 |      0 |    0 |          0 |
|   u_503_bwaves_r                             |                            bench_core__503_bwaves_r |        737 |        737 |       0 |    0 | 10544 |      0 |      0 |    0 |          0 |
|     (u_503_bwaves_r)                         |                            bench_core__503_bwaves_r |        664 |        664 |       0 |    0 |     0 |      0 |      0 |    0 |          0 |
|     glen[0].core_i                           |                                   uop_block_wrap__1 |          1 |          1 |       0 |    0 |   192 |      0 |      0 |    0 |          0 |
|       (glen[0].core_i)                       |                                   uop_block_wrap__1 |          0 |          0 |       0 |    0 |    96 |      0 |      0 |    0 |          0 |
|       core                                   |                                        uop_block__1 |          1 |          1 |       0 |    0 |    96 |      0 |      0 |    0 |          0 |
|         (core)                               |                                        uop_block__1 |          1 |          1 |       0 |    0 |    32 |      0 |      0 |    0 |          0 |
|         g[0].g_normal.alu_i                  |                                     microop_unit__5 |          0 |          0 |       0 |    0 |    32 |      0 |      0 |    0 |          0 |
|         g[1].g_normal.alu_i                  |                     microop_unit__parameterized0__4 |          0 |          0 |       0 |    0 |    32 |      0 |      0 |    0 |          0 |
|     glen[10].core_i                          |           uop_block_wrap__parameterized4__xdcDup__1 |          2 |          2 |       0 |    0 |   242 |      0 |      0 |    0 |          0 |
|       (glen[10].core_i)                      |           uop_block_wrap__parameterized4__xdcDup__1 |          0 |          0 |       0 |    0 |   124 |      0 |      0 |    0 |          0 |
|       core                                   |                uop_block__parameterized4__xdcDup__1 |          2 |          2 |       0 |    0 |   118 |      0 |      0 |    0 |          0 |
|         (core)                               |                uop_block__parameterized4__xdcDup__1 |          1 |          1 |       0 |    0 |     0 |      0 |      0 |    0 |          0 |
|         g[0].g_normal.alu_i                  |             microop_unit__parameterized7__xdcDup__1 |          1 |          1 |       0 |    0 |   118 |      0 |      0 |    0 |          0 |
|           (g[0].g_normal.alu_i)              |             microop_unit__parameterized7__xdcDup__1 |          0 |          0 |       0 |    0 |    59 |      0 |      0 |    0 |          0 |
|           g_iadd.use_ip.int_addsub_i         |                                integer_addsub_HD552 |          1 |          1 |       0 |    0 |    59 |      0 |      0 |    0 |          0 |
|             U0                               |               integer_addsubc_addsub_v12_0_14_HD553 |          1 |          1 |       0 |    0 |    59 |      0 |      0 |    0 |          0 |
|               xst_addsub                     |           integer_addsubc_addsub_v12_0_14_viv_HD554 |          1 |          1 |       0 |    0 |    59 |      0 |      0 |    0 |          0 |
|                 i_baseblox.i_baseblox_addsub |        integer_addsubc_addsub_v12_0_14_legacy_HD555 |          1 |          1 |       0 |    0 |    59 |      0 |      0 |    0 |          0 |
|                   no_pipelining.the_addsub   | integer_addsubc_addsub_v12_0_14_fabric_legacy_HD556 |          1 |          1 |       0 |    0 |    59 |      0 |      0 |    0 |          0 |
|                     i_lut6.i_lut6_addsub     |   integer_addsubc_addsub_v12_0_14_lut6_legacy_HD557 |          1 |          1 |       0 |    0 |    59 |      0 |      0 |    0 |          0 |
|                       (i_lut6.i_lut6_addsub) |   integer_addsubc_addsub_v12_0_14_lut6_legacy_HD557 |          1 |          1 |       0 |    0 |     0 |      0 |      0 |    0 |          0 |
|                       i_q.i_simple.qreg      |            integer_addsubc_reg_fd_v12_0_6_viv_HD558 |          0 |          0 |       0 |    0 |    59 |      0 |      0 |    0 |          0 |
|     glen[11].core_i                          |           uop_block_wrap__parameterized5__xdcDup__1 |          1 |          1 |       0 |    0 |   256 |      0 |      0 |    0 |          0 |
|       (glen[11].core_i)                      |           uop_block_wrap__parameterized5__xdcDup__1 |          0 |          0 |       0 |    0 |    96 |      0 |      0 |    0 |          0 |
|       core                                   |                uop_block__parameterized5__xdcDup__1 |          1 |          1 |       0 |    0 |   160 |      0 |      0 |    0 |          0 |
|         (core)                               |                uop_block__parameterized5__xdcDup__1 |          1 |          1 |       0 |    0 |     0 |      0 |      0 |    0 |          0 |
|         g[0].g_normal.alu_i                  |                     microop_unit__parameterized0__3 |          0 |          0 |       0 |    0 |    32 |      0 |      0 |    0 |          0 |
|         g[1].g_normal.alu_i                  |             microop_unit__parameterized5__xdcDup__2 |          0 |          0 |       0 |    0 |   128 |      0 |      0 |    0 |          0 |
|           (g[1].g_normal.alu_i)              |             microop_unit__parameterized5__xdcDup__2 |          0 |          0 |       0 |    0 |    64 |      0 |      0 |    0 |          0 |
|           g_iadd.use_ip.int_addsub_i         |                                integer_addsub_HD559 |          0 |          0 |       0 |    0 |    64 |      0 |      0 |    0 |          0 |
|             U0                               |               integer_addsubc_addsub_v12_0_14_HD560 |          0 |          0 |       0 |    0 |    64 |      0 |      0 |    0 |          0 |
|               xst_addsub                     |           integer_addsubc_addsub_v12_0_14_viv_HD561 |          0 |          0 |       0 |    0 |    64 |      0 |      0 |    0 |          0 |
|                 i_baseblox.i_baseblox_addsub |        integer_addsubc_addsub_v12_0_14_legacy_HD562 |          0 |          0 |       0 |    0 |    64 |      0 |      0 |    0 |          0 |
|                   no_pipelining.the_addsub   | integer_addsubc_addsub_v12_0_14_fabric_legacy_HD563 |          0 |          0 |       0 |    0 |    64 |      0 |      0 |    0 |          0 |
|                     i_lut6.i_lut6_addsub     |   integer_addsubc_addsub_v12_0_14_lut6_legacy_HD564 |          0 |          0 |       0 |    0 |    64 |      0 |      0 |    0 |          0 |
|                       (i_lut6.i_lut6_addsub) |   integer_addsubc_addsub_v12_0_14_lut6_legacy_HD564 |          0 |          0 |       0 |    0 |     0 |      0 |      0 |    0 |          0 |
|                       i_q.i_simple.qreg      |            integer_addsubc_reg_fd_v12_0_6_viv_HD565 |          0 |          0 |       0 |    0 |    64 |      0 |      0 |    0 |          0 |
|     glen[12].core_i                          |           uop_block_wrap__parameterized4__xdcDup__2 |          2 |          2 |       0 |    0 |   242 |      0 |      0 |    0 |          0 |
|       (glen[12].core_i)                      |           uop_block_wrap__parameterized4__xdcDup__2 |          0 |          0 |       0 |    0 |   124 |      0 |      0 |    0 |          0 |
|       core                                   |                uop_block__parameterized4__xdcDup__2 |          2 |          2 |       0 |    0 |   118 |      0 |      0 |    0 |          0 |
|         (core)                               |                uop_block__parameterized4__xdcDup__2 |          1 |          1 |       0 |    0 |     0 |      0 |      0 |    0 |          0 |
|         g[0].g_normal.alu_i                  |             microop_unit__parameterized7__xdcDup__2 |          1 |          1 |       0 |    0 |   118 |      0 |      0 |    0 |          0 |
|           (g[0].g_normal.alu_i)              |             microop_unit__parameterized7__xdcDup__2 |          0 |          0 |       0 |    0 |    59 |      0 |      0 |    0 |          0 |
|           g_iadd.use_ip.int_addsub_i         |                                integer_addsub_HD566 |          1 |          1 |       0 |    0 |    59 |      0 |      0 |    0 |          0 |
|             U0                               |               integer_addsubc_addsub_v12_0_14_HD567 |          1 |          1 |       0 |    0 |    59 |      0 |      0 |    0 |          0 |
|               xst_addsub                     |           integer_addsubc_addsub_v12_0_14_viv_HD568 |          1 |          1 |       0 |    0 |    59 |      0 |      0 |    0 |          0 |
|                 i_baseblox.i_baseblox_addsub |        integer_addsubc_addsub_v12_0_14_legacy_HD569 |          1 |          1 |       0 |    0 |    59 |      0 |      0 |    0 |          0 |
|                   no_pipelining.the_addsub   | integer_addsubc_addsub_v12_0_14_fabric_legacy_HD570 |          1 |          1 |       0 |    0 |    59 |      0 |      0 |    0 |          0 |
|                     i_lut6.i_lut6_addsub     |   integer_addsubc_addsub_v12_0_14_lut6_legacy_HD571 |          1 |          1 |       0 |    0 |    59 |      0 |      0 |    0 |          0 |
|                       (i_lut6.i_lut6_addsub) |   integer_addsubc_addsub_v12_0_14_lut6_legacy_HD571 |          1 |          1 |       0 |    0 |     0 |      0 |      0 |    0 |          0 |
|                       i_q.i_simple.qreg      |            integer_addsubc_reg_fd_v12_0_6_viv_HD572 |          0 |          0 |       0 |    0 |    59 |      0 |      0 |    0 |          0 |
|     glen[13].core_i                          |                   uop_block_wrap__parameterized6__1 |          1 |          1 |       0 |    0 |    28 |      0 |      0 |    0 |          0 |
|       (glen[13].core_i)                      |                   uop_block_wrap__parameterized6__1 |          0 |          0 |       0 |    0 |    14 |      0 |      0 |    0 |          0 |
|       core                                   |                        uop_block__parameterized6__1 |          1 |          1 |       0 |    0 |    14 |      0 |      0 |    0 |          0 |
|         (core)                               |                        uop_block__parameterized6__1 |          1 |          1 |       0 |    0 |     0 |      0 |      0 |    0 |          0 |
|         g[0].g_normal.alu_i                  |                     microop_unit__parameterized8__3 |          0 |          0 |       0 |    0 |     7 |      0 |      0 |    0 |          0 |
|         g[1].g_normal.alu_i                  |                     microop_unit__parameterized8__2 |          0 |          0 |       0 |    0 |     7 |      0 |      0 |    0 |          0 |
|     glen[14].core_i                          |                                   uop_block_wrap__7 |          1 |          1 |       0 |    0 |   192 |      0 |      0 |    0 |          0 |
|       (glen[14].core_i)                      |                                   uop_block_wrap__7 |          0 |          0 |       0 |    0 |    96 |      0 |      0 |    0 |          0 |
|       core                                   |                                        uop_block__7 |          1 |          1 |       0 |    0 |    96 |      0 |      0 |    0 |          0 |
|         (core)                               |                                        uop_block__7 |          1 |          1 |       0 |    0 |    32 |      0 |      0 |    0 |          0 |
|         g[0].g_normal.alu_i                  |                                    microop_unit__11 |          0 |          0 |       0 |    0 |    32 |      0 |      0 |    0 |          0 |
|         g[1].g_normal.alu_i                  |                    microop_unit__parameterized0__10 |          0 |          0 |       0 |    0 |    32 |      0 |      0 |    0 |          0 |
|     glen[15].core_i                          |                                   uop_block_wrap__8 |          1 |          1 |       0 |    0 |   192 |      0 |      0 |    0 |          0 |
|       (glen[15].core_i)                      |                                   uop_block_wrap__8 |          0 |          0 |       0 |    0 |    96 |      0 |      0 |    0 |          0 |
|       core                                   |                                        uop_block__8 |          1 |          1 |       0 |    0 |    96 |      0 |      0 |    0 |          0 |
|         (core)                               |                                        uop_block__8 |          1 |          1 |       0 |    0 |    32 |      0 |      0 |    0 |          0 |
|         g[0].g_normal.alu_i                  |                                    microop_unit__12 |          0 |          0 |       0 |    0 |    32 |      0 |      0 |    0 |          0 |
|         g[1].g_normal.alu_i                  |                    microop_unit__parameterized0__11 |          0 |          0 |       0 |    0 |    32 |      0 |      0 |    0 |          0 |
|     glen[16].core_i                          |                   uop_block_wrap__parameterized0__2 |          1 |          1 |       0 |    0 |   128 |      0 |      0 |    0 |          0 |
|       (glen[16].core_i)                      |                   uop_block_wrap__parameterized0__2 |          0 |          0 |       0 |    0 |    64 |      0 |      0 |    0 |          0 |
|       core                                   |                        uop_block__parameterized0__2 |          1 |          1 |       0 |    0 |    64 |      0 |      0 |    0 |          0 |
|         (core)                               |                        uop_block__parameterized0__2 |          1 |          1 |       0 |    0 |     0 |      0 |      0 |    0 |          0 |
|         g[0].g_normal.alu_i                  |                     microop_unit__parameterized1__9 |          0 |          0 |       0 |    0 |    32 |      0 |      0 |    0 |          0 |
|         g[1].g_normal.alu_i                  |                     microop_unit__parameterized2__2 |          0 |          0 |       0 |    0 |    32 |      0 |      0 |    0 |          0 |
|     glen[17].core_i                          |                   uop_block_wrap__parameterized1__2 |          1 |          1 |       0 |    0 |   192 |      0 |      0 |    0 |          0 |
|       (glen[17].core_i)                      |                   uop_block_wrap__parameterized1__2 |          0 |          0 |       0 |    0 |    96 |      0 |      0 |    0 |          0 |
|       core                                   |                        uop_block__parameterized1__2 |          1 |          1 |       0 |    0 |    96 |      0 |      0 |    0 |          0 |
|         (core)                               |                        uop_block__parameterized1__2 |          1 |          1 |       0 |    0 |    32 |      0 |      0 |    0 |          0 |
|         g[0].g_normal.alu_i                  |                                     microop_unit__3 |          0 |          0 |       0 |    0 |    32 |      0 |      0 |    0 |          0 |
|         g[1].g_normal.alu_i                  |                     microop_unit__parameterized3__2 |          0 |          0 |       0 |    0 |    32 |      0 |      0 |    0 |          0 |
|     glen[18].core_i                          |                                   uop_block_wrap__9 |          1 |          1 |       0 |    0 |   192 |      0 |      0 |    0 |          0 |
|       (glen[18].core_i)                      |                                   uop_block_wrap__9 |          0 |          0 |       0 |    0 |    96 |      0 |      0 |    0 |          0 |
|       core                                   |                                        uop_block__9 |          1 |          1 |       0 |    0 |    96 |      0 |      0 |    0 |          0 |
|         (core)                               |                                        uop_block__9 |          1 |          1 |       0 |    0 |    32 |      0 |      0 |    0 |          0 |
|         g[0].g_normal.alu_i                  |                                    microop_unit__13 |          0 |          0 |       0 |    0 |    32 |      0 |      0 |    0 |          0 |
|         g[1].g_normal.alu_i                  |                    microop_unit__parameterized0__12 |          0 |          0 |       0 |    0 |    32 |      0 |      0 |    0 |          0 |
|     glen[19].core_i                          |                                  uop_block_wrap__10 |          1 |          1 |       0 |    0 |   192 |      0 |      0 |    0 |          0 |
|       (glen[19].core_i)                      |                                  uop_block_wrap__10 |          0 |          0 |       0 |    0 |    96 |      0 |      0 |    0 |          0 |
|       core                                   |                                       uop_block__10 |          1 |          1 |       0 |    0 |    96 |      0 |      0 |    0 |          0 |
|         (core)                               |                                       uop_block__10 |          1 |          1 |       0 |    0 |    32 |      0 |      0 |    0 |          0 |
|         g[0].g_normal.alu_i                  |                                    microop_unit__14 |          0 |          0 |       0 |    0 |    32 |      0 |      0 |    0 |          0 |
|         g[1].g_normal.alu_i                  |                    microop_unit__parameterized0__13 |          0 |          0 |       0 |    0 |    32 |      0 |      0 |    0 |          0 |
|     glen[1].core_i                           |                                   uop_block_wrap__2 |          1 |          1 |       0 |    0 |   192 |      0 |      0 |    0 |          0 |
|       (glen[1].core_i)                       |                                   uop_block_wrap__2 |          0 |          0 |       0 |    0 |    96 |      0 |      0 |    0 |          0 |
|       core                                   |                                        uop_block__2 |          1 |          1 |       0 |    0 |    96 |      0 |      0 |    0 |          0 |
|         (core)                               |                                        uop_block__2 |          1 |          1 |       0 |    0 |    32 |      0 |      0 |    0 |          0 |
|         g[0].g_normal.alu_i                  |                                     microop_unit__6 |          0 |          0 |       0 |    0 |    32 |      0 |      0 |    0 |          0 |
|         g[1].g_normal.alu_i                  |                     microop_unit__parameterized0__5 |          0 |          0 |       0 |    0 |    32 |      0 |      0 |    0 |          0 |
|     glen[20].core_i                          |           uop_block_wrap__parameterized2__xdcDup__2 |          3 |          3 |       0 |    0 |   384 |      0 |      0 |    0 |          0 |
|       (glen[20].core_i)                      |           uop_block_wrap__parameterized2__xdcDup__2 |          0 |          0 |       0 |    0 |   128 |      0 |      0 |    0 |          0 |
|       core                                   |                uop_block__parameterized2__xdcDup__2 |          3 |          3 |       0 |    0 |   256 |      0 |      0 |    0 |          0 |
|         (core)                               |                uop_block__parameterized2__xdcDup__2 |          1 |          1 |       0 |    0 |    64 |      0 |      0 |    0 |          0 |
|         g[0].g_normal.alu_i                  |                     microop_unit__parameterized4__5 |          0 |          0 |       0 |    0 |    64 |      0 |      0 |    0 |          0 |
|         g[1].g_normal.alu_i                  |             microop_unit__parameterized5__xdcDup__3 |          2 |          2 |       0 |    0 |   128 |      0 |      0 |    0 |          0 |
|           (g[1].g_normal.alu_i)              |             microop_unit__parameterized5__xdcDup__3 |          0 |          0 |       0 |    0 |    64 |      0 |      0 |    0 |          0 |
|           g_iadd.use_ip.int_addsub_i         |                                integer_addsub_HD573 |          2 |          2 |       0 |    0 |    64 |      0 |      0 |    0 |          0 |
|             U0                               |               integer_addsubc_addsub_v12_0_14_HD574 |          2 |          2 |       0 |    0 |    64 |      0 |      0 |    0 |          0 |
|               xst_addsub                     |           integer_addsubc_addsub_v12_0_14_viv_HD575 |          2 |          2 |       0 |    0 |    64 |      0 |      0 |    0 |          0 |
|                 i_baseblox.i_baseblox_addsub |        integer_addsubc_addsub_v12_0_14_legacy_HD576 |          2 |          2 |       0 |    0 |    64 |      0 |      0 |    0 |          0 |
|                   no_pipelining.the_addsub   | integer_addsubc_addsub_v12_0_14_fabric_legacy_HD577 |          2 |          2 |       0 |    0 |    64 |      0 |      0 |    0 |          0 |
|                     i_lut6.i_lut6_addsub     |   integer_addsubc_addsub_v12_0_14_lut6_legacy_HD578 |          2 |          2 |       0 |    0 |    64 |      0 |      0 |    0 |          0 |
|                       (i_lut6.i_lut6_addsub) |   integer_addsubc_addsub_v12_0_14_lut6_legacy_HD578 |          2 |          2 |       0 |    0 |     0 |      0 |      0 |    0 |          0 |
|                       i_q.i_simple.qreg      |            integer_addsubc_reg_fd_v12_0_6_viv_HD579 |          0 |          0 |       0 |    0 |    64 |      0 |      0 |    0 |          0 |
|     glen[21].core_i                          |                   uop_block_wrap__parameterized3__2 |          1 |          1 |       0 |    0 |    80 |      0 |      0 |    0 |          0 |
|       (glen[21].core_i)                      |                   uop_block_wrap__parameterized3__2 |          0 |          0 |       0 |    0 |    40 |      0 |      0 |    0 |          0 |
|       core                                   |                        uop_block__parameterized3__2 |          1 |          1 |       0 |    0 |    40 |      0 |      0 |    0 |          0 |
|         (core)                               |                        uop_block__parameterized3__2 |          1 |          1 |       0 |    0 |     0 |      0 |      0 |    0 |          0 |
|         g[0].g_normal.alu_i                  |                     microop_unit__parameterized6__2 |          0 |          0 |       0 |    0 |     8 |      0 |      0 |    0 |          0 |
|         g[1].g_normal.alu_i                  |                     microop_unit__parameterized1__3 |          0 |          0 |       0 |    0 |    32 |      0 |      0 |    0 |          0 |
|     glen[22].core_i                          |           uop_block_wrap__parameterized4__xdcDup__3 |          2 |          2 |       0 |    0 |   242 |      0 |      0 |    0 |          0 |
|       (glen[22].core_i)                      |           uop_block_wrap__parameterized4__xdcDup__3 |          0 |          0 |       0 |    0 |   124 |      0 |      0 |    0 |          0 |
|       core                                   |                uop_block__parameterized4__xdcDup__3 |          2 |          2 |       0 |    0 |   118 |      0 |      0 |    0 |          0 |
|         (core)                               |                uop_block__parameterized4__xdcDup__3 |          1 |          1 |       0 |    0 |     0 |      0 |      0 |    0 |          0 |
|         g[0].g_normal.alu_i                  |             microop_unit__parameterized7__xdcDup__3 |          1 |          1 |       0 |    0 |   118 |      0 |      0 |    0 |          0 |
|           (g[0].g_normal.alu_i)              |             microop_unit__parameterized7__xdcDup__3 |          0 |          0 |       0 |    0 |    59 |      0 |      0 |    0 |          0 |
|           g_iadd.use_ip.int_addsub_i         |                                integer_addsub_HD580 |          1 |          1 |       0 |    0 |    59 |      0 |      0 |    0 |          0 |
|             U0                               |               integer_addsubc_addsub_v12_0_14_HD581 |          1 |          1 |       0 |    0 |    59 |      0 |      0 |    0 |          0 |
|               xst_addsub                     |           integer_addsubc_addsub_v12_0_14_viv_HD582 |          1 |          1 |       0 |    0 |    59 |      0 |      0 |    0 |          0 |
|                 i_baseblox.i_baseblox_addsub |        integer_addsubc_addsub_v12_0_14_legacy_HD583 |          1 |          1 |       0 |    0 |    59 |      0 |      0 |    0 |          0 |
|                   no_pipelining.the_addsub   | integer_addsubc_addsub_v12_0_14_fabric_legacy_HD584 |          1 |          1 |       0 |    0 |    59 |      0 |      0 |    0 |          0 |
|                     i_lut6.i_lut6_addsub     |   integer_addsubc_addsub_v12_0_14_lut6_legacy_HD585 |          1 |          1 |       0 |    0 |    59 |      0 |      0 |    0 |          0 |
|                       (i_lut6.i_lut6_addsub) |   integer_addsubc_addsub_v12_0_14_lut6_legacy_HD585 |          1 |          1 |       0 |    0 |     0 |      0 |      0 |    0 |          0 |
|                       i_q.i_simple.qreg      |            integer_addsubc_reg_fd_v12_0_6_viv_HD586 |          0 |          0 |       0 |    0 |    59 |      0 |      0 |    0 |          0 |
|     glen[23].core_i                          |                   uop_block_wrap__parameterized3__3 |          1 |          1 |       0 |    0 |    80 |      0 |      0 |    0 |          0 |
|       (glen[23].core_i)                      |                   uop_block_wrap__parameterized3__3 |          0 |          0 |       0 |    0 |    40 |      0 |      0 |    0 |          0 |
|       core                                   |                        uop_block__parameterized3__3 |          1 |          1 |       0 |    0 |    40 |      0 |      0 |    0 |          0 |
|         (core)                               |                        uop_block__parameterized3__3 |          1 |          1 |       0 |    0 |     0 |      0 |      0 |    0 |          0 |
|         g[0].g_normal.alu_i                  |                     microop_unit__parameterized6__3 |          0 |          0 |       0 |    0 |     8 |      0 |      0 |    0 |          0 |
|         g[1].g_normal.alu_i                  |                     microop_unit__parameterized1__4 |          0 |          0 |       0 |    0 |    32 |      0 |      0 |    0 |          0 |
|     glen[24].core_i                          |           uop_block_wrap__parameterized4__xdcDup__4 |          2 |          2 |       0 |    0 |   242 |      0 |      0 |    0 |          0 |
|       (glen[24].core_i)                      |           uop_block_wrap__parameterized4__xdcDup__4 |          0 |          0 |       0 |    0 |   124 |      0 |      0 |    0 |          0 |
|       core                                   |                uop_block__parameterized4__xdcDup__4 |          2 |          2 |       0 |    0 |   118 |      0 |      0 |    0 |          0 |
|         (core)                               |                uop_block__parameterized4__xdcDup__4 |          1 |          1 |       0 |    0 |     0 |      0 |      0 |    0 |          0 |
|         g[0].g_normal.alu_i                  |             microop_unit__parameterized7__xdcDup__4 |          1 |          1 |       0 |    0 |   118 |      0 |      0 |    0 |          0 |
|           (g[0].g_normal.alu_i)              |             microop_unit__parameterized7__xdcDup__4 |          0 |          0 |       0 |    0 |    59 |      0 |      0 |    0 |          0 |
|           g_iadd.use_ip.int_addsub_i         |                                integer_addsub_HD587 |          1 |          1 |       0 |    0 |    59 |      0 |      0 |    0 |          0 |
|             U0                               |               integer_addsubc_addsub_v12_0_14_HD588 |          1 |          1 |       0 |    0 |    59 |      0 |      0 |    0 |          0 |
|               xst_addsub                     |           integer_addsubc_addsub_v12_0_14_viv_HD589 |          1 |          1 |       0 |    0 |    59 |      0 |      0 |    0 |          0 |
|                 i_baseblox.i_baseblox_addsub |        integer_addsubc_addsub_v12_0_14_legacy_HD590 |          1 |          1 |       0 |    0 |    59 |      0 |      0 |    0 |          0 |
|                   no_pipelining.the_addsub   | integer_addsubc_addsub_v12_0_14_fabric_legacy_HD591 |          1 |          1 |       0 |    0 |    59 |      0 |      0 |    0 |          0 |
|                     i_lut6.i_lut6_addsub     |   integer_addsubc_addsub_v12_0_14_lut6_legacy_HD592 |          1 |          1 |       0 |    0 |    59 |      0 |      0 |    0 |          0 |
|                       (i_lut6.i_lut6_addsub) |   integer_addsubc_addsub_v12_0_14_lut6_legacy_HD592 |          1 |          1 |       0 |    0 |     0 |      0 |      0 |    0 |          0 |
|                       i_q.i_simple.qreg      |            integer_addsubc_reg_fd_v12_0_6_viv_HD593 |          0 |          0 |       0 |    0 |    59 |      0 |      0 |    0 |          0 |
|     glen[25].core_i                          |                   uop_block_wrap__parameterized6__2 |          1 |          1 |       0 |    0 |    28 |      0 |      0 |    0 |          0 |
|       (glen[25].core_i)                      |                   uop_block_wrap__parameterized6__2 |          0 |          0 |       0 |    0 |    14 |      0 |      0 |    0 |          0 |
|       core                                   |                        uop_block__parameterized6__2 |          1 |          1 |       0 |    0 |    14 |      0 |      0 |    0 |          0 |
|         (core)                               |                        uop_block__parameterized6__2 |          1 |          1 |       0 |    0 |     0 |      0 |      0 |    0 |          0 |
|         g[0].g_normal.alu_i                  |                     microop_unit__parameterized8__5 |          0 |          0 |       0 |    0 |     7 |      0 |      0 |    0 |          0 |
|         g[1].g_normal.alu_i                  |                     microop_unit__parameterized8__4 |          0 |          0 |       0 |    0 |     7 |      0 |      0 |    0 |          0 |
|     glen[26].core_i                          |                                  uop_block_wrap__11 |          1 |          1 |       0 |    0 |   192 |      0 |      0 |    0 |          0 |
|       (glen[26].core_i)                      |                                  uop_block_wrap__11 |          0 |          0 |       0 |    0 |    96 |      0 |      0 |    0 |          0 |
|       core                                   |                                       uop_block__11 |          1 |          1 |       0 |    0 |    96 |      0 |      0 |    0 |          0 |
|         (core)                               |                                       uop_block__11 |          1 |          1 |       0 |    0 |    32 |      0 |      0 |    0 |          0 |
|         g[0].g_normal.alu_i                  |                                    microop_unit__15 |          0 |          0 |       0 |    0 |    32 |      0 |      0 |    0 |          0 |
|         g[1].g_normal.alu_i                  |                    microop_unit__parameterized0__14 |          0 |          0 |       0 |    0 |    32 |      0 |      0 |    0 |          0 |
|     glen[27].core_i                          |                                  uop_block_wrap__12 |          1 |          1 |       0 |    0 |   192 |      0 |      0 |    0 |          0 |
|       (glen[27].core_i)                      |                                  uop_block_wrap__12 |          0 |          0 |       0 |    0 |    96 |      0 |      0 |    0 |          0 |
|       core                                   |                                       uop_block__12 |          1 |          1 |       0 |    0 |    96 |      0 |      0 |    0 |          0 |
|         (core)                               |                                       uop_block__12 |          1 |          1 |       0 |    0 |    32 |      0 |      0 |    0 |          0 |
|         g[0].g_normal.alu_i                  |                                    microop_unit__16 |          0 |          0 |       0 |    0 |    32 |      0 |      0 |    0 |          0 |
|         g[1].g_normal.alu_i                  |                    microop_unit__parameterized0__15 |          0 |          0 |       0 |    0 |    32 |      0 |      0 |    0 |          0 |
|     glen[28].core_i                          |                   uop_block_wrap__parameterized0__3 |          1 |          1 |       0 |    0 |   128 |      0 |      0 |    0 |          0 |
|       (glen[28].core_i)                      |                   uop_block_wrap__parameterized0__3 |          0 |          0 |       0 |    0 |    64 |      0 |      0 |    0 |          0 |
|       core                                   |                        uop_block__parameterized0__3 |          1 |          1 |       0 |    0 |    64 |      0 |      0 |    0 |          0 |
|         (core)                               |                        uop_block__parameterized0__3 |          1 |          1 |       0 |    0 |     0 |      0 |      0 |    0 |          0 |
|         g[0].g_normal.alu_i                  |                    microop_unit__parameterized1__10 |          0 |          0 |       0 |    0 |    32 |      0 |      0 |    0 |          0 |
|         g[1].g_normal.alu_i                  |                     microop_unit__parameterized2__3 |          0 |          0 |       0 |    0 |    32 |      0 |      0 |    0 |          0 |
|     glen[29].core_i                          |                   uop_block_wrap__parameterized1__3 |          1 |          1 |       0 |    0 |   192 |      0 |      0 |    0 |          0 |
|       (glen[29].core_i)                      |                   uop_block_wrap__parameterized1__3 |          0 |          0 |       0 |    0 |    96 |      0 |      0 |    0 |          0 |
|       core                                   |                        uop_block__parameterized1__3 |          1 |          1 |       0 |    0 |    96 |      0 |      0 |    0 |          0 |
|         (core)                               |                        uop_block__parameterized1__3 |          1 |          1 |       0 |    0 |    32 |      0 |      0 |    0 |          0 |
|         g[0].g_normal.alu_i                  |                                     microop_unit__4 |          0 |          0 |       0 |    0 |    32 |      0 |      0 |    0 |          0 |
|         g[1].g_normal.alu_i                  |                     microop_unit__parameterized3__3 |          0 |          0 |       0 |    0 |    32 |      0 |      0 |    0 |          0 |
|     glen[2].core_i                           |                                   uop_block_wrap__3 |          1 |          1 |       0 |    0 |   192 |      0 |      0 |    0 |          0 |
|       (glen[2].core_i)                       |                                   uop_block_wrap__3 |          0 |          0 |       0 |    0 |    96 |      0 |      0 |    0 |          0 |
|       core                                   |                                        uop_block__3 |          1 |          1 |       0 |    0 |    96 |      0 |      0 |    0 |          0 |
|         (core)                               |                                        uop_block__3 |          1 |          1 |       0 |    0 |    32 |      0 |      0 |    0 |          0 |
|         g[0].g_normal.alu_i                  |                                     microop_unit__7 |          0 |          0 |       0 |    0 |    32 |      0 |      0 |    0 |          0 |
|         g[1].g_normal.alu_i                  |                     microop_unit__parameterized0__6 |          0 |          0 |       0 |    0 |    32 |      0 |      0 |    0 |          0 |
|     glen[30].core_i                          |                                  uop_block_wrap__13 |          1 |          1 |       0 |    0 |   192 |      0 |      0 |    0 |          0 |
|       (glen[30].core_i)                      |                                  uop_block_wrap__13 |          0 |          0 |       0 |    0 |    96 |      0 |      0 |    0 |          0 |
|       core                                   |                                       uop_block__13 |          1 |          1 |       0 |    0 |    96 |      0 |      0 |    0 |          0 |
|         (core)                               |                                       uop_block__13 |          1 |          1 |       0 |    0 |    32 |      0 |      0 |    0 |          0 |
|         g[0].g_normal.alu_i                  |                                    microop_unit__17 |          0 |          0 |       0 |    0 |    32 |      0 |      0 |    0 |          0 |
|         g[1].g_normal.alu_i                  |                    microop_unit__parameterized0__16 |          0 |          0 |       0 |    0 |    32 |      0 |      0 |    0 |          0 |
|     glen[31].core_i                          |                                  uop_block_wrap__14 |          1 |          1 |       0 |    0 |   192 |      0 |      0 |    0 |          0 |
|       (glen[31].core_i)                      |                                  uop_block_wrap__14 |          0 |          0 |       0 |    0 |    96 |      0 |      0 |    0 |          0 |
|       core                                   |                                       uop_block__14 |          1 |          1 |       0 |    0 |    96 |      0 |      0 |    0 |          0 |
|         (core)                               |                                       uop_block__14 |          1 |          1 |       0 |    0 |    32 |      0 |      0 |    0 |          0 |
|         g[0].g_normal.alu_i                  |                                    microop_unit__18 |          0 |          0 |       0 |    0 |    32 |      0 |      0 |    0 |          0 |
|         g[1].g_normal.alu_i                  |                    microop_unit__parameterized0__17 |          0 |          0 |       0 |    0 |    32 |      0 |      0 |    0 |          0 |
|     glen[32].core_i                          |                                  uop_block_wrap__15 |          1 |          1 |       0 |    0 |   192 |      0 |      0 |    0 |          0 |
|       (glen[32].core_i)                      |                                  uop_block_wrap__15 |          0 |          0 |       0 |    0 |    96 |      0 |      0 |    0 |          0 |
|       core                                   |                                       uop_block__15 |          1 |          1 |       0 |    0 |    96 |      0 |      0 |    0 |          0 |
|         (core)                               |                                       uop_block__15 |          1 |          1 |       0 |    0 |    32 |      0 |      0 |    0 |          0 |
|         g[0].g_normal.alu_i                  |                                    microop_unit__19 |          0 |          0 |       0 |    0 |    32 |      0 |      0 |    0 |          0 |
|         g[1].g_normal.alu_i                  |                    microop_unit__parameterized0__18 |          0 |          0 |       0 |    0 |    32 |      0 |      0 |    0 |          0 |
|     glen[33].core_i                          |                                  uop_block_wrap__16 |          1 |          1 |       0 |    0 |   192 |      0 |      0 |    0 |          0 |
|       (glen[33].core_i)                      |                                  uop_block_wrap__16 |          0 |          0 |       0 |    0 |    96 |      0 |      0 |    0 |          0 |
|       core                                   |                                       uop_block__16 |          1 |          1 |       0 |    0 |    96 |      0 |      0 |    0 |          0 |
|         (core)                               |                                       uop_block__16 |          1 |          1 |       0 |    0 |    32 |      0 |      0 |    0 |          0 |
|         g[0].g_normal.alu_i                  |                                    microop_unit__20 |          0 |          0 |       0 |    0 |    32 |      0 |      0 |    0 |          0 |
|         g[1].g_normal.alu_i                  |                    microop_unit__parameterized0__19 |          0 |          0 |       0 |    0 |    32 |      0 |      0 |    0 |          0 |
|     glen[34].core_i                          |                                  uop_block_wrap__17 |          1 |          1 |       0 |    0 |   192 |      0 |      0 |    0 |          0 |
|       (glen[34].core_i)                      |                                  uop_block_wrap__17 |          0 |          0 |       0 |    0 |    96 |      0 |      0 |    0 |          0 |
|       core                                   |                                       uop_block__17 |          1 |          1 |       0 |    0 |    96 |      0 |      0 |    0 |          0 |
|         (core)                               |                                       uop_block__17 |          1 |          1 |       0 |    0 |    32 |      0 |      0 |    0 |          0 |
|         g[0].g_normal.alu_i                  |                                    microop_unit__21 |          0 |          0 |       0 |    0 |    32 |      0 |      0 |    0 |          0 |
|         g[1].g_normal.alu_i                  |                    microop_unit__parameterized0__20 |          0 |          0 |       0 |    0 |    32 |      0 |      0 |    0 |          0 |
|     glen[35].core_i                          |                                  uop_block_wrap__18 |          1 |          1 |       0 |    0 |   192 |      0 |      0 |    0 |          0 |
|       (glen[35].core_i)                      |                                  uop_block_wrap__18 |          0 |          0 |       0 |    0 |    96 |      0 |      0 |    0 |          0 |
|       core                                   |                                       uop_block__18 |          1 |          1 |       0 |    0 |    96 |      0 |      0 |    0 |          0 |
|         (core)                               |                                       uop_block__18 |          1 |          1 |       0 |    0 |    32 |      0 |      0 |    0 |          0 |
|         g[0].g_normal.alu_i                  |                                    microop_unit__22 |          0 |          0 |       0 |    0 |    32 |      0 |      0 |    0 |          0 |
|         g[1].g_normal.alu_i                  |                    microop_unit__parameterized0__21 |          0 |          0 |       0 |    0 |    32 |      0 |      0 |    0 |          0 |
|     glen[36].core_i                          |           uop_block_wrap__parameterized2__xdcDup__3 |          3 |          3 |       0 |    0 |   384 |      0 |      0 |    0 |          0 |
|       (glen[36].core_i)                      |           uop_block_wrap__parameterized2__xdcDup__3 |          0 |          0 |       0 |    0 |   128 |      0 |      0 |    0 |          0 |
|       core                                   |                uop_block__parameterized2__xdcDup__3 |          3 |          3 |       0 |    0 |   256 |      0 |      0 |    0 |          0 |
|         (core)                               |                uop_block__parameterized2__xdcDup__3 |          1 |          1 |       0 |    0 |    64 |      0 |      0 |    0 |          0 |
|         g[0].g_normal.alu_i                  |                     microop_unit__parameterized4__6 |          0 |          0 |       0 |    0 |    64 |      0 |      0 |    0 |          0 |
|         g[1].g_normal.alu_i                  |             microop_unit__parameterized5__xdcDup__4 |          2 |          2 |       0 |    0 |   128 |      0 |      0 |    0 |          0 |
|           (g[1].g_normal.alu_i)              |             microop_unit__parameterized5__xdcDup__4 |          0 |          0 |       0 |    0 |    64 |      0 |      0 |    0 |          0 |
|           g_iadd.use_ip.int_addsub_i         |                                integer_addsub_HD594 |          2 |          2 |       0 |    0 |    64 |      0 |      0 |    0 |          0 |
|             U0                               |               integer_addsubc_addsub_v12_0_14_HD595 |          2 |          2 |       0 |    0 |    64 |      0 |      0 |    0 |          0 |
|               xst_addsub                     |           integer_addsubc_addsub_v12_0_14_viv_HD596 |          2 |          2 |       0 |    0 |    64 |      0 |      0 |    0 |          0 |
|                 i_baseblox.i_baseblox_addsub |        integer_addsubc_addsub_v12_0_14_legacy_HD597 |          2 |          2 |       0 |    0 |    64 |      0 |      0 |    0 |          0 |
|                   no_pipelining.the_addsub   | integer_addsubc_addsub_v12_0_14_fabric_legacy_HD598 |          2 |          2 |       0 |    0 |    64 |      0 |      0 |    0 |          0 |
|                     i_lut6.i_lut6_addsub     |   integer_addsubc_addsub_v12_0_14_lut6_legacy_HD599 |          2 |          2 |       0 |    0 |    64 |      0 |      0 |    0 |          0 |
|                       (i_lut6.i_lut6_addsub) |   integer_addsubc_addsub_v12_0_14_lut6_legacy_HD599 |          2 |          2 |       0 |    0 |     0 |      0 |      0 |    0 |          0 |
|                       i_q.i_simple.qreg      |            integer_addsubc_reg_fd_v12_0_6_viv_HD600 |          0 |          0 |       0 |    0 |    64 |      0 |      0 |    0 |          0 |
|     glen[37].core_i                          |                   uop_block_wrap__parameterized3__4 |          1 |          1 |       0 |    0 |    80 |      0 |      0 |    0 |          0 |
|       (glen[37].core_i)                      |                   uop_block_wrap__parameterized3__4 |          0 |          0 |       0 |    0 |    40 |      0 |      0 |    0 |          0 |
|       core                                   |                        uop_block__parameterized3__4 |          1 |          1 |       0 |    0 |    40 |      0 |      0 |    0 |          0 |
|         (core)                               |                        uop_block__parameterized3__4 |          1 |          1 |       0 |    0 |     0 |      0 |      0 |    0 |          0 |
|         g[0].g_normal.alu_i                  |                     microop_unit__parameterized6__4 |          0 |          0 |       0 |    0 |     8 |      0 |      0 |    0 |          0 |
|         g[1].g_normal.alu_i                  |                     microop_unit__parameterized1__5 |          0 |          0 |       0 |    0 |    32 |      0 |      0 |    0 |          0 |
|     glen[38].core_i                          |           uop_block_wrap__parameterized4__xdcDup__5 |          2 |          2 |       0 |    0 |   242 |      0 |      0 |    0 |          0 |
|       (glen[38].core_i)                      |           uop_block_wrap__parameterized4__xdcDup__5 |          0 |          0 |       0 |    0 |   124 |      0 |      0 |    0 |          0 |
|       core                                   |                uop_block__parameterized4__xdcDup__5 |          2 |          2 |       0 |    0 |   118 |      0 |      0 |    0 |          0 |
|         (core)                               |                uop_block__parameterized4__xdcDup__5 |          1 |          1 |       0 |    0 |     0 |      0 |      0 |    0 |          0 |
|         g[0].g_normal.alu_i                  |             microop_unit__parameterized7__xdcDup__5 |          1 |          1 |       0 |    0 |   118 |      0 |      0 |    0 |          0 |
|           (g[0].g_normal.alu_i)              |             microop_unit__parameterized7__xdcDup__5 |          0 |          0 |       0 |    0 |    59 |      0 |      0 |    0 |          0 |
|           g_iadd.use_ip.int_addsub_i         |                                integer_addsub_HD601 |          1 |          1 |       0 |    0 |    59 |      0 |      0 |    0 |          0 |
|             U0                               |               integer_addsubc_addsub_v12_0_14_HD602 |          1 |          1 |       0 |    0 |    59 |      0 |      0 |    0 |          0 |
|               xst_addsub                     |           integer_addsubc_addsub_v12_0_14_viv_HD603 |          1 |          1 |       0 |    0 |    59 |      0 |      0 |    0 |          0 |
|                 i_baseblox.i_baseblox_addsub |        integer_addsubc_addsub_v12_0_14_legacy_HD604 |          1 |          1 |       0 |    0 |    59 |      0 |      0 |    0 |          0 |
|                   no_pipelining.the_addsub   | integer_addsubc_addsub_v12_0_14_fabric_legacy_HD605 |          1 |          1 |       0 |    0 |    59 |      0 |      0 |    0 |          0 |
|                     i_lut6.i_lut6_addsub     |   integer_addsubc_addsub_v12_0_14_lut6_legacy_HD606 |          1 |          1 |       0 |    0 |    59 |      0 |      0 |    0 |          0 |
|                       (i_lut6.i_lut6_addsub) |   integer_addsubc_addsub_v12_0_14_lut6_legacy_HD606 |          1 |          1 |       0 |    0 |     0 |      0 |      0 |    0 |          0 |
|                       i_q.i_simple.qreg      |            integer_addsubc_reg_fd_v12_0_6_viv_HD607 |          0 |          0 |       0 |    0 |    59 |      0 |      0 |    0 |          0 |
|     glen[39].core_i                          |           uop_block_wrap__parameterized4__xdcDup__6 |          2 |          2 |       0 |    0 |   242 |      0 |      0 |    0 |          0 |
|       (glen[39].core_i)                      |           uop_block_wrap__parameterized4__xdcDup__6 |          0 |          0 |       0 |    0 |   124 |      0 |      0 |    0 |          0 |
|       core                                   |                uop_block__parameterized4__xdcDup__6 |          2 |          2 |       0 |    0 |   118 |      0 |      0 |    0 |          0 |
|         (core)                               |                uop_block__parameterized4__xdcDup__6 |          1 |          1 |       0 |    0 |     0 |      0 |      0 |    0 |          0 |
|         g[0].g_normal.alu_i                  |             microop_unit__parameterized7__xdcDup__6 |          1 |          1 |       0 |    0 |   118 |      0 |      0 |    0 |          0 |
|           (g[0].g_normal.alu_i)              |             microop_unit__parameterized7__xdcDup__6 |          0 |          0 |       0 |    0 |    59 |      0 |      0 |    0 |          0 |
|           g_iadd.use_ip.int_addsub_i         |                                integer_addsub_HD608 |          1 |          1 |       0 |    0 |    59 |      0 |      0 |    0 |          0 |
|             U0                               |               integer_addsubc_addsub_v12_0_14_HD609 |          1 |          1 |       0 |    0 |    59 |      0 |      0 |    0 |          0 |
|               xst_addsub                     |           integer_addsubc_addsub_v12_0_14_viv_HD610 |          1 |          1 |       0 |    0 |    59 |      0 |      0 |    0 |          0 |
|                 i_baseblox.i_baseblox_addsub |        integer_addsubc_addsub_v12_0_14_legacy_HD611 |          1 |          1 |       0 |    0 |    59 |      0 |      0 |    0 |          0 |
|                   no_pipelining.the_addsub   | integer_addsubc_addsub_v12_0_14_fabric_legacy_HD612 |          1 |          1 |       0 |    0 |    59 |      0 |      0 |    0 |          0 |
|                     i_lut6.i_lut6_addsub     |   integer_addsubc_addsub_v12_0_14_lut6_legacy_HD613 |          1 |          1 |       0 |    0 |    59 |      0 |      0 |    0 |          0 |
|                       (i_lut6.i_lut6_addsub) |   integer_addsubc_addsub_v12_0_14_lut6_legacy_HD613 |          1 |          1 |       0 |    0 |     0 |      0 |      0 |    0 |          0 |
|                       i_q.i_simple.qreg      |            integer_addsubc_reg_fd_v12_0_6_viv_HD614 |          0 |          0 |       0 |    0 |    59 |      0 |      0 |    0 |          0 |
|     glen[3].core_i                           |                                   uop_block_wrap__4 |          1 |          1 |       0 |    0 |   192 |      0 |      0 |    0 |          0 |
|       (glen[3].core_i)                       |                                   uop_block_wrap__4 |          0 |          0 |       0 |    0 |    96 |      0 |      0 |    0 |          0 |
|       core                                   |                                        uop_block__4 |          1 |          1 |       0 |    0 |    96 |      0 |      0 |    0 |          0 |
|         (core)                               |                                        uop_block__4 |          1 |          1 |       0 |    0 |    32 |      0 |      0 |    0 |          0 |
|         g[0].g_normal.alu_i                  |                                     microop_unit__8 |          0 |          0 |       0 |    0 |    32 |      0 |      0 |    0 |          0 |
|         g[1].g_normal.alu_i                  |                     microop_unit__parameterized0__7 |          0 |          0 |       0 |    0 |    32 |      0 |      0 |    0 |          0 |
|     glen[40].core_i                          |                   uop_block_wrap__parameterized3__5 |          1 |          1 |       0 |    0 |    80 |      0 |      0 |    0 |          0 |
|       (glen[40].core_i)                      |                   uop_block_wrap__parameterized3__5 |          0 |          0 |       0 |    0 |    40 |      0 |      0 |    0 |          0 |
|       core                                   |                        uop_block__parameterized3__5 |          1 |          1 |       0 |    0 |    40 |      0 |      0 |    0 |          0 |
|         (core)                               |                        uop_block__parameterized3__5 |          1 |          1 |       0 |    0 |     0 |      0 |      0 |    0 |          0 |
|         g[0].g_normal.alu_i                  |                     microop_unit__parameterized6__5 |          0 |          0 |       0 |    0 |     8 |      0 |      0 |    0 |          0 |
|         g[1].g_normal.alu_i                  |                     microop_unit__parameterized1__6 |          0 |          0 |       0 |    0 |    32 |      0 |      0 |    0 |          0 |
|     glen[41].core_i                          |           uop_block_wrap__parameterized4__xdcDup__7 |          2 |          2 |       0 |    0 |   242 |      0 |      0 |    0 |          0 |
|       (glen[41].core_i)                      |           uop_block_wrap__parameterized4__xdcDup__7 |          0 |          0 |       0 |    0 |   124 |      0 |      0 |    0 |          0 |
|       core                                   |                uop_block__parameterized4__xdcDup__7 |          2 |          2 |       0 |    0 |   118 |      0 |      0 |    0 |          0 |
|         (core)                               |                uop_block__parameterized4__xdcDup__7 |          1 |          1 |       0 |    0 |     0 |      0 |      0 |    0 |          0 |
|         g[0].g_normal.alu_i                  |             microop_unit__parameterized7__xdcDup__7 |          1 |          1 |       0 |    0 |   118 |      0 |      0 |    0 |          0 |
|           (g[0].g_normal.alu_i)              |             microop_unit__parameterized7__xdcDup__7 |          0 |          0 |       0 |    0 |    59 |      0 |      0 |    0 |          0 |
|           g_iadd.use_ip.int_addsub_i         |                                integer_addsub_HD615 |          1 |          1 |       0 |    0 |    59 |      0 |      0 |    0 |          0 |
|             U0                               |               integer_addsubc_addsub_v12_0_14_HD616 |          1 |          1 |       0 |    0 |    59 |      0 |      0 |    0 |          0 |
|               xst_addsub                     |           integer_addsubc_addsub_v12_0_14_viv_HD617 |          1 |          1 |       0 |    0 |    59 |      0 |      0 |    0 |          0 |
|                 i_baseblox.i_baseblox_addsub |        integer_addsubc_addsub_v12_0_14_legacy_HD618 |          1 |          1 |       0 |    0 |    59 |      0 |      0 |    0 |          0 |
|                   no_pipelining.the_addsub   | integer_addsubc_addsub_v12_0_14_fabric_legacy_HD619 |          1 |          1 |       0 |    0 |    59 |      0 |      0 |    0 |          0 |
|                     i_lut6.i_lut6_addsub     |   integer_addsubc_addsub_v12_0_14_lut6_legacy_HD620 |          1 |          1 |       0 |    0 |    59 |      0 |      0 |    0 |          0 |
|                       (i_lut6.i_lut6_addsub) |   integer_addsubc_addsub_v12_0_14_lut6_legacy_HD620 |          1 |          1 |       0 |    0 |     0 |      0 |      0 |    0 |          0 |
|                       i_q.i_simple.qreg      |            integer_addsubc_reg_fd_v12_0_6_viv_HD621 |          0 |          0 |       0 |    0 |    59 |      0 |      0 |    0 |          0 |
|     glen[42].core_i                          |                   uop_block_wrap__parameterized6__3 |          1 |          1 |       0 |    0 |    28 |      0 |      0 |    0 |          0 |
|       (glen[42].core_i)                      |                   uop_block_wrap__parameterized6__3 |          0 |          0 |       0 |    0 |    14 |      0 |      0 |    0 |          0 |
|       core                                   |                        uop_block__parameterized6__3 |          1 |          1 |       0 |    0 |    14 |      0 |      0 |    0 |          0 |
|         (core)                               |                        uop_block__parameterized6__3 |          1 |          1 |       0 |    0 |     0 |      0 |      0 |    0 |          0 |
|         g[0].g_normal.alu_i                  |                     microop_unit__parameterized8__7 |          0 |          0 |       0 |    0 |     7 |      0 |      0 |    0 |          0 |
|         g[1].g_normal.alu_i                  |                     microop_unit__parameterized8__6 |          0 |          0 |       0 |    0 |     7 |      0 |      0 |    0 |          0 |
|     glen[43].core_i                          |                                  uop_block_wrap__19 |          1 |          1 |       0 |    0 |   192 |      0 |      0 |    0 |          0 |
|       (glen[43].core_i)                      |                                  uop_block_wrap__19 |          0 |          0 |       0 |    0 |    96 |      0 |      0 |    0 |          0 |
|       core                                   |                                       uop_block__19 |          1 |          1 |       0 |    0 |    96 |      0 |      0 |    0 |          0 |
|         (core)                               |                                       uop_block__19 |          1 |          1 |       0 |    0 |    32 |      0 |      0 |    0 |          0 |
|         g[0].g_normal.alu_i                  |                                    microop_unit__23 |          0 |          0 |       0 |    0 |    32 |      0 |      0 |    0 |          0 |
|         g[1].g_normal.alu_i                  |                    microop_unit__parameterized0__22 |          0 |          0 |       0 |    0 |    32 |      0 |      0 |    0 |          0 |
|     glen[44].core_i                          |                                  uop_block_wrap__20 |          1 |          1 |       0 |    0 |   192 |      0 |      0 |    0 |          0 |
|       (glen[44].core_i)                      |                                  uop_block_wrap__20 |          0 |          0 |       0 |    0 |    96 |      0 |      0 |    0 |          0 |
|       core                                   |                                       uop_block__20 |          1 |          1 |       0 |    0 |    96 |      0 |      0 |    0 |          0 |
|         (core)                               |                                       uop_block__20 |          1 |          1 |       0 |    0 |    32 |      0 |      0 |    0 |          0 |
|         g[0].g_normal.alu_i                  |                                    microop_unit__24 |          0 |          0 |       0 |    0 |    32 |      0 |      0 |    0 |          0 |
|         g[1].g_normal.alu_i                  |                    microop_unit__parameterized0__23 |          0 |          0 |       0 |    0 |    32 |      0 |      0 |    0 |          0 |
|     glen[45].core_i                          |                                  uop_block_wrap__21 |          1 |          1 |       0 |    0 |   192 |      0 |      0 |    0 |          0 |
|       (glen[45].core_i)                      |                                  uop_block_wrap__21 |          0 |          0 |       0 |    0 |    96 |      0 |      0 |    0 |          0 |
|       core                                   |                                       uop_block__21 |          1 |          1 |       0 |    0 |    96 |      0 |      0 |    0 |          0 |
|         (core)                               |                                       uop_block__21 |          1 |          1 |       0 |    0 |    32 |      0 |      0 |    0 |          0 |
|         g[0].g_normal.alu_i                  |                                    microop_unit__25 |          0 |          0 |       0 |    0 |    32 |      0 |      0 |    0 |          0 |
|         g[1].g_normal.alu_i                  |                    microop_unit__parameterized0__24 |          0 |          0 |       0 |    0 |    32 |      0 |      0 |    0 |          0 |
|     glen[46].core_i                          |                                  uop_block_wrap__22 |          1 |          1 |       0 |    0 |   192 |      0 |      0 |    0 |          0 |
|       (glen[46].core_i)                      |                                  uop_block_wrap__22 |          0 |          0 |       0 |    0 |    96 |      0 |      0 |    0 |          0 |
|       core                                   |                                       uop_block__22 |          1 |          1 |       0 |    0 |    96 |      0 |      0 |    0 |          0 |
|         (core)                               |                                       uop_block__22 |          1 |          1 |       0 |    0 |    32 |      0 |      0 |    0 |          0 |
|         g[0].g_normal.alu_i                  |                                    microop_unit__26 |          0 |          0 |       0 |    0 |    32 |      0 |      0 |    0 |          0 |
|         g[1].g_normal.alu_i                  |                    microop_unit__parameterized0__25 |          0 |          0 |       0 |    0 |    32 |      0 |      0 |    0 |          0 |
|     glen[47].core_i                          |                                  uop_block_wrap__23 |          1 |          1 |       0 |    0 |   192 |      0 |      0 |    0 |          0 |
|       (glen[47].core_i)                      |                                  uop_block_wrap__23 |          0 |          0 |       0 |    0 |    96 |      0 |      0 |    0 |          0 |
|       core                                   |                                       uop_block__23 |          1 |          1 |       0 |    0 |    96 |      0 |      0 |    0 |          0 |
|         (core)                               |                                       uop_block__23 |          1 |          1 |       0 |    0 |    32 |      0 |      0 |    0 |          0 |
|         g[0].g_normal.alu_i                  |                                    microop_unit__27 |          0 |          0 |       0 |    0 |    32 |      0 |      0 |    0 |          0 |
|         g[1].g_normal.alu_i                  |                    microop_unit__parameterized0__26 |          0 |          0 |       0 |    0 |    32 |      0 |      0 |    0 |          0 |
|     glen[48].core_i                          |                                      uop_block_wrap |          1 |          1 |       0 |    0 |   192 |      0 |      0 |    0 |          0 |
|       (glen[48].core_i)                      |                                      uop_block_wrap |          0 |          0 |       0 |    0 |    96 |      0 |      0 |    0 |          0 |
|       core                                   |                                           uop_block |          1 |          1 |       0 |    0 |    96 |      0 |      0 |    0 |          0 |
|         (core)                               |                                           uop_block |          1 |          1 |       0 |    0 |    32 |      0 |      0 |    0 |          0 |
|         g[0].g_normal.alu_i                  |                                     microop_unit__1 |          0 |          0 |       0 |    0 |    32 |      0 |      0 |    0 |          0 |
|         g[1].g_normal.alu_i                  |                     microop_unit__parameterized0__2 |          0 |          0 |       0 |    0 |    32 |      0 |      0 |    0 |          0 |
|     glen[49].core_i                          |                      uop_block_wrap__parameterized2 |          3 |          3 |       0 |    0 |   384 |      0 |      0 |    0 |          0 |
|       (glen[49].core_i)                      |                      uop_block_wrap__parameterized2 |          0 |          0 |       0 |    0 |   128 |      0 |      0 |    0 |          0 |
|       core                                   |                           uop_block__parameterized2 |          3 |          3 |       0 |    0 |   256 |      0 |      0 |    0 |          0 |
|         (core)                               |                           uop_block__parameterized2 |          1 |          1 |       0 |    0 |    64 |      0 |      0 |    0 |          0 |
|         g[0].g_normal.alu_i                  |                        microop_unit__parameterized4 |          0 |          0 |       0 |    0 |    64 |      0 |      0 |    0 |          0 |
|         g[1].g_normal.alu_i                  |             microop_unit__parameterized5__xdcDup__5 |          2 |          2 |       0 |    0 |   128 |      0 |      0 |    0 |          0 |
|           (g[1].g_normal.alu_i)              |             microop_unit__parameterized5__xdcDup__5 |          0 |          0 |       0 |    0 |    64 |      0 |      0 |    0 |          0 |
|           g_iadd.use_ip.int_addsub_i         |                                integer_addsub_HD622 |          2 |          2 |       0 |    0 |    64 |      0 |      0 |    0 |          0 |
|             U0                               |               integer_addsubc_addsub_v12_0_14_HD623 |          2 |          2 |       0 |    0 |    64 |      0 |      0 |    0 |          0 |
|               xst_addsub                     |           integer_addsubc_addsub_v12_0_14_viv_HD624 |          2 |          2 |       0 |    0 |    64 |      0 |      0 |    0 |          0 |
|                 i_baseblox.i_baseblox_addsub |        integer_addsubc_addsub_v12_0_14_legacy_HD625 |          2 |          2 |       0 |    0 |    64 |      0 |      0 |    0 |          0 |
|                   no_pipelining.the_addsub   | integer_addsubc_addsub_v12_0_14_fabric_legacy_HD626 |          2 |          2 |       0 |    0 |    64 |      0 |      0 |    0 |          0 |
|                     i_lut6.i_lut6_addsub     |   integer_addsubc_addsub_v12_0_14_lut6_legacy_HD627 |          2 |          2 |       0 |    0 |    64 |      0 |      0 |    0 |          0 |
|                       (i_lut6.i_lut6_addsub) |   integer_addsubc_addsub_v12_0_14_lut6_legacy_HD627 |          2 |          2 |       0 |    0 |     0 |      0 |      0 |    0 |          0 |
|                       i_q.i_simple.qreg      |            integer_addsubc_reg_fd_v12_0_6_viv_HD628 |          0 |          0 |       0 |    0 |    64 |      0 |      0 |    0 |          0 |
|     glen[4].core_i                           |                   uop_block_wrap__parameterized0__1 |          1 |          1 |       0 |    0 |   128 |      0 |      0 |    0 |          0 |
|       (glen[4].core_i)                       |                   uop_block_wrap__parameterized0__1 |          0 |          0 |       0 |    0 |    64 |      0 |      0 |    0 |          0 |
|       core                                   |                        uop_block__parameterized0__1 |          1 |          1 |       0 |    0 |    64 |      0 |      0 |    0 |          0 |
|         (core)                               |                        uop_block__parameterized0__1 |          1 |          1 |       0 |    0 |     0 |      0 |      0 |    0 |          0 |
|         g[0].g_normal.alu_i                  |                     microop_unit__parameterized1__8 |          0 |          0 |       0 |    0 |    32 |      0 |      0 |    0 |          0 |
|         g[1].g_normal.alu_i                  |                     microop_unit__parameterized2__1 |          0 |          0 |       0 |    0 |    32 |      0 |      0 |    0 |          0 |
|     glen[50].core_i                          |                      uop_block_wrap__parameterized0 |          1 |          1 |       0 |    0 |   128 |      0 |      0 |    0 |          0 |
|       (glen[50].core_i)                      |                      uop_block_wrap__parameterized0 |          0 |          0 |       0 |    0 |    64 |      0 |      0 |    0 |          0 |
|       core                                   |                           uop_block__parameterized0 |          1 |          1 |       0 |    0 |    64 |      0 |      0 |    0 |          0 |
|         (core)                               |                           uop_block__parameterized0 |          1 |          1 |       0 |    0 |     0 |      0 |      0 |    0 |          0 |
|         g[0].g_normal.alu_i                  |                     microop_unit__parameterized1__1 |          0 |          0 |       0 |    0 |    32 |      0 |      0 |    0 |          0 |
|         g[1].g_normal.alu_i                  |                        microop_unit__parameterized2 |          0 |          0 |       0 |    0 |    32 |      0 |      0 |    0 |          0 |
|     glen[51].core_i                          |                      uop_block_wrap__parameterized1 |          1 |          1 |       0 |    0 |   192 |      0 |      0 |    0 |          0 |
|       (glen[51].core_i)                      |                      uop_block_wrap__parameterized1 |          0 |          0 |       0 |    0 |    96 |      0 |      0 |    0 |          0 |
|       core                                   |                           uop_block__parameterized1 |          1 |          1 |       0 |    0 |    96 |      0 |      0 |    0 |          0 |
|         (core)                               |                           uop_block__parameterized1 |          1 |          1 |       0 |    0 |    32 |      0 |      0 |    0 |          0 |
|         g[0].g_normal.alu_i                  |                                        microop_unit |          0 |          0 |       0 |    0 |    32 |      0 |      0 |    0 |          0 |
|         g[1].g_normal.alu_i                  |                        microop_unit__parameterized3 |          0 |          0 |       0 |    0 |    32 |      0 |      0 |    0 |          0 |
|     glen[52].core_i                          |                   uop_block_wrap__parameterized3__6 |          1 |          1 |       0 |    0 |    80 |      0 |      0 |    0 |          0 |
|       (glen[52].core_i)                      |                   uop_block_wrap__parameterized3__6 |          0 |          0 |       0 |    0 |    40 |      0 |      0 |    0 |          0 |
|       core                                   |                        uop_block__parameterized3__6 |          1 |          1 |       0 |    0 |    40 |      0 |      0 |    0 |          0 |
|         (core)                               |                        uop_block__parameterized3__6 |          1 |          1 |       0 |    0 |     0 |      0 |      0 |    0 |          0 |
|         g[0].g_normal.alu_i                  |                     microop_unit__parameterized6__6 |          0 |          0 |       0 |    0 |     8 |      0 |      0 |    0 |          0 |
|         g[1].g_normal.alu_i                  |                     microop_unit__parameterized1__7 |          0 |          0 |       0 |    0 |    32 |      0 |      0 |    0 |          0 |
|     glen[53].core_i                          |                      uop_block_wrap__parameterized5 |          1 |          1 |       0 |    0 |   256 |      0 |      0 |    0 |          0 |
|       (glen[53].core_i)                      |                      uop_block_wrap__parameterized5 |          0 |          0 |       0 |    0 |    96 |      0 |      0 |    0 |          0 |
|       core                                   |                           uop_block__parameterized5 |          1 |          1 |       0 |    0 |   160 |      0 |      0 |    0 |          0 |
|         (core)                               |                           uop_block__parameterized5 |          1 |          1 |       0 |    0 |     0 |      0 |      0 |    0 |          0 |
|         g[0].g_normal.alu_i                  |                        microop_unit__parameterized0 |          0 |          0 |       0 |    0 |    32 |      0 |      0 |    0 |          0 |
|         g[1].g_normal.alu_i                  |                        microop_unit__parameterized5 |          0 |          0 |       0 |    0 |   128 |      0 |      0 |    0 |          0 |
|           (g[1].g_normal.alu_i)              |                        microop_unit__parameterized5 |          0 |          0 |       0 |    0 |    64 |      0 |      0 |    0 |          0 |
|           g_iadd.use_ip.int_addsub_i         |                                integer_addsub_HD629 |          0 |          0 |       0 |    0 |    64 |      0 |      0 |    0 |          0 |
|             U0                               |               integer_addsubc_addsub_v12_0_14_HD630 |          0 |          0 |       0 |    0 |    64 |      0 |      0 |    0 |          0 |
|               xst_addsub                     |           integer_addsubc_addsub_v12_0_14_viv_HD631 |          0 |          0 |       0 |    0 |    64 |      0 |      0 |    0 |          0 |
|                 i_baseblox.i_baseblox_addsub |        integer_addsubc_addsub_v12_0_14_legacy_HD632 |          0 |          0 |       0 |    0 |    64 |      0 |      0 |    0 |          0 |
|                   no_pipelining.the_addsub   | integer_addsubc_addsub_v12_0_14_fabric_legacy_HD633 |          0 |          0 |       0 |    0 |    64 |      0 |      0 |    0 |          0 |
|                     i_lut6.i_lut6_addsub     |   integer_addsubc_addsub_v12_0_14_lut6_legacy_HD634 |          0 |          0 |       0 |    0 |    64 |      0 |      0 |    0 |          0 |
|                       (i_lut6.i_lut6_addsub) |   integer_addsubc_addsub_v12_0_14_lut6_legacy_HD634 |          0 |          0 |       0 |    0 |     0 |      0 |      0 |    0 |          0 |
|                       i_q.i_simple.qreg      |            integer_addsubc_reg_fd_v12_0_6_viv_HD635 |          0 |          0 |       0 |    0 |    64 |      0 |      0 |    0 |          0 |
|     glen[54].core_i                          |                      uop_block_wrap__parameterized3 |          1 |          1 |       0 |    0 |    80 |      0 |      0 |    0 |          0 |
|       (glen[54].core_i)                      |                      uop_block_wrap__parameterized3 |          0 |          0 |       0 |    0 |    40 |      0 |      0 |    0 |          0 |
|       core                                   |                           uop_block__parameterized3 |          1 |          1 |       0 |    0 |    40 |      0 |      0 |    0 |          0 |
|         (core)                               |                           uop_block__parameterized3 |          1 |          1 |       0 |    0 |     0 |      0 |      0 |    0 |          0 |
|         g[0].g_normal.alu_i                  |                        microop_unit__parameterized6 |          0 |          0 |       0 |    0 |     8 |      0 |      0 |    0 |          0 |
|         g[1].g_normal.alu_i                  |                        microop_unit__parameterized1 |          0 |          0 |       0 |    0 |    32 |      0 |      0 |    0 |          0 |
|     glen[55].core_i                          |                      uop_block_wrap__parameterized4 |          2 |          2 |       0 |    0 |   242 |      0 |      0 |    0 |          0 |
|       (glen[55].core_i)                      |                      uop_block_wrap__parameterized4 |          0 |          0 |       0 |    0 |   124 |      0 |      0 |    0 |          0 |
|       core                                   |                           uop_block__parameterized4 |          2 |          2 |       0 |    0 |   118 |      0 |      0 |    0 |          0 |
|         (core)                               |                           uop_block__parameterized4 |          1 |          1 |       0 |    0 |     0 |      0 |      0 |    0 |          0 |
|         g[0].g_normal.alu_i                  |                        microop_unit__parameterized7 |          1 |          1 |       0 |    0 |   118 |      0 |      0 |    0 |          0 |
|           (g[0].g_normal.alu_i)              |                        microop_unit__parameterized7 |          0 |          0 |       0 |    0 |    59 |      0 |      0 |    0 |          0 |
|           g_iadd.use_ip.int_addsub_i         |                                integer_addsub_HD636 |          1 |          1 |       0 |    0 |    59 |      0 |      0 |    0 |          0 |
|             U0                               |               integer_addsubc_addsub_v12_0_14_HD637 |          1 |          1 |       0 |    0 |    59 |      0 |      0 |    0 |          0 |
|               xst_addsub                     |           integer_addsubc_addsub_v12_0_14_viv_HD638 |          1 |          1 |       0 |    0 |    59 |      0 |      0 |    0 |          0 |
|                 i_baseblox.i_baseblox_addsub |        integer_addsubc_addsub_v12_0_14_legacy_HD639 |          1 |          1 |       0 |    0 |    59 |      0 |      0 |    0 |          0 |
|                   no_pipelining.the_addsub   | integer_addsubc_addsub_v12_0_14_fabric_legacy_HD640 |          1 |          1 |       0 |    0 |    59 |      0 |      0 |    0 |          0 |
|                     i_lut6.i_lut6_addsub     |   integer_addsubc_addsub_v12_0_14_lut6_legacy_HD641 |          1 |          1 |       0 |    0 |    59 |      0 |      0 |    0 |          0 |
|                       (i_lut6.i_lut6_addsub) |   integer_addsubc_addsub_v12_0_14_lut6_legacy_HD641 |          1 |          1 |       0 |    0 |     0 |      0 |      0 |    0 |          0 |
|                       i_q.i_simple.qreg      |            integer_addsubc_reg_fd_v12_0_6_viv_HD642 |          0 |          0 |       0 |    0 |    59 |      0 |      0 |    0 |          0 |
|     glen[56].core_i                          |                      uop_block_wrap__parameterized6 |          1 |          1 |       0 |    0 |    28 |      0 |      0 |    0 |          0 |
|       (glen[56].core_i)                      |                      uop_block_wrap__parameterized6 |          0 |          0 |       0 |    0 |    14 |      0 |      0 |    0 |          0 |
|       core                                   |                           uop_block__parameterized6 |          1 |          1 |       0 |    0 |    14 |      0 |      0 |    0 |          0 |
|         (core)                               |                           uop_block__parameterized6 |          1 |          1 |       0 |    0 |     0 |      0 |      0 |    0 |          0 |
|         g[0].g_normal.alu_i                  |                     microop_unit__parameterized8__1 |          0 |          0 |       0 |    0 |     7 |      0 |      0 |    0 |          0 |
|         g[1].g_normal.alu_i                  |                        microop_unit__parameterized8 |          0 |          0 |       0 |    0 |     7 |      0 |      0 |    0 |          0 |
|     glen[5].core_i                           |                   uop_block_wrap__parameterized1__1 |          1 |          1 |       0 |    0 |   192 |      0 |      0 |    0 |          0 |
|       (glen[5].core_i)                       |                   uop_block_wrap__parameterized1__1 |          0 |          0 |       0 |    0 |    96 |      0 |      0 |    0 |          0 |
|       core                                   |                        uop_block__parameterized1__1 |          1 |          1 |       0 |    0 |    96 |      0 |      0 |    0 |          0 |
|         (core)                               |                        uop_block__parameterized1__1 |          1 |          1 |       0 |    0 |    32 |      0 |      0 |    0 |          0 |
|         g[0].g_normal.alu_i                  |                                     microop_unit__2 |          0 |          0 |       0 |    0 |    32 |      0 |      0 |    0 |          0 |
|         g[1].g_normal.alu_i                  |                     microop_unit__parameterized3__1 |          0 |          0 |       0 |    0 |    32 |      0 |      0 |    0 |          0 |
|     glen[6].core_i                           |                                   uop_block_wrap__5 |          1 |          1 |       0 |    0 |   192 |      0 |      0 |    0 |          0 |
|       (glen[6].core_i)                       |                                   uop_block_wrap__5 |          0 |          0 |       0 |    0 |    96 |      0 |      0 |    0 |          0 |
|       core                                   |                                        uop_block__5 |          1 |          1 |       0 |    0 |    96 |      0 |      0 |    0 |          0 |
|         (core)                               |                                        uop_block__5 |          1 |          1 |       0 |    0 |    32 |      0 |      0 |    0 |          0 |
|         g[0].g_normal.alu_i                  |                                     microop_unit__9 |          0 |          0 |       0 |    0 |    32 |      0 |      0 |    0 |          0 |
|         g[1].g_normal.alu_i                  |                     microop_unit__parameterized0__8 |          0 |          0 |       0 |    0 |    32 |      0 |      0 |    0 |          0 |
|     glen[7].core_i                           |                                   uop_block_wrap__6 |          1 |          1 |       0 |    0 |   192 |      0 |      0 |    0 |          0 |
|       (glen[7].core_i)                       |                                   uop_block_wrap__6 |          0 |          0 |       0 |    0 |    96 |      0 |      0 |    0 |          0 |
|       core                                   |                                        uop_block__6 |          1 |          1 |       0 |    0 |    96 |      0 |      0 |    0 |          0 |
|         (core)                               |                                        uop_block__6 |          1 |          1 |       0 |    0 |    32 |      0 |      0 |    0 |          0 |
|         g[0].g_normal.alu_i                  |                                    microop_unit__10 |          0 |          0 |       0 |    0 |    32 |      0 |      0 |    0 |          0 |
|         g[1].g_normal.alu_i                  |                     microop_unit__parameterized0__9 |          0 |          0 |       0 |    0 |    32 |      0 |      0 |    0 |          0 |
|     glen[8].core_i                           |           uop_block_wrap__parameterized2__xdcDup__1 |          3 |          3 |       0 |    0 |   384 |      0 |      0 |    0 |          0 |
|       (glen[8].core_i)                       |           uop_block_wrap__parameterized2__xdcDup__1 |          0 |          0 |       0 |    0 |   128 |      0 |      0 |    0 |          0 |
|       core                                   |                uop_block__parameterized2__xdcDup__1 |          3 |          3 |       0 |    0 |   256 |      0 |      0 |    0 |          0 |
|         (core)                               |                uop_block__parameterized2__xdcDup__1 |          1 |          1 |       0 |    0 |    64 |      0 |      0 |    0 |          0 |
|         g[0].g_normal.alu_i                  |                     microop_unit__parameterized4__4 |          0 |          0 |       0 |    0 |    64 |      0 |      0 |    0 |          0 |
|         g[1].g_normal.alu_i                  |             microop_unit__parameterized5__xdcDup__1 |          2 |          2 |       0 |    0 |   128 |      0 |      0 |    0 |          0 |
|           (g[1].g_normal.alu_i)              |             microop_unit__parameterized5__xdcDup__1 |          0 |          0 |       0 |    0 |    64 |      0 |      0 |    0 |          0 |
|           g_iadd.use_ip.int_addsub_i         |                                      integer_addsub |          2 |          2 |       0 |    0 |    64 |      0 |      0 |    0 |          0 |
|             U0                               |                     integer_addsubc_addsub_v12_0_14 |          2 |          2 |       0 |    0 |    64 |      0 |      0 |    0 |          0 |
|               xst_addsub                     |                 integer_addsubc_addsub_v12_0_14_viv |          2 |          2 |       0 |    0 |    64 |      0 |      0 |    0 |          0 |
|                 i_baseblox.i_baseblox_addsub |              integer_addsubc_addsub_v12_0_14_legacy |          2 |          2 |       0 |    0 |    64 |      0 |      0 |    0 |          0 |
|                   no_pipelining.the_addsub   |       integer_addsubc_addsub_v12_0_14_fabric_legacy |          2 |          2 |       0 |    0 |    64 |      0 |      0 |    0 |          0 |
|                     i_lut6.i_lut6_addsub     |         integer_addsubc_addsub_v12_0_14_lut6_legacy |          2 |          2 |       0 |    0 |    64 |      0 |      0 |    0 |          0 |
|                       (i_lut6.i_lut6_addsub) |         integer_addsubc_addsub_v12_0_14_lut6_legacy |          2 |          2 |       0 |    0 |     0 |      0 |      0 |    0 |          0 |
|                       i_q.i_simple.qreg      |                  integer_addsubc_reg_fd_v12_0_6_viv |          0 |          0 |       0 |    0 |    64 |      0 |      0 |    0 |          0 |
|     glen[9].core_i                           |                   uop_block_wrap__parameterized3__1 |          1 |          1 |       0 |    0 |    80 |      0 |      0 |    0 |          0 |
|       (glen[9].core_i)                       |                   uop_block_wrap__parameterized3__1 |          0 |          0 |       0 |    0 |    40 |      0 |      0 |    0 |          0 |
|       core                                   |                        uop_block__parameterized3__1 |          1 |          1 |       0 |    0 |    40 |      0 |      0 |    0 |          0 |
|         (core)                               |                        uop_block__parameterized3__1 |          1 |          1 |       0 |    0 |     0 |      0 |      0 |    0 |          0 |
|         g[0].g_normal.alu_i                  |                     microop_unit__parameterized6__1 |          0 |          0 |       0 |    0 |     8 |      0 |      0 |    0 |          0 |
|         g[1].g_normal.alu_i                  |                     microop_unit__parameterized1__2 |          0 |          0 |       0 |    0 |    32 |      0 |      0 |    0 |          0 |
+----------------------------------------------+-----------------------------------------------------+------------+------------+---------+------+-------+--------+--------+------+------------+


