Copyright 1986-2020 Xilinx, Inc. All Rights Reserved.
----------------------------------------------------------------------------------------------------------------------------------------------------------------------------
| Tool Version : Vivado v.2020.1 (lin64) Build 2902540 Wed May 27 19:54:35 MDT 2020
| Date         : Mon Sep 22 17:16:51 2025
| Host         : orthanc running 64-bit Ubuntu 22.04.4 LTS
| Command      : report_utilization -hierarchical -file /home/jyoo/custom_v_2/custom-core-tool/reports/memory_wo_simd/benches/623_xalancbmk_s/623_xalancbmk_s_util_hier.rpt
| Design       : top_bench__623_xalancbmk_s
| Device       : xcu200fsgd2104-2
| Design State : Optimized
----------------------------------------------------------------------------------------------------------------------------------------------------------------------------

Utilization Design Information

Table of Contents
-----------------
1. Utilization by Hierarchy

1. Utilization by Hierarchy
---------------------------

+----------------------------------------------+-------------------------------------------------------+------------+------------+---------+------+------+--------+--------+------+------------+
|                   Instance                   |                         Module                        | Total LUTs | Logic LUTs | LUTRAMs | SRLs |  FFs | RAMB36 | RAMB18 | URAM | DSP Blocks |
+----------------------------------------------+-------------------------------------------------------+------------+------------+---------+------+------+--------+--------+------+------------+
| top_bench__623_xalancbmk_s                   |                                                 (top) |        727 |        727 |       0 |    0 | 4464 |      0 |      0 |    0 |          0 |
|   (top_bench__623_xalancbmk_s)               |                                                 (top) |          0 |          0 |       0 |    0 |    0 |      0 |      0 |    0 |          0 |
|   u_623_xalancbmk_s                          |                           bench_core__623_xalancbmk_s |        727 |        727 |       0 |    0 | 4464 |      0 |      0 |    0 |          0 |
|     (u_623_xalancbmk_s)                      |                           bench_core__623_xalancbmk_s |        256 |        256 |       0 |    0 |    0 |      0 |      0 |    0 |          0 |
|     glen[0].core_i                           |                             uop_block_wrap__xdcDup__1 |         97 |         97 |       0 |    0 |  448 |      0 |      0 |    0 |          0 |
|       (glen[0].core_i)                       |                             uop_block_wrap__xdcDup__1 |          0 |          0 |       0 |    0 |  160 |      0 |      0 |    0 |          0 |
|       core                                   |                                  uop_block__xdcDup__1 |         97 |         97 |       0 |    0 |  288 |      0 |      0 |    0 |          0 |
|         (core)                               |                                  uop_block__xdcDup__1 |          1 |          1 |       0 |    0 |   96 |      0 |      0 |    0 |          0 |
|         g[0].g_normal.alu_i                  |                                       microop_unit__2 |         32 |         32 |       0 |    0 |   32 |      0 |      0 |    0 |          0 |
|         g[1].g_normal.alu_i                  |                       microop_unit__parameterized0__2 |          0 |          0 |       0 |    0 |   32 |      0 |      0 |    0 |          0 |
|         g[2].g_normal.alu_i                  |               microop_unit__parameterized1__xdcDup__1 |         64 |         64 |       0 |    0 |  128 |      0 |      0 |    0 |          0 |
|           (g[2].g_normal.alu_i)              |               microop_unit__parameterized1__xdcDup__1 |          0 |          0 |       0 |    0 |   64 |      0 |      0 |    0 |          0 |
|           g_iadd.use_ip.u_addsub             |                                        integer_addsub |         64 |         64 |       0 |    0 |   64 |      0 |      0 |    0 |          0 |
|             U0                               |                       integer_addsubc_addsub_v12_0_14 |         64 |         64 |       0 |    0 |   64 |      0 |      0 |    0 |          0 |
|               xst_addsub                     |                   integer_addsubc_addsub_v12_0_14_viv |         64 |         64 |       0 |    0 |   64 |      0 |      0 |    0 |          0 |
|                 i_baseblox.i_baseblox_addsub |                integer_addsubc_addsub_v12_0_14_legacy |         64 |         64 |       0 |    0 |   64 |      0 |      0 |    0 |          0 |
|                   no_pipelining.the_addsub   |         integer_addsubc_addsub_v12_0_14_fabric_legacy |         64 |         64 |       0 |    0 |   64 |      0 |      0 |    0 |          0 |
|                     i_lut6.i_lut6_addsub     |           integer_addsubc_addsub_v12_0_14_lut6_legacy |         64 |         64 |       0 |    0 |   64 |      0 |      0 |    0 |          0 |
|                       (i_lut6.i_lut6_addsub) |           integer_addsubc_addsub_v12_0_14_lut6_legacy |         64 |         64 |       0 |    0 |    0 |      0 |      0 |    0 |          0 |
|                       i_q.i_simple.qreg      |                    integer_addsubc_reg_fd_v12_0_6_viv |          0 |          0 |       0 |    0 |   64 |      0 |      0 |    0 |          0 |
|     glen[10].core_i                          |                        uop_block_wrap__parameterized1 |          1 |          1 |       0 |    0 |  320 |      0 |      0 |    0 |          0 |
|       (glen[10].core_i)                      |                        uop_block_wrap__parameterized1 |          0 |          0 |       0 |    0 |  128 |      0 |      0 |    0 |          0 |
|       core                                   |                             uop_block__parameterized1 |          1 |          1 |       0 |    0 |  192 |      0 |      0 |    0 |          0 |
|         (core)                               |                             uop_block__parameterized1 |          1 |          1 |       0 |    0 |   64 |      0 |      0 |    0 |          0 |
|         g[0].g_normal.alu_i                  |                       microop_unit__parameterized2__3 |          0 |          0 |       0 |    0 |   64 |      0 |      0 |    0 |          0 |
|         g[1].g_normal.alu_i                  |                       microop_unit__parameterized2__4 |          0 |          0 |       0 |    0 |   64 |      0 |      0 |    0 |          0 |
|     glen[11].core_i                          |                        uop_block_wrap__parameterized4 |         57 |         57 |       0 |    0 |  290 |      0 |      0 |    0 |          0 |
|       (glen[11].core_i)                      |                        uop_block_wrap__parameterized4 |          0 |          0 |       0 |    0 |  177 |      0 |      0 |    0 |          0 |
|       core                                   |                             uop_block__parameterized4 |         57 |         57 |       0 |    0 |  113 |      0 |      0 |    0 |          0 |
|         (core)                               |                             uop_block__parameterized4 |          1 |          1 |       0 |    0 |    0 |      0 |      0 |    0 |          0 |
|         g[0].g_normal.alu_i                  |                          microop_unit__parameterized2 |          0 |          0 |       0 |    0 |   56 |      0 |      0 |    0 |          0 |
|         g[1].g_normal.alu_i                  |                       microop_unit__parameterized6__1 |         56 |         56 |       0 |    0 |   56 |      0 |      0 |    0 |          0 |
|         g[2].g_normal.alu_i                  |                       microop_unit__parameterized4__2 |          0 |          0 |       0 |    0 |    1 |      0 |      0 |    0 |          0 |
|     glen[12].core_i                          |                        uop_block_wrap__parameterized5 |         57 |         57 |       0 |    0 |  234 |      0 |      0 |    0 |          0 |
|       (glen[12].core_i)                      |                        uop_block_wrap__parameterized5 |          0 |          0 |       0 |    0 |  177 |      0 |      0 |    0 |          0 |
|       core                                   |                             uop_block__parameterized5 |         57 |         57 |       0 |    0 |   57 |      0 |      0 |    0 |          0 |
|         (core)                               |                             uop_block__parameterized5 |          1 |          1 |       0 |    0 |    0 |      0 |      0 |    0 |          0 |
|         g[0].g_normal.alu_i                  |                          microop_unit__parameterized6 |         56 |         56 |       0 |    0 |   56 |      0 |      0 |    0 |          0 |
|         g[1].g_normal.alu_i                  |                          microop_unit__parameterized4 |          0 |          0 |       0 |    0 |    1 |      0 |      0 |    0 |          0 |
|     glen[13].core_i                          |                                        uop_block_wrap |         97 |         97 |       0 |    0 |  448 |      0 |      0 |    0 |          0 |
|       (glen[13].core_i)                      |                                        uop_block_wrap |          0 |          0 |       0 |    0 |  160 |      0 |      0 |    0 |          0 |
|       core                                   |                                             uop_block |         97 |         97 |       0 |    0 |  288 |      0 |      0 |    0 |          0 |
|         (core)                               |                                             uop_block |          1 |          1 |       0 |    0 |   96 |      0 |      0 |    0 |          0 |
|         g[0].g_normal.alu_i                  |                                          microop_unit |         32 |         32 |       0 |    0 |   32 |      0 |      0 |    0 |          0 |
|         g[1].g_normal.alu_i                  |                          microop_unit__parameterized0 |          0 |          0 |       0 |    0 |   32 |      0 |      0 |    0 |          0 |
|         g[2].g_normal.alu_i                  |                          microop_unit__parameterized1 |         64 |         64 |       0 |    0 |  128 |      0 |      0 |    0 |          0 |
|           (g[2].g_normal.alu_i)              |                          microop_unit__parameterized1 |          0 |          0 |       0 |    0 |   64 |      0 |      0 |    0 |          0 |
|           g_iadd.use_ip.u_addsub             |                                integer_addsub_HD16422 |         64 |         64 |       0 |    0 |   64 |      0 |      0 |    0 |          0 |
|             U0                               |               integer_addsubc_addsub_v12_0_14_HD16423 |         64 |         64 |       0 |    0 |   64 |      0 |      0 |    0 |          0 |
|               xst_addsub                     |           integer_addsubc_addsub_v12_0_14_viv_HD16424 |         64 |         64 |       0 |    0 |   64 |      0 |      0 |    0 |          0 |
|                 i_baseblox.i_baseblox_addsub |        integer_addsubc_addsub_v12_0_14_legacy_HD16425 |         64 |         64 |       0 |    0 |   64 |      0 |      0 |    0 |          0 |
|                   no_pipelining.the_addsub   | integer_addsubc_addsub_v12_0_14_fabric_legacy_HD16426 |         64 |         64 |       0 |    0 |   64 |      0 |      0 |    0 |          0 |
|                     i_lut6.i_lut6_addsub     |   integer_addsubc_addsub_v12_0_14_lut6_legacy_HD16427 |         64 |         64 |       0 |    0 |   64 |      0 |      0 |    0 |          0 |
|                       (i_lut6.i_lut6_addsub) |   integer_addsubc_addsub_v12_0_14_lut6_legacy_HD16427 |         64 |         64 |       0 |    0 |    0 |      0 |      0 |    0 |          0 |
|                       i_q.i_simple.qreg      |            integer_addsubc_reg_fd_v12_0_6_viv_HD16428 |          0 |          0 |       0 |    0 |   64 |      0 |      0 |    0 |          0 |
|     glen[14].core_i                          |                        uop_block_wrap__parameterized6 |          1 |          1 |       0 |    0 |  128 |      0 |      0 |    0 |          0 |
|       (glen[14].core_i)                      |                        uop_block_wrap__parameterized6 |          0 |          0 |       0 |    0 |   64 |      0 |      0 |    0 |          0 |
|       core                                   |                             uop_block__parameterized6 |          1 |          1 |       0 |    0 |   64 |      0 |      0 |    0 |          0 |
|         (core)                               |                             uop_block__parameterized6 |          1 |          1 |       0 |    0 |    0 |      0 |      0 |    0 |          0 |
|         g[0].g_normal.alu_i                  |                       microop_unit__parameterized7__1 |          0 |          0 |       0 |    0 |   32 |      0 |      0 |    0 |          0 |
|         g[1].g_normal.alu_i                  |                          microop_unit__parameterized7 |          0 |          0 |       0 |    0 |   32 |      0 |      0 |    0 |          0 |
|     glen[1].core_i                           |                        uop_block_wrap__parameterized0 |          1 |          1 |       0 |    0 |  256 |      0 |      0 |    0 |          0 |
|       (glen[1].core_i)                       |                        uop_block_wrap__parameterized0 |          0 |          0 |       0 |    0 |  128 |      0 |      0 |    0 |          0 |
|       core                                   |                             uop_block__parameterized0 |          1 |          1 |       0 |    0 |  128 |      0 |      0 |    0 |          0 |
|         (core)                               |                             uop_block__parameterized0 |          1 |          1 |       0 |    0 |    0 |      0 |      0 |    0 |          0 |
|         g[0].g_normal.alu_i                  |                       microop_unit__parameterized2__1 |          0 |          0 |       0 |    0 |   64 |      0 |      0 |    0 |          0 |
|         g[1].g_normal.alu_i                  |                       microop_unit__parameterized2__2 |          0 |          0 |       0 |    0 |   64 |      0 |      0 |    0 |          0 |
|     glen[2].core_i                           |                     uop_block_wrap__parameterized1__1 |          1 |          1 |       0 |    0 |  320 |      0 |      0 |    0 |          0 |
|       (glen[2].core_i)                       |                     uop_block_wrap__parameterized1__1 |          0 |          0 |       0 |    0 |  128 |      0 |      0 |    0 |          0 |
|       core                                   |                          uop_block__parameterized1__1 |          1 |          1 |       0 |    0 |  192 |      0 |      0 |    0 |          0 |
|         (core)                               |                          uop_block__parameterized1__1 |          1 |          1 |       0 |    0 |   64 |      0 |      0 |    0 |          0 |
|         g[0].g_normal.alu_i                  |                       microop_unit__parameterized2__6 |          0 |          0 |       0 |    0 |   64 |      0 |      0 |    0 |          0 |
|         g[1].g_normal.alu_i                  |                       microop_unit__parameterized2__5 |          0 |          0 |       0 |    0 |   64 |      0 |      0 |    0 |          0 |
|     glen[3].core_i                           |                     uop_block_wrap__parameterized1__2 |          1 |          1 |       0 |    0 |  320 |      0 |      0 |    0 |          0 |
|       (glen[3].core_i)                       |                     uop_block_wrap__parameterized1__2 |          0 |          0 |       0 |    0 |  128 |      0 |      0 |    0 |          0 |
|       core                                   |                          uop_block__parameterized1__2 |          1 |          1 |       0 |    0 |  192 |      0 |      0 |    0 |          0 |
|         (core)                               |                          uop_block__parameterized1__2 |          1 |          1 |       0 |    0 |   64 |      0 |      0 |    0 |          0 |
|         g[0].g_normal.alu_i                  |                       microop_unit__parameterized2__8 |          0 |          0 |       0 |    0 |   64 |      0 |      0 |    0 |          0 |
|         g[1].g_normal.alu_i                  |                       microop_unit__parameterized2__7 |          0 |          0 |       0 |    0 |   64 |      0 |      0 |    0 |          0 |
|     glen[4].core_i                           |                        uop_block_wrap__parameterized2 |         25 |         25 |       0 |    0 |  106 |      0 |      0 |    0 |          0 |
|       (glen[4].core_i)                       |                        uop_block_wrap__parameterized2 |          0 |          0 |       0 |    0 |   81 |      0 |      0 |    0 |          0 |
|       core                                   |                             uop_block__parameterized2 |         25 |         25 |       0 |    0 |   25 |      0 |      0 |    0 |          0 |
|         (core)                               |                             uop_block__parameterized2 |          1 |          1 |       0 |    0 |    0 |      0 |      0 |    0 |          0 |
|         g[0].g_normal.alu_i                  |                          microop_unit__parameterized3 |         24 |         24 |       0 |    0 |   24 |      0 |      0 |    0 |          0 |
|         g[1].g_normal.alu_i                  |                       microop_unit__parameterized4__1 |          0 |          0 |       0 |    0 |    1 |      0 |      0 |    0 |          0 |
|     glen[5].core_i                           |             uop_block_wrap__parameterized3__xdcDup__1 |         65 |         65 |       0 |    0 |  317 |      0 |      0 |    0 |          0 |
|       (glen[5].core_i)                       |             uop_block_wrap__parameterized3__xdcDup__1 |          0 |          0 |       0 |    0 |  191 |      0 |      0 |    0 |          0 |
|       core                                   |                  uop_block__parameterized3__xdcDup__1 |         65 |         65 |       0 |    0 |  126 |      0 |      0 |    0 |          0 |
|         (core)                               |                  uop_block__parameterized3__xdcDup__1 |          1 |          1 |       0 |    0 |    0 |      0 |      0 |    0 |          0 |
|         g[0].g_normal.alu_i                  |               microop_unit__parameterized5__xdcDup__1 |         64 |         64 |       0 |    0 |  126 |      0 |      0 |    0 |          0 |
|           (g[0].g_normal.alu_i)              |               microop_unit__parameterized5__xdcDup__1 |          0 |          0 |       0 |    0 |   63 |      0 |      0 |    0 |          0 |
|           g_iadd.use_ip.u_addsub             |                                integer_addsub_HD16408 |         64 |         64 |       0 |    0 |   63 |      0 |      0 |    0 |          0 |
|             U0                               |               integer_addsubc_addsub_v12_0_14_HD16409 |         64 |         64 |       0 |    0 |   63 |      0 |      0 |    0 |          0 |
|               xst_addsub                     |           integer_addsubc_addsub_v12_0_14_viv_HD16410 |         64 |         64 |       0 |    0 |   63 |      0 |      0 |    0 |          0 |
|                 i_baseblox.i_baseblox_addsub |        integer_addsubc_addsub_v12_0_14_legacy_HD16411 |         64 |         64 |       0 |    0 |   63 |      0 |      0 |    0 |          0 |
|                   no_pipelining.the_addsub   | integer_addsubc_addsub_v12_0_14_fabric_legacy_HD16412 |         64 |         64 |       0 |    0 |   63 |      0 |      0 |    0 |          0 |
|                     i_lut6.i_lut6_addsub     |   integer_addsubc_addsub_v12_0_14_lut6_legacy_HD16413 |         64 |         64 |       0 |    0 |   63 |      0 |      0 |    0 |          0 |
|                       (i_lut6.i_lut6_addsub) |   integer_addsubc_addsub_v12_0_14_lut6_legacy_HD16413 |         64 |         64 |       0 |    0 |    0 |      0 |      0 |    0 |          0 |
|                       i_q.i_simple.qreg      |            integer_addsubc_reg_fd_v12_0_6_viv_HD16414 |          0 |          0 |       0 |    0 |   63 |      0 |      0 |    0 |          0 |
|     glen[6].core_i                           |                        uop_block_wrap__parameterized3 |         65 |         65 |       0 |    0 |  317 |      0 |      0 |    0 |          0 |
|       (glen[6].core_i)                       |                        uop_block_wrap__parameterized3 |          0 |          0 |       0 |    0 |  191 |      0 |      0 |    0 |          0 |
|       core                                   |                             uop_block__parameterized3 |         65 |         65 |       0 |    0 |  126 |      0 |      0 |    0 |          0 |
|         (core)                               |                             uop_block__parameterized3 |          1 |          1 |       0 |    0 |    0 |      0 |      0 |    0 |          0 |
|         g[0].g_normal.alu_i                  |                          microop_unit__parameterized5 |         64 |         64 |       0 |    0 |  126 |      0 |      0 |    0 |          0 |
|           (g[0].g_normal.alu_i)              |                          microop_unit__parameterized5 |          0 |          0 |       0 |    0 |   63 |      0 |      0 |    0 |          0 |
|           g_iadd.use_ip.u_addsub             |                                integer_addsub_HD16415 |         64 |         64 |       0 |    0 |   63 |      0 |      0 |    0 |          0 |
|             U0                               |               integer_addsubc_addsub_v12_0_14_HD16416 |         64 |         64 |       0 |    0 |   63 |      0 |      0 |    0 |          0 |
|               xst_addsub                     |           integer_addsubc_addsub_v12_0_14_viv_HD16417 |         64 |         64 |       0 |    0 |   63 |      0 |      0 |    0 |          0 |
|                 i_baseblox.i_baseblox_addsub |        integer_addsubc_addsub_v12_0_14_legacy_HD16418 |         64 |         64 |       0 |    0 |   63 |      0 |      0 |    0 |          0 |
|                   no_pipelining.the_addsub   | integer_addsubc_addsub_v12_0_14_fabric_legacy_HD16419 |         64 |         64 |       0 |    0 |   63 |      0 |      0 |    0 |          0 |
|                     i_lut6.i_lut6_addsub     |   integer_addsubc_addsub_v12_0_14_lut6_legacy_HD16420 |         64 |         64 |       0 |    0 |   63 |      0 |      0 |    0 |          0 |
|                       (i_lut6.i_lut6_addsub) |   integer_addsubc_addsub_v12_0_14_lut6_legacy_HD16420 |         64 |         64 |       0 |    0 |    0 |      0 |      0 |    0 |          0 |
|                       i_q.i_simple.qreg      |            integer_addsubc_reg_fd_v12_0_6_viv_HD16421 |          0 |          0 |       0 |    0 |   63 |      0 |      0 |    0 |          0 |
|     glen[7].core_i                           |                     uop_block_wrap__parameterized1__3 |          1 |          1 |       0 |    0 |  320 |      0 |      0 |    0 |          0 |
|       (glen[7].core_i)                       |                     uop_block_wrap__parameterized1__3 |          0 |          0 |       0 |    0 |  128 |      0 |      0 |    0 |          0 |
|       core                                   |                          uop_block__parameterized1__3 |          1 |          1 |       0 |    0 |  192 |      0 |      0 |    0 |          0 |
|         (core)                               |                          uop_block__parameterized1__3 |          1 |          1 |       0 |    0 |   64 |      0 |      0 |    0 |          0 |
|         g[0].g_normal.alu_i                  |                      microop_unit__parameterized2__10 |          0 |          0 |       0 |    0 |   64 |      0 |      0 |    0 |          0 |
|         g[1].g_normal.alu_i                  |                       microop_unit__parameterized2__9 |          0 |          0 |       0 |    0 |   64 |      0 |      0 |    0 |          0 |
|     glen[8].core_i                           |                     uop_block_wrap__parameterized1__4 |          1 |          1 |       0 |    0 |  320 |      0 |      0 |    0 |          0 |
|       (glen[8].core_i)                       |                     uop_block_wrap__parameterized1__4 |          0 |          0 |       0 |    0 |  128 |      0 |      0 |    0 |          0 |
|       core                                   |                          uop_block__parameterized1__4 |          1 |          1 |       0 |    0 |  192 |      0 |      0 |    0 |          0 |
|         (core)                               |                          uop_block__parameterized1__4 |          1 |          1 |       0 |    0 |   64 |      0 |      0 |    0 |          0 |
|         g[0].g_normal.alu_i                  |                      microop_unit__parameterized2__12 |          0 |          0 |       0 |    0 |   64 |      0 |      0 |    0 |          0 |
|         g[1].g_normal.alu_i                  |                      microop_unit__parameterized2__11 |          0 |          0 |       0 |    0 |   64 |      0 |      0 |    0 |          0 |
|     glen[9].core_i                           |                     uop_block_wrap__parameterized1__5 |          1 |          1 |       0 |    0 |  320 |      0 |      0 |    0 |          0 |
|       (glen[9].core_i)                       |                     uop_block_wrap__parameterized1__5 |          0 |          0 |       0 |    0 |  128 |      0 |      0 |    0 |          0 |
|       core                                   |                          uop_block__parameterized1__5 |          1 |          1 |       0 |    0 |  192 |      0 |      0 |    0 |          0 |
|         (core)                               |                          uop_block__parameterized1__5 |          1 |          1 |       0 |    0 |   64 |      0 |      0 |    0 |          0 |
|         g[0].g_normal.alu_i                  |                      microop_unit__parameterized2__14 |          0 |          0 |       0 |    0 |   64 |      0 |      0 |    0 |          0 |
|         g[1].g_normal.alu_i                  |                      microop_unit__parameterized2__13 |          0 |          0 |       0 |    0 |   64 |      0 |      0 |    0 |          0 |
+----------------------------------------------+-------------------------------------------------------+------------+------------+---------+------+------+--------+--------+------+------------+


