Copyright 1986-2020 Xilinx, Inc. All Rights Reserved.
----------------------------------------------------------------------------------------------------------------------------------------------------
| Tool Version      : Vivado v.2020.1 (lin64) Build 2902540 Wed May 27 19:54:35 MDT 2020
| Date              : Sun Sep 21 19:16:14 2025
| Host              : orthanc running 64-bit Ubuntu 22.04.4 LTS
| Command           : report_timing_summary -file /home/jyoo/custom_v_2/custom-core-tool/reports/wo_simd_div/single/544_nab_r/post_route_timing.rpt
| Design            : top_bench__544_nab_r
| Device            : xcu200-fsgd2104
| Speed File        : -2  PRODUCTION 1.27 02-28-2020
| Temperature Grade : E
----------------------------------------------------------------------------------------------------------------------------------------------------

Timing Summary Report

------------------------------------------------------------------------------------------------
| Timer Settings
| --------------
------------------------------------------------------------------------------------------------

  Enable Multi Corner Analysis               :  Yes
  Enable Pessimism Removal                   :  Yes
  Pessimism Removal Resolution               :  Nearest Common Node
  Enable Input Delay Default Clock           :  No
  Enable Preset / Clear Arcs                 :  No
  Disable Flight Delays                      :  No
  Ignore I/O Paths                           :  No
  Timing Early Launch at Borrowing Latches   :  No
  Borrow Time for Max Delay Exceptions       :  Yes
  Merge Timing Exceptions                    :  Yes

  Corner  Analyze    Analyze    
  Name    Max Paths  Min Paths  
  ------  ---------  ---------  
  Slow    Yes        Yes        
  Fast    Yes        Yes        



check_timing report

Table of Contents
-----------------
1. checking no_clock (0)
2. checking constant_clock (0)
3. checking pulse_width_clock (0)
4. checking unconstrained_internal_endpoints (0)
5. checking no_input_delay (32)
6. checking no_output_delay (64)
7. checking multiple_clock (0)
8. checking generated_clocks (0)
9. checking loops (0)
10. checking partial_input_delay (0)
11. checking partial_output_delay (0)
12. checking latch_loops (0)

1. checking no_clock (0)
------------------------
 There are 0 register/latch pins with no clock.


2. checking constant_clock (0)
------------------------------
 There are 0 register/latch pins with constant_clock.


3. checking pulse_width_clock (0)
---------------------------------
 There are 0 register/latch pins which need pulse_width check


4. checking unconstrained_internal_endpoints (0)
------------------------------------------------
 There are 0 pins that are not constrained for maximum delay.

 There are 0 pins that are not constrained for maximum delay due to constant clock.


5. checking no_input_delay (32)
-------------------------------
 There are 32 input ports with no input delay specified. (HIGH)

 There are 0 input ports with no input delay but user has a false path constraint.


6. checking no_output_delay (64)
--------------------------------
 There are 64 ports with no output delay specified. (HIGH)

 There are 0 ports with no output delay but user has a false path constraint

 There are 0 ports with no output delay but with a timing clock defined on it or propagating through it


7. checking multiple_clock (0)
------------------------------
 There are 0 register/latch pins with multiple clocks.


8. checking generated_clocks (0)
--------------------------------
 There are 0 generated clocks that are not connected to a clock source.


9. checking loops (0)
---------------------
 There are 0 combinational loops in the design.


10. checking partial_input_delay (0)
------------------------------------
 There are 0 input ports with partial input delay specified.


11. checking partial_output_delay (0)
-------------------------------------
 There are 0 ports with partial output delay specified.


12. checking latch_loops (0)
----------------------------
 There are 0 combinational latch loops in the design through latch input



------------------------------------------------------------------------------------------------
| Design Timing Summary
| ---------------------
------------------------------------------------------------------------------------------------

    WNS(ns)      TNS(ns)  TNS Failing Endpoints  TNS Total Endpoints      WHS(ns)      THS(ns)  THS Failing Endpoints  THS Total Endpoints     WPWS(ns)     TPWS(ns)  TPWS Failing Endpoints  TPWS Total Endpoints  
    -------      -------  ---------------------  -------------------      -------      -------  ---------------------  -------------------     --------     --------  ----------------------  --------------------  
      0.832        0.000                      0                  721        0.012        0.000                      0                  721        1.391        0.000                       0                   788  


All user specified timing constraints are met.


------------------------------------------------------------------------------------------------
| Clock Summary
| -------------
------------------------------------------------------------------------------------------------

Clock     Waveform(ns)         Period(ns)      Frequency(MHz)
-----     ------------         ----------      --------------
host_clk  {0.000 1.666}        3.333           300.030         


------------------------------------------------------------------------------------------------
| Intra Clock Table
| -----------------
------------------------------------------------------------------------------------------------

Clock             WNS(ns)      TNS(ns)  TNS Failing Endpoints  TNS Total Endpoints      WHS(ns)      THS(ns)  THS Failing Endpoints  THS Total Endpoints     WPWS(ns)     TPWS(ns)  TPWS Failing Endpoints  TPWS Total Endpoints  
-----             -------      -------  ---------------------  -------------------      -------      -------  ---------------------  -------------------     --------     --------  ----------------------  --------------------  
host_clk            0.832        0.000                      0                  721        0.012        0.000                      0                  721        1.391        0.000                       0                   788  


------------------------------------------------------------------------------------------------
| Inter Clock Table
| -----------------
------------------------------------------------------------------------------------------------

From Clock    To Clock          WNS(ns)      TNS(ns)  TNS Failing Endpoints  TNS Total Endpoints      WHS(ns)      THS(ns)  THS Failing Endpoints  THS Total Endpoints  
----------    --------          -------      -------  ---------------------  -------------------      -------      -------  ---------------------  -------------------  


------------------------------------------------------------------------------------------------
| Other Path Groups Table
| -----------------------
------------------------------------------------------------------------------------------------

Path Group    From Clock    To Clock          WNS(ns)      TNS(ns)  TNS Failing Endpoints  TNS Total Endpoints      WHS(ns)      THS(ns)  THS Failing Endpoints  THS Total Endpoints  
----------    ----------    --------          -------      -------  ---------------------  -------------------      -------      -------  ---------------------  -------------------  


------------------------------------------------------------------------------------------------
| Timing Details
| --------------
------------------------------------------------------------------------------------------------


---------------------------------------------------------------------------------------------------
From Clock:  host_clk
  To Clock:  host_clk

Setup :            0  Failing Endpoints,  Worst Slack        0.832ns,  Total Violation        0.000ns
Hold  :            0  Failing Endpoints,  Worst Slack        0.012ns,  Total Violation        0.000ns
PW    :            0  Failing Endpoints,  Worst Slack        1.391ns,  Total Violation        0.000ns
---------------------------------------------------------------------------------------------------


Max Delay Paths
--------------------------------------------------------------------------------------
Slack (MET) :             0.832ns  (required time - arrival time)
  Source:                 u_544_nab_r/glen[2].core_i/core/g[0].g_normal.alu_i/g_mov.y_reg[12]/C
                            (rising edge-triggered cell FDRE clocked by host_clk  {rise@0.000ns fall@1.666ns period=3.333ns})
  Destination:            u_544_nab_r/glen[2].core_i/core/g[1].g_normal.alu_i/g_imul.mul_fabric.y_reg/DSP_OUTPUT_INST/ALU_OUT[0]
                            (rising edge-triggered cell DSP_OUTPUT clocked by host_clk  {rise@0.000ns fall@1.666ns period=3.333ns})
  Path Group:             host_clk
  Path Type:              Setup (Max at Slow Process Corner)
  Requirement:            3.333ns  (host_clk rise@3.333ns - host_clk rise@0.000ns)
  Data Path Delay:        2.408ns  (logic 2.152ns (89.369%)  route 0.256ns (10.631%))
  Logic Levels:           7  (DSP_A_B_DATA=1 DSP_ALU=2 DSP_M_DATA=1 DSP_MULTIPLIER=1 DSP_OUTPUT=1 DSP_PREADD_DATA=1)
  Clock Path Skew:        -0.073ns (DCD - SCD + CPR)
    Destination Clock Delay (DCD):    1.881ns = ( 5.214 - 3.333 ) 
    Source Clock Delay      (SCD):    2.339ns
    Clock Pessimism Removal (CPR):    0.386ns
  Clock Uncertainty:      0.035ns  ((TSJ^2 + TIJ^2)^1/2 + DJ) / 2 + PE
    Total System Jitter     (TSJ):    0.071ns
    Total Input Jitter      (TIJ):    0.000ns
    Discrete Jitter          (DJ):    0.000ns
    Phase Error              (PE):    0.000ns
  Clock Net Delay (Source):      1.496ns (routing 0.547ns, distribution 0.949ns)
  Clock Net Delay (Destination): 1.327ns (routing 0.498ns, distribution 0.829ns)

    Location             Delay type                Incr(ns)  Path(ns)    Netlist Resource(s)
  -------------------------------------------------------------------    -------------------
                         (clock host_clk rise edge)
                                                      0.000     0.000 r  
    H23                                               0.000     0.000 r  clk (IN)
                         net (fo=0)                   0.000     0.000    clk_IBUF_inst/I
    H23                  INBUF (Prop_INBUF_HPIOB_M_PAD_O)
                                                      0.492     0.492 r  clk_IBUF_inst/INBUF_INST/O
                         net (fo=1, routed)           0.000     0.492    clk_IBUF_inst/OUT
    H23                  IBUFCTRL (Prop_IBUFCTRL_HPIOB_M_I_O)
                                                      0.000     0.492 r  clk_IBUF_inst/IBUFCTRL_INST/O
                         net (fo=1, routed)           0.323     0.815    clk_IBUF
    BUFGCE_X1Y314        BUFGCE (Prop_BUFCE_BUFGCE_I_O)
                                                      0.028     0.843 r  clk_IBUF_BUFG_inst/O
    X4Y14 (CLOCK_ROOT)   net (fo=797, routed)         1.496     2.339    u_544_nab_r/glen[2].core_i/core/g[0].g_normal.alu_i/clk
    SLICE_X148Y846       FDRE                                         r  u_544_nab_r/glen[2].core_i/core/g[0].g_normal.alu_i/g_mov.y_reg[12]/C
  -------------------------------------------------------------------    -------------------
    SLICE_X148Y846       FDRE (Prop_EFF2_SLICEM_C_Q)
                                                      0.079     2.418 f  u_544_nab_r/glen[2].core_i/core/g[0].g_normal.alu_i/g_mov.y_reg[12]/Q
                         net (fo=1, routed)           0.242     2.660    u_544_nab_r/glen[2].core_i/core/g[1].g_normal.alu_i/y0__0/A[12]
    DSP48E2_X17Y338      DSP_A_B_DATA (Prop_DSP_A_B_DATA_DSP48E2_A[12]_A2_DATA[12])
                                                      0.192     2.852 r  u_544_nab_r/glen[2].core_i/core/g[1].g_normal.alu_i/y0__0/DSP_A_B_DATA_INST/A2_DATA[12]
                         net (fo=1, routed)           0.000     2.852    u_544_nab_r/glen[2].core_i/core/g[1].g_normal.alu_i/y0__0/DSP_A_B_DATA.A2_DATA<12>
    DSP48E2_X17Y338      DSP_PREADD_DATA (Prop_DSP_PREADD_DATA_DSP48E2_A2_DATA[12]_A2A1[12])
                                                      0.076     2.928 r  u_544_nab_r/glen[2].core_i/core/g[1].g_normal.alu_i/y0__0/DSP_PREADD_DATA_INST/A2A1[12]
                         net (fo=1, routed)           0.000     2.928    u_544_nab_r/glen[2].core_i/core/g[1].g_normal.alu_i/y0__0/DSP_PREADD_DATA.A2A1<12>
    DSP48E2_X17Y338      DSP_MULTIPLIER (Prop_DSP_MULTIPLIER_DSP48E2_A2A1[12]_U[33])
                                                      0.505     3.433 f  u_544_nab_r/glen[2].core_i/core/g[1].g_normal.alu_i/y0__0/DSP_MULTIPLIER_INST/U[33]
                         net (fo=1, routed)           0.000     3.433    u_544_nab_r/glen[2].core_i/core/g[1].g_normal.alu_i/y0__0/DSP_MULTIPLIER.U<33>
    DSP48E2_X17Y338      DSP_M_DATA (Prop_DSP_M_DATA_DSP48E2_U[33]_U_DATA[33])
                                                      0.047     3.480 r  u_544_nab_r/glen[2].core_i/core/g[1].g_normal.alu_i/y0__0/DSP_M_DATA_INST/U_DATA[33]
                         net (fo=1, routed)           0.000     3.480    u_544_nab_r/glen[2].core_i/core/g[1].g_normal.alu_i/y0__0/DSP_M_DATA.U_DATA<33>
    DSP48E2_X17Y338      DSP_ALU (Prop_DSP_ALU_DSP48E2_U_DATA[33]_ALU_OUT[47])
                                                      0.585     4.065 f  u_544_nab_r/glen[2].core_i/core/g[1].g_normal.alu_i/y0__0/DSP_ALU_INST/ALU_OUT[47]
                         net (fo=1, routed)           0.000     4.065    u_544_nab_r/glen[2].core_i/core/g[1].g_normal.alu_i/y0__0/DSP_ALU.ALU_OUT<47>
    DSP48E2_X17Y338      DSP_OUTPUT (Prop_DSP_OUTPUT_DSP48E2_ALU_OUT[47]_PCOUT[47])
                                                      0.122     4.187 r  u_544_nab_r/glen[2].core_i/core/g[1].g_normal.alu_i/y0__0/DSP_OUTPUT_INST/PCOUT[47]
                         net (fo=1, routed)           0.014     4.201    u_544_nab_r/glen[2].core_i/core/g[1].g_normal.alu_i/g_imul.mul_fabric.y_reg/PCIN[47]
    DSP48E2_X17Y339      DSP_ALU (Prop_DSP_ALU_DSP48E2_PCIN[47]_ALU_OUT[0])
                                                      0.546     4.747 r  u_544_nab_r/glen[2].core_i/core/g[1].g_normal.alu_i/g_imul.mul_fabric.y_reg/DSP_ALU_INST/ALU_OUT[0]
                         net (fo=1, routed)           0.000     4.747    u_544_nab_r/glen[2].core_i/core/g[1].g_normal.alu_i/g_imul.mul_fabric.y_reg/DSP_ALU.ALU_OUT<0>
    DSP48E2_X17Y339      DSP_OUTPUT                                   r  u_544_nab_r/glen[2].core_i/core/g[1].g_normal.alu_i/g_imul.mul_fabric.y_reg/DSP_OUTPUT_INST/ALU_OUT[0]
  -------------------------------------------------------------------    -------------------

                         (clock host_clk rise edge)
                                                      3.333     3.333 r  
    H23                                               0.000     3.333 r  clk (IN)
                         net (fo=0)                   0.000     3.333    clk_IBUF_inst/I
    H23                  INBUF (Prop_INBUF_HPIOB_M_PAD_O)
                                                      0.243     3.576 r  clk_IBUF_inst/INBUF_INST/O
                         net (fo=1, routed)           0.000     3.576    clk_IBUF_inst/OUT
    H23                  IBUFCTRL (Prop_IBUFCTRL_HPIOB_M_I_O)
                                                      0.000     3.576 r  clk_IBUF_inst/IBUFCTRL_INST/O
                         net (fo=1, routed)           0.287     3.863    clk_IBUF
    BUFGCE_X1Y314        BUFGCE (Prop_BUFCE_BUFGCE_I_O)
                                                      0.024     3.887 r  clk_IBUF_BUFG_inst/O
    X4Y14 (CLOCK_ROOT)   net (fo=797, routed)         1.327     5.214    u_544_nab_r/glen[2].core_i/core/g[1].g_normal.alu_i/g_imul.mul_fabric.y_reg/CLK
    DSP48E2_X17Y339      DSP_OUTPUT                                   r  u_544_nab_r/glen[2].core_i/core/g[1].g_normal.alu_i/g_imul.mul_fabric.y_reg/DSP_OUTPUT_INST/CLK
                         clock pessimism              0.386     5.600    
                         clock uncertainty           -0.035     5.564    
    DSP48E2_X17Y339      DSP_OUTPUT (Setup_DSP_OUTPUT_DSP48E2_CLK_ALU_OUT[0])
                                                      0.015     5.579    u_544_nab_r/glen[2].core_i/core/g[1].g_normal.alu_i/g_imul.mul_fabric.y_reg/DSP_OUTPUT_INST
  -------------------------------------------------------------------
                         required time                          5.579    
                         arrival time                          -4.747    
  -------------------------------------------------------------------
                         slack                                  0.832    





Min Delay Paths
--------------------------------------------------------------------------------------
Slack (MET) :             0.012ns  (arrival time - required time)
  Source:                 u_544_nab_r/glen[2].core_i/core/g[1].g_normal.alu_i/g_imul.mul_fabric.y_reg[0]__0/C
                            (rising edge-triggered cell FDRE clocked by host_clk  {rise@0.000ns fall@1.666ns period=3.333ns})
  Destination:            u_544_nab_r/glen[2].core_i/g_out_ff.dst_o_reg[0]/D
                            (rising edge-triggered cell FDRE clocked by host_clk  {rise@0.000ns fall@1.666ns period=3.333ns})
  Path Group:             host_clk
  Path Type:              Hold (Min at Slow Process Corner)
  Requirement:            0.000ns  (host_clk rise@0.000ns - host_clk rise@0.000ns)
  Data Path Delay:        0.163ns  (logic 0.082ns (50.307%)  route 0.081ns (49.693%))
  Logic Levels:           1  (LUT1=1)
  Clock Path Skew:        0.091ns (DCD - SCD - CPR)
    Destination Clock Delay (DCD):    2.343ns
    Source Clock Delay      (SCD):    1.867ns
    Clock Pessimism Removal (CPR):    0.386ns
  Clock Net Delay (Source):      1.313ns (routing 0.498ns, distribution 0.815ns)
  Clock Net Delay (Destination): 1.500ns (routing 0.547ns, distribution 0.953ns)

    Location             Delay type                Incr(ns)  Path(ns)    Netlist Resource(s)
  -------------------------------------------------------------------    -------------------
                         (clock host_clk rise edge)
                                                      0.000     0.000 r  
    H23                                               0.000     0.000 r  clk (IN)
                         net (fo=0)                   0.000     0.000    clk_IBUF_inst/I
    H23                  INBUF (Prop_INBUF_HPIOB_M_PAD_O)
                                                      0.243     0.243 r  clk_IBUF_inst/INBUF_INST/O
                         net (fo=1, routed)           0.000     0.243    clk_IBUF_inst/OUT
    H23                  IBUFCTRL (Prop_IBUFCTRL_HPIOB_M_I_O)
                                                      0.000     0.243 r  clk_IBUF_inst/IBUFCTRL_INST/O
                         net (fo=1, routed)           0.287     0.530    clk_IBUF
    BUFGCE_X1Y314        BUFGCE (Prop_BUFCE_BUFGCE_I_O)
                                                      0.024     0.554 r  clk_IBUF_BUFG_inst/O
    X4Y14 (CLOCK_ROOT)   net (fo=797, routed)         1.313     1.867    u_544_nab_r/glen[2].core_i/core/g[1].g_normal.alu_i/clk
    SLICE_X149Y856       FDRE                                         r  u_544_nab_r/glen[2].core_i/core/g[1].g_normal.alu_i/g_imul.mul_fabric.y_reg[0]__0/C
  -------------------------------------------------------------------    -------------------
    SLICE_X149Y856       FDRE (Prop_EFF2_SLICEL_C_Q)
                                                      0.060     1.927 r  u_544_nab_r/glen[2].core_i/core/g[1].g_normal.alu_i/g_imul.mul_fabric.y_reg[0]__0/Q
                         net (fo=1, routed)           0.059     1.986    u_544_nab_r/glen[2].core_i/core/g[1].y_eff[0]
    SLICE_X147Y856       LUT1 (Prop_D6LUT_SLICEL_I0_O)
                                                      0.022     2.008 r  u_544_nab_r/glen[2].core_i/core/_uopblock_keep_lut0/O
                         net (fo=1, routed)           0.022     2.030    u_544_nab_r/glen[2].core_i/dst_int[0]
    SLICE_X147Y856       FDRE                                         r  u_544_nab_r/glen[2].core_i/g_out_ff.dst_o_reg[0]/D
  -------------------------------------------------------------------    -------------------

                         (clock host_clk rise edge)
                                                      0.000     0.000 r  
    H23                                               0.000     0.000 r  clk (IN)
                         net (fo=0)                   0.000     0.000    clk_IBUF_inst/I
    H23                  INBUF (Prop_INBUF_HPIOB_M_PAD_O)
                                                      0.492     0.492 r  clk_IBUF_inst/INBUF_INST/O
                         net (fo=1, routed)           0.000     0.492    clk_IBUF_inst/OUT
    H23                  IBUFCTRL (Prop_IBUFCTRL_HPIOB_M_I_O)
                                                      0.000     0.492 r  clk_IBUF_inst/IBUFCTRL_INST/O
                         net (fo=1, routed)           0.323     0.815    clk_IBUF
    BUFGCE_X1Y314        BUFGCE (Prop_BUFCE_BUFGCE_I_O)
                                                      0.028     0.843 r  clk_IBUF_BUFG_inst/O
    X4Y14 (CLOCK_ROOT)   net (fo=797, routed)         1.500     2.343    u_544_nab_r/glen[2].core_i/clk
    SLICE_X147Y856       FDRE                                         r  u_544_nab_r/glen[2].core_i/g_out_ff.dst_o_reg[0]/C
                         clock pessimism             -0.386     1.957    
    SLICE_X147Y856       FDRE (Hold_DFF_SLICEL_C_D)
                                                      0.060     2.017    u_544_nab_r/glen[2].core_i/g_out_ff.dst_o_reg[0]
  -------------------------------------------------------------------
                         required time                         -2.017    
                         arrival time                           2.030    
  -------------------------------------------------------------------
                         slack                                  0.012    





Pulse Width Checks
--------------------------------------------------------------------------------------
Clock Name:         host_clk
Waveform(ns):       { 0.000 1.666 }
Period(ns):         3.333
Sources:            { clk }

Check Type        Corner  Lib Pin   Reference Pin  Required(ns)  Actual(ns)  Slack(ns)  Location        Pin
Min Period        n/a     BUFGCE/I  n/a            1.290         3.333       2.043      BUFGCE_X1Y314   clk_IBUF_BUFG_inst/I
Low Pulse Width   Slow    FDRE/C    n/a            0.275         1.666       1.391      SLICE_X152Y847  u_544_nab_r/glen[2].core_i/core/g[0].g_normal.alu_i/g_mov.y_reg[16]/C
High Pulse Width  Fast    FDRE/C    n/a            0.275         1.666       1.391      SLICE_X148Y851  u_544_nab_r/glen[1].core_i/src_q_reg[13]/C



