Copyright 1986-2020 Xilinx, Inc. All Rights Reserved.
-------------------------------------------------------------------------------------------------------------------------------------------------------
| Tool Version      : Vivado v.2020.1 (lin64) Build 2902540 Wed May 27 19:54:35 MDT 2020
| Date              : Mon Sep 22 18:36:56 2025
| Host              : orthanc running 64-bit Ubuntu 22.04.4 LTS
| Command           : report_timing_summary -file /home/jyoo/custom_v_2/custom-core-tool/reports/memory_wo_simd/single/619_lbm_s/post_route_timing.rpt
| Design            : top_bench__619_lbm_s
| Device            : xcu200-fsgd2104
| Speed File        : -2  PRODUCTION 1.27 02-28-2020
| Temperature Grade : E
-------------------------------------------------------------------------------------------------------------------------------------------------------

Timing Summary Report

------------------------------------------------------------------------------------------------
| Timer Settings
| --------------
------------------------------------------------------------------------------------------------

  Enable Multi Corner Analysis               :  Yes
  Enable Pessimism Removal                   :  Yes
  Pessimism Removal Resolution               :  Nearest Common Node
  Enable Input Delay Default Clock           :  No
  Enable Preset / Clear Arcs                 :  No
  Disable Flight Delays                      :  No
  Ignore I/O Paths                           :  No
  Timing Early Launch at Borrowing Latches   :  No
  Borrow Time for Max Delay Exceptions       :  Yes
  Merge Timing Exceptions                    :  Yes

  Corner  Analyze    Analyze    
  Name    Max Paths  Min Paths  
  ------  ---------  ---------  
  Slow    Yes        Yes        
  Fast    Yes        Yes        



check_timing report

Table of Contents
-----------------
1. checking no_clock (0)
2. checking constant_clock (0)
3. checking pulse_width_clock (0)
4. checking unconstrained_internal_endpoints (0)
5. checking no_input_delay (64)
6. checking no_output_delay (64)
7. checking multiple_clock (0)
8. checking generated_clocks (0)
9. checking loops (0)
10. checking partial_input_delay (0)
11. checking partial_output_delay (0)
12. checking latch_loops (0)

1. checking no_clock (0)
------------------------
 There are 0 register/latch pins with no clock.


2. checking constant_clock (0)
------------------------------
 There are 0 register/latch pins with constant_clock.


3. checking pulse_width_clock (0)
---------------------------------
 There are 0 register/latch pins which need pulse_width check


4. checking unconstrained_internal_endpoints (0)
------------------------------------------------
 There are 0 pins that are not constrained for maximum delay.

 There are 0 pins that are not constrained for maximum delay due to constant clock.


5. checking no_input_delay (64)
-------------------------------
 There are 64 input ports with no input delay specified. (HIGH)

 There are 0 input ports with no input delay but user has a false path constraint.


6. checking no_output_delay (64)
--------------------------------
 There are 64 ports with no output delay specified. (HIGH)

 There are 0 ports with no output delay but user has a false path constraint

 There are 0 ports with no output delay but with a timing clock defined on it or propagating through it


7. checking multiple_clock (0)
------------------------------
 There are 0 register/latch pins with multiple clocks.


8. checking generated_clocks (0)
--------------------------------
 There are 0 generated clocks that are not connected to a clock source.


9. checking loops (0)
---------------------
 There are 0 combinational loops in the design.


10. checking partial_input_delay (0)
------------------------------------
 There are 0 input ports with partial input delay specified.


11. checking partial_output_delay (0)
-------------------------------------
 There are 0 ports with partial output delay specified.


12. checking latch_loops (0)
----------------------------
 There are 0 combinational latch loops in the design through latch input



------------------------------------------------------------------------------------------------
| Design Timing Summary
| ---------------------
------------------------------------------------------------------------------------------------

    WNS(ns)      TNS(ns)  TNS Failing Endpoints  TNS Total Endpoints      WHS(ns)      THS(ns)  THS Failing Endpoints  THS Total Endpoints     WPWS(ns)     TPWS(ns)  TPWS Failing Endpoints  TPWS Total Endpoints  
    -------      -------  ---------------------  -------------------      -------      -------  ---------------------  -------------------     --------     --------  ----------------------  --------------------  
      1.777        0.000                      0                10016        0.011        0.000                      0                10016        1.391        0.000                       0                 12335  


All user specified timing constraints are met.


------------------------------------------------------------------------------------------------
| Clock Summary
| -------------
------------------------------------------------------------------------------------------------

Clock     Waveform(ns)         Period(ns)      Frequency(MHz)
-----     ------------         ----------      --------------
host_clk  {0.000 1.666}        3.333           300.030         


------------------------------------------------------------------------------------------------
| Intra Clock Table
| -----------------
------------------------------------------------------------------------------------------------

Clock             WNS(ns)      TNS(ns)  TNS Failing Endpoints  TNS Total Endpoints      WHS(ns)      THS(ns)  THS Failing Endpoints  THS Total Endpoints     WPWS(ns)     TPWS(ns)  TPWS Failing Endpoints  TPWS Total Endpoints  
-----             -------      -------  ---------------------  -------------------      -------      -------  ---------------------  -------------------     --------     --------  ----------------------  --------------------  
host_clk            1.777        0.000                      0                10016        0.011        0.000                      0                10016        1.391        0.000                       0                 12335  


------------------------------------------------------------------------------------------------
| Inter Clock Table
| -----------------
------------------------------------------------------------------------------------------------

From Clock    To Clock          WNS(ns)      TNS(ns)  TNS Failing Endpoints  TNS Total Endpoints      WHS(ns)      THS(ns)  THS Failing Endpoints  THS Total Endpoints  
----------    --------          -------      -------  ---------------------  -------------------      -------      -------  ---------------------  -------------------  


------------------------------------------------------------------------------------------------
| Other Path Groups Table
| -----------------------
------------------------------------------------------------------------------------------------

Path Group    From Clock    To Clock          WNS(ns)      TNS(ns)  TNS Failing Endpoints  TNS Total Endpoints      WHS(ns)      THS(ns)  THS Failing Endpoints  THS Total Endpoints  
----------    ----------    --------          -------      -------  ---------------------  -------------------      -------      -------  ---------------------  -------------------  


------------------------------------------------------------------------------------------------
| Timing Details
| --------------
------------------------------------------------------------------------------------------------


---------------------------------------------------------------------------------------------------
From Clock:  host_clk
  To Clock:  host_clk

Setup :            0  Failing Endpoints,  Worst Slack        1.777ns,  Total Violation        0.000ns
Hold  :            0  Failing Endpoints,  Worst Slack        0.011ns,  Total Violation        0.000ns
PW    :            0  Failing Endpoints,  Worst Slack        1.391ns,  Total Violation        0.000ns
---------------------------------------------------------------------------------------------------


Max Delay Paths
--------------------------------------------------------------------------------------
Slack (MET) :             1.777ns  (required time - arrival time)
  Source:                 u_619_lbm_s/glen[0].core_i/c_q_reg[10]/C
                            (rising edge-triggered cell FDRE clocked by host_clk  {rise@0.000ns fall@1.666ns period=3.333ns})
  Destination:            u_619_lbm_s/glen[0].core_i/core/g[0].g_normal.alu_i/g_soft_only.y_reg[63]/D
                            (rising edge-triggered cell FDRE clocked by host_clk  {rise@0.000ns fall@1.666ns period=3.333ns})
  Path Group:             host_clk
  Path Type:              Setup (Max at Slow Process Corner)
  Requirement:            3.333ns  (host_clk rise@3.333ns - host_clk rise@0.000ns)
  Data Path Delay:        1.372ns  (logic 0.482ns (35.131%)  route 0.890ns (64.869%))
  Logic Levels:           8  (CARRY8=7 LUT2=1)
  Clock Path Skew:        -0.174ns (DCD - SCD + CPR)
    Destination Clock Delay (DCD):    2.169ns = ( 5.502 - 3.333 ) 
    Source Clock Delay      (SCD):    2.759ns
    Clock Pessimism Removal (CPR):    0.416ns
  Clock Uncertainty:      0.035ns  ((TSJ^2 + TIJ^2)^1/2 + DJ) / 2 + PE
    Total System Jitter     (TSJ):    0.071ns
    Total Input Jitter      (TIJ):    0.000ns
    Discrete Jitter          (DJ):    0.000ns
    Phase Error              (PE):    0.000ns
  Clock Net Delay (Source):      1.869ns (routing 0.985ns, distribution 0.884ns)
  Clock Net Delay (Destination): 1.572ns (routing 0.896ns, distribution 0.676ns)

    Location             Delay type                Incr(ns)  Path(ns)    Netlist Resource(s)
  -------------------------------------------------------------------    -------------------
                         (clock host_clk rise edge)
                                                      0.000     0.000 r  
    H17                                               0.000     0.000 r  clk (IN)
                         net (fo=0)                   0.000     0.000    clk_IBUF_inst/I
    H17                  INBUF (Prop_INBUF_HPIOB_M_PAD_O)
                                                      0.514     0.514 r  clk_IBUF_inst/INBUF_INST/O
                         net (fo=1, routed)           0.000     0.514    clk_IBUF_inst/OUT
    H17                  IBUFCTRL (Prop_IBUFCTRL_HPIOB_M_I_O)
                                                      0.000     0.514 r  clk_IBUF_inst/IBUFCTRL_INST/O
                         net (fo=1, routed)           0.348     0.862    clk_IBUF
    BUFGCE_X1Y290        BUFGCE (Prop_BUFCE_BUFGCE_I_O)
                                                      0.028     0.890 r  clk_IBUF_BUFG_inst/O
    X5Y14 (CLOCK_ROOT)   net (fo=12334, routed)       1.869     2.759    u_619_lbm_s/glen[0].core_i/clk
    SLICE_X159Y848       FDRE                                         r  u_619_lbm_s/glen[0].core_i/c_q_reg[10]/C
  -------------------------------------------------------------------    -------------------
    SLICE_X159Y848       FDRE (Prop_EFF_SLICEL_C_Q)
                                                      0.079     2.838 r  u_619_lbm_s/glen[0].core_i/c_q_reg[10]/Q
                         net (fo=1, routed)           0.661     3.499    u_619_lbm_s/glen[0].core_i/core/g[0].g_normal.alu_i/b[10]
    SLICE_X146Y866       LUT2 (Prop_C6LUT_SLICEM_I1_O)
                                                      0.051     3.550 r  u_619_lbm_s/glen[0].core_i/core/g[0].g_normal.alu_i/g_soft_only.y[15]_i_7/O
                         net (fo=1, routed)           0.021     3.571    u_619_lbm_s/glen[0].core_i/core/g[0].g_normal.alu_i/g_soft_only.y[15]_i_7_n_0
    SLICE_X146Y866       CARRY8 (Prop_CARRY8_SLICEM_S[2]_CO[7])
                                                      0.161     3.732 r  u_619_lbm_s/glen[0].core_i/core/g[0].g_normal.alu_i/g_soft_only.y_reg[15]_i_1/CO[7]
                         net (fo=1, routed)           0.026     3.758    u_619_lbm_s/glen[0].core_i/core/g[0].g_normal.alu_i/g_soft_only.y_reg[15]_i_1_n_0
    SLICE_X146Y867       CARRY8 (Prop_CARRY8_SLICEM_CI_CO[7])
                                                      0.015     3.773 r  u_619_lbm_s/glen[0].core_i/core/g[0].g_normal.alu_i/g_soft_only.y_reg[23]_i_1/CO[7]
                         net (fo=1, routed)           0.026     3.799    u_619_lbm_s/glen[0].core_i/core/g[0].g_normal.alu_i/g_soft_only.y_reg[23]_i_1_n_0
    SLICE_X146Y868       CARRY8 (Prop_CARRY8_SLICEM_CI_CO[7])
                                                      0.015     3.814 r  u_619_lbm_s/glen[0].core_i/core/g[0].g_normal.alu_i/g_soft_only.y_reg[31]_i_1/CO[7]
                         net (fo=1, routed)           0.026     3.840    u_619_lbm_s/glen[0].core_i/core/g[0].g_normal.alu_i/g_soft_only.y_reg[31]_i_1_n_0
    SLICE_X146Y869       CARRY8 (Prop_CARRY8_SLICEM_CI_CO[7])
                                                      0.015     3.855 r  u_619_lbm_s/glen[0].core_i/core/g[0].g_normal.alu_i/g_soft_only.y_reg[39]_i_1/CO[7]
                         net (fo=1, routed)           0.052     3.907    u_619_lbm_s/glen[0].core_i/core/g[0].g_normal.alu_i/g_soft_only.y_reg[39]_i_1_n_0
    SLICE_X146Y870       CARRY8 (Prop_CARRY8_SLICEM_CI_CO[7])
                                                      0.015     3.922 r  u_619_lbm_s/glen[0].core_i/core/g[0].g_normal.alu_i/g_soft_only.y_reg[47]_i_1/CO[7]
                         net (fo=1, routed)           0.026     3.948    u_619_lbm_s/glen[0].core_i/core/g[0].g_normal.alu_i/g_soft_only.y_reg[47]_i_1_n_0
    SLICE_X146Y871       CARRY8 (Prop_CARRY8_SLICEM_CI_CO[7])
                                                      0.015     3.963 r  u_619_lbm_s/glen[0].core_i/core/g[0].g_normal.alu_i/g_soft_only.y_reg[55]_i_1/CO[7]
                         net (fo=1, routed)           0.026     3.989    u_619_lbm_s/glen[0].core_i/core/g[0].g_normal.alu_i/g_soft_only.y_reg[55]_i_1_n_0
    SLICE_X146Y872       CARRY8 (Prop_CARRY8_SLICEM_CI_O[7])
                                                      0.116     4.105 r  u_619_lbm_s/glen[0].core_i/core/g[0].g_normal.alu_i/g_soft_only.y_reg[63]_i_1/O[7]
                         net (fo=1, routed)           0.026     4.131    u_619_lbm_s/glen[0].core_i/core/g[0].g_normal.alu_i/g_soft_only.y_comb[63]
    SLICE_X146Y872       FDRE                                         r  u_619_lbm_s/glen[0].core_i/core/g[0].g_normal.alu_i/g_soft_only.y_reg[63]/D
  -------------------------------------------------------------------    -------------------

                         (clock host_clk rise edge)
                                                      3.333     3.333 r  
    H17                                               0.000     3.333 r  clk (IN)
                         net (fo=0)                   0.000     3.333    clk_IBUF_inst/I
    H17                  INBUF (Prop_INBUF_HPIOB_M_PAD_O)
                                                      0.264     3.597 r  clk_IBUF_inst/INBUF_INST/O
                         net (fo=1, routed)           0.000     3.597    clk_IBUF_inst/OUT
    H17                  IBUFCTRL (Prop_IBUFCTRL_HPIOB_M_I_O)
                                                      0.000     3.597 r  clk_IBUF_inst/IBUFCTRL_INST/O
                         net (fo=1, routed)           0.309     3.906    clk_IBUF
    BUFGCE_X1Y290        BUFGCE (Prop_BUFCE_BUFGCE_I_O)
                                                      0.024     3.930 r  clk_IBUF_BUFG_inst/O
    X5Y14 (CLOCK_ROOT)   net (fo=12334, routed)       1.572     5.502    u_619_lbm_s/glen[0].core_i/core/g[0].g_normal.alu_i/clk
    SLICE_X146Y872       FDRE                                         r  u_619_lbm_s/glen[0].core_i/core/g[0].g_normal.alu_i/g_soft_only.y_reg[63]/C
                         clock pessimism              0.416     5.918    
                         clock uncertainty           -0.035     5.883    
    SLICE_X146Y872       FDRE (Setup_HFF_SLICEM_C_D)
                                                      0.025     5.908    u_619_lbm_s/glen[0].core_i/core/g[0].g_normal.alu_i/g_soft_only.y_reg[63]
  -------------------------------------------------------------------
                         required time                          5.908    
                         arrival time                          -4.131    
  -------------------------------------------------------------------
                         slack                                  1.777    





Min Delay Paths
--------------------------------------------------------------------------------------
Slack (MET) :             0.011ns  (arrival time - required time)
  Source:                 u_619_lbm_s/glen[30].core_i/core/g[0].g_normal.alu_i/g_mov.y_reg[21]/C
                            (rising edge-triggered cell FDRE clocked by host_clk  {rise@0.000ns fall@1.666ns period=3.333ns})
  Destination:            u_619_lbm_s/glen[30].core_i/core/g[0].g_ff.stage_reg[1][21]/D
                            (rising edge-triggered cell FDRE clocked by host_clk  {rise@0.000ns fall@1.666ns period=3.333ns})
  Path Group:             host_clk
  Path Type:              Hold (Min at Slow Process Corner)
  Requirement:            0.000ns  (host_clk rise@0.000ns - host_clk rise@0.000ns)
  Data Path Delay:        0.162ns  (logic 0.061ns (37.654%)  route 0.101ns (62.346%))
  Logic Levels:           0  
  Clock Path Skew:        0.089ns (DCD - SCD - CPR)
    Destination Clock Delay (DCD):    2.687ns
    Source Clock Delay      (SCD):    2.182ns
    Clock Pessimism Removal (CPR):    0.416ns
  Clock Net Delay (Source):      1.585ns (routing 0.896ns, distribution 0.689ns)
  Clock Net Delay (Destination): 1.797ns (routing 0.985ns, distribution 0.812ns)

    Location             Delay type                Incr(ns)  Path(ns)    Netlist Resource(s)
  -------------------------------------------------------------------    -------------------
                         (clock host_clk rise edge)
                                                      0.000     0.000 r  
    H17                                               0.000     0.000 r  clk (IN)
                         net (fo=0)                   0.000     0.000    clk_IBUF_inst/I
    H17                  INBUF (Prop_INBUF_HPIOB_M_PAD_O)
                                                      0.264     0.264 r  clk_IBUF_inst/INBUF_INST/O
                         net (fo=1, routed)           0.000     0.264    clk_IBUF_inst/OUT
    H17                  IBUFCTRL (Prop_IBUFCTRL_HPIOB_M_I_O)
                                                      0.000     0.264 r  clk_IBUF_inst/IBUFCTRL_INST/O
                         net (fo=1, routed)           0.309     0.573    clk_IBUF
    BUFGCE_X1Y290        BUFGCE (Prop_BUFCE_BUFGCE_I_O)
                                                      0.024     0.597 r  clk_IBUF_BUFG_inst/O
    X5Y14 (CLOCK_ROOT)   net (fo=12334, routed)       1.585     2.182    u_619_lbm_s/glen[30].core_i/core/g[0].g_normal.alu_i/clk
    SLICE_X155Y876       FDRE                                         r  u_619_lbm_s/glen[30].core_i/core/g[0].g_normal.alu_i/g_mov.y_reg[21]/C
  -------------------------------------------------------------------    -------------------
    SLICE_X155Y876       FDRE (Prop_DFF2_SLICEL_C_Q)
                                                      0.061     2.243 r  u_619_lbm_s/glen[30].core_i/core/g[0].g_normal.alu_i/g_mov.y_reg[21]/Q
                         net (fo=1, routed)           0.101     2.344    u_619_lbm_s/glen[30].core_i/core/g[0].y_eff[21]
    SLICE_X156Y875       FDRE                                         r  u_619_lbm_s/glen[30].core_i/core/g[0].g_ff.stage_reg[1][21]/D
  -------------------------------------------------------------------    -------------------

                         (clock host_clk rise edge)
                                                      0.000     0.000 r  
    H17                                               0.000     0.000 r  clk (IN)
                         net (fo=0)                   0.000     0.000    clk_IBUF_inst/I
    H17                  INBUF (Prop_INBUF_HPIOB_M_PAD_O)
                                                      0.514     0.514 r  clk_IBUF_inst/INBUF_INST/O
                         net (fo=1, routed)           0.000     0.514    clk_IBUF_inst/OUT
    H17                  IBUFCTRL (Prop_IBUFCTRL_HPIOB_M_I_O)
                                                      0.000     0.514 r  clk_IBUF_inst/IBUFCTRL_INST/O
                         net (fo=1, routed)           0.348     0.862    clk_IBUF
    BUFGCE_X1Y290        BUFGCE (Prop_BUFCE_BUFGCE_I_O)
                                                      0.028     0.890 r  clk_IBUF_BUFG_inst/O
    X5Y14 (CLOCK_ROOT)   net (fo=12334, routed)       1.797     2.687    u_619_lbm_s/glen[30].core_i/core/clk
    SLICE_X156Y875       FDRE                                         r  u_619_lbm_s/glen[30].core_i/core/g[0].g_ff.stage_reg[1][21]/C
                         clock pessimism             -0.416     2.271    
    SLICE_X156Y875       FDRE (Hold_HFF2_SLICEM_C_D)
                                                      0.062     2.333    u_619_lbm_s/glen[30].core_i/core/g[0].g_ff.stage_reg[1][21]
  -------------------------------------------------------------------
                         required time                         -2.333    
                         arrival time                           2.344    
  -------------------------------------------------------------------
                         slack                                  0.011    





Pulse Width Checks
--------------------------------------------------------------------------------------
Clock Name:         host_clk
Waveform(ns):       { 0.000 1.666 }
Period(ns):         3.333
Sources:            { clk }

Check Type        Corner  Lib Pin   Reference Pin  Required(ns)  Actual(ns)  Slack(ns)  Location        Pin
Min Period        n/a     BUFGCE/I  n/a            1.290         3.333       2.043      BUFGCE_X1Y290   clk_IBUF_BUFG_inst/I
Low Pulse Width   Slow    FDRE/C    n/a            0.275         1.666       1.391      SLICE_X159Y840  u_619_lbm_s/glen[14].core_i/core/g[1].g_normal.alu_i/g_mov.y_reg[4]/C
High Pulse Width  Slow    FDRE/C    n/a            0.275         1.666       1.391      SLICE_X160Y841  u_619_lbm_s/glen[14].core_i/core/g[1].g_normal.alu_i/g_mov.y_reg[2]/C



