Copyright 1986-2020 Xilinx, Inc. All Rights Reserved.
--------------------------------------------------------------------------------------------------------------------------
| Tool Version     : Vivado v.2020.1 (lin64) Build 2902540 Wed May 27 19:54:35 MDT 2020
| Date             : Thu Sep 18 19:19:28 2025
| Host             : orthanc running 64-bit Ubuntu 22.04.4 LTS
| Command          : report_power -file /home/jyoo/custom_v_2/custom-core-tool/reports/multi/post_route_power.rpt
| Design           : top_multi_bench
| Device           : xcu200-fsgd2104-2-e
| Design State     : routed
| Grade            : extended
| Process          : typical
| Characterization : Production
--------------------------------------------------------------------------------------------------------------------------

Power Report

Table of Contents
-----------------
1. Summary
1.1 On-Chip Components
1.2 Power Supply Summary
1.3 Confidence Level
2. Settings
2.1 Environment
2.2 Clock Constraints
3. Detailed Reports
3.1 By Hierarchy

1. Summary
----------

+--------------------------+--------------+
| Total On-Chip Power (W)  | 6.685        |
| Design Power Budget (W)  | Unspecified* |
| Power Budget Margin (W)  | NA           |
| Dynamic (W)              | 4.158        |
| Device Static (W)        | 2.527        |
| Effective TJA (C/W)      | 0.5          |
| Max Ambient (C)          | 96.5         |
| Junction Temperature (C) | 28.5         |
| Confidence Level         | Low          |
| Setting File             | ---          |
| Simulation Activity File | ---          |
| Design Nets Matched      | NA           |
+--------------------------+--------------+
* Specify Design Power Budget using, set_operating_conditions -design_power_budget <value in Watts>


1.1 On-Chip Components
----------------------

+-------------------------+-----------+----------+-----------+-----------------+
| On-Chip                 | Power (W) | Used     | Available | Utilization (%) |
+-------------------------+-----------+----------+-----------+-----------------+
| Clocks                  |     0.725 |        3 |       --- |             --- |
| CLB Logic               |     0.588 |   131799 |       --- |             --- |
|   LUT as Logic          |     0.311 |    10966 |   1182240 |            0.93 |
|   Register              |     0.176 |   109301 |   2364480 |            4.62 |
|   LUT as Shift Register |     0.077 |     1508 |    591840 |            0.25 |
|   CARRY8                |     0.025 |     2363 |    147780 |            1.60 |
|   Others                |     0.000 |     6287 |       --- |             --- |
| Signals                 |     2.317 |   132909 |       --- |             --- |
| DSPs                    |     0.193 |      280 |      6840 |            4.09 |
| I/O                     |     0.334 |      135 |       676 |           19.97 |
| Static Power            |     2.527 |          |           |                 |
| Total                   |     6.685 |          |           |                 |
+-------------------------+-----------+----------+-----------+-----------------+


1.2 Power Supply Summary
------------------------

+------------+-------------+-----------+-------------+------------+-------------+-------------+------------+
| Source     | Voltage (V) | Total (A) | Dynamic (A) | Static (A) | Powerup (A) | Budget (A)  | Margin (A) |
+------------+-------------+-----------+-------------+------------+-------------+-------------+------------+
| Vccint     |       0.850 |     5.381 |       4.499 |      0.882 |       NA    | Unspecified | NA         |
| Vccint_io  |       0.850 |     0.280 |       0.015 |      0.265 |       NA    | Unspecified | NA         |
| Vccbram    |       0.850 |     0.017 |       0.000 |      0.017 |       NA    | Unspecified | NA         |
| Vccaux     |       1.800 |     0.645 |       0.000 |      0.645 |       NA    | Unspecified | NA         |
| Vccaux_io  |       1.800 |     0.232 |       0.047 |      0.185 |       NA    | Unspecified | NA         |
| Vcco33     |       3.300 |     0.000 |       0.000 |      0.000 |       NA    | Unspecified | NA         |
| Vcco25     |       2.500 |     0.000 |       0.000 |      0.000 |       NA    | Unspecified | NA         |
| Vcco18     |       1.800 |     0.131 |       0.131 |      0.000 |       NA    | Unspecified | NA         |
| Vcco15     |       1.500 |     0.000 |       0.000 |      0.000 |       NA    | Unspecified | NA         |
| Vcco135    |       1.350 |     0.000 |       0.000 |      0.000 |       NA    | Unspecified | NA         |
| Vcco12     |       1.200 |     0.000 |       0.000 |      0.000 |       NA    | Unspecified | NA         |
| Vcco10     |       1.000 |     0.000 |       0.000 |      0.000 |       NA    | Unspecified | NA         |
| Vccadc     |       1.800 |     0.024 |       0.000 |      0.024 |       NA    | Unspecified | NA         |
| MGTYAVcc   |       0.900 |     0.000 |       0.000 |      0.000 |       NA    | Unspecified | NA         |
| MGTYAVtt   |       1.200 |     0.000 |       0.000 |      0.000 |       NA    | Unspecified | NA         |
| MGTYVccaux |       1.800 |     0.000 |       0.000 |      0.000 |       NA    | Unspecified | NA         |
+------------+-------------+-----------+-------------+------------+-------------+-------------+------------+


1.3 Confidence Level
--------------------

+-----------------------------+------------+--------------------------------------------------------+------------------------------------------------------------------------------------------------------------+
| User Input Data             | Confidence | Details                                                | Action                                                                                                     |
+-----------------------------+------------+--------------------------------------------------------+------------------------------------------------------------------------------------------------------------+
| Design implementation state | High       | Design is routed                                       |                                                                                                            |
| Clock nodes activity        | High       | User specified more than 95% of clocks                 |                                                                                                            |
| I/O nodes activity          | Low        | More than 75% of inputs are missing user specification | Provide missing input activity with simulation results or by editing the "By Resource Type -> I/Os" view   |
| Internal nodes activity     | Medium     | User specified less than 25% of internal nodes         | Provide missing internal nodes activity with simulation results or by editing the "By Resource Type" views |
| Device models               | High       | Device models are Production                           |                                                                                                            |
|                             |            |                                                        |                                                                                                            |
| Overall confidence level    | Low        |                                                        |                                                                                                            |
+-----------------------------+------------+--------------------------------------------------------+------------------------------------------------------------------------------------------------------------+


2. Settings
-----------

2.1 Environment
---------------

+-----------------------+--------------------------+
| Ambient Temp (C)      | 25.0                     |
| ThetaJA (C/W)         | 0.5                      |
| Airflow (LFM)         | 250                      |
| Heat Sink             | medium (Medium Profile)  |
| ThetaSA (C/W)         | 0.7                      |
| Board Selection       | medium (10"x10")         |
| # of Board Layers     | 12to15 (12 to 15 Layers) |
| Board Temperature (C) | 25.0                     |
+-----------------------+--------------------------+


2.2 Clock Constraints
---------------------

+----------+--------+-----------------+
| Clock    | Domain | Constraint (ns) |
+----------+--------+-----------------+
| host_clk | clk    |             3.3 |
+----------+--------+-----------------+


3. Detailed Reports
-------------------

3.1 By Hierarchy
----------------

+-------------------------+-----------+
| Name                    | Power (W) |
+-------------------------+-----------+
| top_multi_bench         |     4.158 |
|   src_val_IBUF[0]_inst  |     0.002 |
|   src_val_IBUF[10]_inst |     0.002 |
|   src_val_IBUF[11]_inst |     0.002 |
|   src_val_IBUF[12]_inst |     0.002 |
|   src_val_IBUF[13]_inst |     0.002 |
|   src_val_IBUF[14]_inst |     0.002 |
|   src_val_IBUF[15]_inst |     0.002 |
|   src_val_IBUF[16]_inst |     0.002 |
|   src_val_IBUF[17]_inst |     0.002 |
|   src_val_IBUF[18]_inst |     0.002 |
|   src_val_IBUF[19]_inst |     0.002 |
|   src_val_IBUF[1]_inst  |     0.002 |
|   src_val_IBUF[20]_inst |     0.002 |
|   src_val_IBUF[21]_inst |     0.002 |
|   src_val_IBUF[22]_inst |     0.002 |
|   src_val_IBUF[23]_inst |     0.002 |
|   src_val_IBUF[24]_inst |     0.002 |
|   src_val_IBUF[25]_inst |     0.002 |
|   src_val_IBUF[26]_inst |     0.002 |
|   src_val_IBUF[27]_inst |     0.002 |
|   src_val_IBUF[28]_inst |     0.002 |
|   src_val_IBUF[29]_inst |     0.002 |
|   src_val_IBUF[2]_inst  |     0.002 |
|   src_val_IBUF[30]_inst |     0.002 |
|   src_val_IBUF[31]_inst |     0.002 |
|   src_val_IBUF[32]_inst |     0.001 |
|   src_val_IBUF[33]_inst |     0.001 |
|   src_val_IBUF[34]_inst |     0.001 |
|   src_val_IBUF[35]_inst |     0.001 |
|   src_val_IBUF[36]_inst |     0.001 |
|   src_val_IBUF[37]_inst |     0.001 |
|   src_val_IBUF[38]_inst |     0.001 |
|   src_val_IBUF[39]_inst |     0.001 |
|   src_val_IBUF[3]_inst  |     0.002 |
|   src_val_IBUF[40]_inst |     0.001 |
|   src_val_IBUF[41]_inst |     0.001 |
|   src_val_IBUF[42]_inst |     0.001 |
|   src_val_IBUF[43]_inst |     0.001 |
|   src_val_IBUF[44]_inst |     0.001 |
|   src_val_IBUF[45]_inst |     0.001 |
|   src_val_IBUF[46]_inst |     0.001 |
|   src_val_IBUF[47]_inst |     0.001 |
|   src_val_IBUF[48]_inst |     0.001 |
|   src_val_IBUF[49]_inst |     0.001 |
|   src_val_IBUF[4]_inst  |     0.002 |
|   src_val_IBUF[50]_inst |     0.001 |
|   src_val_IBUF[51]_inst |     0.001 |
|   src_val_IBUF[52]_inst |     0.001 |
|   src_val_IBUF[53]_inst |     0.001 |
|   src_val_IBUF[54]_inst |     0.001 |
|   src_val_IBUF[55]_inst |     0.001 |
|   src_val_IBUF[56]_inst |     0.001 |
|   src_val_IBUF[57]_inst |     0.001 |
|   src_val_IBUF[59]_inst |     0.001 |
|   src_val_IBUF[5]_inst  |     0.002 |
|   src_val_IBUF[60]_inst |     0.001 |
|   src_val_IBUF[62]_inst |     0.001 |
|   src_val_IBUF[63]_inst |     0.001 |
|   src_val_IBUF[6]_inst  |     0.003 |
|   src_val_IBUF[7]_inst  |     0.002 |
|   src_val_IBUF[8]_inst  |     0.002 |
|   src_val_IBUF[9]_inst  |     0.002 |
|   u_500_perlbench_r     |     0.024 |
|     glen[0].core_i      |     0.002 |
|       core              |     0.001 |
|     glen[11].core_i     |     0.002 |
|       core              |     0.001 |
|     glen[2].core_i      |     0.001 |
|     glen[3].core_i      |     0.006 |
|       core              |     0.005 |
|     glen[6].core_i      |     0.002 |
|       core              |     0.001 |
|     glen[9].core_i      |     0.001 |
|   u_502_gcc_r           |     0.069 |
|     glen[15].core_i     |     0.003 |
|       core              |     0.001 |
|     glen[16].core_i     |     0.003 |
|       core              |     0.001 |
|     glen[18].core_i     |     0.001 |
|     glen[21].core_i     |     0.002 |
|     glen[23].core_i     |     0.003 |
|       core              |     0.001 |
|     glen[24].core_i     |     0.003 |
|       core              |     0.001 |
|     glen[26].core_i     |     0.004 |
|       core              |     0.002 |
|     glen[32].core_i     |     0.003 |
|       core              |     0.001 |
|     glen[33].core_i     |     0.005 |
|       core              |     0.003 |
|     glen[6].core_i      |     0.003 |
|       core              |     0.001 |
|     glen[7].core_i      |     0.005 |
|       core              |     0.003 |
|     glen[8].core_i      |     0.002 |
|       core              |     0.001 |
|   u_503_bwaves_r        |     0.281 |
|     glen[0].core_i      |     0.003 |
|       core              |     0.002 |
|     glen[10].core_i     |     0.004 |
|       core              |     0.002 |
|     glen[11].core_i     |     0.004 |
|       core              |     0.003 |
|     glen[12].core_i     |     0.004 |
|       core              |     0.002 |
|     glen[14].core_i     |     0.003 |
|       core              |     0.002 |
|     glen[15].core_i     |     0.003 |
|       core              |     0.002 |
|     glen[16].core_i     |     0.001 |
|     glen[17].core_i     |     0.003 |
|       core              |     0.002 |
|     glen[18].core_i     |     0.003 |
|       core              |     0.002 |
|     glen[19].core_i     |     0.003 |
|       core              |     0.002 |
|     glen[1].core_i      |     0.003 |
|       core              |     0.002 |
|     glen[20].core_i     |     0.008 |
|       core              |     0.005 |
|     glen[22].core_i     |     0.004 |
|       core              |     0.002 |
|     glen[24].core_i     |     0.004 |
|       core              |     0.002 |
|     glen[26].core_i     |     0.003 |
|       core              |     0.002 |
|     glen[27].core_i     |     0.003 |
|       core              |     0.002 |
|     glen[28].core_i     |     0.001 |
|     glen[29].core_i     |     0.003 |
|       core              |     0.002 |
|     glen[2].core_i      |     0.003 |
|       core              |     0.002 |
|     glen[30].core_i     |     0.003 |
|       core              |     0.002 |
|     glen[31].core_i     |     0.003 |
|       core              |     0.002 |
|     glen[32].core_i     |     0.003 |
|       core              |     0.002 |
|     glen[33].core_i     |     0.003 |
|       core              |     0.002 |
|     glen[34].core_i     |     0.003 |
|       core              |     0.002 |
|     glen[35].core_i     |     0.003 |
|       core              |     0.002 |
|     glen[36].core_i     |     0.008 |
|       core              |     0.006 |
|     glen[38].core_i     |     0.004 |
|       core              |     0.002 |
|     glen[39].core_i     |     0.004 |
|       core              |     0.002 |
|     glen[3].core_i      |     0.003 |
|       core              |     0.002 |
|     glen[41].core_i     |     0.004 |
|       core              |     0.002 |
|     glen[43].core_i     |     0.003 |
|       core              |     0.002 |
|     glen[44].core_i     |     0.003 |
|       core              |     0.002 |
|     glen[45].core_i     |     0.003 |
|       core              |     0.002 |
|     glen[46].core_i     |     0.003 |
|       core              |     0.002 |
|     glen[47].core_i     |     0.003 |
|       core              |     0.002 |
|     glen[48].core_i     |     0.003 |
|       core              |     0.002 |
|     glen[49].core_i     |     0.008 |
|       core              |     0.005 |
|     glen[4].core_i      |     0.001 |
|     glen[50].core_i     |     0.001 |
|     glen[51].core_i     |     0.003 |
|       core              |     0.002 |
|     glen[53].core_i     |     0.004 |
|       core              |     0.003 |
|     glen[55].core_i     |     0.004 |
|       core              |     0.002 |
|     glen[5].core_i      |     0.003 |
|       core              |     0.002 |
|     glen[6].core_i      |     0.003 |
|       core              |     0.002 |
|     glen[7].core_i      |     0.003 |
|       core              |     0.002 |
|     glen[8].core_i      |     0.007 |
|       core              |     0.006 |
|   u_505_mcf_r           |     0.175 |
|     glen[0].core_i      |     0.003 |
|       core              |     0.001 |
|     glen[10].core_i     |     0.005 |
|       core              |     0.004 |
|     glen[11].core_i     |     0.004 |
|       core              |     0.002 |
|     glen[12].core_i     |     0.003 |
|       core              |     0.001 |
|     glen[13].core_i     |     0.006 |
|       core              |     0.005 |
|     glen[14].core_i     |     0.067 |
|       core              |     0.063 |
|     glen[1].core_i      |     0.004 |
|       core              |     0.003 |
|     glen[2].core_i      |     0.005 |
|       core              |     0.004 |
|     glen[3].core_i      |     0.004 |
|       core              |     0.002 |
|     glen[4].core_i      |     0.023 |
|       core              |     0.019 |
|     glen[5].core_i      |     0.003 |
|       core              |     0.001 |
|     glen[6].core_i      |     0.005 |
|       core              |     0.003 |
|     glen[7].core_i      |     0.001 |
|     glen[8].core_i      |     0.005 |
|       core              |     0.003 |
|     glen[9].core_i      |     0.003 |
|       core              |     0.001 |
|   u_507_cactuBSSN_r     |     0.004 |
|     glen[1].core_i      |     0.001 |
|     glen[2].core_i      |     0.001 |
|   u_508_namd_r          |     0.002 |
|     glen[0].core_i      |     0.002 |
|   u_510_parest_r        |     0.049 |
|     glen[0].core_i      |     0.002 |
|       core              |     0.001 |
|     glen[10].core_i     |     0.010 |
|       core              |     0.008 |
|     glen[1].core_i      |     0.001 |
|     glen[2].core_i      |     0.003 |
|       core              |     0.003 |
|     glen[3].core_i      |     0.004 |
|       core              |     0.003 |
|     glen[4].core_i      |     0.002 |
|       core              |     0.002 |
|     glen[5].core_i      |     0.002 |
|     glen[6].core_i      |     0.004 |
|       core              |     0.002 |
|     glen[7].core_i      |     0.001 |
|     glen[8].core_i      |     0.013 |
|       core              |     0.011 |
|     glen[9].core_i      |     0.001 |
|   u_511_povray_r        |     0.013 |
|     glen[0].core_i      |     0.004 |
|       core              |     0.002 |
|     glen[1].core_i      |     0.004 |
|       core              |     0.003 |
|     glen[2].core_i      |     0.001 |
|     glen[3].core_i      |     0.001 |
|   u_519_lbm_r           |     0.115 |
|     glen[0].core_i      |     0.002 |
|       core              |     0.001 |
|     glen[10].core_i     |     0.005 |
|       core              |     0.003 |
|     glen[11].core_i     |     0.005 |
|       core              |     0.003 |
|     glen[12].core_i     |     0.005 |
|       core              |     0.003 |
|     glen[13].core_i     |     0.005 |
|       core              |     0.004 |
|     glen[14].core_i     |     0.005 |
|       core              |     0.003 |
|     glen[15].core_i     |     0.005 |
|       core              |     0.003 |
|     glen[16].core_i     |     0.008 |
|       core              |     0.006 |
|     glen[18].core_i     |     0.003 |
|       core              |     0.002 |
|     glen[19].core_i     |     0.003 |
|       core              |     0.001 |
|     glen[1].core_i      |     0.004 |
|       core              |     0.003 |
|     glen[2].core_i      |     0.005 |
|       core              |     0.003 |
|     glen[3].core_i      |     0.018 |
|       core              |     0.016 |
|     glen[4].core_i      |     0.002 |
|     glen[5].core_i      |     0.003 |
|       core              |     0.001 |
|     glen[6].core_i      |     0.005 |
|       core              |     0.003 |
|     glen[7].core_i      |     0.001 |
|     glen[8].core_i      |     0.005 |
|       core              |     0.003 |
|     glen[9].core_i      |     0.005 |
|       core              |     0.003 |
|   u_520_omnetpp_r       |     0.017 |
|     glen[0].core_i      |     0.001 |
|     glen[1].core_i      |     0.002 |
|     glen[2].core_i      |     0.002 |
|     glen[3].core_i      |     0.001 |
|     glen[4].core_i      |     0.003 |
|       core              |     0.001 |
|     glen[5].core_i      |     0.003 |
|       core              |     0.001 |
|     glen[6].core_i      |     0.003 |
|       core              |     0.002 |
|   u_521_wrf_r           |     0.011 |
|     glen[0].core_i      |     0.003 |
|       core              |     0.002 |
|     glen[1].core_i      |     0.004 |
|       core              |     0.003 |
|   u_523_xalancbmk_r     |     0.015 |
|     glen[0].core_i      |     0.003 |
|       core              |     0.001 |
|     glen[1].core_i      |     0.004 |
|       core              |     0.002 |
|     glen[2].core_i      |     0.004 |
|       core              |     0.002 |
|     glen[3].core_i      |     0.001 |
|     glen[4].core_i      |     0.001 |
|   u_525_x264_r          |     0.505 |
|     glen[0].core_i      |     0.002 |
|       core              |     0.001 |
|     glen[10].core_i     |     0.002 |
|       core              |     0.001 |
|     glen[11].core_i     |     0.002 |
|       core              |     0.001 |
|     glen[12].core_i     |     0.002 |
|       core              |     0.001 |
|     glen[13].core_i     |     0.002 |
|       core              |     0.001 |
|     glen[14].core_i     |     0.003 |
|       core              |     0.002 |
|     glen[15].core_i     |     0.002 |
|       core              |     0.001 |
|     glen[16].core_i     |     0.007 |
|       core              |     0.004 |
|     glen[17].core_i     |     0.002 |
|       core              |     0.001 |
|     glen[18].core_i     |     0.004 |
|       core              |     0.002 |
|     glen[19].core_i     |     0.004 |
|       core              |     0.002 |
|     glen[1].core_i      |     0.002 |
|       core              |     0.001 |
|     glen[20].core_i     |     0.002 |
|       core              |     0.001 |
|     glen[21].core_i     |     0.002 |
|       core              |     0.001 |
|     glen[22].core_i     |     0.002 |
|       core              |     0.001 |
|     glen[23].core_i     |     0.002 |
|       core              |     0.001 |
|     glen[24].core_i     |     0.002 |
|       core              |     0.001 |
|     glen[25].core_i     |     0.002 |
|       core              |     0.001 |
|     glen[26].core_i     |     0.002 |
|       core              |     0.001 |
|     glen[27].core_i     |     0.002 |
|       core              |     0.001 |
|     glen[29].core_i     |     0.004 |
|       core              |     0.002 |
|     glen[2].core_i      |     0.002 |
|       core              |     0.001 |
|     glen[30].core_i     |     0.001 |
|     glen[31].core_i     |     0.002 |
|     glen[32].core_i     |     0.002 |
|     glen[33].core_i     |     0.002 |
|       core              |     0.001 |
|     glen[34].core_i     |     0.003 |
|       core              |     0.002 |
|     glen[35].core_i     |     0.003 |
|       core              |     0.002 |
|     glen[36].core_i     |     0.003 |
|       core              |     0.002 |
|     glen[37].core_i     |     0.003 |
|       core              |     0.002 |
|     glen[38].core_i     |     0.003 |
|       core              |     0.002 |
|     glen[39].core_i     |     0.003 |
|       core              |     0.002 |
|     glen[3].core_i      |     0.002 |
|       core              |     0.001 |
|     glen[40].core_i     |     0.006 |
|       core              |     0.004 |
|     glen[41].core_i     |     0.005 |
|       core              |     0.003 |
|     glen[42].core_i     |     0.002 |
|       core              |     0.001 |
|     glen[43].core_i     |     0.002 |
|       core              |     0.001 |
|     glen[44].core_i     |     0.002 |
|       core              |     0.001 |
|     glen[45].core_i     |     0.002 |
|       core              |     0.001 |
|     glen[46].core_i     |     0.002 |
|       core              |     0.001 |
|     glen[47].core_i     |     0.002 |
|       core              |     0.001 |
|     glen[48].core_i     |     0.002 |
|       core              |     0.001 |
|     glen[49].core_i     |     0.002 |
|       core              |     0.001 |
|     glen[4].core_i      |     0.002 |
|       core              |     0.001 |
|     glen[51].core_i     |     0.002 |
|     glen[52].core_i     |     0.005 |
|       core              |     0.003 |
|     glen[53].core_i     |     0.002 |
|       core              |     0.001 |
|     glen[55].core_i     |     0.005 |
|       core              |     0.003 |
|     glen[56].core_i     |     0.001 |
|     glen[57].core_i     |     0.015 |
|       core              |     0.015 |
|     glen[59].core_i     |     0.004 |
|       core              |     0.002 |
|     glen[5].core_i      |     0.002 |
|       core              |     0.001 |
|     glen[60].core_i     |     0.002 |
|       core              |     0.001 |
|     glen[61].core_i     |     0.006 |
|       core              |     0.004 |
|     glen[62].core_i     |     0.002 |
|       core              |     0.001 |
|     glen[63].core_i     |     0.005 |
|       core              |     0.003 |
|     glen[64].core_i     |     0.002 |
|       core              |     0.001 |
|     glen[65].core_i     |     0.002 |
|       core              |     0.001 |
|     glen[66].core_i     |     0.002 |
|       core              |     0.001 |
|     glen[67].core_i     |     0.002 |
|       core              |     0.001 |
|     glen[68].core_i     |     0.002 |
|       core              |     0.001 |
|     glen[69].core_i     |     0.002 |
|       core              |     0.001 |
|     glen[6].core_i      |     0.002 |
|       core              |     0.001 |
|     glen[70].core_i     |     0.002 |
|       core              |     0.001 |
|     glen[71].core_i     |     0.002 |
|       core              |     0.001 |
|     glen[72].core_i     |     0.003 |
|       core              |     0.002 |
|     glen[73].core_i     |     0.003 |
|       core              |     0.002 |
|     glen[74].core_i     |     0.005 |
|       core              |     0.004 |
|     glen[75].core_i     |     0.005 |
|       core              |     0.004 |
|     glen[76].core_i     |     0.003 |
|       core              |     0.002 |
|     glen[77].core_i     |     0.003 |
|       core              |     0.002 |
|     glen[79].core_i     |     0.005 |
|       core              |     0.003 |
|     glen[7].core_i      |     0.002 |
|       core              |     0.001 |
|     glen[80].core_i     |     0.003 |
|       core              |     0.002 |
|     glen[81].core_i     |     0.003 |
|       core              |     0.002 |
|     glen[82].core_i     |     0.002 |
|     glen[84].core_i     |     0.004 |
|       core              |     0.002 |
|     glen[85].core_i     |     0.001 |
|     glen[86].core_i     |     0.004 |
|       core              |     0.002 |
|     glen[87].core_i     |     0.002 |
|       core              |     0.001 |
|     glen[88].core_i     |     0.015 |
|       core              |     0.015 |
|     glen[8].core_i      |     0.002 |
|       core              |     0.001 |
|     glen[90].core_i     |     0.004 |
|       core              |     0.002 |
|     glen[9].core_i      |     0.002 |
|       core              |     0.001 |
|   u_526_blender_r       |     0.013 |
|     glen[0].core_i      |     0.007 |
|       core              |     0.005 |
|     glen[1].core_i      |     0.002 |
|       core              |     0.001 |
|     glen[2].core_i      |     0.002 |
|     glen[3].core_i      |     0.001 |
|   u_527_cam4_r          |     0.005 |
|     glen[0].core_i      |     0.005 |
|       core              |     0.002 |
|   u_531_deepsjeng_r     |     0.031 |
|     glen[0].core_i      |     0.003 |
|       core              |     0.001 |
|     glen[10].core_i     |     0.003 |
|       core              |     0.002 |
|     glen[1].core_i      |     0.002 |
|     glen[21].core_i     |     0.003 |
|       core              |     0.002 |
|     glen[24].core_i     |     0.001 |
|     glen[3].core_i      |     0.001 |
|     glen[4].core_i      |     0.003 |
|       core              |     0.002 |
|     glen[6].core_i      |     0.001 |
|     glen[8].core_i      |     0.004 |
|       core              |     0.004 |
|     glen[9].core_i      |     0.001 |
|   u_538_imagick_r       |     0.053 |
|     glen[0].core_i      |     0.019 |
|       core              |     0.017 |
|     glen[1].core_i      |     0.003 |
|       core              |     0.001 |
|     glen[3].core_i      |     0.027 |
|       core              |     0.024 |
|     glen[4].core_i      |     0.003 |
|       core              |     0.001 |
|   u_541_leela_r         |     0.043 |
|     glen[0].core_i      |     0.017 |
|       core              |     0.016 |
|     glen[1].core_i      |     0.001 |
|     glen[2].core_i      |     0.019 |
|       core              |     0.017 |
|     glen[3].core_i      |     0.001 |
|     glen[4].core_i      |     0.001 |
|   u_544_nab_r           |     0.012 |
|     glen[0].core_i      |     0.002 |
|     glen[1].core_i      |     0.002 |
|     glen[2].core_i      |     0.003 |
|       core              |     0.002 |
|     glen[3].core_i      |     0.002 |
|     glen[4].core_i      |     0.002 |
|       core              |     0.001 |
|   u_548_exchange2_r     |     0.167 |
|     glen[0].core_i      |     0.002 |
|     glen[1].core_i      |     0.003 |
|     glen[2].core_i      |     0.028 |
|       core              |     0.027 |
|     glen[3].core_i      |     0.029 |
|       core              |     0.026 |
|     glen[4].core_i      |     0.029 |
|       core              |     0.025 |
|     glen[5].core_i      |     0.028 |
|       core              |     0.026 |
|     glen[6].core_i      |     0.029 |
|       core              |     0.027 |
|   u_549_fotonik3d_r     |     0.095 |
|     glen[0].core_i      |     0.003 |
|       core              |     0.002 |
|     glen[10].core_i     |     0.011 |
|       core              |     0.009 |
|     glen[11].core_i     |     0.007 |
|       core              |     0.005 |
|     glen[12].core_i     |     0.008 |
|       core              |     0.006 |
|     glen[1].core_i      |     0.006 |
|       core              |     0.005 |
|     glen[3].core_i      |     0.007 |
|       core              |     0.006 |
|     glen[4].core_i      |     0.002 |
|     glen[5].core_i      |     0.011 |
|       core              |     0.009 |
|     glen[6].core_i      |     0.007 |
|       core              |     0.005 |
|     glen[7].core_i      |     0.001 |
|     glen[8].core_i      |     0.007 |
|       core              |     0.005 |
|     glen[9].core_i      |     0.002 |
|   u_557_xz_r            |     0.118 |
|     glen[0].core_i      |     0.001 |
|     glen[11].core_i     |     0.004 |
|       core              |     0.002 |
|     glen[12].core_i     |     0.004 |
|       core              |     0.003 |
|     glen[13].core_i     |     0.004 |
|       core              |     0.002 |
|     glen[14].core_i     |     0.001 |
|     glen[16].core_i     |     0.002 |
|       core              |     0.001 |
|     glen[17].core_i     |     0.001 |
|     glen[19].core_i     |     0.005 |
|       core              |     0.004 |
|     glen[20].core_i     |     0.005 |
|       core              |     0.003 |
|     glen[21].core_i     |     0.004 |
|       core              |     0.002 |
|     glen[22].core_i     |     0.003 |
|       core              |     0.002 |
|     glen[23].core_i     |     0.002 |
|       core              |     0.001 |
|     glen[24].core_i     |     0.001 |
|     glen[26].core_i     |     0.001 |
|     glen[28].core_i     |     0.006 |
|       core              |     0.004 |
|     glen[29].core_i     |     0.004 |
|       core              |     0.002 |
|     glen[32].core_i     |     0.004 |
|       core              |     0.003 |
|     glen[3].core_i      |     0.003 |
|       core              |     0.002 |
|     glen[4].core_i      |     0.004 |
|       core              |     0.002 |
|     glen[5].core_i      |     0.002 |
|       core              |     0.001 |
|     glen[7].core_i      |     0.002 |
|     glen[8].core_i      |     0.008 |
|       core              |     0.006 |
|     glen[9].core_i      |     0.005 |
|       core              |     0.004 |
|   u_600_perlbench_s     |     0.026 |
|     glen[0].core_i      |     0.003 |
|       core              |     0.002 |
|     glen[11].core_i     |     0.003 |
|       core              |     0.001 |
|     glen[13].core_i     |     0.001 |
|     glen[2].core_i      |     0.001 |
|     glen[5].core_i      |     0.006 |
|       core              |     0.005 |
|     glen[9].core_i      |     0.002 |
|       core              |     0.001 |
|   u_602_gcc_s           |     0.035 |
|     glen[10].core_i     |     0.003 |
|       core              |     0.002 |
|     glen[13].core_i     |     0.006 |
|       core              |     0.004 |
|     glen[19].core_i     |     0.003 |
|       core              |     0.002 |
|     glen[20].core_i     |     0.003 |
|       core              |     0.001 |
|     glen[9].core_i      |     0.003 |
|       core              |     0.002 |
|   u_603_bwaves_s        |     0.147 |
|     glen[0].core_i      |     0.001 |
|     glen[10].core_i     |     0.003 |
|       core              |     0.002 |
|     glen[11].core_i     |     0.003 |
|       core              |     0.002 |
|     glen[12].core_i     |     0.003 |
|       core              |     0.002 |
|     glen[13].core_i     |     0.003 |
|       core              |     0.002 |
|     glen[15].core_i     |     0.003 |
|       core              |     0.002 |
|     glen[16].core_i     |     0.003 |
|       core              |     0.002 |
|     glen[17].core_i     |     0.003 |
|       core              |     0.002 |
|     glen[18].core_i     |     0.003 |
|       core              |     0.002 |
|     glen[19].core_i     |     0.003 |
|       core              |     0.002 |
|     glen[1].core_i      |     0.003 |
|       core              |     0.002 |
|     glen[20].core_i     |     0.003 |
|       core              |     0.002 |
|     glen[21].core_i     |     0.008 |
|       core              |     0.006 |
|     glen[22].core_i     |     0.001 |
|     glen[23].core_i     |     0.003 |
|       core              |     0.002 |
|     glen[25].core_i     |     0.004 |
|       core              |     0.002 |
|     glen[26].core_i     |     0.004 |
|       core              |     0.002 |
|     glen[27].core_i     |     0.004 |
|       core              |     0.002 |
|     glen[28].core_i     |     0.004 |
|       core              |     0.002 |
|     glen[3].core_i      |     0.003 |
|       core              |     0.002 |
|     glen[4].core_i      |     0.003 |
|       core              |     0.002 |
|     glen[5].core_i      |     0.008 |
|       core              |     0.006 |
|     glen[6].core_i      |     0.004 |
|       core              |     0.002 |
|     glen[7].core_i      |     0.008 |
|       core              |     0.005 |
|     glen[8].core_i      |     0.004 |
|       core              |     0.002 |
|     glen[9].core_i      |     0.004 |
|       core              |     0.002 |
|   u_605_mcf_s           |     0.185 |
|     glen[0].core_i      |     0.006 |
|       core              |     0.005 |
|     glen[10].core_i     |     0.005 |
|       core              |     0.004 |
|     glen[11].core_i     |     0.003 |
|       core              |     0.001 |
|     glen[12].core_i     |     0.005 |
|       core              |     0.004 |
|     glen[13].core_i     |     0.004 |
|       core              |     0.003 |
|     glen[14].core_i     |     0.003 |
|       core              |     0.001 |
|     glen[1].core_i      |     0.004 |
|       core              |     0.003 |
|     glen[2].core_i      |     0.003 |
|       core              |     0.001 |
|     glen[3].core_i      |     0.004 |
|       core              |     0.002 |
|     glen[4].core_i      |     0.005 |
|       core              |     0.004 |
|     glen[5].core_i      |     0.001 |
|     glen[6].core_i      |     0.003 |
|       core              |     0.001 |
|     glen[7].core_i      |     0.005 |
|       core              |     0.004 |
|     glen[8].core_i      |     0.073 |
|       core              |     0.069 |
|     glen[9].core_i      |     0.025 |
|       core              |     0.021 |
|   u_607_cactuBSSN_s     |     0.002 |
|     glen[1].core_i      |     0.001 |
|   u_619_lbm_s           |     0.010 |
|     glen[0].core_i      |     0.005 |
|       core              |     0.003 |
|   u_620_omnetpp_s       |     0.020 |
|     glen[0].core_i      |     0.001 |
|     glen[1].core_i      |     0.002 |
|     glen[2].core_i      |     0.005 |
|       core              |     0.004 |
|     glen[3].core_i      |     0.003 |
|       core              |     0.001 |
|     glen[4].core_i      |     0.003 |
|       core              |     0.001 |
|     glen[5].core_i      |     0.004 |
|       core              |     0.002 |
|   u_621_wrf_s           |     0.006 |
|     glen[0].core_i      |     0.006 |
|       core              |     0.003 |
|   u_623_xalancbmk_s     |     0.014 |
|     glen[0].core_i      |     0.003 |
|       core              |     0.001 |
|     glen[1].core_i      |     0.004 |
|       core              |     0.002 |
|     glen[2].core_i      |     0.004 |
|       core              |     0.002 |
|     glen[3].core_i      |     0.001 |
|   u_625_x264_s          |     0.441 |
|     glen[0].core_i      |     0.002 |
|       core              |     0.001 |
|     glen[10].core_i     |     0.002 |
|       core              |     0.001 |
|     glen[11].core_i     |     0.002 |
|       core              |     0.001 |
|     glen[12].core_i     |     0.002 |
|       core              |     0.001 |
|     glen[13].core_i     |     0.002 |
|       core              |     0.001 |
|     glen[14].core_i     |     0.002 |
|       core              |     0.001 |
|     glen[15].core_i     |     0.002 |
|       core              |     0.001 |
|     glen[17].core_i     |     0.004 |
|       core              |     0.002 |
|     glen[18].core_i     |     0.001 |
|     glen[19].core_i     |     0.002 |
|     glen[1].core_i      |     0.003 |
|       core              |     0.002 |
|     glen[20].core_i     |     0.003 |
|       core              |     0.002 |
|     glen[21].core_i     |     0.004 |
|       core              |     0.002 |
|     glen[22].core_i     |     0.004 |
|       core              |     0.002 |
|     glen[23].core_i     |     0.004 |
|       core              |     0.002 |
|     glen[24].core_i     |     0.003 |
|       core              |     0.002 |
|     glen[25].core_i     |     0.003 |
|       core              |     0.002 |
|     glen[26].core_i     |     0.003 |
|       core              |     0.002 |
|     glen[27].core_i     |     0.006 |
|       core              |     0.003 |
|     glen[28].core_i     |     0.006 |
|       core              |     0.003 |
|     glen[29].core_i     |     0.002 |
|       core              |     0.001 |
|     glen[2].core_i      |     0.006 |
|       core              |     0.004 |
|     glen[30].core_i     |     0.002 |
|       core              |     0.001 |
|     glen[31].core_i     |     0.002 |
|       core              |     0.001 |
|     glen[32].core_i     |     0.002 |
|       core              |     0.001 |
|     glen[33].core_i     |     0.002 |
|       core              |     0.001 |
|     glen[34].core_i     |     0.002 |
|       core              |     0.001 |
|     glen[35].core_i     |     0.002 |
|       core              |     0.001 |
|     glen[36].core_i     |     0.002 |
|       core              |     0.001 |
|     glen[38].core_i     |     0.002 |
|     glen[39].core_i     |     0.004 |
|       core              |     0.002 |
|     glen[3].core_i      |     0.004 |
|       core              |     0.003 |
|     glen[40].core_i     |     0.002 |
|       core              |     0.001 |
|     glen[42].core_i     |     0.004 |
|       core              |     0.002 |
|     glen[43].core_i     |     0.001 |
|     glen[44].core_i     |     0.018 |
|       core              |     0.017 |
|     glen[46].core_i     |     0.004 |
|       core              |     0.002 |
|     glen[47].core_i     |     0.002 |
|       core              |     0.001 |
|     glen[48].core_i     |     0.006 |
|       core              |     0.004 |
|     glen[49].core_i     |     0.002 |
|       core              |     0.001 |
|     glen[4].core_i      |     0.002 |
|     glen[50].core_i     |     0.006 |
|       core              |     0.004 |
|     glen[51].core_i     |     0.002 |
|       core              |     0.001 |
|     glen[52].core_i     |     0.002 |
|       core              |     0.001 |
|     glen[53].core_i     |     0.002 |
|       core              |     0.001 |
|     glen[54].core_i     |     0.002 |
|       core              |     0.001 |
|     glen[55].core_i     |     0.002 |
|       core              |     0.002 |
|     glen[56].core_i     |     0.002 |
|       core              |     0.001 |
|     glen[57].core_i     |     0.002 |
|       core              |     0.002 |
|     glen[58].core_i     |     0.002 |
|       core              |     0.001 |
|     glen[59].core_i     |     0.004 |
|       core              |     0.002 |
|     glen[5].core_i      |     0.004 |
|       core              |     0.003 |
|     glen[60].core_i     |     0.004 |
|       core              |     0.002 |
|     glen[61].core_i     |     0.007 |
|       core              |     0.004 |
|     glen[62].core_i     |     0.006 |
|       core              |     0.004 |
|     glen[63].core_i     |     0.004 |
|       core              |     0.002 |
|     glen[64].core_i     |     0.003 |
|       core              |     0.002 |
|     glen[66].core_i     |     0.007 |
|       core              |     0.005 |
|     glen[67].core_i     |     0.003 |
|       core              |     0.002 |
|     glen[68].core_i     |     0.003 |
|       core              |     0.002 |
|     glen[69].core_i     |     0.002 |
|       core              |     0.001 |
|     glen[6].core_i      |     0.004 |
|       core              |     0.003 |
|     glen[71].core_i     |     0.006 |
|       core              |     0.004 |
|     glen[72].core_i     |     0.001 |
|     glen[73].core_i     |     0.005 |
|       core              |     0.003 |
|     glen[74].core_i     |     0.002 |
|       core              |     0.001 |
|     glen[75].core_i     |     0.018 |
|       core              |     0.018 |
|     glen[77].core_i     |     0.004 |
|       core              |     0.003 |
|     glen[7].core_i      |     0.002 |
|       core              |     0.001 |
|     glen[8].core_i      |     0.002 |
|       core              |     0.001 |
|     glen[9].core_i      |     0.002 |
|       core              |     0.001 |
|   u_627_cam4_s          |     0.009 |
|     glen[0].core_i      |     0.003 |
|       core              |     0.002 |
|     glen[1].core_i      |     0.003 |
|       core              |     0.001 |
|   u_631_deepsjeng_s     |     0.024 |
|     glen[14].core_i     |     0.004 |
|       core              |     0.002 |
|     glen[15].core_i     |     0.001 |
|     glen[1].core_i      |     0.001 |
|     glen[3].core_i      |     0.004 |
|       core              |     0.004 |
|     glen[4].core_i      |     0.003 |
|       core              |     0.002 |
|     glen[6].core_i      |     0.003 |
|       core              |     0.001 |
|     glen[7].core_i      |     0.002 |
|   u_641_leela_s         |     0.038 |
|     glen[0].core_i      |     0.016 |
|       core              |     0.015 |
|     glen[1].core_i      |     0.001 |
|     glen[2].core_i      |     0.016 |
|       core              |     0.015 |
|     glen[3].core_i      |     0.001 |
|     glen[4].core_i      |     0.001 |
|   u_644_nab_s           |     0.012 |
|     glen[0].core_i      |     0.002 |
|     glen[1].core_i      |     0.003 |
|       core              |     0.002 |
|     glen[2].core_i      |     0.002 |
|     glen[3].core_i      |     0.002 |
|       core              |     0.001 |
|     glen[4].core_i      |     0.002 |
|   u_648_exchange2_s     |     0.041 |
|     glen[0].core_i      |     0.002 |
|       core              |     0.001 |
|     glen[1].core_i      |     0.002 |
|     glen[2].core_i      |     0.018 |
|       core              |     0.016 |
|     glen[3].core_i      |     0.018 |
|       core              |     0.017 |
|   u_649_fotonik3d_s     |     0.074 |
|     glen[0].core_i      |     0.003 |
|       core              |     0.002 |
|     glen[10].core_i     |     0.002 |
|     glen[1].core_i      |     0.008 |
|       core              |     0.006 |
|     glen[2].core_i      |     0.005 |
|       core              |     0.003 |
|     glen[3].core_i      |     0.005 |
|       core              |     0.003 |
|     glen[4].core_i      |     0.005 |
|       core              |     0.003 |
|     glen[6].core_i      |     0.006 |
|       core              |     0.005 |
|     glen[7].core_i      |     0.005 |
|       core              |     0.003 |
|     glen[8].core_i      |     0.005 |
|       core              |     0.003 |
|     glen[9].core_i      |     0.005 |
|       core              |     0.003 |
|   u_657_xz_s            |     0.090 |
|     glen[0].core_i      |     0.005 |
|       core              |     0.004 |
|     glen[10].core_i     |     0.003 |
|       core              |     0.002 |
|     glen[11].core_i     |     0.002 |
|       core              |     0.001 |
|     glen[12].core_i     |     0.001 |
|     glen[13].core_i     |     0.003 |
|       core              |     0.002 |
|     glen[14].core_i     |     0.003 |
|       core              |     0.002 |
|     glen[15].core_i     |     0.002 |
|       core              |     0.001 |
|     glen[18].core_i     |     0.005 |
|       core              |     0.004 |
|     glen[20].core_i     |     0.004 |
|       core              |     0.002 |
|     glen[21].core_i     |     0.003 |
|       core              |     0.002 |
|     glen[22].core_i     |     0.004 |
|       core              |     0.002 |
|     glen[23].core_i     |     0.004 |
|       core              |     0.003 |
|     glen[2].core_i      |     0.004 |
|       core              |     0.002 |
|     glen[3].core_i      |     0.003 |
|       core              |     0.002 |
|     glen[4].core_i      |     0.004 |
|       core              |     0.003 |
|     glen[5].core_i      |     0.001 |
|     glen[6].core_i      |     0.003 |
|       core              |     0.002 |
+-------------------------+-----------+


