Copyright 1986-2020 Xilinx, Inc. All Rights Reserved.
---------------------------------------------------------------------------------------------------------------------------------------------------------------------
| Tool Version : Vivado v.2020.1 (lin64) Build 2902540 Wed May 27 19:54:35 MDT 2020
| Date         : Tue Sep 23 02:21:09 2025
| Host         : orthanc running 64-bit Ubuntu 22.04.4 LTS
| Command      : report_utilization -hierarchical -file /home/jyoo/custom_v_2/custom-core-tool/reports/memory_wo_simd/benches/507_cactuBSSN_r/pre_impl_util_hier.rpt
| Design       : top_multi_len
| Device       : xcu200fsgd2104-2
| Design State : Optimized
---------------------------------------------------------------------------------------------------------------------------------------------------------------------

Utilization Design Information

Table of Contents
-----------------
1. Utilization by Hierarchy

1. Utilization by Hierarchy
---------------------------

+--------------------------------------------+------------------------------------------------------+------------+------------+---------+------+-------+--------+--------+------+------------+
|                  Instance                  |                        Module                        | Total LUTs | Logic LUTs | LUTRAMs | SRLs |  FFs  | RAMB36 | RAMB18 | URAM | DSP Blocks |
+--------------------------------------------+------------------------------------------------------+------------+------------+---------+------+-------+--------+--------+------+------------+
| top_multi_len                              |                                                (top) |       2613 |       2613 |       0 |    0 | 11745 |     56 |      8 |    0 |         36 |
|   (top_multi_len)                          |                                                (top) |        384 |        384 |       0 |    0 |     0 |      0 |      0 |    0 |          0 |
|   glen[0].blk_i                            |                                    uop_block_wrap__1 |         49 |         49 |       0 |    0 |   182 |      0 |      0 |    0 |          3 |
|     (glen[0].blk_i)                        |                                    uop_block_wrap__1 |          1 |          1 |       0 |    0 |   133 |      0 |      0 |    0 |          0 |
|     core                                   |                                         uop_block__1 |         48 |         48 |       0 |    0 |    49 |      0 |      0 |    0 |          3 |
|       (core)                               |                                         uop_block__1 |          1 |          1 |       0 |    0 |     0 |      0 |      0 |    0 |          0 |
|       g[0].g_normal.alu_i                  |                                     microop_unit__10 |         15 |         15 |       0 |    0 |    17 |      0 |      0 |    0 |          3 |
|       g[1].g_normal.alu_i                  |                      microop_unit__parameterized0__4 |         32 |         32 |       0 |    0 |    32 |      0 |      0 |    0 |          0 |
|   glen[10].blk_i                           |                       uop_block_wrap__parameterized5 |         34 |         34 |       0 |    0 |   261 |      0 |      0 |    0 |          0 |
|     (glen[10].blk_i)                       |                       uop_block_wrap__parameterized5 |          1 |          1 |       0 |    0 |   133 |      0 |      0 |    0 |          0 |
|     core                                   |                            uop_block__parameterized5 |         33 |         33 |       0 |    0 |   128 |      0 |      0 |    0 |          0 |
|       (core)                               |                            uop_block__parameterized5 |          1 |          1 |       0 |    0 |    32 |      0 |      0 |    0 |          0 |
|       g[0].g_normal.alu_i                  |                      microop_unit__parameterized6__2 |          0 |          0 |       0 |    0 |    32 |      0 |      0 |    0 |          0 |
|       g[1].g_normal.alu_i                  |                      microop_unit__parameterized6__3 |          0 |          0 |       0 |    0 |    32 |      0 |      0 |    0 |          0 |
|       g[2].g_normal.alu_i                  |                         microop_unit__parameterized7 |         32 |         32 |       0 |    0 |    32 |      0 |      0 |    0 |          0 |
|   glen[11].blk_i                           |                       uop_block_wrap__parameterized6 |         33 |         33 |       0 |    0 |   165 |      0 |      0 |    0 |          0 |
|     (glen[11].blk_i)                       |                       uop_block_wrap__parameterized6 |          0 |          0 |       0 |    0 |   101 |      0 |      0 |    0 |          0 |
|     core                                   |                            uop_block__parameterized6 |         33 |         33 |       0 |    0 |    64 |      0 |      0 |    0 |          0 |
|       (core)                               |                            uop_block__parameterized6 |          1 |          1 |       0 |    0 |     0 |      0 |      0 |    0 |          0 |
|       g[0].g_normal.alu_i                  |                      microop_unit__parameterized8__1 |         32 |         32 |       0 |    0 |    32 |      0 |      0 |    0 |          0 |
|       g[1].g_normal.alu_i                  |                      microop_unit__parameterized6__4 |          0 |          0 |       0 |    0 |    32 |      0 |      0 |    0 |          0 |
|   glen[12].blk_i                           |                       uop_block_wrap__parameterized7 |        161 |        161 |       0 |    0 |   968 |      0 |      0 |    0 |          6 |
|     (glen[12].blk_i)                       |                       uop_block_wrap__parameterized7 |          1 |          1 |       0 |    0 |   198 |      0 |      0 |    0 |          0 |
|     core                                   |                            uop_block__parameterized7 |        160 |        160 |       0 |    0 |   770 |      0 |      0 |    0 |          6 |
|       (core)                               |                            uop_block__parameterized7 |          1 |          1 |       0 |    0 |   224 |      0 |      0 |    0 |          0 |
|       g[0].g_normal.alu_i                  |                      microop_unit__parameterized9__1 |         32 |         32 |       0 |    0 |    32 |      0 |      0 |    0 |          0 |
|       g[10].g_normal.alu_i                 |                      microop_unit__parameterized5__3 |          0 |          0 |       0 |    0 |    32 |      0 |      0 |    0 |          0 |
|       g[11].g_normal.alu_i                 |             microop_unit__parameterized3__xdcDup__11 |         64 |         64 |       0 |    0 |   128 |      0 |      0 |    0 |          0 |
|         (g[11].g_normal.alu_i)             |             microop_unit__parameterized3__xdcDup__11 |          0 |          0 |       0 |    0 |    64 |      0 |      0 |    0 |          0 |
|         g_iadd.use_ip.u_addsub             |                                integer_addsub_HD6400 |         64 |         64 |       0 |    0 |    64 |      0 |      0 |    0 |          0 |
|           (g_iadd.use_ip.u_addsub)         |                                integer_addsub_HD6400 |          0 |          0 |       0 |    0 |     0 |      0 |      0 |    0 |          0 |
|           U0                               |               integer_addsubc_addsub_v12_0_14_HD6401 |         64 |         64 |       0 |    0 |    64 |      0 |      0 |    0 |          0 |
|             (U0)                           |               integer_addsubc_addsub_v12_0_14_HD6401 |          0 |          0 |       0 |    0 |     0 |      0 |      0 |    0 |          0 |
|             xst_addsub                     |           integer_addsubc_addsub_v12_0_14_viv_HD6402 |         64 |         64 |       0 |    0 |    64 |      0 |      0 |    0 |          0 |
|               (xst_addsub)                 |           integer_addsubc_addsub_v12_0_14_viv_HD6402 |          0 |          0 |       0 |    0 |     0 |      0 |      0 |    0 |          0 |
|               i_baseblox.i_baseblox_addsub |        integer_addsubc_addsub_v12_0_14_legacy_HD6403 |         64 |         64 |       0 |    0 |    64 |      0 |      0 |    0 |          0 |
|                 no_pipelining.the_addsub   | integer_addsubc_addsub_v12_0_14_fabric_legacy_HD6404 |         64 |         64 |       0 |    0 |    64 |      0 |      0 |    0 |          0 |
|                   i_lut6.i_lut6_addsub     |   integer_addsubc_addsub_v12_0_14_lut6_legacy_HD6405 |         64 |         64 |       0 |    0 |    64 |      0 |      0 |    0 |          0 |
|                     (i_lut6.i_lut6_addsub) |   integer_addsubc_addsub_v12_0_14_lut6_legacy_HD6405 |         64 |         64 |       0 |    0 |     0 |      0 |      0 |    0 |          0 |
|                     i_q.i_simple.qreg      |            integer_addsubc_reg_fd_v12_0_6_viv_HD6406 |          0 |          0 |       0 |    0 |    64 |      0 |      0 |    0 |          0 |
|       g[1].g_normal.alu_i                  |                      microop_unit__parameterized6__5 |          0 |          0 |       0 |    0 |    32 |      0 |      0 |    0 |          0 |
|       g[2].g_normal.alu_i                  |                      microop_unit__parameterized9__2 |         32 |         32 |       0 |    0 |    32 |      0 |      0 |    0 |          0 |
|       g[3].g_normal.alu_i                  |                                      microop_unit__5 |         15 |         15 |       0 |    0 |    17 |      0 |      0 |    0 |          3 |
|       g[4].g_normal.alu_i                  |                      microop_unit__parameterized5__2 |          0 |          0 |       0 |    0 |    32 |      0 |      0 |    0 |          0 |
|       g[5].g_normal.alu_i                  |                                      microop_unit__6 |         15 |         15 |       0 |    0 |    17 |      0 |      0 |    0 |          3 |
|       g[6].g_normal.alu_i                  |                     microop_unit__parameterized1__23 |          0 |          0 |       0 |    0 |    64 |      0 |      0 |    0 |          0 |
|       g[7].g_normal.alu_i                  |                     microop_unit__parameterized1__24 |          0 |          0 |       0 |    0 |    64 |      0 |      0 |    0 |          0 |
|       g[8].g_normal.alu_i                  |                     microop_unit__parameterized1__25 |          0 |          0 |       0 |    0 |    64 |      0 |      0 |    0 |          0 |
|       g[9].g_normal.alu_i                  |                     microop_unit__parameterized10__1 |          1 |          1 |       0 |    0 |    32 |      0 |      0 |    0 |          0 |
|   glen[13].blk_i                           |                       uop_block_wrap__parameterized8 |         34 |         34 |       0 |    0 |   165 |      0 |      0 |    0 |          0 |
|     (glen[13].blk_i)                       |                       uop_block_wrap__parameterized8 |          0 |          0 |       0 |    0 |   101 |      0 |      0 |    0 |          0 |
|     core                                   |                            uop_block__parameterized8 |         34 |         34 |       0 |    0 |    64 |      0 |      0 |    0 |          0 |
|       (core)                               |                            uop_block__parameterized8 |          1 |          1 |       0 |    0 |     0 |      0 |      0 |    0 |          0 |
|       g[0].g_normal.alu_i                  |                         microop_unit__parameterized8 |         32 |         32 |       0 |    0 |    32 |      0 |      0 |    0 |          0 |
|       g[1].g_normal.alu_i                  |                     microop_unit__parameterized10__2 |          1 |          1 |       0 |    0 |    32 |      0 |      0 |    0 |          0 |
|   glen[14].blk_i                           |                       uop_block_wrap__parameterized9 |        190 |        190 |       0 |    0 |  1386 |      0 |      0 |    0 |         12 |
|     (glen[14].blk_i)                       |                       uop_block_wrap__parameterized9 |          1 |          1 |       0 |    0 |   198 |      0 |      0 |    0 |          0 |
|     core                                   |                            uop_block__parameterized9 |        189 |        189 |       0 |    0 |  1188 |      0 |      0 |    0 |         12 |
|       (core)                               |                            uop_block__parameterized9 |          1 |          1 |       0 |    0 |   352 |      0 |      0 |    0 |          0 |
|       g[0].g_normal.alu_i                  |                      microop_unit__parameterized6__6 |          0 |          0 |       0 |    0 |    32 |      0 |      0 |    0 |          0 |
|       g[10].g_normal.alu_i                 |                     microop_unit__parameterized1__26 |          0 |          0 |       0 |    0 |    64 |      0 |      0 |    0 |          0 |
|       g[11].g_normal.alu_i                 |                     microop_unit__parameterized1__27 |          0 |          0 |       0 |    0 |    64 |      0 |      0 |    0 |          0 |
|       g[12].g_normal.alu_i                 |                     microop_unit__parameterized1__28 |          0 |          0 |       0 |    0 |    64 |      0 |      0 |    0 |          0 |
|       g[13].g_normal.alu_i                 |                     microop_unit__parameterized1__29 |          0 |          0 |       0 |    0 |    64 |      0 |      0 |    0 |          0 |
|       g[14].g_normal.alu_i                 |                     microop_unit__parameterized1__30 |          0 |          0 |       0 |    0 |    64 |      0 |      0 |    0 |          0 |
|       g[15].g_normal.alu_i                 |                     microop_unit__parameterized1__31 |          0 |          0 |       0 |    0 |    64 |      0 |      0 |    0 |          0 |
|       g[16].g_normal.alu_i                 |                     microop_unit__parameterized1__32 |          0 |          0 |       0 |    0 |    64 |      0 |      0 |    0 |          0 |
|       g[17].g_normal.alu_i                 |             microop_unit__parameterized3__xdcDup__12 |         64 |         64 |       0 |    0 |   128 |      0 |      0 |    0 |          0 |
|         (g[17].g_normal.alu_i)             |             microop_unit__parameterized3__xdcDup__12 |          0 |          0 |       0 |    0 |    64 |      0 |      0 |    0 |          0 |
|         g_iadd.use_ip.u_addsub             |                                integer_addsub_HD6407 |         64 |         64 |       0 |    0 |    64 |      0 |      0 |    0 |          0 |
|           (g_iadd.use_ip.u_addsub)         |                                integer_addsub_HD6407 |          0 |          0 |       0 |    0 |     0 |      0 |      0 |    0 |          0 |
|           U0                               |               integer_addsubc_addsub_v12_0_14_HD6408 |         64 |         64 |       0 |    0 |    64 |      0 |      0 |    0 |          0 |
|             (U0)                           |               integer_addsubc_addsub_v12_0_14_HD6408 |          0 |          0 |       0 |    0 |     0 |      0 |      0 |    0 |          0 |
|             xst_addsub                     |           integer_addsubc_addsub_v12_0_14_viv_HD6409 |         64 |         64 |       0 |    0 |    64 |      0 |      0 |    0 |          0 |
|               (xst_addsub)                 |           integer_addsubc_addsub_v12_0_14_viv_HD6409 |          0 |          0 |       0 |    0 |     0 |      0 |      0 |    0 |          0 |
|               i_baseblox.i_baseblox_addsub |        integer_addsubc_addsub_v12_0_14_legacy_HD6410 |         64 |         64 |       0 |    0 |    64 |      0 |      0 |    0 |          0 |
|                 no_pipelining.the_addsub   | integer_addsubc_addsub_v12_0_14_fabric_legacy_HD6411 |         64 |         64 |       0 |    0 |    64 |      0 |      0 |    0 |          0 |
|                   i_lut6.i_lut6_addsub     |   integer_addsubc_addsub_v12_0_14_lut6_legacy_HD6412 |         64 |         64 |       0 |    0 |    64 |      0 |      0 |    0 |          0 |
|                     (i_lut6.i_lut6_addsub) |   integer_addsubc_addsub_v12_0_14_lut6_legacy_HD6412 |         64 |         64 |       0 |    0 |     0 |      0 |      0 |    0 |          0 |
|                     i_q.i_simple.qreg      |            integer_addsubc_reg_fd_v12_0_6_viv_HD6413 |          0 |          0 |       0 |    0 |    64 |      0 |      0 |    0 |          0 |
|       g[1].g_normal.alu_i                  |                         microop_unit__parameterized9 |         32 |         32 |       0 |    0 |    32 |      0 |      0 |    0 |          0 |
|       g[2].g_normal.alu_i                  |                      microop_unit__parameterized6__7 |          0 |          0 |       0 |    0 |    32 |      0 |      0 |    0 |          0 |
|       g[3].g_normal.alu_i                  |                                      microop_unit__7 |         15 |         15 |       0 |    0 |    17 |      0 |      0 |    0 |          3 |
|       g[4].g_normal.alu_i                  |                      microop_unit__parameterized5__4 |          0 |          0 |       0 |    0 |    32 |      0 |      0 |    0 |          0 |
|       g[5].g_normal.alu_i                  |                                      microop_unit__8 |         15 |         15 |       0 |    0 |    17 |      0 |      0 |    0 |          3 |
|       g[6].g_normal.alu_i                  |                      microop_unit__parameterized0__3 |         32 |         32 |       0 |    0 |    32 |      0 |      0 |    0 |          0 |
|       g[7].g_normal.alu_i                  |                                      microop_unit__9 |         15 |         15 |       0 |    0 |    17 |      0 |      0 |    0 |          3 |
|       g[8].g_normal.alu_i                  |                                         microop_unit |         15 |         15 |       0 |    0 |    17 |      0 |      0 |    0 |          3 |
|       g[9].g_normal.alu_i                  |                         microop_unit__parameterized5 |          0 |          0 |       0 |    0 |    32 |      0 |      0 |    0 |          0 |
|   glen[15].blk_i                           |                   uop_block_wrap__parameterized10__1 |         42 |         42 |       0 |    0 |   423 |      7 |      1 |    0 |          0 |
|     (glen[15].blk_i)                       |                   uop_block_wrap__parameterized10__1 |          8 |          8 |       0 |    0 |   230 |      7 |      1 |    0 |          0 |
|     core                                   |                        uop_block__parameterized10__1 |         34 |         34 |       0 |    0 |   193 |      0 |      0 |    0 |          0 |
|       (core)                               |                        uop_block__parameterized10__1 |         34 |         34 |       0 |    0 |    65 |      0 |      0 |    0 |          0 |
|       g[0].g_normal.alu_i                  |                     microop_unit__parameterized1__37 |          0 |          0 |       0 |    0 |    64 |      0 |      0 |    0 |          0 |
|       g[1].g_normal.alu_i                  |                     microop_unit__parameterized1__36 |          0 |          0 |       0 |    0 |    64 |      0 |      0 |    0 |          0 |
|   glen[16].blk_i                           |                   uop_block_wrap__parameterized11__1 |        108 |        108 |       0 |    0 |   433 |      7 |      1 |    0 |          0 |
|     (glen[16].blk_i)                       |                   uop_block_wrap__parameterized11__1 |         10 |         10 |       0 |    0 |   240 |      7 |      1 |    0 |          0 |
|     core                                   |                        uop_block__parameterized11__1 |         98 |         98 |       0 |    0 |   193 |      0 |      0 |    0 |          0 |
|       (core)                               |                        uop_block__parameterized11__1 |         34 |         34 |       0 |    0 |    65 |      0 |      0 |    0 |          0 |
|       g[0].g_normal.alu_i                  |                      microop_unit__parameterized2__8 |         64 |         64 |       0 |    0 |    64 |      0 |      0 |    0 |          0 |
|       g[1].g_normal.alu_i                  |                     microop_unit__parameterized1__38 |          0 |          0 |       0 |    0 |    64 |      0 |      0 |    0 |          0 |
|   glen[17].blk_i                           |                      uop_block_wrap__parameterized11 |        108 |        108 |       0 |    0 |   433 |      7 |      1 |    0 |          0 |
|     (glen[17].blk_i)                       |                      uop_block_wrap__parameterized11 |         10 |         10 |       0 |    0 |   240 |      7 |      1 |    0 |          0 |
|     core                                   |                           uop_block__parameterized11 |         98 |         98 |       0 |    0 |   193 |      0 |      0 |    0 |          0 |
|       (core)                               |                           uop_block__parameterized11 |         34 |         34 |       0 |    0 |    65 |      0 |      0 |    0 |          0 |
|       g[0].g_normal.alu_i                  |                         microop_unit__parameterized2 |         64 |         64 |       0 |    0 |    64 |      0 |      0 |    0 |          0 |
|       g[1].g_normal.alu_i                  |                     microop_unit__parameterized1__35 |          0 |          0 |       0 |    0 |    64 |      0 |      0 |    0 |          0 |
|   glen[18].blk_i                           |                      uop_block_wrap__parameterized10 |         42 |         42 |       0 |    0 |   423 |      7 |      1 |    0 |          0 |
|     (glen[18].blk_i)                       |                      uop_block_wrap__parameterized10 |          8 |          8 |       0 |    0 |   230 |      7 |      1 |    0 |          0 |
|     core                                   |                           uop_block__parameterized10 |         34 |         34 |       0 |    0 |   193 |      0 |      0 |    0 |          0 |
|       (core)                               |                           uop_block__parameterized10 |         34 |         34 |       0 |    0 |    65 |      0 |      0 |    0 |          0 |
|       g[0].g_normal.alu_i                  |                     microop_unit__parameterized1__33 |          0 |          0 |       0 |    0 |    64 |      0 |      0 |    0 |          0 |
|       g[1].g_normal.alu_i                  |                     microop_unit__parameterized1__34 |          0 |          0 |       0 |    0 |    64 |      0 |      0 |    0 |          0 |
|   glen[19].blk_i                           |                      uop_block_wrap__parameterized12 |         66 |         66 |       0 |    0 |   422 |      0 |      0 |    0 |          0 |
|     (glen[19].blk_i)                       |                      uop_block_wrap__parameterized12 |          1 |          1 |       0 |    0 |   230 |      0 |      0 |    0 |          0 |
|     core                                   |                           uop_block__parameterized12 |         65 |         65 |       0 |    0 |   192 |      0 |      0 |    0 |          0 |
|       (core)                               |                           uop_block__parameterized12 |          1 |          1 |       0 |    0 |     0 |      0 |      0 |    0 |          0 |
|       g[0].g_normal.alu_i                  |                         microop_unit__parameterized1 |          0 |          0 |       0 |    0 |    64 |      0 |      0 |    0 |          0 |
|       g[1].g_normal.alu_i                  |                         microop_unit__parameterized3 |         64 |         64 |       0 |    0 |   128 |      0 |      0 |    0 |          0 |
|         (g[1].g_normal.alu_i)              |                         microop_unit__parameterized3 |          0 |          0 |       0 |    0 |    64 |      0 |      0 |    0 |          0 |
|         g_iadd.use_ip.u_addsub             |                                integer_addsub_HD6414 |         64 |         64 |       0 |    0 |    64 |      0 |      0 |    0 |          0 |
|           (g_iadd.use_ip.u_addsub)         |                                integer_addsub_HD6414 |          0 |          0 |       0 |    0 |     0 |      0 |      0 |    0 |          0 |
|           U0                               |               integer_addsubc_addsub_v12_0_14_HD6415 |         64 |         64 |       0 |    0 |    64 |      0 |      0 |    0 |          0 |
|             (U0)                           |               integer_addsubc_addsub_v12_0_14_HD6415 |          0 |          0 |       0 |    0 |     0 |      0 |      0 |    0 |          0 |
|             xst_addsub                     |           integer_addsubc_addsub_v12_0_14_viv_HD6416 |         64 |         64 |       0 |    0 |    64 |      0 |      0 |    0 |          0 |
|               (xst_addsub)                 |           integer_addsubc_addsub_v12_0_14_viv_HD6416 |          0 |          0 |       0 |    0 |     0 |      0 |      0 |    0 |          0 |
|               i_baseblox.i_baseblox_addsub |        integer_addsubc_addsub_v12_0_14_legacy_HD6417 |         64 |         64 |       0 |    0 |    64 |      0 |      0 |    0 |          0 |
|                 no_pipelining.the_addsub   | integer_addsubc_addsub_v12_0_14_fabric_legacy_HD6418 |         64 |         64 |       0 |    0 |    64 |      0 |      0 |    0 |          0 |
|                   i_lut6.i_lut6_addsub     |   integer_addsubc_addsub_v12_0_14_lut6_legacy_HD6419 |         64 |         64 |       0 |    0 |    64 |      0 |      0 |    0 |          0 |
|                     (i_lut6.i_lut6_addsub) |   integer_addsubc_addsub_v12_0_14_lut6_legacy_HD6419 |         64 |         64 |       0 |    0 |     0 |      0 |      0 |    0 |          0 |
|                     i_q.i_simple.qreg      |            integer_addsubc_reg_fd_v12_0_6_viv_HD6420 |          0 |          0 |       0 |    0 |    64 |      0 |      0 |    0 |          0 |
|   glen[1].blk_i                            |            uop_block_wrap__parameterized0__xdcDup__1 |        194 |        194 |       0 |    0 |   806 |      0 |      0 |    0 |          0 |
|     (glen[1].blk_i)                        |            uop_block_wrap__parameterized0__xdcDup__1 |          1 |          1 |       0 |    0 |   230 |      0 |      0 |    0 |          0 |
|     core                                   |                 uop_block__parameterized0__xdcDup__1 |        193 |        193 |       0 |    0 |   576 |      0 |      0 |    0 |          0 |
|       (core)                               |                 uop_block__parameterized0__xdcDup__1 |          1 |          1 |       0 |    0 |    64 |      0 |      0 |    0 |          0 |
|       g[0].g_normal.alu_i                  |                      microop_unit__parameterized1__5 |          0 |          0 |       0 |    0 |    64 |      0 |      0 |    0 |          0 |
|       g[1].g_normal.alu_i                  |                      microop_unit__parameterized2__4 |         64 |         64 |       0 |    0 |    64 |      0 |      0 |    0 |          0 |
|       g[2].g_normal.alu_i                  |                      microop_unit__parameterized1__6 |          0 |          0 |       0 |    0 |    64 |      0 |      0 |    0 |          0 |
|       g[3].g_normal.alu_i                  |                      microop_unit__parameterized1__7 |          0 |          0 |       0 |    0 |    64 |      0 |      0 |    0 |          0 |
|       g[4].g_normal.alu_i                  |              microop_unit__parameterized3__xdcDup__1 |         64 |         64 |       0 |    0 |   128 |      0 |      0 |    0 |          0 |
|         (g[4].g_normal.alu_i)              |              microop_unit__parameterized3__xdcDup__1 |          0 |          0 |       0 |    0 |    64 |      0 |      0 |    0 |          0 |
|         g_iadd.use_ip.u_addsub             |                                       integer_addsub |         64 |         64 |       0 |    0 |    64 |      0 |      0 |    0 |          0 |
|           (g_iadd.use_ip.u_addsub)         |                                       integer_addsub |          0 |          0 |       0 |    0 |     0 |      0 |      0 |    0 |          0 |
|           U0                               |                      integer_addsubc_addsub_v12_0_14 |         64 |         64 |       0 |    0 |    64 |      0 |      0 |    0 |          0 |
|             (U0)                           |                      integer_addsubc_addsub_v12_0_14 |          0 |          0 |       0 |    0 |     0 |      0 |      0 |    0 |          0 |
|             xst_addsub                     |                  integer_addsubc_addsub_v12_0_14_viv |         64 |         64 |       0 |    0 |    64 |      0 |      0 |    0 |          0 |
|               (xst_addsub)                 |                  integer_addsubc_addsub_v12_0_14_viv |          0 |          0 |       0 |    0 |     0 |      0 |      0 |    0 |          0 |
|               i_baseblox.i_baseblox_addsub |               integer_addsubc_addsub_v12_0_14_legacy |         64 |         64 |       0 |    0 |    64 |      0 |      0 |    0 |          0 |
|                 no_pipelining.the_addsub   |        integer_addsubc_addsub_v12_0_14_fabric_legacy |         64 |         64 |       0 |    0 |    64 |      0 |      0 |    0 |          0 |
|                   i_lut6.i_lut6_addsub     |          integer_addsubc_addsub_v12_0_14_lut6_legacy |         64 |         64 |       0 |    0 |    64 |      0 |      0 |    0 |          0 |
|                     (i_lut6.i_lut6_addsub) |          integer_addsubc_addsub_v12_0_14_lut6_legacy |         64 |         64 |       0 |    0 |     0 |      0 |      0 |    0 |          0 |
|                     i_q.i_simple.qreg      |                   integer_addsubc_reg_fd_v12_0_6_viv |          0 |          0 |       0 |    0 |    64 |      0 |      0 |    0 |          0 |
|       g[5].g_normal.alu_i                  |              microop_unit__parameterized3__xdcDup__2 |         64 |         64 |       0 |    0 |   128 |      0 |      0 |    0 |          0 |
|         (g[5].g_normal.alu_i)              |              microop_unit__parameterized3__xdcDup__2 |          0 |          0 |       0 |    0 |    64 |      0 |      0 |    0 |          0 |
|         g_iadd.use_ip.u_addsub             |                                integer_addsub_HD6337 |         64 |         64 |       0 |    0 |    64 |      0 |      0 |    0 |          0 |
|           (g_iadd.use_ip.u_addsub)         |                                integer_addsub_HD6337 |          0 |          0 |       0 |    0 |     0 |      0 |      0 |    0 |          0 |
|           U0                               |               integer_addsubc_addsub_v12_0_14_HD6338 |         64 |         64 |       0 |    0 |    64 |      0 |      0 |    0 |          0 |
|             (U0)                           |               integer_addsubc_addsub_v12_0_14_HD6338 |          0 |          0 |       0 |    0 |     0 |      0 |      0 |    0 |          0 |
|             xst_addsub                     |           integer_addsubc_addsub_v12_0_14_viv_HD6339 |         64 |         64 |       0 |    0 |    64 |      0 |      0 |    0 |          0 |
|               (xst_addsub)                 |           integer_addsubc_addsub_v12_0_14_viv_HD6339 |          0 |          0 |       0 |    0 |     0 |      0 |      0 |    0 |          0 |
|               i_baseblox.i_baseblox_addsub |        integer_addsubc_addsub_v12_0_14_legacy_HD6340 |         64 |         64 |       0 |    0 |    64 |      0 |      0 |    0 |          0 |
|                 no_pipelining.the_addsub   | integer_addsubc_addsub_v12_0_14_fabric_legacy_HD6341 |         64 |         64 |       0 |    0 |    64 |      0 |      0 |    0 |          0 |
|                   i_lut6.i_lut6_addsub     |   integer_addsubc_addsub_v12_0_14_lut6_legacy_HD6342 |         64 |         64 |       0 |    0 |    64 |      0 |      0 |    0 |          0 |
|                     (i_lut6.i_lut6_addsub) |   integer_addsubc_addsub_v12_0_14_lut6_legacy_HD6342 |         64 |         64 |       0 |    0 |     0 |      0 |      0 |    0 |          0 |
|                     i_q.i_simple.qreg      |            integer_addsubc_reg_fd_v12_0_6_viv_HD6343 |          0 |          0 |       0 |    0 |    64 |      0 |      0 |    0 |          0 |
|   glen[20].blk_i                           |                   uop_block_wrap__parameterized13__1 |         45 |         45 |       0 |    0 |   240 |      7 |      1 |    0 |          0 |
|     (glen[20].blk_i)                       |                   uop_block_wrap__parameterized13__1 |         10 |         10 |       0 |    0 |   175 |      7 |      1 |    0 |          0 |
|     core                                   |                        uop_block__parameterized13__1 |         35 |         35 |       0 |    0 |    65 |      0 |      0 |    0 |          0 |
|       (core)                               |                        uop_block__parameterized13__1 |         34 |         34 |       0 |    0 |     1 |      0 |      0 |    0 |          0 |
|       g[0].g_normal.alu_i                  |                     microop_unit__parameterized10__3 |          1 |          1 |       0 |    0 |    32 |      0 |      0 |    0 |          0 |
|       g[1].g_normal.alu_i                  |                     microop_unit__parameterized6__10 |          0 |          0 |       0 |    0 |    32 |      0 |      0 |    0 |          0 |
|   glen[21].blk_i                           |                   uop_block_wrap__parameterized14__1 |         76 |         76 |       0 |    0 |   272 |      7 |      1 |    0 |          0 |
|     (glen[21].blk_i)                       |                   uop_block_wrap__parameterized14__1 |         10 |         10 |       0 |    0 |   175 |      7 |      1 |    0 |          0 |
|     core                                   |                        uop_block__parameterized14__1 |         66 |         66 |       0 |    0 |    97 |      0 |      0 |    0 |          0 |
|       (core)                               |                        uop_block__parameterized14__1 |         34 |         34 |       0 |    0 |    33 |      0 |      0 |    0 |          0 |
|       g[0].g_normal.alu_i                  |                      microop_unit__parameterized6__9 |          0 |          0 |       0 |    0 |    32 |      0 |      0 |    0 |          0 |
|       g[1].g_normal.alu_i                  |                      microop_unit__parameterized0__5 |         32 |         32 |       0 |    0 |    32 |      0 |      0 |    0 |          0 |
|   glen[22].blk_i                           |                      uop_block_wrap__parameterized13 |         45 |         45 |       0 |    0 |   240 |      7 |      1 |    0 |          0 |
|     (glen[22].blk_i)                       |                      uop_block_wrap__parameterized13 |         10 |         10 |       0 |    0 |   175 |      7 |      1 |    0 |          0 |
|     core                                   |                           uop_block__parameterized13 |         35 |         35 |       0 |    0 |    65 |      0 |      0 |    0 |          0 |
|       (core)                               |                           uop_block__parameterized13 |         34 |         34 |       0 |    0 |     1 |      0 |      0 |    0 |          0 |
|       g[0].g_normal.alu_i                  |                        microop_unit__parameterized10 |          1 |          1 |       0 |    0 |    32 |      0 |      0 |    0 |          0 |
|       g[1].g_normal.alu_i                  |                      microop_unit__parameterized6__8 |          0 |          0 |       0 |    0 |    32 |      0 |      0 |    0 |          0 |
|   glen[23].blk_i                           |                      uop_block_wrap__parameterized14 |         76 |         76 |       0 |    0 |   272 |      7 |      1 |    0 |          0 |
|     (glen[23].blk_i)                       |                      uop_block_wrap__parameterized14 |         10 |         10 |       0 |    0 |   175 |      7 |      1 |    0 |          0 |
|     core                                   |                           uop_block__parameterized14 |         66 |         66 |       0 |    0 |    97 |      0 |      0 |    0 |          0 |
|       (core)                               |                           uop_block__parameterized14 |         34 |         34 |       0 |    0 |    33 |      0 |      0 |    0 |          0 |
|       g[0].g_normal.alu_i                  |                         microop_unit__parameterized6 |          0 |          0 |       0 |    0 |    32 |      0 |      0 |    0 |          0 |
|       g[1].g_normal.alu_i                  |                         microop_unit__parameterized0 |         32 |         32 |       0 |    0 |    32 |      0 |      0 |    0 |          0 |
|   glen[24].blk_i                           |                       uop_block_wrap__parameterized3 |         17 |         17 |       0 |    0 |   279 |      0 |      0 |    0 |          3 |
|     (glen[24].blk_i)                       |                       uop_block_wrap__parameterized3 |          1 |          1 |       0 |    0 |   198 |      0 |      0 |    0 |          0 |
|     core                                   |                            uop_block__parameterized3 |         16 |         16 |       0 |    0 |    81 |      0 |      0 |    0 |          3 |
|       (core)                               |                            uop_block__parameterized3 |          1 |          1 |       0 |    0 |    32 |      0 |      0 |    0 |          0 |
|       g[0].g_normal.alu_i                  |                      microop_unit__parameterized5__1 |          0 |          0 |       0 |    0 |    32 |      0 |      0 |    0 |          0 |
|       g[1].g_normal.alu_i                  |                                      microop_unit__2 |         15 |         15 |       0 |    0 |    17 |      0 |      0 |    0 |          3 |
|   glen[25].blk_i                           |                                       uop_block_wrap |         49 |         49 |       0 |    0 |   182 |      0 |      0 |    0 |          3 |
|     (glen[25].blk_i)                       |                                       uop_block_wrap |          1 |          1 |       0 |    0 |   133 |      0 |      0 |    0 |          0 |
|     core                                   |                                            uop_block |         48 |         48 |       0 |    0 |    49 |      0 |      0 |    0 |          3 |
|       (core)                               |                                            uop_block |          1 |          1 |       0 |    0 |     0 |      0 |      0 |    0 |          0 |
|       g[0].g_normal.alu_i                  |                                      microop_unit__1 |         15 |         15 |       0 |    0 |    17 |      0 |      0 |    0 |          3 |
|       g[1].g_normal.alu_i                  |                      microop_unit__parameterized0__1 |         32 |         32 |       0 |    0 |    32 |      0 |      0 |    0 |          0 |
|   glen[2].blk_i                            |            uop_block_wrap__parameterized0__xdcDup__2 |        194 |        194 |       0 |    0 |   806 |      0 |      0 |    0 |          0 |
|     (glen[2].blk_i)                        |            uop_block_wrap__parameterized0__xdcDup__2 |          1 |          1 |       0 |    0 |   230 |      0 |      0 |    0 |          0 |
|     core                                   |                 uop_block__parameterized0__xdcDup__2 |        193 |        193 |       0 |    0 |   576 |      0 |      0 |    0 |          0 |
|       (core)                               |                 uop_block__parameterized0__xdcDup__2 |          1 |          1 |       0 |    0 |    64 |      0 |      0 |    0 |          0 |
|       g[0].g_normal.alu_i                  |                      microop_unit__parameterized1__8 |          0 |          0 |       0 |    0 |    64 |      0 |      0 |    0 |          0 |
|       g[1].g_normal.alu_i                  |                      microop_unit__parameterized2__5 |         64 |         64 |       0 |    0 |    64 |      0 |      0 |    0 |          0 |
|       g[2].g_normal.alu_i                  |                      microop_unit__parameterized1__9 |          0 |          0 |       0 |    0 |    64 |      0 |      0 |    0 |          0 |
|       g[3].g_normal.alu_i                  |                     microop_unit__parameterized1__10 |          0 |          0 |       0 |    0 |    64 |      0 |      0 |    0 |          0 |
|       g[4].g_normal.alu_i                  |              microop_unit__parameterized3__xdcDup__3 |         64 |         64 |       0 |    0 |   128 |      0 |      0 |    0 |          0 |
|         (g[4].g_normal.alu_i)              |              microop_unit__parameterized3__xdcDup__3 |          0 |          0 |       0 |    0 |    64 |      0 |      0 |    0 |          0 |
|         g_iadd.use_ip.u_addsub             |                                integer_addsub_HD6344 |         64 |         64 |       0 |    0 |    64 |      0 |      0 |    0 |          0 |
|           (g_iadd.use_ip.u_addsub)         |                                integer_addsub_HD6344 |          0 |          0 |       0 |    0 |     0 |      0 |      0 |    0 |          0 |
|           U0                               |               integer_addsubc_addsub_v12_0_14_HD6345 |         64 |         64 |       0 |    0 |    64 |      0 |      0 |    0 |          0 |
|             (U0)                           |               integer_addsubc_addsub_v12_0_14_HD6345 |          0 |          0 |       0 |    0 |     0 |      0 |      0 |    0 |          0 |
|             xst_addsub                     |           integer_addsubc_addsub_v12_0_14_viv_HD6346 |         64 |         64 |       0 |    0 |    64 |      0 |      0 |    0 |          0 |
|               (xst_addsub)                 |           integer_addsubc_addsub_v12_0_14_viv_HD6346 |          0 |          0 |       0 |    0 |     0 |      0 |      0 |    0 |          0 |
|               i_baseblox.i_baseblox_addsub |        integer_addsubc_addsub_v12_0_14_legacy_HD6347 |         64 |         64 |       0 |    0 |    64 |      0 |      0 |    0 |          0 |
|                 no_pipelining.the_addsub   | integer_addsubc_addsub_v12_0_14_fabric_legacy_HD6348 |         64 |         64 |       0 |    0 |    64 |      0 |      0 |    0 |          0 |
|                   i_lut6.i_lut6_addsub     |   integer_addsubc_addsub_v12_0_14_lut6_legacy_HD6349 |         64 |         64 |       0 |    0 |    64 |      0 |      0 |    0 |          0 |
|                     (i_lut6.i_lut6_addsub) |   integer_addsubc_addsub_v12_0_14_lut6_legacy_HD6349 |         64 |         64 |       0 |    0 |     0 |      0 |      0 |    0 |          0 |
|                     i_q.i_simple.qreg      |            integer_addsubc_reg_fd_v12_0_6_viv_HD6350 |          0 |          0 |       0 |    0 |    64 |      0 |      0 |    0 |          0 |
|       g[5].g_normal.alu_i                  |              microop_unit__parameterized3__xdcDup__4 |         64 |         64 |       0 |    0 |   128 |      0 |      0 |    0 |          0 |
|         (g[5].g_normal.alu_i)              |              microop_unit__parameterized3__xdcDup__4 |          0 |          0 |       0 |    0 |    64 |      0 |      0 |    0 |          0 |
|         g_iadd.use_ip.u_addsub             |                                integer_addsub_HD6351 |         64 |         64 |       0 |    0 |    64 |      0 |      0 |    0 |          0 |
|           (g_iadd.use_ip.u_addsub)         |                                integer_addsub_HD6351 |          0 |          0 |       0 |    0 |     0 |      0 |      0 |    0 |          0 |
|           U0                               |               integer_addsubc_addsub_v12_0_14_HD6352 |         64 |         64 |       0 |    0 |    64 |      0 |      0 |    0 |          0 |
|             (U0)                           |               integer_addsubc_addsub_v12_0_14_HD6352 |          0 |          0 |       0 |    0 |     0 |      0 |      0 |    0 |          0 |
|             xst_addsub                     |           integer_addsubc_addsub_v12_0_14_viv_HD6353 |         64 |         64 |       0 |    0 |    64 |      0 |      0 |    0 |          0 |
|               (xst_addsub)                 |           integer_addsubc_addsub_v12_0_14_viv_HD6353 |          0 |          0 |       0 |    0 |     0 |      0 |      0 |    0 |          0 |
|               i_baseblox.i_baseblox_addsub |        integer_addsubc_addsub_v12_0_14_legacy_HD6354 |         64 |         64 |       0 |    0 |    64 |      0 |      0 |    0 |          0 |
|                 no_pipelining.the_addsub   | integer_addsubc_addsub_v12_0_14_fabric_legacy_HD6355 |         64 |         64 |       0 |    0 |    64 |      0 |      0 |    0 |          0 |
|                   i_lut6.i_lut6_addsub     |   integer_addsubc_addsub_v12_0_14_lut6_legacy_HD6356 |         64 |         64 |       0 |    0 |    64 |      0 |      0 |    0 |          0 |
|                     (i_lut6.i_lut6_addsub) |   integer_addsubc_addsub_v12_0_14_lut6_legacy_HD6356 |         64 |         64 |       0 |    0 |     0 |      0 |      0 |    0 |          0 |
|                     i_q.i_simple.qreg      |            integer_addsubc_reg_fd_v12_0_6_viv_HD6357 |          0 |          0 |       0 |    0 |    64 |      0 |      0 |    0 |          0 |
|   glen[3].blk_i                            |            uop_block_wrap__parameterized0__xdcDup__3 |        194 |        194 |       0 |    0 |   806 |      0 |      0 |    0 |          0 |
|     (glen[3].blk_i)                        |            uop_block_wrap__parameterized0__xdcDup__3 |          1 |          1 |       0 |    0 |   230 |      0 |      0 |    0 |          0 |
|     core                                   |                 uop_block__parameterized0__xdcDup__3 |        193 |        193 |       0 |    0 |   576 |      0 |      0 |    0 |          0 |
|       (core)                               |                 uop_block__parameterized0__xdcDup__3 |          1 |          1 |       0 |    0 |    64 |      0 |      0 |    0 |          0 |
|       g[0].g_normal.alu_i                  |                     microop_unit__parameterized1__11 |          0 |          0 |       0 |    0 |    64 |      0 |      0 |    0 |          0 |
|       g[1].g_normal.alu_i                  |                      microop_unit__parameterized2__6 |         64 |         64 |       0 |    0 |    64 |      0 |      0 |    0 |          0 |
|       g[2].g_normal.alu_i                  |                     microop_unit__parameterized1__12 |          0 |          0 |       0 |    0 |    64 |      0 |      0 |    0 |          0 |
|       g[3].g_normal.alu_i                  |                     microop_unit__parameterized1__13 |          0 |          0 |       0 |    0 |    64 |      0 |      0 |    0 |          0 |
|       g[4].g_normal.alu_i                  |              microop_unit__parameterized3__xdcDup__5 |         64 |         64 |       0 |    0 |   128 |      0 |      0 |    0 |          0 |
|         (g[4].g_normal.alu_i)              |              microop_unit__parameterized3__xdcDup__5 |          0 |          0 |       0 |    0 |    64 |      0 |      0 |    0 |          0 |
|         g_iadd.use_ip.u_addsub             |                                integer_addsub_HD6358 |         64 |         64 |       0 |    0 |    64 |      0 |      0 |    0 |          0 |
|           (g_iadd.use_ip.u_addsub)         |                                integer_addsub_HD6358 |          0 |          0 |       0 |    0 |     0 |      0 |      0 |    0 |          0 |
|           U0                               |               integer_addsubc_addsub_v12_0_14_HD6359 |         64 |         64 |       0 |    0 |    64 |      0 |      0 |    0 |          0 |
|             (U0)                           |               integer_addsubc_addsub_v12_0_14_HD6359 |          0 |          0 |       0 |    0 |     0 |      0 |      0 |    0 |          0 |
|             xst_addsub                     |           integer_addsubc_addsub_v12_0_14_viv_HD6360 |         64 |         64 |       0 |    0 |    64 |      0 |      0 |    0 |          0 |
|               (xst_addsub)                 |           integer_addsubc_addsub_v12_0_14_viv_HD6360 |          0 |          0 |       0 |    0 |     0 |      0 |      0 |    0 |          0 |
|               i_baseblox.i_baseblox_addsub |        integer_addsubc_addsub_v12_0_14_legacy_HD6361 |         64 |         64 |       0 |    0 |    64 |      0 |      0 |    0 |          0 |
|                 no_pipelining.the_addsub   | integer_addsubc_addsub_v12_0_14_fabric_legacy_HD6362 |         64 |         64 |       0 |    0 |    64 |      0 |      0 |    0 |          0 |
|                   i_lut6.i_lut6_addsub     |   integer_addsubc_addsub_v12_0_14_lut6_legacy_HD6363 |         64 |         64 |       0 |    0 |    64 |      0 |      0 |    0 |          0 |
|                     (i_lut6.i_lut6_addsub) |   integer_addsubc_addsub_v12_0_14_lut6_legacy_HD6363 |         64 |         64 |       0 |    0 |     0 |      0 |      0 |    0 |          0 |
|                     i_q.i_simple.qreg      |            integer_addsubc_reg_fd_v12_0_6_viv_HD6364 |          0 |          0 |       0 |    0 |    64 |      0 |      0 |    0 |          0 |
|       g[5].g_normal.alu_i                  |              microop_unit__parameterized3__xdcDup__6 |         64 |         64 |       0 |    0 |   128 |      0 |      0 |    0 |          0 |
|         (g[5].g_normal.alu_i)              |              microop_unit__parameterized3__xdcDup__6 |          0 |          0 |       0 |    0 |    64 |      0 |      0 |    0 |          0 |
|         g_iadd.use_ip.u_addsub             |                                integer_addsub_HD6365 |         64 |         64 |       0 |    0 |    64 |      0 |      0 |    0 |          0 |
|           (g_iadd.use_ip.u_addsub)         |                                integer_addsub_HD6365 |          0 |          0 |       0 |    0 |     0 |      0 |      0 |    0 |          0 |
|           U0                               |               integer_addsubc_addsub_v12_0_14_HD6366 |         64 |         64 |       0 |    0 |    64 |      0 |      0 |    0 |          0 |
|             (U0)                           |               integer_addsubc_addsub_v12_0_14_HD6366 |          0 |          0 |       0 |    0 |     0 |      0 |      0 |    0 |          0 |
|             xst_addsub                     |           integer_addsubc_addsub_v12_0_14_viv_HD6367 |         64 |         64 |       0 |    0 |    64 |      0 |      0 |    0 |          0 |
|               (xst_addsub)                 |           integer_addsubc_addsub_v12_0_14_viv_HD6367 |          0 |          0 |       0 |    0 |     0 |      0 |      0 |    0 |          0 |
|               i_baseblox.i_baseblox_addsub |        integer_addsubc_addsub_v12_0_14_legacy_HD6368 |         64 |         64 |       0 |    0 |    64 |      0 |      0 |    0 |          0 |
|                 no_pipelining.the_addsub   | integer_addsubc_addsub_v12_0_14_fabric_legacy_HD6369 |         64 |         64 |       0 |    0 |    64 |      0 |      0 |    0 |          0 |
|                   i_lut6.i_lut6_addsub     |   integer_addsubc_addsub_v12_0_14_lut6_legacy_HD6370 |         64 |         64 |       0 |    0 |    64 |      0 |      0 |    0 |          0 |
|                     (i_lut6.i_lut6_addsub) |   integer_addsubc_addsub_v12_0_14_lut6_legacy_HD6370 |         64 |         64 |       0 |    0 |     0 |      0 |      0 |    0 |          0 |
|                     i_q.i_simple.qreg      |            integer_addsubc_reg_fd_v12_0_6_viv_HD6371 |          0 |          0 |       0 |    0 |    64 |      0 |      0 |    0 |          0 |
|   glen[4].blk_i                            |                       uop_block_wrap__parameterized0 |        194 |        194 |       0 |    0 |   806 |      0 |      0 |    0 |          0 |
|     (glen[4].blk_i)                        |                       uop_block_wrap__parameterized0 |          1 |          1 |       0 |    0 |   230 |      0 |      0 |    0 |          0 |
|     core                                   |                            uop_block__parameterized0 |        193 |        193 |       0 |    0 |   576 |      0 |      0 |    0 |          0 |
|       (core)                               |                            uop_block__parameterized0 |          1 |          1 |       0 |    0 |    64 |      0 |      0 |    0 |          0 |
|       g[0].g_normal.alu_i                  |                     microop_unit__parameterized1__14 |          0 |          0 |       0 |    0 |    64 |      0 |      0 |    0 |          0 |
|       g[1].g_normal.alu_i                  |                      microop_unit__parameterized2__7 |         64 |         64 |       0 |    0 |    64 |      0 |      0 |    0 |          0 |
|       g[2].g_normal.alu_i                  |                     microop_unit__parameterized1__15 |          0 |          0 |       0 |    0 |    64 |      0 |      0 |    0 |          0 |
|       g[3].g_normal.alu_i                  |                     microop_unit__parameterized1__16 |          0 |          0 |       0 |    0 |    64 |      0 |      0 |    0 |          0 |
|       g[4].g_normal.alu_i                  |              microop_unit__parameterized3__xdcDup__7 |         64 |         64 |       0 |    0 |   128 |      0 |      0 |    0 |          0 |
|         (g[4].g_normal.alu_i)              |              microop_unit__parameterized3__xdcDup__7 |          0 |          0 |       0 |    0 |    64 |      0 |      0 |    0 |          0 |
|         g_iadd.use_ip.u_addsub             |                                integer_addsub_HD6372 |         64 |         64 |       0 |    0 |    64 |      0 |      0 |    0 |          0 |
|           (g_iadd.use_ip.u_addsub)         |                                integer_addsub_HD6372 |          0 |          0 |       0 |    0 |     0 |      0 |      0 |    0 |          0 |
|           U0                               |               integer_addsubc_addsub_v12_0_14_HD6373 |         64 |         64 |       0 |    0 |    64 |      0 |      0 |    0 |          0 |
|             (U0)                           |               integer_addsubc_addsub_v12_0_14_HD6373 |          0 |          0 |       0 |    0 |     0 |      0 |      0 |    0 |          0 |
|             xst_addsub                     |           integer_addsubc_addsub_v12_0_14_viv_HD6374 |         64 |         64 |       0 |    0 |    64 |      0 |      0 |    0 |          0 |
|               (xst_addsub)                 |           integer_addsubc_addsub_v12_0_14_viv_HD6374 |          0 |          0 |       0 |    0 |     0 |      0 |      0 |    0 |          0 |
|               i_baseblox.i_baseblox_addsub |        integer_addsubc_addsub_v12_0_14_legacy_HD6375 |         64 |         64 |       0 |    0 |    64 |      0 |      0 |    0 |          0 |
|                 no_pipelining.the_addsub   | integer_addsubc_addsub_v12_0_14_fabric_legacy_HD6376 |         64 |         64 |       0 |    0 |    64 |      0 |      0 |    0 |          0 |
|                   i_lut6.i_lut6_addsub     |   integer_addsubc_addsub_v12_0_14_lut6_legacy_HD6377 |         64 |         64 |       0 |    0 |    64 |      0 |      0 |    0 |          0 |
|                     (i_lut6.i_lut6_addsub) |   integer_addsubc_addsub_v12_0_14_lut6_legacy_HD6377 |         64 |         64 |       0 |    0 |     0 |      0 |      0 |    0 |          0 |
|                     i_q.i_simple.qreg      |            integer_addsubc_reg_fd_v12_0_6_viv_HD6378 |          0 |          0 |       0 |    0 |    64 |      0 |      0 |    0 |          0 |
|       g[5].g_normal.alu_i                  |              microop_unit__parameterized3__xdcDup__8 |         64 |         64 |       0 |    0 |   128 |      0 |      0 |    0 |          0 |
|         (g[5].g_normal.alu_i)              |              microop_unit__parameterized3__xdcDup__8 |          0 |          0 |       0 |    0 |    64 |      0 |      0 |    0 |          0 |
|         g_iadd.use_ip.u_addsub             |                                integer_addsub_HD6379 |         64 |         64 |       0 |    0 |    64 |      0 |      0 |    0 |          0 |
|           (g_iadd.use_ip.u_addsub)         |                                integer_addsub_HD6379 |          0 |          0 |       0 |    0 |     0 |      0 |      0 |    0 |          0 |
|           U0                               |               integer_addsubc_addsub_v12_0_14_HD6380 |         64 |         64 |       0 |    0 |    64 |      0 |      0 |    0 |          0 |
|             (U0)                           |               integer_addsubc_addsub_v12_0_14_HD6380 |          0 |          0 |       0 |    0 |     0 |      0 |      0 |    0 |          0 |
|             xst_addsub                     |           integer_addsubc_addsub_v12_0_14_viv_HD6381 |         64 |         64 |       0 |    0 |    64 |      0 |      0 |    0 |          0 |
|               (xst_addsub)                 |           integer_addsubc_addsub_v12_0_14_viv_HD6381 |          0 |          0 |       0 |    0 |     0 |      0 |      0 |    0 |          0 |
|               i_baseblox.i_baseblox_addsub |        integer_addsubc_addsub_v12_0_14_legacy_HD6382 |         64 |         64 |       0 |    0 |    64 |      0 |      0 |    0 |          0 |
|                 no_pipelining.the_addsub   | integer_addsubc_addsub_v12_0_14_fabric_legacy_HD6383 |         64 |         64 |       0 |    0 |    64 |      0 |      0 |    0 |          0 |
|                   i_lut6.i_lut6_addsub     |   integer_addsubc_addsub_v12_0_14_lut6_legacy_HD6384 |         64 |         64 |       0 |    0 |    64 |      0 |      0 |    0 |          0 |
|                     (i_lut6.i_lut6_addsub) |   integer_addsubc_addsub_v12_0_14_lut6_legacy_HD6384 |         64 |         64 |       0 |    0 |     0 |      0 |      0 |    0 |          0 |
|                     i_q.i_simple.qreg      |            integer_addsubc_reg_fd_v12_0_6_viv_HD6385 |          0 |          0 |       0 |    0 |    64 |      0 |      0 |    0 |          0 |
|   glen[5].blk_i                            |            uop_block_wrap__parameterized1__xdcDup__1 |         66 |         66 |       0 |    0 |   550 |      0 |      0 |    0 |          0 |
|     (glen[5].blk_i)                        |            uop_block_wrap__parameterized1__xdcDup__1 |          1 |          1 |       0 |    0 |   230 |      0 |      0 |    0 |          0 |
|     core                                   |                 uop_block__parameterized1__xdcDup__1 |         65 |         65 |       0 |    0 |   320 |      0 |      0 |    0 |          0 |
|       (core)                               |                 uop_block__parameterized1__xdcDup__1 |          1 |          1 |       0 |    0 |     0 |      0 |      0 |    0 |          0 |
|       g[0].g_normal.alu_i                  |                     microop_unit__parameterized1__17 |          0 |          0 |       0 |    0 |    64 |      0 |      0 |    0 |          0 |
|       g[1].g_normal.alu_i                  |                     microop_unit__parameterized1__18 |          0 |          0 |       0 |    0 |    64 |      0 |      0 |    0 |          0 |
|       g[2].g_normal.alu_i                  |                     microop_unit__parameterized1__19 |          0 |          0 |       0 |    0 |    64 |      0 |      0 |    0 |          0 |
|       g[3].g_normal.alu_i                  |              microop_unit__parameterized3__xdcDup__9 |         64 |         64 |       0 |    0 |   128 |      0 |      0 |    0 |          0 |
|         (g[3].g_normal.alu_i)              |              microop_unit__parameterized3__xdcDup__9 |          0 |          0 |       0 |    0 |    64 |      0 |      0 |    0 |          0 |
|         g_iadd.use_ip.u_addsub             |                                integer_addsub_HD6386 |         64 |         64 |       0 |    0 |    64 |      0 |      0 |    0 |          0 |
|           (g_iadd.use_ip.u_addsub)         |                                integer_addsub_HD6386 |          0 |          0 |       0 |    0 |     0 |      0 |      0 |    0 |          0 |
|           U0                               |               integer_addsubc_addsub_v12_0_14_HD6387 |         64 |         64 |       0 |    0 |    64 |      0 |      0 |    0 |          0 |
|             (U0)                           |               integer_addsubc_addsub_v12_0_14_HD6387 |          0 |          0 |       0 |    0 |     0 |      0 |      0 |    0 |          0 |
|             xst_addsub                     |           integer_addsubc_addsub_v12_0_14_viv_HD6388 |         64 |         64 |       0 |    0 |    64 |      0 |      0 |    0 |          0 |
|               (xst_addsub)                 |           integer_addsubc_addsub_v12_0_14_viv_HD6388 |          0 |          0 |       0 |    0 |     0 |      0 |      0 |    0 |          0 |
|               i_baseblox.i_baseblox_addsub |        integer_addsubc_addsub_v12_0_14_legacy_HD6389 |         64 |         64 |       0 |    0 |    64 |      0 |      0 |    0 |          0 |
|                 no_pipelining.the_addsub   | integer_addsubc_addsub_v12_0_14_fabric_legacy_HD6390 |         64 |         64 |       0 |    0 |    64 |      0 |      0 |    0 |          0 |
|                   i_lut6.i_lut6_addsub     |   integer_addsubc_addsub_v12_0_14_lut6_legacy_HD6391 |         64 |         64 |       0 |    0 |    64 |      0 |      0 |    0 |          0 |
|                     (i_lut6.i_lut6_addsub) |   integer_addsubc_addsub_v12_0_14_lut6_legacy_HD6391 |         64 |         64 |       0 |    0 |     0 |      0 |      0 |    0 |          0 |
|                     i_q.i_simple.qreg      |            integer_addsubc_reg_fd_v12_0_6_viv_HD6392 |          0 |          0 |       0 |    0 |    64 |      0 |      0 |    0 |          0 |
|   glen[6].blk_i                            |                       uop_block_wrap__parameterized1 |         66 |         66 |       0 |    0 |   550 |      0 |      0 |    0 |          0 |
|     (glen[6].blk_i)                        |                       uop_block_wrap__parameterized1 |          1 |          1 |       0 |    0 |   230 |      0 |      0 |    0 |          0 |
|     core                                   |                            uop_block__parameterized1 |         65 |         65 |       0 |    0 |   320 |      0 |      0 |    0 |          0 |
|       (core)                               |                            uop_block__parameterized1 |          1 |          1 |       0 |    0 |     0 |      0 |      0 |    0 |          0 |
|       g[0].g_normal.alu_i                  |                     microop_unit__parameterized1__20 |          0 |          0 |       0 |    0 |    64 |      0 |      0 |    0 |          0 |
|       g[1].g_normal.alu_i                  |                     microop_unit__parameterized1__21 |          0 |          0 |       0 |    0 |    64 |      0 |      0 |    0 |          0 |
|       g[2].g_normal.alu_i                  |                     microop_unit__parameterized1__22 |          0 |          0 |       0 |    0 |    64 |      0 |      0 |    0 |          0 |
|       g[3].g_normal.alu_i                  |             microop_unit__parameterized3__xdcDup__10 |         64 |         64 |       0 |    0 |   128 |      0 |      0 |    0 |          0 |
|         (g[3].g_normal.alu_i)              |             microop_unit__parameterized3__xdcDup__10 |          0 |          0 |       0 |    0 |    64 |      0 |      0 |    0 |          0 |
|         g_iadd.use_ip.u_addsub             |                                integer_addsub_HD6393 |         64 |         64 |       0 |    0 |    64 |      0 |      0 |    0 |          0 |
|           (g_iadd.use_ip.u_addsub)         |                                integer_addsub_HD6393 |          0 |          0 |       0 |    0 |     0 |      0 |      0 |    0 |          0 |
|           U0                               |               integer_addsubc_addsub_v12_0_14_HD6394 |         64 |         64 |       0 |    0 |    64 |      0 |      0 |    0 |          0 |
|             (U0)                           |               integer_addsubc_addsub_v12_0_14_HD6394 |          0 |          0 |       0 |    0 |     0 |      0 |      0 |    0 |          0 |
|             xst_addsub                     |           integer_addsubc_addsub_v12_0_14_viv_HD6395 |         64 |         64 |       0 |    0 |    64 |      0 |      0 |    0 |          0 |
|               (xst_addsub)                 |           integer_addsubc_addsub_v12_0_14_viv_HD6395 |          0 |          0 |       0 |    0 |     0 |      0 |      0 |    0 |          0 |
|               i_baseblox.i_baseblox_addsub |        integer_addsubc_addsub_v12_0_14_legacy_HD6396 |         64 |         64 |       0 |    0 |    64 |      0 |      0 |    0 |          0 |
|                 no_pipelining.the_addsub   | integer_addsubc_addsub_v12_0_14_fabric_legacy_HD6397 |         64 |         64 |       0 |    0 |    64 |      0 |      0 |    0 |          0 |
|                   i_lut6.i_lut6_addsub     |   integer_addsubc_addsub_v12_0_14_lut6_legacy_HD6398 |         64 |         64 |       0 |    0 |    64 |      0 |      0 |    0 |          0 |
|                     (i_lut6.i_lut6_addsub) |   integer_addsubc_addsub_v12_0_14_lut6_legacy_HD6398 |         64 |         64 |       0 |    0 |     0 |      0 |      0 |    0 |          0 |
|                     i_q.i_simple.qreg      |            integer_addsubc_reg_fd_v12_0_6_viv_HD6399 |          0 |          0 |       0 |    0 |    64 |      0 |      0 |    0 |          0 |
|   glen[7].blk_i                            |                       uop_block_wrap__parameterized2 |         65 |         65 |       0 |    0 |   165 |      0 |      0 |    0 |          0 |
|     (glen[7].blk_i)                        |                       uop_block_wrap__parameterized2 |          0 |          0 |       0 |    0 |   101 |      0 |      0 |    0 |          0 |
|     core                                   |                            uop_block__parameterized2 |         65 |         65 |       0 |    0 |    64 |      0 |      0 |    0 |          0 |
|       (core)                               |                            uop_block__parameterized2 |          1 |          1 |       0 |    0 |     0 |      0 |      0 |    0 |          0 |
|       g[0].g_normal.alu_i                  |                      microop_unit__parameterized4__1 |         32 |         32 |       0 |    0 |    32 |      0 |      0 |    0 |          0 |
|       g[1].g_normal.alu_i                  |                         microop_unit__parameterized4 |         32 |         32 |       0 |    0 |    32 |      0 |      0 |    0 |          0 |
|   glen[8].blk_i                            |                    uop_block_wrap__parameterized3__1 |         17 |         17 |       0 |    0 |   279 |      0 |      0 |    0 |          3 |
|     (glen[8].blk_i)                        |                    uop_block_wrap__parameterized3__1 |          1 |          1 |       0 |    0 |   198 |      0 |      0 |    0 |          0 |
|     core                                   |                         uop_block__parameterized3__1 |         16 |         16 |       0 |    0 |    81 |      0 |      0 |    0 |          3 |
|       (core)                               |                         uop_block__parameterized3__1 |          1 |          1 |       0 |    0 |    32 |      0 |      0 |    0 |          0 |
|       g[0].g_normal.alu_i                  |                      microop_unit__parameterized5__5 |          0 |          0 |       0 |    0 |    32 |      0 |      0 |    0 |          0 |
|       g[1].g_normal.alu_i                  |                                     microop_unit__11 |         15 |         15 |       0 |    0 |    17 |      0 |      0 |    0 |          3 |
|   glen[9].blk_i                            |                       uop_block_wrap__parameterized4 |         64 |         64 |       0 |    0 |   231 |      0 |      0 |    0 |          6 |
|     (glen[9].blk_i)                        |                       uop_block_wrap__parameterized4 |          1 |          1 |       0 |    0 |   133 |      0 |      0 |    0 |          0 |
|     core                                   |                            uop_block__parameterized4 |         63 |         63 |       0 |    0 |    98 |      0 |      0 |    0 |          6 |
|       (core)                               |                            uop_block__parameterized4 |          1 |          1 |       0 |    0 |     0 |      0 |      0 |    0 |          0 |
|       g[0].g_normal.alu_i                  |                      microop_unit__parameterized6__1 |          0 |          0 |       0 |    0 |    32 |      0 |      0 |    0 |          0 |
|       g[1].g_normal.alu_i                  |                                      microop_unit__3 |         15 |         15 |       0 |    0 |    17 |      0 |      0 |    0 |          3 |
|       g[2].g_normal.alu_i                  |                      microop_unit__parameterized0__2 |         32 |         32 |       0 |    0 |    32 |      0 |      0 |    0 |          0 |
|       g[3].g_normal.alu_i                  |                                      microop_unit__4 |         15 |         15 |       0 |    0 |    17 |      0 |      0 |    0 |          3 |
+--------------------------------------------+------------------------------------------------------+------------+------------+---------+------+-------+--------+--------+------+------------+


