Copyright 1986-2020 Xilinx, Inc. All Rights Reserved.
-------------------------------------------------------------------------------------------------------------------------------------------------------------------
| Tool Version : Vivado v.2020.1 (lin64) Build 2902540 Wed May 27 19:54:35 MDT 2020
| Date         : Sun Sep 21 18:25:39 2025
| Host         : orthanc running 64-bit Ubuntu 22.04.4 LTS
| Command      : report_utilization -hierarchical -file /home/jyoo/custom_v_2/custom-core-tool/reports/wo_simd_div/benches/511_povray_r/511_povray_r_util_hier.rpt
| Design       : top_bench__511_povray_r
| Device       : xcu200fsgd2104-2
| Design State : Optimized
-------------------------------------------------------------------------------------------------------------------------------------------------------------------

Utilization Design Information

Table of Contents
-----------------
1. Utilization by Hierarchy

1. Utilization by Hierarchy
---------------------------

+----------------------------------------------+------------------------------------------------------+------------+------------+---------+------+-----+--------+--------+------+------------+
|                   Instance                   |                        Module                        | Total LUTs | Logic LUTs | LUTRAMs | SRLs | FFs | RAMB36 | RAMB18 | URAM | DSP Blocks |
+----------------------------------------------+------------------------------------------------------+------------+------------+---------+------+-----+--------+--------+------+------------+
| top_bench__511_povray_r                      |                                                (top) |         65 |         65 |       0 |    0 | 739 |      0 |      0 |    0 |          0 |
|   (top_bench__511_povray_r)                  |                                                (top) |          0 |          0 |       0 |    0 |   0 |      0 |      0 |    0 |          0 |
|   u_511_povray_r                             |                             bench_core__511_povray_r |         65 |         65 |       0 |    0 | 739 |      0 |      0 |    0 |          0 |
|     (u_511_povray_r)                         |                             bench_core__511_povray_r |         61 |         61 |       0 |    0 |   0 |      0 |      0 |    0 |          0 |
|     glen[0].core_i                           |                                       uop_block_wrap |          1 |          1 |       0 |    0 | 241 |      0 |      0 |    0 |          0 |
|       (glen[0].core_i)                       |                                       uop_block_wrap |          0 |          0 |       0 |    0 | 121 |      0 |      0 |    0 |          0 |
|       core                                   |                                            uop_block |          1 |          1 |       0 |    0 | 120 |      0 |      0 |    0 |          0 |
|         (core)                               |                                            uop_block |          1 |          1 |       0 |    0 |   0 |      0 |      0 |    0 |          0 |
|         g[1].g_normal.alu_i                  |                              microop_unit__xdcDup__1 |          0 |          0 |       0 |    0 | 120 |      0 |      0 |    0 |          0 |
|           (g[1].g_normal.alu_i)              |                              microop_unit__xdcDup__1 |          0 |          0 |       0 |    0 |  60 |      0 |      0 |    0 |          0 |
|           g_iadd.use_ip.int_addsub_i         |                                       integer_addsub |          0 |          0 |       0 |    0 |  60 |      0 |      0 |    0 |          0 |
|             U0                               |                      integer_addsubc_addsub_v12_0_14 |          0 |          0 |       0 |    0 |  60 |      0 |      0 |    0 |          0 |
|               xst_addsub                     |                  integer_addsubc_addsub_v12_0_14_viv |          0 |          0 |       0 |    0 |  60 |      0 |      0 |    0 |          0 |
|                 i_baseblox.i_baseblox_addsub |               integer_addsubc_addsub_v12_0_14_legacy |          0 |          0 |       0 |    0 |  60 |      0 |      0 |    0 |          0 |
|                   no_pipelining.the_addsub   |        integer_addsubc_addsub_v12_0_14_fabric_legacy |          0 |          0 |       0 |    0 |  60 |      0 |      0 |    0 |          0 |
|                     i_lut6.i_lut6_addsub     |          integer_addsubc_addsub_v12_0_14_lut6_legacy |          0 |          0 |       0 |    0 |  60 |      0 |      0 |    0 |          0 |
|                       (i_lut6.i_lut6_addsub) |          integer_addsubc_addsub_v12_0_14_lut6_legacy |          0 |          0 |       0 |    0 |   0 |      0 |      0 |    0 |          0 |
|                       i_q.i_simple.qreg      |                   integer_addsubc_reg_fd_v12_0_6_viv |          0 |          0 |       0 |    0 |  60 |      0 |      0 |    0 |          0 |
|     glen[1].core_i                           |                       uop_block_wrap__parameterized0 |          1 |          1 |       0 |    0 | 245 |      0 |      0 |    0 |          0 |
|       (glen[1].core_i)                       |                       uop_block_wrap__parameterized0 |          0 |          0 |       0 |    0 |  93 |      0 |      0 |    0 |          0 |
|       core                                   |                            uop_block__parameterized0 |          1 |          1 |       0 |    0 | 152 |      0 |      0 |    0 |          0 |
|         (core)                               |                            uop_block__parameterized0 |          1 |          1 |       0 |    0 |   0 |      0 |      0 |    0 |          0 |
|         g[0].g_normal.alu_i                  |                      microop_unit__parameterized0__1 |          0 |          0 |       0 |    0 |  32 |      0 |      0 |    0 |          0 |
|         g[2].g_normal.alu_i                  |                                         microop_unit |          0 |          0 |       0 |    0 | 120 |      0 |      0 |    0 |          0 |
|           (g[2].g_normal.alu_i)              |                                         microop_unit |          0 |          0 |       0 |    0 |  60 |      0 |      0 |    0 |          0 |
|           g_iadd.use_ip.int_addsub_i         |                                integer_addsub_HD1216 |          0 |          0 |       0 |    0 |  60 |      0 |      0 |    0 |          0 |
|             U0                               |               integer_addsubc_addsub_v12_0_14_HD1217 |          0 |          0 |       0 |    0 |  60 |      0 |      0 |    0 |          0 |
|               xst_addsub                     |           integer_addsubc_addsub_v12_0_14_viv_HD1218 |          0 |          0 |       0 |    0 |  60 |      0 |      0 |    0 |          0 |
|                 i_baseblox.i_baseblox_addsub |        integer_addsubc_addsub_v12_0_14_legacy_HD1219 |          0 |          0 |       0 |    0 |  60 |      0 |      0 |    0 |          0 |
|                   no_pipelining.the_addsub   | integer_addsubc_addsub_v12_0_14_fabric_legacy_HD1220 |          0 |          0 |       0 |    0 |  60 |      0 |      0 |    0 |          0 |
|                     i_lut6.i_lut6_addsub     |   integer_addsubc_addsub_v12_0_14_lut6_legacy_HD1221 |          0 |          0 |       0 |    0 |  60 |      0 |      0 |    0 |          0 |
|                       (i_lut6.i_lut6_addsub) |   integer_addsubc_addsub_v12_0_14_lut6_legacy_HD1221 |          0 |          0 |       0 |    0 |   0 |      0 |      0 |    0 |          0 |
|                       i_q.i_simple.qreg      |            integer_addsubc_reg_fd_v12_0_6_viv_HD1222 |          0 |          0 |       0 |    0 |  60 |      0 |      0 |    0 |          0 |
|     glen[2].core_i                           |                       uop_block_wrap__parameterized1 |          1 |          1 |       0 |    0 | 128 |      0 |      0 |    0 |          0 |
|       (glen[2].core_i)                       |                       uop_block_wrap__parameterized1 |          0 |          0 |       0 |    0 |  64 |      0 |      0 |    0 |          0 |
|       core                                   |                            uop_block__parameterized1 |          1 |          1 |       0 |    0 |  64 |      0 |      0 |    0 |          0 |
|         (core)                               |                            uop_block__parameterized1 |          1 |          1 |       0 |    0 |   0 |      0 |      0 |    0 |          0 |
|         g[0].g_normal.alu_i                  |                         microop_unit__parameterized1 |          0 |          0 |       0 |    0 |  32 |      0 |      0 |    0 |          0 |
|         g[1].g_normal.alu_i                  |                         microop_unit__parameterized2 |          0 |          0 |       0 |    0 |  32 |      0 |      0 |    0 |          0 |
|     glen[3].core_i                           |                       uop_block_wrap__parameterized2 |          1 |          1 |       0 |    0 | 125 |      0 |      0 |    0 |          0 |
|       (glen[3].core_i)                       |                       uop_block_wrap__parameterized2 |          0 |          0 |       0 |    0 |  93 |      0 |      0 |    0 |          0 |
|       core                                   |                            uop_block__parameterized2 |          1 |          1 |       0 |    0 |  32 |      0 |      0 |    0 |          0 |
|         (core)                               |                            uop_block__parameterized2 |          1 |          1 |       0 |    0 |   0 |      0 |      0 |    0 |          0 |
|         g[0].g_normal.alu_i                  |                         microop_unit__parameterized0 |          0 |          0 |       0 |    0 |  32 |      0 |      0 |    0 |          0 |
+----------------------------------------------+------------------------------------------------------+------------+------------+---------+------+-----+--------+--------+------+------------+


