Copyright 1986-2020 Xilinx, Inc. All Rights Reserved.
----------------------------------------------------------------------------------------------------------------------------------------------------------
| Tool Version      : Vivado v.2020.1 (lin64) Build 2902540 Wed May 27 19:54:35 MDT 2020
| Date              : Sun Sep 21 19:29:31 2025
| Host              : orthanc running 64-bit Ubuntu 22.04.4 LTS
| Command           : report_timing_summary -file /home/jyoo/custom_v_2/custom-core-tool/reports/wo_simd_div/single/607_cactuBSSN_s/post_route_timing.rpt
| Design            : top_bench__607_cactuBSSN_s
| Device            : xcu200-fsgd2104
| Speed File        : -2  PRODUCTION 1.27 02-28-2020
| Temperature Grade : E
----------------------------------------------------------------------------------------------------------------------------------------------------------

Timing Summary Report

------------------------------------------------------------------------------------------------
| Timer Settings
| --------------
------------------------------------------------------------------------------------------------

  Enable Multi Corner Analysis               :  Yes
  Enable Pessimism Removal                   :  Yes
  Pessimism Removal Resolution               :  Nearest Common Node
  Enable Input Delay Default Clock           :  No
  Enable Preset / Clear Arcs                 :  No
  Disable Flight Delays                      :  No
  Ignore I/O Paths                           :  No
  Timing Early Launch at Borrowing Latches   :  No
  Borrow Time for Max Delay Exceptions       :  Yes
  Merge Timing Exceptions                    :  Yes

  Corner  Analyze    Analyze    
  Name    Max Paths  Min Paths  
  ------  ---------  ---------  
  Slow    Yes        Yes        
  Fast    Yes        Yes        



check_timing report

Table of Contents
-----------------
1. checking no_clock (0)
2. checking constant_clock (0)
3. checking pulse_width_clock (0)
4. checking unconstrained_internal_endpoints (0)
5. checking no_input_delay (8)
6. checking no_output_delay (32)
7. checking multiple_clock (0)
8. checking generated_clocks (0)
9. checking loops (0)
10. checking partial_input_delay (0)
11. checking partial_output_delay (0)
12. checking latch_loops (0)

1. checking no_clock (0)
------------------------
 There are 0 register/latch pins with no clock.


2. checking constant_clock (0)
------------------------------
 There are 0 register/latch pins with constant_clock.


3. checking pulse_width_clock (0)
---------------------------------
 There are 0 register/latch pins which need pulse_width check


4. checking unconstrained_internal_endpoints (0)
------------------------------------------------
 There are 0 pins that are not constrained for maximum delay.

 There are 0 pins that are not constrained for maximum delay due to constant clock.


5. checking no_input_delay (8)
------------------------------
 There are 8 input ports with no input delay specified. (HIGH)

 There are 0 input ports with no input delay but user has a false path constraint.


6. checking no_output_delay (32)
--------------------------------
 There are 32 ports with no output delay specified. (HIGH)

 There are 0 ports with no output delay but user has a false path constraint

 There are 0 ports with no output delay but with a timing clock defined on it or propagating through it


7. checking multiple_clock (0)
------------------------------
 There are 0 register/latch pins with multiple clocks.


8. checking generated_clocks (0)
--------------------------------
 There are 0 generated clocks that are not connected to a clock source.


9. checking loops (0)
---------------------
 There are 0 combinational loops in the design.


10. checking partial_input_delay (0)
------------------------------------
 There are 0 input ports with partial input delay specified.


11. checking partial_output_delay (0)
-------------------------------------
 There are 0 ports with partial output delay specified.


12. checking latch_loops (0)
----------------------------
 There are 0 combinational latch loops in the design through latch input



------------------------------------------------------------------------------------------------
| Design Timing Summary
| ---------------------
------------------------------------------------------------------------------------------------

    WNS(ns)      TNS(ns)  TNS Failing Endpoints  TNS Total Endpoints      WHS(ns)      THS(ns)  THS Failing Endpoints  THS Total Endpoints     WPWS(ns)     TPWS(ns)  TPWS Failing Endpoints  TPWS Total Endpoints  
    -------      -------  ---------------------  -------------------      -------      -------  ---------------------  -------------------     --------     --------  ----------------------  --------------------  
      2.709        0.000                      0                   93        0.046        0.000                      0                   93        1.391        0.000                       0                   109  


All user specified timing constraints are met.


------------------------------------------------------------------------------------------------
| Clock Summary
| -------------
------------------------------------------------------------------------------------------------

Clock     Waveform(ns)         Period(ns)      Frequency(MHz)
-----     ------------         ----------      --------------
host_clk  {0.000 1.666}        3.333           300.030         


------------------------------------------------------------------------------------------------
| Intra Clock Table
| -----------------
------------------------------------------------------------------------------------------------

Clock             WNS(ns)      TNS(ns)  TNS Failing Endpoints  TNS Total Endpoints      WHS(ns)      THS(ns)  THS Failing Endpoints  THS Total Endpoints     WPWS(ns)     TPWS(ns)  TPWS Failing Endpoints  TPWS Total Endpoints  
-----             -------      -------  ---------------------  -------------------      -------      -------  ---------------------  -------------------     --------     --------  ----------------------  --------------------  
host_clk            2.709        0.000                      0                   93        0.046        0.000                      0                   93        1.391        0.000                       0                   109  


------------------------------------------------------------------------------------------------
| Inter Clock Table
| -----------------
------------------------------------------------------------------------------------------------

From Clock    To Clock          WNS(ns)      TNS(ns)  TNS Failing Endpoints  TNS Total Endpoints      WHS(ns)      THS(ns)  THS Failing Endpoints  THS Total Endpoints  
----------    --------          -------      -------  ---------------------  -------------------      -------      -------  ---------------------  -------------------  


------------------------------------------------------------------------------------------------
| Other Path Groups Table
| -----------------------
------------------------------------------------------------------------------------------------

Path Group    From Clock    To Clock          WNS(ns)      TNS(ns)  TNS Failing Endpoints  TNS Total Endpoints      WHS(ns)      THS(ns)  THS Failing Endpoints  THS Total Endpoints  
----------    ----------    --------          -------      -------  ---------------------  -------------------      -------      -------  ---------------------  -------------------  


------------------------------------------------------------------------------------------------
| Timing Details
| --------------
------------------------------------------------------------------------------------------------


---------------------------------------------------------------------------------------------------
From Clock:  host_clk
  To Clock:  host_clk

Setup :            0  Failing Endpoints,  Worst Slack        2.709ns,  Total Violation        0.000ns
Hold  :            0  Failing Endpoints,  Worst Slack        0.046ns,  Total Violation        0.000ns
PW    :            0  Failing Endpoints,  Worst Slack        1.391ns,  Total Violation        0.000ns
---------------------------------------------------------------------------------------------------


Max Delay Paths
--------------------------------------------------------------------------------------
Slack (MET) :             2.709ns  (required time - arrival time)
  Source:                 u_607_cactuBSSN_s/glen[1].core_i/src_q_reg[7]/C
                            (rising edge-triggered cell FDRE clocked by host_clk  {rise@0.000ns fall@1.666ns period=3.333ns})
  Destination:            u_607_cactuBSSN_s/glen[1].core_i/core/g[0].g_normal.alu_i/g_soft_only.y_reg[7]/D
                            (rising edge-triggered cell FDRE clocked by host_clk  {rise@0.000ns fall@1.666ns period=3.333ns})
  Path Group:             host_clk
  Path Type:              Setup (Max at Slow Process Corner)
  Requirement:            3.333ns  (host_clk rise@3.333ns - host_clk rise@0.000ns)
  Data Path Delay:        0.573ns  (logic 0.080ns (13.962%)  route 0.493ns (86.038%))
  Logic Levels:           0  
  Clock Path Skew:        -0.041ns (DCD - SCD + CPR)
    Destination Clock Delay (DCD):    1.966ns = ( 5.299 - 3.333 ) 
    Source Clock Delay      (SCD):    2.461ns
    Clock Pessimism Removal (CPR):    0.454ns
  Clock Uncertainty:      0.035ns  ((TSJ^2 + TIJ^2)^1/2 + DJ) / 2 + PE
    Total System Jitter     (TSJ):    0.071ns
    Total Input Jitter      (TIJ):    0.000ns
    Discrete Jitter          (DJ):    0.000ns
    Phase Error              (PE):    0.000ns
  Clock Net Delay (Source):      1.601ns (routing 0.771ns, distribution 0.830ns)
  Clock Net Delay (Destination): 1.396ns (routing 0.701ns, distribution 0.695ns)

    Location             Delay type                Incr(ns)  Path(ns)    Netlist Resource(s)
  -------------------------------------------------------------------    -------------------
                         (clock host_clk rise edge)
                                                      0.000     0.000 r  
    G25                                               0.000     0.000 r  clk (IN)
                         net (fo=0)                   0.000     0.000    clk_IBUF_inst/I
    G25                  INBUF (Prop_INBUF_HPIOB_M_PAD_O)
                                                      0.509     0.509 r  clk_IBUF_inst/INBUF_INST/O
                         net (fo=1, routed)           0.000     0.509    clk_IBUF_inst/OUT
    G25                  IBUFCTRL (Prop_IBUFCTRL_HPIOB_M_I_O)
                                                      0.000     0.509 r  clk_IBUF_inst/IBUFCTRL_INST/O
                         net (fo=1, routed)           0.323     0.832    clk_IBUF
    BUFGCE_X1Y314        BUFGCE (Prop_BUFCE_BUFGCE_I_O)
                                                      0.028     0.860 r  clk_IBUF_BUFG_inst/O
    X5Y14 (CLOCK_ROOT)   net (fo=108, routed)         1.601     2.461    u_607_cactuBSSN_s/glen[1].core_i/clk
    SLICE_X145Y842       FDRE                                         r  u_607_cactuBSSN_s/glen[1].core_i/src_q_reg[7]/C
  -------------------------------------------------------------------    -------------------
    SLICE_X145Y842       FDRE (Prop_HFF2_SLICEL_C_Q)
                                                      0.080     2.541 r  u_607_cactuBSSN_s/glen[1].core_i/src_q_reg[7]/Q
                         net (fo=1, routed)           0.493     3.034    u_607_cactuBSSN_s/glen[1].core_i/core/g[0].g_normal.alu_i/a[7]
    SLICE_X145Y842       FDRE                                         r  u_607_cactuBSSN_s/glen[1].core_i/core/g[0].g_normal.alu_i/g_soft_only.y_reg[7]/D
  -------------------------------------------------------------------    -------------------

                         (clock host_clk rise edge)
                                                      3.333     3.333 r  
    G25                                               0.000     3.333 r  clk (IN)
                         net (fo=0)                   0.000     3.333    clk_IBUF_inst/I
    G25                  INBUF (Prop_INBUF_HPIOB_M_PAD_O)
                                                      0.259     3.592 r  clk_IBUF_inst/INBUF_INST/O
                         net (fo=1, routed)           0.000     3.592    clk_IBUF_inst/OUT
    G25                  IBUFCTRL (Prop_IBUFCTRL_HPIOB_M_I_O)
                                                      0.000     3.592 r  clk_IBUF_inst/IBUFCTRL_INST/O
                         net (fo=1, routed)           0.287     3.879    clk_IBUF
    BUFGCE_X1Y314        BUFGCE (Prop_BUFCE_BUFGCE_I_O)
                                                      0.024     3.903 r  clk_IBUF_BUFG_inst/O
    X5Y14 (CLOCK_ROOT)   net (fo=108, routed)         1.396     5.299    u_607_cactuBSSN_s/glen[1].core_i/core/g[0].g_normal.alu_i/clk
    SLICE_X145Y842       FDRE                                         r  u_607_cactuBSSN_s/glen[1].core_i/core/g[0].g_normal.alu_i/g_soft_only.y_reg[7]/C
                         clock pessimism              0.454     5.753    
                         clock uncertainty           -0.035     5.717    
    SLICE_X145Y842       FDRE (Setup_AFF_SLICEL_C_D)
                                                      0.025     5.742    u_607_cactuBSSN_s/glen[1].core_i/core/g[0].g_normal.alu_i/g_soft_only.y_reg[7]
  -------------------------------------------------------------------
                         required time                          5.742    
                         arrival time                          -3.034    
  -------------------------------------------------------------------
                         slack                                  2.709    





Min Delay Paths
--------------------------------------------------------------------------------------
Slack (MET) :             0.046ns  (arrival time - required time)
  Source:                 u_607_cactuBSSN_s/glen[1].core_i/core/g[1].g_normal.alu_i/g_mov.y_reg[5]/C
                            (rising edge-triggered cell FDRE clocked by host_clk  {rise@0.000ns fall@1.666ns period=3.333ns})
  Destination:            u_607_cactuBSSN_s/glen[1].core_i/g_out_ff.dst_o_reg[5]/D
                            (rising edge-triggered cell FDRE clocked by host_clk  {rise@0.000ns fall@1.666ns period=3.333ns})
  Path Group:             host_clk
  Path Type:              Hold (Min at Slow Process Corner)
  Requirement:            0.000ns  (host_clk rise@0.000ns - host_clk rise@0.000ns)
  Data Path Delay:        0.151ns  (logic 0.060ns (39.735%)  route 0.091ns (60.265%))
  Logic Levels:           0  
  Clock Path Skew:        0.045ns (DCD - SCD - CPR)
    Destination Clock Delay (DCD):    2.467ns
    Source Clock Delay      (SCD):    1.968ns
    Clock Pessimism Removal (CPR):    0.454ns
  Clock Net Delay (Source):      1.398ns (routing 0.701ns, distribution 0.697ns)
  Clock Net Delay (Destination): 1.607ns (routing 0.771ns, distribution 0.836ns)

    Location             Delay type                Incr(ns)  Path(ns)    Netlist Resource(s)
  -------------------------------------------------------------------    -------------------
                         (clock host_clk rise edge)
                                                      0.000     0.000 r  
    G25                                               0.000     0.000 r  clk (IN)
                         net (fo=0)                   0.000     0.000    clk_IBUF_inst/I
    G25                  INBUF (Prop_INBUF_HPIOB_M_PAD_O)
                                                      0.259     0.259 r  clk_IBUF_inst/INBUF_INST/O
                         net (fo=1, routed)           0.000     0.259    clk_IBUF_inst/OUT
    G25                  IBUFCTRL (Prop_IBUFCTRL_HPIOB_M_I_O)
                                                      0.000     0.259 r  clk_IBUF_inst/IBUFCTRL_INST/O
                         net (fo=1, routed)           0.287     0.546    clk_IBUF
    BUFGCE_X1Y314        BUFGCE (Prop_BUFCE_BUFGCE_I_O)
                                                      0.024     0.570 r  clk_IBUF_BUFG_inst/O
    X5Y14 (CLOCK_ROOT)   net (fo=108, routed)         1.398     1.968    u_607_cactuBSSN_s/glen[1].core_i/core/g[1].g_normal.alu_i/clk
    SLICE_X145Y841       FDRE                                         r  u_607_cactuBSSN_s/glen[1].core_i/core/g[1].g_normal.alu_i/g_mov.y_reg[5]/C
  -------------------------------------------------------------------    -------------------
    SLICE_X145Y841       FDRE (Prop_GFF2_SLICEL_C_Q)
                                                      0.060     2.028 r  u_607_cactuBSSN_s/glen[1].core_i/core/g[1].g_normal.alu_i/g_mov.y_reg[5]/Q
                         net (fo=1, routed)           0.091     2.119    u_607_cactuBSSN_s/glen[1].core_i/dst_int[5]
    SLICE_X144Y841       FDRE                                         r  u_607_cactuBSSN_s/glen[1].core_i/g_out_ff.dst_o_reg[5]/D
  -------------------------------------------------------------------    -------------------

                         (clock host_clk rise edge)
                                                      0.000     0.000 r  
    G25                                               0.000     0.000 r  clk (IN)
                         net (fo=0)                   0.000     0.000    clk_IBUF_inst/I
    G25                  INBUF (Prop_INBUF_HPIOB_M_PAD_O)
                                                      0.509     0.509 r  clk_IBUF_inst/INBUF_INST/O
                         net (fo=1, routed)           0.000     0.509    clk_IBUF_inst/OUT
    G25                  IBUFCTRL (Prop_IBUFCTRL_HPIOB_M_I_O)
                                                      0.000     0.509 r  clk_IBUF_inst/IBUFCTRL_INST/O
                         net (fo=1, routed)           0.323     0.832    clk_IBUF
    BUFGCE_X1Y314        BUFGCE (Prop_BUFCE_BUFGCE_I_O)
                                                      0.028     0.860 r  clk_IBUF_BUFG_inst/O
    X5Y14 (CLOCK_ROOT)   net (fo=108, routed)         1.607     2.467    u_607_cactuBSSN_s/glen[1].core_i/clk
    SLICE_X144Y841       FDRE                                         r  u_607_cactuBSSN_s/glen[1].core_i/g_out_ff.dst_o_reg[5]/C
                         clock pessimism             -0.454     2.013    
    SLICE_X144Y841       FDRE (Hold_DFF_SLICEM_C_D)
                                                      0.060     2.073    u_607_cactuBSSN_s/glen[1].core_i/g_out_ff.dst_o_reg[5]
  -------------------------------------------------------------------
                         required time                         -2.073    
                         arrival time                           2.119    
  -------------------------------------------------------------------
                         slack                                  0.046    





Pulse Width Checks
--------------------------------------------------------------------------------------
Clock Name:         host_clk
Waveform(ns):       { 0.000 1.666 }
Period(ns):         3.333
Sources:            { clk }

Check Type        Corner  Lib Pin   Reference Pin  Required(ns)  Actual(ns)  Slack(ns)  Location        Pin
Min Period        n/a     BUFGCE/I  n/a            1.290         3.333       2.043      BUFGCE_X1Y314   clk_IBUF_BUFG_inst/I
Low Pulse Width   Slow    FDRE/C    n/a            0.275         1.666       1.391      SLICE_X145Y843  u_607_cactuBSSN_s/glen[0].core_i/core/g[0].g_normal.alu_i/g_soft_only.y_reg[4]/C
High Pulse Width  Slow    FDRE/C    n/a            0.275         1.666       1.391      SLICE_X145Y842  u_607_cactuBSSN_s/glen[0].core_i/core/g[0].g_normal.alu_i/g_soft_only.y_reg[3]/C



