Copyright 1986-2020 Xilinx, Inc. All Rights Reserved.
-------------------------------------------------------------------------------------------------------------------------------------------------------------
| Tool Version      : Vivado v.2020.1 (lin64) Build 2902540 Wed May 27 19:54:35 MDT 2020
| Date              : Mon Sep 22 18:57:21 2025
| Host              : orthanc running 64-bit Ubuntu 22.04.4 LTS
| Command           : report_timing_summary -file /home/jyoo/custom_v_2/custom-core-tool/reports/memory_wo_simd/single/600_perlbench_s/post_route_timing.rpt
| Design            : top_bench__600_perlbench_s
| Device            : xcu200-fsgd2104
| Speed File        : -2  PRODUCTION 1.27 02-28-2020
| Temperature Grade : E
-------------------------------------------------------------------------------------------------------------------------------------------------------------

Timing Summary Report

------------------------------------------------------------------------------------------------
| Timer Settings
| --------------
------------------------------------------------------------------------------------------------

  Enable Multi Corner Analysis               :  Yes
  Enable Pessimism Removal                   :  Yes
  Pessimism Removal Resolution               :  Nearest Common Node
  Enable Input Delay Default Clock           :  No
  Enable Preset / Clear Arcs                 :  No
  Disable Flight Delays                      :  No
  Ignore I/O Paths                           :  No
  Timing Early Launch at Borrowing Latches   :  No
  Borrow Time for Max Delay Exceptions       :  Yes
  Merge Timing Exceptions                    :  Yes

  Corner  Analyze    Analyze    
  Name    Max Paths  Min Paths  
  ------  ---------  ---------  
  Slow    Yes        Yes        
  Fast    Yes        Yes        



check_timing report

Table of Contents
-----------------
1. checking no_clock (0)
2. checking constant_clock (0)
3. checking pulse_width_clock (0)
4. checking unconstrained_internal_endpoints (0)
5. checking no_input_delay (70)
6. checking no_output_delay (64)
7. checking multiple_clock (0)
8. checking generated_clocks (0)
9. checking loops (0)
10. checking partial_input_delay (0)
11. checking partial_output_delay (0)
12. checking latch_loops (0)

1. checking no_clock (0)
------------------------
 There are 0 register/latch pins with no clock.


2. checking constant_clock (0)
------------------------------
 There are 0 register/latch pins with constant_clock.


3. checking pulse_width_clock (0)
---------------------------------
 There are 0 register/latch pins which need pulse_width check


4. checking unconstrained_internal_endpoints (0)
------------------------------------------------
 There are 0 pins that are not constrained for maximum delay.

 There are 0 pins that are not constrained for maximum delay due to constant clock.


5. checking no_input_delay (70)
-------------------------------
 There are 70 input ports with no input delay specified. (HIGH)

 There are 0 input ports with no input delay but user has a false path constraint.


6. checking no_output_delay (64)
--------------------------------
 There are 64 ports with no output delay specified. (HIGH)

 There are 0 ports with no output delay but user has a false path constraint

 There are 0 ports with no output delay but with a timing clock defined on it or propagating through it


7. checking multiple_clock (0)
------------------------------
 There are 0 register/latch pins with multiple clocks.


8. checking generated_clocks (0)
--------------------------------
 There are 0 generated clocks that are not connected to a clock source.


9. checking loops (0)
---------------------
 There are 0 combinational loops in the design.


10. checking partial_input_delay (0)
------------------------------------
 There are 0 input ports with partial input delay specified.


11. checking partial_output_delay (0)
-------------------------------------
 There are 0 ports with partial output delay specified.


12. checking latch_loops (0)
----------------------------
 There are 0 combinational latch loops in the design through latch input



------------------------------------------------------------------------------------------------
| Design Timing Summary
| ---------------------
------------------------------------------------------------------------------------------------

    WNS(ns)      TNS(ns)  TNS Failing Endpoints  TNS Total Endpoints      WHS(ns)      THS(ns)  THS Failing Endpoints  THS Total Endpoints     WPWS(ns)     TPWS(ns)  TPWS Failing Endpoints  TPWS Total Endpoints  
    -------      -------  ---------------------  -------------------      -------      -------  ---------------------  -------------------     --------     --------  ----------------------  --------------------  
      0.818        0.000                      0                34143        0.010        0.000                      0                34143        1.134        0.000                       0                 40766  


All user specified timing constraints are met.


------------------------------------------------------------------------------------------------
| Clock Summary
| -------------
------------------------------------------------------------------------------------------------

Clock     Waveform(ns)         Period(ns)      Frequency(MHz)
-----     ------------         ----------      --------------
host_clk  {0.000 1.666}        3.333           300.030         


------------------------------------------------------------------------------------------------
| Intra Clock Table
| -----------------
------------------------------------------------------------------------------------------------

Clock             WNS(ns)      TNS(ns)  TNS Failing Endpoints  TNS Total Endpoints      WHS(ns)      THS(ns)  THS Failing Endpoints  THS Total Endpoints     WPWS(ns)     TPWS(ns)  TPWS Failing Endpoints  TPWS Total Endpoints  
-----             -------      -------  ---------------------  -------------------      -------      -------  ---------------------  -------------------     --------     --------  ----------------------  --------------------  
host_clk            0.818        0.000                      0                34143        0.010        0.000                      0                34143        1.134        0.000                       0                 40766  


------------------------------------------------------------------------------------------------
| Inter Clock Table
| -----------------
------------------------------------------------------------------------------------------------

From Clock    To Clock          WNS(ns)      TNS(ns)  TNS Failing Endpoints  TNS Total Endpoints      WHS(ns)      THS(ns)  THS Failing Endpoints  THS Total Endpoints  
----------    --------          -------      -------  ---------------------  -------------------      -------      -------  ---------------------  -------------------  


------------------------------------------------------------------------------------------------
| Other Path Groups Table
| -----------------------
------------------------------------------------------------------------------------------------

Path Group    From Clock    To Clock          WNS(ns)      TNS(ns)  TNS Failing Endpoints  TNS Total Endpoints      WHS(ns)      THS(ns)  THS Failing Endpoints  THS Total Endpoints  
----------    ----------    --------          -------      -------  ---------------------  -------------------      -------      -------  ---------------------  -------------------  


------------------------------------------------------------------------------------------------
| Timing Details
| --------------
------------------------------------------------------------------------------------------------


---------------------------------------------------------------------------------------------------
From Clock:  host_clk
  To Clock:  host_clk

Setup :            0  Failing Endpoints,  Worst Slack        0.818ns,  Total Violation        0.000ns
Hold  :            0  Failing Endpoints,  Worst Slack        0.010ns,  Total Violation        0.000ns
PW    :            0  Failing Endpoints,  Worst Slack        1.134ns,  Total Violation        0.000ns
---------------------------------------------------------------------------------------------------


Max Delay Paths
--------------------------------------------------------------------------------------
Slack (MET) :             0.818ns  (required time - arrival time)
  Source:                 u_600_perlbench_s/glen[66].core_i/c_q_reg[26]/C
                            (rising edge-triggered cell FDRE clocked by host_clk  {rise@0.000ns fall@1.666ns period=3.333ns})
  Destination:            u_600_perlbench_s/glen[66].core_i/core/g[16].g_normal.alu_i/g_iadd.use_ip.u_addsub/U0/xst_addsub/i_baseblox.i_baseblox_addsub/no_pipelining.the_addsub/i_lut6.i_lut6_addsub/i_q.i_simple.qreg/i_no_async_controls.output_reg[64]/D
                            (rising edge-triggered cell FDRE clocked by host_clk  {rise@0.000ns fall@1.666ns period=3.333ns})
  Path Group:             host_clk
  Path Type:              Setup (Max at Slow Process Corner)
  Requirement:            3.333ns  (host_clk rise@3.333ns - host_clk rise@0.000ns)
  Data Path Delay:        2.385ns  (logic 0.438ns (18.365%)  route 1.947ns (81.635%))
  Logic Levels:           6  (CARRY8=5 LUT2=1)
  Clock Path Skew:        -0.120ns (DCD - SCD + CPR)
    Destination Clock Delay (DCD):    2.729ns = ( 6.062 - 3.333 ) 
    Source Clock Delay      (SCD):    3.248ns
    Clock Pessimism Removal (CPR):    0.398ns
  Clock Uncertainty:      0.035ns  ((TSJ^2 + TIJ^2)^1/2 + DJ) / 2 + PE
    Total System Jitter     (TSJ):    0.071ns
    Total Input Jitter      (TIJ):    0.000ns
    Discrete Jitter          (DJ):    0.000ns
    Phase Error              (PE):    0.000ns
  Clock Net Delay (Source):      2.252ns (routing 1.170ns, distribution 1.082ns)
  Clock Net Delay (Destination): 2.025ns (routing 1.063ns, distribution 0.962ns)

    Location             Delay type                Incr(ns)  Path(ns)    Netlist Resource(s)
  -------------------------------------------------------------------    -------------------
                         (clock host_clk rise edge)
                                                      0.000     0.000 r  
    AY13                                              0.000     0.000 r  clk (IN)
                         net (fo=0)                   0.000     0.000    clk_IBUF_inst/I
    AY13                 INBUF (Prop_INBUF_HPIOB_M_PAD_O)
                                                      0.645     0.645 r  clk_IBUF_inst/INBUF_INST/O
                         net (fo=1, routed)           0.000     0.645    clk_IBUF_inst/OUT
    AY13                 IBUFCTRL (Prop_IBUFCTRL_HPIOB_M_I_O)
                                                      0.000     0.645 r  clk_IBUF_inst/IBUFCTRL_INST/O
                         net (fo=1, routed)           0.323     0.968    clk_IBUF
    BUFGCE_X1Y194        BUFGCE (Prop_BUFCE_BUFGCE_I_O)
                                                      0.028     0.996 r  clk_IBUF_BUFG_inst/O
    X3Y6 (CLOCK_ROOT)    net (fo=40804, routed)       2.252     3.248    u_600_perlbench_s/glen[66].core_i/clk
    SLICE_X111Y417       FDRE                                         r  u_600_perlbench_s/glen[66].core_i/c_q_reg[26]/C
  -------------------------------------------------------------------    -------------------
    SLICE_X111Y417       FDRE (Prop_EFF_SLICEL_C_Q)
                                                      0.079     3.327 r  u_600_perlbench_s/glen[66].core_i/c_q_reg[26]/Q
                         net (fo=10, routed)          1.796     5.123    u_600_perlbench_s/glen[66].core_i/core/g[16].g_normal.alu_i/g_iadd.use_ip.u_addsub/U0/xst_addsub/i_baseblox.i_baseblox_addsub/no_pipelining.the_addsub/i_lut6.i_lut6_addsub/B[26]
    SLICE_X102Y421       LUT2 (Prop_C6LUT_SLICEM_I0_O)
                                                      0.037     5.160 r  u_600_perlbench_s/glen[66].core_i/core/g[16].g_normal.alu_i/g_iadd.use_ip.u_addsub/U0/xst_addsub/i_baseblox.i_baseblox_addsub/no_pipelining.the_addsub/i_lut6.i_lut6_addsub/i_simple_model.i_gt_1.carrychaingen[26].carrymux_i_1/O
                         net (fo=1, routed)           0.021     5.181    u_600_perlbench_s/glen[66].core_i/core/g[16].g_normal.alu_i/g_iadd.use_ip.u_addsub/U0/xst_addsub/i_baseblox.i_baseblox_addsub/no_pipelining.the_addsub/i_lut6.i_lut6_addsub/i_simple_model.i_gt_1.carrychaingen[26].carrymux_i_1_n_0
    SLICE_X102Y421       CARRY8 (Prop_CARRY8_SLICEM_S[2]_CO[7])
                                                      0.161     5.342 r  u_600_perlbench_s/glen[66].core_i/core/g[16].g_normal.alu_i/g_iadd.use_ip.u_addsub/U0/xst_addsub/i_baseblox.i_baseblox_addsub/no_pipelining.the_addsub/i_lut6.i_lut6_addsub/i_simple_model.i_gt_1.carrychaingen[24].carrymux_CARRY4_CARRY8/CO[7]
                         net (fo=1, routed)           0.026     5.368    u_600_perlbench_s/glen[66].core_i/core/g[16].g_normal.alu_i/g_iadd.use_ip.u_addsub/U0/xst_addsub/i_baseblox.i_baseblox_addsub/no_pipelining.the_addsub/i_lut6.i_lut6_addsub/carry_simple_31
    SLICE_X102Y422       CARRY8 (Prop_CARRY8_SLICEM_CI_CO[7])
                                                      0.015     5.383 r  u_600_perlbench_s/glen[66].core_i/core/g[16].g_normal.alu_i/g_iadd.use_ip.u_addsub/U0/xst_addsub/i_baseblox.i_baseblox_addsub/no_pipelining.the_addsub/i_lut6.i_lut6_addsub/i_simple_model.i_gt_1.carrychaingen[32].carrymux_CARRY4_CARRY8/CO[7]
                         net (fo=1, routed)           0.026     5.409    u_600_perlbench_s/glen[66].core_i/core/g[16].g_normal.alu_i/g_iadd.use_ip.u_addsub/U0/xst_addsub/i_baseblox.i_baseblox_addsub/no_pipelining.the_addsub/i_lut6.i_lut6_addsub/carry_simple_39
    SLICE_X102Y423       CARRY8 (Prop_CARRY8_SLICEM_CI_CO[7])
                                                      0.015     5.424 r  u_600_perlbench_s/glen[66].core_i/core/g[16].g_normal.alu_i/g_iadd.use_ip.u_addsub/U0/xst_addsub/i_baseblox.i_baseblox_addsub/no_pipelining.the_addsub/i_lut6.i_lut6_addsub/i_simple_model.i_gt_1.carrychaingen[40].carrymux_CARRY4_CARRY8/CO[7]
                         net (fo=1, routed)           0.026     5.450    u_600_perlbench_s/glen[66].core_i/core/g[16].g_normal.alu_i/g_iadd.use_ip.u_addsub/U0/xst_addsub/i_baseblox.i_baseblox_addsub/no_pipelining.the_addsub/i_lut6.i_lut6_addsub/carry_simple_47
    SLICE_X102Y424       CARRY8 (Prop_CARRY8_SLICEM_CI_CO[7])
                                                      0.015     5.465 r  u_600_perlbench_s/glen[66].core_i/core/g[16].g_normal.alu_i/g_iadd.use_ip.u_addsub/U0/xst_addsub/i_baseblox.i_baseblox_addsub/no_pipelining.the_addsub/i_lut6.i_lut6_addsub/i_simple_model.i_gt_1.carrychaingen[48].carrymux_CARRY4_CARRY8/CO[7]
                         net (fo=1, routed)           0.026     5.491    u_600_perlbench_s/glen[66].core_i/core/g[16].g_normal.alu_i/g_iadd.use_ip.u_addsub/U0/xst_addsub/i_baseblox.i_baseblox_addsub/no_pipelining.the_addsub/i_lut6.i_lut6_addsub/carry_simple_55
    SLICE_X102Y425       CARRY8 (Prop_CARRY8_SLICEM_CI_O[7])
                                                      0.116     5.607 r  u_600_perlbench_s/glen[66].core_i/core/g[16].g_normal.alu_i/g_iadd.use_ip.u_addsub/U0/xst_addsub/i_baseblox.i_baseblox_addsub/no_pipelining.the_addsub/i_lut6.i_lut6_addsub/i_simple_model.i_gt_1.carrychaingen[56].carrymux_CARRY4_CARRY8/O[7]
                         net (fo=1, routed)           0.026     5.633    u_600_perlbench_s/glen[66].core_i/core/g[16].g_normal.alu_i/g_iadd.use_ip.u_addsub/U0/xst_addsub/i_baseblox.i_baseblox_addsub/no_pipelining.the_addsub/i_lut6.i_lut6_addsub/i_q.i_simple.qreg/D[63]
    SLICE_X102Y425       FDRE                                         r  u_600_perlbench_s/glen[66].core_i/core/g[16].g_normal.alu_i/g_iadd.use_ip.u_addsub/U0/xst_addsub/i_baseblox.i_baseblox_addsub/no_pipelining.the_addsub/i_lut6.i_lut6_addsub/i_q.i_simple.qreg/i_no_async_controls.output_reg[64]/D
  -------------------------------------------------------------------    -------------------

                         (clock host_clk rise edge)
                                                      3.333     3.333 r  
    AY13                                              0.000     3.333 r  clk (IN)
                         net (fo=0)                   0.000     3.333    clk_IBUF_inst/I
    AY13                 INBUF (Prop_INBUF_HPIOB_M_PAD_O)
                                                      0.393     3.726 r  clk_IBUF_inst/INBUF_INST/O
                         net (fo=1, routed)           0.000     3.726    clk_IBUF_inst/OUT
    AY13                 IBUFCTRL (Prop_IBUFCTRL_HPIOB_M_I_O)
                                                      0.000     3.726 r  clk_IBUF_inst/IBUFCTRL_INST/O
                         net (fo=1, routed)           0.287     4.013    clk_IBUF
    BUFGCE_X1Y194        BUFGCE (Prop_BUFCE_BUFGCE_I_O)
                                                      0.024     4.037 r  clk_IBUF_BUFG_inst/O
    X3Y6 (CLOCK_ROOT)    net (fo=40804, routed)       2.025     6.062    u_600_perlbench_s/glen[66].core_i/core/g[16].g_normal.alu_i/g_iadd.use_ip.u_addsub/U0/xst_addsub/i_baseblox.i_baseblox_addsub/no_pipelining.the_addsub/i_lut6.i_lut6_addsub/i_q.i_simple.qreg/CLK
    SLICE_X102Y425       FDRE                                         r  u_600_perlbench_s/glen[66].core_i/core/g[16].g_normal.alu_i/g_iadd.use_ip.u_addsub/U0/xst_addsub/i_baseblox.i_baseblox_addsub/no_pipelining.the_addsub/i_lut6.i_lut6_addsub/i_q.i_simple.qreg/i_no_async_controls.output_reg[64]/C
                         clock pessimism              0.398     6.461    
                         clock uncertainty           -0.035     6.425    
    SLICE_X102Y425       FDRE (Setup_HFF_SLICEM_C_D)
                                                      0.025     6.450    u_600_perlbench_s/glen[66].core_i/core/g[16].g_normal.alu_i/g_iadd.use_ip.u_addsub/U0/xst_addsub/i_baseblox.i_baseblox_addsub/no_pipelining.the_addsub/i_lut6.i_lut6_addsub/i_q.i_simple.qreg/i_no_async_controls.output_reg[64]
  -------------------------------------------------------------------
                         required time                          6.450    
                         arrival time                          -5.633    
  -------------------------------------------------------------------
                         slack                                  0.818    





Min Delay Paths
--------------------------------------------------------------------------------------
Slack (MET) :             0.010ns  (arrival time - required time)
  Source:                 u_600_perlbench_s/glen[80].core_i/core/g[0].g_normal.alu_i/g_soft_only.y_reg[19]/C
                            (rising edge-triggered cell FDRE clocked by host_clk  {rise@0.000ns fall@1.666ns period=3.333ns})
  Destination:            u_600_perlbench_s/glen[80].core_i/core/g[0].g_ff.stage_reg[1][19]/D
                            (rising edge-triggered cell FDRE clocked by host_clk  {rise@0.000ns fall@1.666ns period=3.333ns})
  Path Group:             host_clk
  Path Type:              Hold (Min at Slow Process Corner)
  Requirement:            0.000ns  (host_clk rise@0.000ns - host_clk rise@0.000ns)
  Data Path Delay:        0.174ns  (logic 0.059ns (33.908%)  route 0.115ns (66.092%))
  Logic Levels:           0  
  Clock Path Skew:        0.104ns (DCD - SCD - CPR)
    Destination Clock Delay (DCD):    3.450ns
    Source Clock Delay      (SCD):    2.883ns
    Clock Pessimism Removal (CPR):    0.462ns
  Clock Net Delay (Source):      2.179ns (routing 1.063ns, distribution 1.116ns)
  Clock Net Delay (Destination): 2.454ns (routing 1.170ns, distribution 1.284ns)

    Location             Delay type                Incr(ns)  Path(ns)    Netlist Resource(s)
  -------------------------------------------------------------------    -------------------
                         (clock host_clk rise edge)
                                                      0.000     0.000 r  
    AY13                                              0.000     0.000 r  clk (IN)
                         net (fo=0)                   0.000     0.000    clk_IBUF_inst/I
    AY13                 INBUF (Prop_INBUF_HPIOB_M_PAD_O)
                                                      0.393     0.393 r  clk_IBUF_inst/INBUF_INST/O
                         net (fo=1, routed)           0.000     0.393    clk_IBUF_inst/OUT
    AY13                 IBUFCTRL (Prop_IBUFCTRL_HPIOB_M_I_O)
                                                      0.000     0.393 r  clk_IBUF_inst/IBUFCTRL_INST/O
                         net (fo=1, routed)           0.287     0.680    clk_IBUF
    BUFGCE_X1Y194        BUFGCE (Prop_BUFCE_BUFGCE_I_O)
                                                      0.024     0.704 r  clk_IBUF_BUFG_inst/O
    X3Y6 (CLOCK_ROOT)    net (fo=40804, routed)       2.179     2.883    u_600_perlbench_s/glen[80].core_i/core/g[0].g_normal.alu_i/clk
    SLICE_X128Y432       FDRE                                         r  u_600_perlbench_s/glen[80].core_i/core/g[0].g_normal.alu_i/g_soft_only.y_reg[19]/C
  -------------------------------------------------------------------    -------------------
    SLICE_X128Y432       FDRE (Prop_DFF_SLICEL_C_Q)
                                                      0.059     2.942 r  u_600_perlbench_s/glen[80].core_i/core/g[0].g_normal.alu_i/g_soft_only.y_reg[19]/Q
                         net (fo=1, routed)           0.115     3.057    u_600_perlbench_s/glen[80].core_i/core/g[0].y_eff[19]
    SLICE_X130Y431       FDRE                                         r  u_600_perlbench_s/glen[80].core_i/core/g[0].g_ff.stage_reg[1][19]/D
  -------------------------------------------------------------------    -------------------

                         (clock host_clk rise edge)
                                                      0.000     0.000 r  
    AY13                                              0.000     0.000 r  clk (IN)
                         net (fo=0)                   0.000     0.000    clk_IBUF_inst/I
    AY13                 INBUF (Prop_INBUF_HPIOB_M_PAD_O)
                                                      0.645     0.645 r  clk_IBUF_inst/INBUF_INST/O
                         net (fo=1, routed)           0.000     0.645    clk_IBUF_inst/OUT
    AY13                 IBUFCTRL (Prop_IBUFCTRL_HPIOB_M_I_O)
                                                      0.000     0.645 r  clk_IBUF_inst/IBUFCTRL_INST/O
                         net (fo=1, routed)           0.323     0.968    clk_IBUF
    BUFGCE_X1Y194        BUFGCE (Prop_BUFCE_BUFGCE_I_O)
                                                      0.028     0.996 r  clk_IBUF_BUFG_inst/O
    X3Y6 (CLOCK_ROOT)    net (fo=40804, routed)       2.454     3.450    u_600_perlbench_s/glen[80].core_i/core/clk
    SLICE_X130Y431       FDRE                                         r  u_600_perlbench_s/glen[80].core_i/core/g[0].g_ff.stage_reg[1][19]/C
                         clock pessimism             -0.462     2.988    
    SLICE_X130Y431       FDRE (Hold_CFF_SLICEL_C_D)
                                                      0.060     3.048    u_600_perlbench_s/glen[80].core_i/core/g[0].g_ff.stage_reg[1][19]
  -------------------------------------------------------------------
                         required time                         -3.048    
                         arrival time                           3.057    
  -------------------------------------------------------------------
                         slack                                  0.010    





Pulse Width Checks
--------------------------------------------------------------------------------------
Clock Name:         host_clk
Waveform(ns):       { 0.000 1.666 }
Period(ns):         3.333
Sources:            { clk }

Check Type        Corner  Lib Pin     Reference Pin  Required(ns)  Actual(ns)  Slack(ns)  Location        Pin
Min Period        n/a     BUFGCE/I    n/a            1.290         3.333       2.043      BUFGCE_X1Y194   clk_IBUF_BUFG_inst/I
Low Pulse Width   Slow    SRL16E/CLK  n/a            0.532         1.666       1.134      SLICE_X137Y356  u_600_perlbench_s/glen[13].core_i/core/g[2].g_normal.alu_i/g_imul.mul64_ip.mul_i/U0/i_mult/gDSP.gDSP_only.iDSP/use_prim.appDSP48[1].bppDSP48[0].need_output_delay.output_delay/dN_hlutnm.srl_loop[0].i_srl16e0/CLK
High Pulse Width  Slow    SRL16E/CLK  n/a            0.532         1.666       1.134      SLICE_X116Y401  u_600_perlbench_s/glen[129].core_i/core/g[2].g_normal.alu_i/g_imul.mul64_ip.mul_i/U0/i_mult/gDSP.gDSP_only.iDSP/use_prim.appDSP48[1].bppDSP48[0].need_output_delay.output_delay/dN_hlutnm.srl_loop[0].i_srl16e0/CLK



