Copyright 1986-2020 Xilinx, Inc. All Rights Reserved.
-------------------------------------------------------------------------------------------------------------------------------------------------------------
| Tool Version      : Vivado v.2020.1 (lin64) Build 2902540 Wed May 27 19:54:35 MDT 2020
| Date              : Mon Sep 22 19:53:20 2025
| Host              : orthanc running 64-bit Ubuntu 22.04.4 LTS
| Command           : report_timing_summary -file /home/jyoo/custom_v_2/custom-core-tool/reports/memory_wo_simd/single/523_xalancbmk_r/post_route_timing.rpt
| Design            : top_bench__523_xalancbmk_r
| Device            : xcu200-fsgd2104
| Speed File        : -2  PRODUCTION 1.27 02-28-2020
| Temperature Grade : E
-------------------------------------------------------------------------------------------------------------------------------------------------------------

Timing Summary Report

------------------------------------------------------------------------------------------------
| Timer Settings
| --------------
------------------------------------------------------------------------------------------------

  Enable Multi Corner Analysis               :  Yes
  Enable Pessimism Removal                   :  Yes
  Pessimism Removal Resolution               :  Nearest Common Node
  Enable Input Delay Default Clock           :  No
  Enable Preset / Clear Arcs                 :  No
  Disable Flight Delays                      :  No
  Ignore I/O Paths                           :  No
  Timing Early Launch at Borrowing Latches   :  No
  Borrow Time for Max Delay Exceptions       :  Yes
  Merge Timing Exceptions                    :  Yes

  Corner  Analyze    Analyze    
  Name    Max Paths  Min Paths  
  ------  ---------  ---------  
  Slow    Yes        Yes        
  Fast    Yes        Yes        



check_timing report

Table of Contents
-----------------
1. checking no_clock (0)
2. checking constant_clock (0)
3. checking pulse_width_clock (0)
4. checking unconstrained_internal_endpoints (0)
5. checking no_input_delay (64)
6. checking no_output_delay (64)
7. checking multiple_clock (0)
8. checking generated_clocks (0)
9. checking loops (0)
10. checking partial_input_delay (0)
11. checking partial_output_delay (0)
12. checking latch_loops (0)

1. checking no_clock (0)
------------------------
 There are 0 register/latch pins with no clock.


2. checking constant_clock (0)
------------------------------
 There are 0 register/latch pins with constant_clock.


3. checking pulse_width_clock (0)
---------------------------------
 There are 0 register/latch pins which need pulse_width check


4. checking unconstrained_internal_endpoints (0)
------------------------------------------------
 There are 0 pins that are not constrained for maximum delay.

 There are 0 pins that are not constrained for maximum delay due to constant clock.


5. checking no_input_delay (64)
-------------------------------
 There are 64 input ports with no input delay specified. (HIGH)

 There are 0 input ports with no input delay but user has a false path constraint.


6. checking no_output_delay (64)
--------------------------------
 There are 64 ports with no output delay specified. (HIGH)

 There are 0 ports with no output delay but user has a false path constraint

 There are 0 ports with no output delay but with a timing clock defined on it or propagating through it


7. checking multiple_clock (0)
------------------------------
 There are 0 register/latch pins with multiple clocks.


8. checking generated_clocks (0)
--------------------------------
 There are 0 generated clocks that are not connected to a clock source.


9. checking loops (0)
---------------------
 There are 0 combinational loops in the design.


10. checking partial_input_delay (0)
------------------------------------
 There are 0 input ports with partial input delay specified.


11. checking partial_output_delay (0)
-------------------------------------
 There are 0 ports with partial output delay specified.


12. checking latch_loops (0)
----------------------------
 There are 0 combinational latch loops in the design through latch input



------------------------------------------------------------------------------------------------
| Design Timing Summary
| ---------------------
------------------------------------------------------------------------------------------------

    WNS(ns)      TNS(ns)  TNS Failing Endpoints  TNS Total Endpoints      WHS(ns)      THS(ns)  THS Failing Endpoints  THS Total Endpoints     WPWS(ns)     TPWS(ns)  TPWS Failing Endpoints  TPWS Total Endpoints  
    -------      -------  ---------------------  -------------------      -------      -------  ---------------------  -------------------     --------     --------  ----------------------  --------------------  
      2.020        0.000                      0                 2749        0.004        0.000                      0                 2749        1.391        0.000                       0                  3857  


All user specified timing constraints are met.


------------------------------------------------------------------------------------------------
| Clock Summary
| -------------
------------------------------------------------------------------------------------------------

Clock     Waveform(ns)         Period(ns)      Frequency(MHz)
-----     ------------         ----------      --------------
host_clk  {0.000 1.666}        3.333           300.030         


------------------------------------------------------------------------------------------------
| Intra Clock Table
| -----------------
------------------------------------------------------------------------------------------------

Clock             WNS(ns)      TNS(ns)  TNS Failing Endpoints  TNS Total Endpoints      WHS(ns)      THS(ns)  THS Failing Endpoints  THS Total Endpoints     WPWS(ns)     TPWS(ns)  TPWS Failing Endpoints  TPWS Total Endpoints  
-----             -------      -------  ---------------------  -------------------      -------      -------  ---------------------  -------------------     --------     --------  ----------------------  --------------------  
host_clk            2.020        0.000                      0                 2749        0.004        0.000                      0                 2749        1.391        0.000                       0                  3857  


------------------------------------------------------------------------------------------------
| Inter Clock Table
| -----------------
------------------------------------------------------------------------------------------------

From Clock    To Clock          WNS(ns)      TNS(ns)  TNS Failing Endpoints  TNS Total Endpoints      WHS(ns)      THS(ns)  THS Failing Endpoints  THS Total Endpoints  
----------    --------          -------      -------  ---------------------  -------------------      -------      -------  ---------------------  -------------------  


------------------------------------------------------------------------------------------------
| Other Path Groups Table
| -----------------------
------------------------------------------------------------------------------------------------

Path Group    From Clock    To Clock          WNS(ns)      TNS(ns)  TNS Failing Endpoints  TNS Total Endpoints      WHS(ns)      THS(ns)  THS Failing Endpoints  THS Total Endpoints  
----------    ----------    --------          -------      -------  ---------------------  -------------------      -------      -------  ---------------------  -------------------  


------------------------------------------------------------------------------------------------
| Timing Details
| --------------
------------------------------------------------------------------------------------------------


---------------------------------------------------------------------------------------------------
From Clock:  host_clk
  To Clock:  host_clk

Setup :            0  Failing Endpoints,  Worst Slack        2.020ns,  Total Violation        0.000ns
Hold  :            0  Failing Endpoints,  Worst Slack        0.004ns,  Total Violation        0.000ns
PW    :            0  Failing Endpoints,  Worst Slack        1.391ns,  Total Violation        0.000ns
---------------------------------------------------------------------------------------------------


Max Delay Paths
--------------------------------------------------------------------------------------
Slack (MET) :             2.020ns  (required time - arrival time)
  Source:                 u_523_xalancbmk_r/glen[10].core_i/c_q_reg[1]/C
                            (rising edge-triggered cell FDRE clocked by host_clk  {rise@0.000ns fall@1.666ns period=3.333ns})
  Destination:            u_523_xalancbmk_r/glen[10].core_i/core/g[0].g_normal.alu_i/g_iadd.use_ip.u_addsub/U0/xst_addsub/i_baseblox.i_baseblox_addsub/no_pipelining.the_addsub/i_lut6.i_lut6_addsub/i_q.i_simple.qreg/i_no_async_controls.output_reg[64]/D
                            (rising edge-triggered cell FDRE clocked by host_clk  {rise@0.000ns fall@1.666ns period=3.333ns})
  Path Group:             host_clk
  Path Type:              Setup (Max at Slow Process Corner)
  Requirement:            3.333ns  (host_clk rise@3.333ns - host_clk rise@0.000ns)
  Data Path Delay:        1.192ns  (logic 0.619ns (51.929%)  route 0.573ns (48.070%))
  Logic Levels:           9  (CARRY8=8 LUT2=1)
  Clock Path Skew:        -0.111ns (DCD - SCD + CPR)
    Destination Clock Delay (DCD):    2.181ns = ( 5.514 - 3.333 ) 
    Source Clock Delay      (SCD):    2.708ns
    Clock Pessimism Removal (CPR):    0.416ns
  Clock Uncertainty:      0.035ns  ((TSJ^2 + TIJ^2)^1/2 + DJ) / 2 + PE
    Total System Jitter     (TSJ):    0.071ns
    Total Input Jitter      (TIJ):    0.000ns
    Discrete Jitter          (DJ):    0.000ns
    Phase Error              (PE):    0.000ns
  Clock Net Delay (Source):      1.818ns (routing 0.985ns, distribution 0.833ns)
  Clock Net Delay (Destination): 1.584ns (routing 0.896ns, distribution 0.688ns)

    Location             Delay type                Incr(ns)  Path(ns)    Netlist Resource(s)
  -------------------------------------------------------------------    -------------------
                         (clock host_clk rise edge)
                                                      0.000     0.000 r  
    H17                                               0.000     0.000 r  clk (IN)
                         net (fo=0)                   0.000     0.000    clk_IBUF_inst/I
    H17                  INBUF (Prop_INBUF_HPIOB_M_PAD_O)
                                                      0.514     0.514 r  clk_IBUF_inst/INBUF_INST/O
                         net (fo=1, routed)           0.000     0.514    clk_IBUF_inst/OUT
    H17                  IBUFCTRL (Prop_IBUFCTRL_HPIOB_M_I_O)
                                                      0.000     0.514 r  clk_IBUF_inst/IBUFCTRL_INST/O
                         net (fo=1, routed)           0.348     0.862    clk_IBUF
    BUFGCE_X1Y290        BUFGCE (Prop_BUFCE_BUFGCE_I_O)
                                                      0.028     0.890 r  clk_IBUF_BUFG_inst/O
    X5Y14 (CLOCK_ROOT)   net (fo=3856, routed)        1.818     2.708    u_523_xalancbmk_r/glen[10].core_i/clk
    SLICE_X149Y846       FDRE                                         r  u_523_xalancbmk_r/glen[10].core_i/c_q_reg[1]/C
  -------------------------------------------------------------------    -------------------
    SLICE_X149Y846       FDRE (Prop_EFF_SLICEL_C_Q)
                                                      0.079     2.787 r  u_523_xalancbmk_r/glen[10].core_i/c_q_reg[1]/Q
                         net (fo=1, routed)           0.356     3.143    u_523_xalancbmk_r/glen[10].core_i/core/g[0].g_normal.alu_i/g_iadd.use_ip.u_addsub/U0/xst_addsub/i_baseblox.i_baseblox_addsub/no_pipelining.the_addsub/i_lut6.i_lut6_addsub/B[1]
    SLICE_X143Y853       LUT2 (Prop_B6LUT_SLICEL_I0_O)
                                                      0.148     3.291 r  u_523_xalancbmk_r/glen[10].core_i/core/g[0].g_normal.alu_i/g_iadd.use_ip.u_addsub/U0/xst_addsub/i_baseblox.i_baseblox_addsub/no_pipelining.the_addsub/i_lut6.i_lut6_addsub/i_simple_model.i_gt_1.carrychaingen[1].carrymux_i_1/O
                         net (fo=1, routed)           0.009     3.300    u_523_xalancbmk_r/glen[10].core_i/core/g[0].g_normal.alu_i/g_iadd.use_ip.u_addsub/U0/xst_addsub/i_baseblox.i_baseblox_addsub/no_pipelining.the_addsub/i_lut6.i_lut6_addsub/i_simple_model.i_gt_1.carrychaingen[1].carrymux_i_1_n_0
    SLICE_X143Y853       CARRY8 (Prop_CARRY8_SLICEL_S[1]_CO[7])
                                                      0.186     3.486 r  u_523_xalancbmk_r/glen[10].core_i/core/g[0].g_normal.alu_i/g_iadd.use_ip.u_addsub/U0/xst_addsub/i_baseblox.i_baseblox_addsub/no_pipelining.the_addsub/i_lut6.i_lut6_addsub/i_simple_model.carrymux0_CARRY4_CARRY8/CO[7]
                         net (fo=1, routed)           0.026     3.512    u_523_xalancbmk_r/glen[10].core_i/core/g[0].g_normal.alu_i/g_iadd.use_ip.u_addsub/U0/xst_addsub/i_baseblox.i_baseblox_addsub/no_pipelining.the_addsub/i_lut6.i_lut6_addsub/carry_simple_7
    SLICE_X143Y854       CARRY8 (Prop_CARRY8_SLICEL_CI_CO[7])
                                                      0.015     3.527 r  u_523_xalancbmk_r/glen[10].core_i/core/g[0].g_normal.alu_i/g_iadd.use_ip.u_addsub/U0/xst_addsub/i_baseblox.i_baseblox_addsub/no_pipelining.the_addsub/i_lut6.i_lut6_addsub/i_simple_model.i_gt_1.carrychaingen[8].carrymux_CARRY4_CARRY8/CO[7]
                         net (fo=1, routed)           0.026     3.553    u_523_xalancbmk_r/glen[10].core_i/core/g[0].g_normal.alu_i/g_iadd.use_ip.u_addsub/U0/xst_addsub/i_baseblox.i_baseblox_addsub/no_pipelining.the_addsub/i_lut6.i_lut6_addsub/carry_simple_15
    SLICE_X143Y855       CARRY8 (Prop_CARRY8_SLICEL_CI_CO[7])
                                                      0.015     3.568 r  u_523_xalancbmk_r/glen[10].core_i/core/g[0].g_normal.alu_i/g_iadd.use_ip.u_addsub/U0/xst_addsub/i_baseblox.i_baseblox_addsub/no_pipelining.the_addsub/i_lut6.i_lut6_addsub/i_simple_model.i_gt_1.carrychaingen[16].carrymux_CARRY4_CARRY8/CO[7]
                         net (fo=1, routed)           0.026     3.594    u_523_xalancbmk_r/glen[10].core_i/core/g[0].g_normal.alu_i/g_iadd.use_ip.u_addsub/U0/xst_addsub/i_baseblox.i_baseblox_addsub/no_pipelining.the_addsub/i_lut6.i_lut6_addsub/carry_simple_23
    SLICE_X143Y856       CARRY8 (Prop_CARRY8_SLICEL_CI_CO[7])
                                                      0.015     3.609 r  u_523_xalancbmk_r/glen[10].core_i/core/g[0].g_normal.alu_i/g_iadd.use_ip.u_addsub/U0/xst_addsub/i_baseblox.i_baseblox_addsub/no_pipelining.the_addsub/i_lut6.i_lut6_addsub/i_simple_model.i_gt_1.carrychaingen[24].carrymux_CARRY4_CARRY8/CO[7]
                         net (fo=1, routed)           0.026     3.635    u_523_xalancbmk_r/glen[10].core_i/core/g[0].g_normal.alu_i/g_iadd.use_ip.u_addsub/U0/xst_addsub/i_baseblox.i_baseblox_addsub/no_pipelining.the_addsub/i_lut6.i_lut6_addsub/carry_simple_31
    SLICE_X143Y857       CARRY8 (Prop_CARRY8_SLICEL_CI_CO[7])
                                                      0.015     3.650 r  u_523_xalancbmk_r/glen[10].core_i/core/g[0].g_normal.alu_i/g_iadd.use_ip.u_addsub/U0/xst_addsub/i_baseblox.i_baseblox_addsub/no_pipelining.the_addsub/i_lut6.i_lut6_addsub/i_simple_model.i_gt_1.carrychaingen[32].carrymux_CARRY4_CARRY8/CO[7]
                         net (fo=1, routed)           0.026     3.676    u_523_xalancbmk_r/glen[10].core_i/core/g[0].g_normal.alu_i/g_iadd.use_ip.u_addsub/U0/xst_addsub/i_baseblox.i_baseblox_addsub/no_pipelining.the_addsub/i_lut6.i_lut6_addsub/carry_simple_39
    SLICE_X143Y858       CARRY8 (Prop_CARRY8_SLICEL_CI_CO[7])
                                                      0.015     3.691 r  u_523_xalancbmk_r/glen[10].core_i/core/g[0].g_normal.alu_i/g_iadd.use_ip.u_addsub/U0/xst_addsub/i_baseblox.i_baseblox_addsub/no_pipelining.the_addsub/i_lut6.i_lut6_addsub/i_simple_model.i_gt_1.carrychaingen[40].carrymux_CARRY4_CARRY8/CO[7]
                         net (fo=1, routed)           0.026     3.717    u_523_xalancbmk_r/glen[10].core_i/core/g[0].g_normal.alu_i/g_iadd.use_ip.u_addsub/U0/xst_addsub/i_baseblox.i_baseblox_addsub/no_pipelining.the_addsub/i_lut6.i_lut6_addsub/carry_simple_47
    SLICE_X143Y859       CARRY8 (Prop_CARRY8_SLICEL_CI_CO[7])
                                                      0.015     3.732 r  u_523_xalancbmk_r/glen[10].core_i/core/g[0].g_normal.alu_i/g_iadd.use_ip.u_addsub/U0/xst_addsub/i_baseblox.i_baseblox_addsub/no_pipelining.the_addsub/i_lut6.i_lut6_addsub/i_simple_model.i_gt_1.carrychaingen[48].carrymux_CARRY4_CARRY8/CO[7]
                         net (fo=1, routed)           0.026     3.758    u_523_xalancbmk_r/glen[10].core_i/core/g[0].g_normal.alu_i/g_iadd.use_ip.u_addsub/U0/xst_addsub/i_baseblox.i_baseblox_addsub/no_pipelining.the_addsub/i_lut6.i_lut6_addsub/carry_simple_55
    SLICE_X143Y860       CARRY8 (Prop_CARRY8_SLICEL_CI_O[7])
                                                      0.116     3.874 r  u_523_xalancbmk_r/glen[10].core_i/core/g[0].g_normal.alu_i/g_iadd.use_ip.u_addsub/U0/xst_addsub/i_baseblox.i_baseblox_addsub/no_pipelining.the_addsub/i_lut6.i_lut6_addsub/i_simple_model.i_gt_1.carrychaingen[56].carrymux_CARRY4_CARRY8/O[7]
                         net (fo=1, routed)           0.026     3.900    u_523_xalancbmk_r/glen[10].core_i/core/g[0].g_normal.alu_i/g_iadd.use_ip.u_addsub/U0/xst_addsub/i_baseblox.i_baseblox_addsub/no_pipelining.the_addsub/i_lut6.i_lut6_addsub/i_q.i_simple.qreg/D[63]
    SLICE_X143Y860       FDRE                                         r  u_523_xalancbmk_r/glen[10].core_i/core/g[0].g_normal.alu_i/g_iadd.use_ip.u_addsub/U0/xst_addsub/i_baseblox.i_baseblox_addsub/no_pipelining.the_addsub/i_lut6.i_lut6_addsub/i_q.i_simple.qreg/i_no_async_controls.output_reg[64]/D
  -------------------------------------------------------------------    -------------------

                         (clock host_clk rise edge)
                                                      3.333     3.333 r  
    H17                                               0.000     3.333 r  clk (IN)
                         net (fo=0)                   0.000     3.333    clk_IBUF_inst/I
    H17                  INBUF (Prop_INBUF_HPIOB_M_PAD_O)
                                                      0.264     3.597 r  clk_IBUF_inst/INBUF_INST/O
                         net (fo=1, routed)           0.000     3.597    clk_IBUF_inst/OUT
    H17                  IBUFCTRL (Prop_IBUFCTRL_HPIOB_M_I_O)
                                                      0.000     3.597 r  clk_IBUF_inst/IBUFCTRL_INST/O
                         net (fo=1, routed)           0.309     3.906    clk_IBUF
    BUFGCE_X1Y290        BUFGCE (Prop_BUFCE_BUFGCE_I_O)
                                                      0.024     3.930 r  clk_IBUF_BUFG_inst/O
    X5Y14 (CLOCK_ROOT)   net (fo=3856, routed)        1.584     5.514    u_523_xalancbmk_r/glen[10].core_i/core/g[0].g_normal.alu_i/g_iadd.use_ip.u_addsub/U0/xst_addsub/i_baseblox.i_baseblox_addsub/no_pipelining.the_addsub/i_lut6.i_lut6_addsub/i_q.i_simple.qreg/CLK
    SLICE_X143Y860       FDRE                                         r  u_523_xalancbmk_r/glen[10].core_i/core/g[0].g_normal.alu_i/g_iadd.use_ip.u_addsub/U0/xst_addsub/i_baseblox.i_baseblox_addsub/no_pipelining.the_addsub/i_lut6.i_lut6_addsub/i_q.i_simple.qreg/i_no_async_controls.output_reg[64]/C
                         clock pessimism              0.416     5.930    
                         clock uncertainty           -0.035     5.895    
    SLICE_X143Y860       FDRE (Setup_HFF_SLICEL_C_D)
                                                      0.025     5.920    u_523_xalancbmk_r/glen[10].core_i/core/g[0].g_normal.alu_i/g_iadd.use_ip.u_addsub/U0/xst_addsub/i_baseblox.i_baseblox_addsub/no_pipelining.the_addsub/i_lut6.i_lut6_addsub/i_q.i_simple.qreg/i_no_async_controls.output_reg[64]
  -------------------------------------------------------------------
                         required time                          5.920    
                         arrival time                          -3.900    
  -------------------------------------------------------------------
                         slack                                  2.020    





Min Delay Paths
--------------------------------------------------------------------------------------
Slack (MET) :             0.004ns  (arrival time - required time)
  Source:                 u_523_xalancbmk_r/glen[4].core_i/core/g[1].g_normal.alu_i/g_soft_only.y_reg[15]/C
                            (rising edge-triggered cell FDRE clocked by host_clk  {rise@0.000ns fall@1.666ns period=3.333ns})
  Destination:            u_523_xalancbmk_r/glen[4].core_i/g_out_ff.dst_o_reg[15]/D
                            (rising edge-triggered cell FDRE clocked by host_clk  {rise@0.000ns fall@1.666ns period=3.333ns})
  Path Group:             host_clk
  Path Type:              Hold (Min at Slow Process Corner)
  Requirement:            0.000ns  (host_clk rise@0.000ns - host_clk rise@0.000ns)
  Data Path Delay:        0.167ns  (logic 0.058ns (34.731%)  route 0.109ns (65.269%))
  Logic Levels:           0  
  Clock Path Skew:        0.101ns (DCD - SCD - CPR)
    Destination Clock Delay (DCD):    2.703ns
    Source Clock Delay      (SCD):    2.186ns
    Clock Pessimism Removal (CPR):    0.416ns
  Clock Net Delay (Source):      1.589ns (routing 0.896ns, distribution 0.693ns)
  Clock Net Delay (Destination): 1.813ns (routing 0.985ns, distribution 0.828ns)

    Location             Delay type                Incr(ns)  Path(ns)    Netlist Resource(s)
  -------------------------------------------------------------------    -------------------
                         (clock host_clk rise edge)
                                                      0.000     0.000 r  
    H17                                               0.000     0.000 r  clk (IN)
                         net (fo=0)                   0.000     0.000    clk_IBUF_inst/I
    H17                  INBUF (Prop_INBUF_HPIOB_M_PAD_O)
                                                      0.264     0.264 r  clk_IBUF_inst/INBUF_INST/O
                         net (fo=1, routed)           0.000     0.264    clk_IBUF_inst/OUT
    H17                  IBUFCTRL (Prop_IBUFCTRL_HPIOB_M_I_O)
                                                      0.000     0.264 r  clk_IBUF_inst/IBUFCTRL_INST/O
                         net (fo=1, routed)           0.309     0.573    clk_IBUF
    BUFGCE_X1Y290        BUFGCE (Prop_BUFCE_BUFGCE_I_O)
                                                      0.024     0.597 r  clk_IBUF_BUFG_inst/O
    X5Y14 (CLOCK_ROOT)   net (fo=3856, routed)        1.589     2.186    u_523_xalancbmk_r/glen[4].core_i/core/g[1].g_normal.alu_i/clk
    SLICE_X145Y853       FDRE                                         r  u_523_xalancbmk_r/glen[4].core_i/core/g[1].g_normal.alu_i/g_soft_only.y_reg[15]/C
  -------------------------------------------------------------------    -------------------
    SLICE_X145Y853       FDRE (Prop_FFF_SLICEL_C_Q)
                                                      0.058     2.244 r  u_523_xalancbmk_r/glen[4].core_i/core/g[1].g_normal.alu_i/g_soft_only.y_reg[15]/Q
                         net (fo=1, routed)           0.109     2.353    u_523_xalancbmk_r/glen[4].core_i/dst_int[15]
    SLICE_X143Y851       FDRE                                         r  u_523_xalancbmk_r/glen[4].core_i/g_out_ff.dst_o_reg[15]/D
  -------------------------------------------------------------------    -------------------

                         (clock host_clk rise edge)
                                                      0.000     0.000 r  
    H17                                               0.000     0.000 r  clk (IN)
                         net (fo=0)                   0.000     0.000    clk_IBUF_inst/I
    H17                  INBUF (Prop_INBUF_HPIOB_M_PAD_O)
                                                      0.514     0.514 r  clk_IBUF_inst/INBUF_INST/O
                         net (fo=1, routed)           0.000     0.514    clk_IBUF_inst/OUT
    H17                  IBUFCTRL (Prop_IBUFCTRL_HPIOB_M_I_O)
                                                      0.000     0.514 r  clk_IBUF_inst/IBUFCTRL_INST/O
                         net (fo=1, routed)           0.348     0.862    clk_IBUF
    BUFGCE_X1Y290        BUFGCE (Prop_BUFCE_BUFGCE_I_O)
                                                      0.028     0.890 r  clk_IBUF_BUFG_inst/O
    X5Y14 (CLOCK_ROOT)   net (fo=3856, routed)        1.813     2.703    u_523_xalancbmk_r/glen[4].core_i/clk
    SLICE_X143Y851       FDRE                                         r  u_523_xalancbmk_r/glen[4].core_i/g_out_ff.dst_o_reg[15]/C
                         clock pessimism             -0.416     2.287    
    SLICE_X143Y851       FDRE (Hold_HFF2_SLICEL_C_D)
                                                      0.062     2.349    u_523_xalancbmk_r/glen[4].core_i/g_out_ff.dst_o_reg[15]
  -------------------------------------------------------------------
                         required time                         -2.349    
                         arrival time                           2.353    
  -------------------------------------------------------------------
                         slack                                  0.004    





Pulse Width Checks
--------------------------------------------------------------------------------------
Clock Name:         host_clk
Waveform(ns):       { 0.000 1.666 }
Period(ns):         3.333
Sources:            { clk }

Check Type        Corner  Lib Pin   Reference Pin  Required(ns)  Actual(ns)  Slack(ns)  Location        Pin
Min Period        n/a     BUFGCE/I  n/a            1.290         3.333       2.043      BUFGCE_X1Y290   clk_IBUF_BUFG_inst/I
Low Pulse Width   Slow    FDRE/C    n/a            0.275         1.666       1.391      SLICE_X151Y855  u_523_xalancbmk_r/glen[0].core_i/g_out_ff.dst_o_reg[33]/C
High Pulse Width  Fast    FDRE/C    n/a            0.275         1.666       1.391      SLICE_X146Y861  u_523_xalancbmk_r/glen[0].core_i/g_out_ff.dst_o_reg[25]/C



