Copyright 1986-2020 Xilinx, Inc. All Rights Reserved.
-------------------------------------------------------------------------------------------------------------------------------------------------------------------
| Tool Version : Vivado v.2020.1 (lin64) Build 2902540 Wed May 27 19:54:35 MDT 2020
| Date         : Mon Oct 27 18:08:58 2025
| Host         : orthanc running 64-bit Ubuntu 22.04.4 LTS
| Command      : report_utilization -hierarchical -file /home/jyoo/custom_v_2/custom-core-tool/reports/synth_0p5pct/benches/500_perlbench_r/pre_impl_util_hier.rpt
| Design       : top_multi_len
| Device       : xcu200fsgd2104-2
| Design State : Synthesized
-------------------------------------------------------------------------------------------------------------------------------------------------------------------

Utilization Design Information

Table of Contents
-----------------
1. Utilization by Hierarchy

1. Utilization by Hierarchy
---------------------------

+---------------------------------------------------------------------------------+-----------------------------------------------------+------------+------------+---------+------+------+--------+--------+------+------------+
|                                     Instance                                    |                        Module                       | Total LUTs | Logic LUTs | LUTRAMs | SRLs |  FFs | RAMB36 | RAMB18 | URAM | DSP Blocks |
+---------------------------------------------------------------------------------+-----------------------------------------------------+------------+------------+---------+------+------+--------+--------+------+------------+
| top_multi_len                                                                   |                                               (top) |       3445 |       3226 |       0 |  219 | 8245 |      8 |      0 |    0 |         16 |
|   (top_multi_len)                                                               |                                               (top) |        365 |        365 |       0 |    0 |  967 |      0 |      0 |    0 |          0 |
|   g_has_mem.glen_mem[0].blk_i                                                   |                           uop_block_wrap__xdcDup__1 |         70 |         70 |       0 |    0 |  236 |      0 |      0 |    0 |          0 |
|     (g_has_mem.glen_mem[0].blk_i)                                               |                           uop_block_wrap__xdcDup__1 |          3 |          3 |       0 |    0 |   75 |      0 |      0 |    0 |          0 |
|     core                                                                        |                                uop_block__xdcDup__1 |         67 |         67 |       0 |    0 |  161 |      0 |      0 |    0 |          0 |
|       (core)                                                                    |                                uop_block__xdcDup__1 |          3 |          3 |       0 |    0 |    1 |      0 |      0 |    0 |          0 |
|       g[0].g_normal.alu_i                                                       |                                     microop_unit__7 |          0 |          0 |       0 |    0 |   32 |      0 |      0 |    0 |          0 |
|       g[1].g_normal.alu_i                                                       |             microop_unit__parameterized0__xdcDup__1 |         64 |         64 |       0 |    0 |  128 |      0 |      0 |    0 |          0 |
|         (g[1].g_normal.alu_i)                                                   |             microop_unit__parameterized0__xdcDup__1 |          0 |          0 |       0 |    0 |   64 |      0 |      0 |    0 |          0 |
|         g_iadd.use_ip.u_addsub                                                  |                                      integer_addsub |         64 |         64 |       0 |    0 |   64 |      0 |      0 |    0 |          0 |
|           (g_iadd.use_ip.u_addsub)                                              |                                      integer_addsub |          0 |          0 |       0 |    0 |    0 |      0 |      0 |    0 |          0 |
|           U0                                                                    |                     integer_addsubc_addsub_v12_0_14 |         64 |         64 |       0 |    0 |   64 |      0 |      0 |    0 |          0 |
|             (U0)                                                                |                     integer_addsubc_addsub_v12_0_14 |          0 |          0 |       0 |    0 |    0 |      0 |      0 |    0 |          0 |
|             xst_addsub                                                          |                 integer_addsubc_addsub_v12_0_14_viv |         64 |         64 |       0 |    0 |   64 |      0 |      0 |    0 |          0 |
|               (xst_addsub)                                                      |                 integer_addsubc_addsub_v12_0_14_viv |          0 |          0 |       0 |    0 |    0 |      0 |      0 |    0 |          0 |
|               i_baseblox.i_baseblox_addsub                                      |              integer_addsubc_addsub_v12_0_14_legacy |         64 |         64 |       0 |    0 |   64 |      0 |      0 |    0 |          0 |
|                 no_pipelining.the_addsub                                        |       integer_addsubc_addsub_v12_0_14_fabric_legacy |         64 |         64 |       0 |    0 |   64 |      0 |      0 |    0 |          0 |
|                   i_lut6.i_lut6_addsub                                          |         integer_addsubc_addsub_v12_0_14_lut6_legacy |         64 |         64 |       0 |    0 |   64 |      0 |      0 |    0 |          0 |
|                     (i_lut6.i_lut6_addsub)                                      |         integer_addsubc_addsub_v12_0_14_lut6_legacy |         64 |         64 |       0 |    0 |    0 |      0 |      0 |    0 |          0 |
|                     i_q.i_simple.qreg                                           |                  integer_addsubc_reg_fd_v12_0_6_viv |          0 |          0 |       0 |    0 |   64 |      0 |      0 |    0 |          0 |
|   g_has_mem.glen_mem[10].blk_i                                                  |                      uop_block_wrap__parameterized8 |         32 |         32 |       0 |    0 |  101 |      0 |      0 |    0 |          0 |
|     (g_has_mem.glen_mem[10].blk_i)                                              |                      uop_block_wrap__parameterized8 |          0 |          0 |       0 |    0 |   37 |      0 |      0 |    0 |          0 |
|     core                                                                        |                           uop_block__parameterized8 |         32 |         32 |       0 |    0 |   64 |      0 |      0 |    0 |          0 |
|       (core)                                                                    |                           uop_block__parameterized8 |          0 |          0 |       0 |    0 |    0 |      0 |      0 |    0 |          0 |
|       g[0].g_normal.alu_i                                                       |                     microop_unit__parameterized5__9 |          0 |          0 |       0 |    0 |   32 |      0 |      0 |    0 |          0 |
|       g[1].g_normal.alu_i                                                       |                       microop_unit__parameterized10 |         32 |         32 |       0 |    0 |   32 |      0 |      0 |    0 |          0 |
|   g_has_mem.glen_mem[11].blk_i                                                  |                      uop_block_wrap__parameterized9 |        294 |         75 |       0 |  219 |  881 |      0 |      0 |    0 |         16 |
|     (g_has_mem.glen_mem[11].blk_i)                                              |                      uop_block_wrap__parameterized9 |          2 |          2 |       0 |    0 |   77 |      0 |      0 |    0 |          0 |
|     core                                                                        |                           uop_block__parameterized9 |        292 |         73 |       0 |  219 |  804 |      0 |      0 |    0 |         16 |
|       (core)                                                                    |                           uop_block__parameterized9 |          9 |          9 |       0 |    0 |    3 |      0 |      0 |    0 |          0 |
|       g[0].g_normal.alu_i                                                       |                     microop_unit__parameterized2__9 |          0 |          0 |       0 |    0 |   64 |      0 |      0 |    0 |          0 |
|       g[1].g_normal.alu_i                                                       |                                     microop_unit__5 |          0 |          0 |       0 |    0 |   32 |      0 |      0 |    0 |          0 |
|       g[2].g_normal.alu_i                                                       |                       microop_unit__parameterized11 |        219 |          0 |       0 |  219 |  545 |      0 |      0 |    0 |         16 |
|         (g[2].g_normal.alu_i)                                                   |                       microop_unit__parameterized11 |          0 |          0 |       0 |    0 |   64 |      0 |      0 |    0 |          0 |
|         g_imul.mul64_ip.mul_i                                                   |                                         integer_mul |        219 |          0 |       0 |  219 |  481 |      0 |      0 |    0 |         16 |
|           (g_imul.mul64_ip.mul_i)                                               |                                         integer_mul |          0 |          0 |       0 |    0 |    0 |      0 |      0 |    0 |          0 |
|           U0                                                                    |                        integer_mulmult_gen_v12_0_16 |        219 |          0 |       0 |  219 |  481 |      0 |      0 |    0 |         16 |
|             (U0)                                                                |                        integer_mulmult_gen_v12_0_16 |          0 |          0 |       0 |    0 |    0 |      0 |      0 |    0 |          0 |
|             i_mult                                                              |                    integer_mulmult_gen_v12_0_16_viv |        219 |          0 |       0 |  219 |  481 |      0 |      0 |    0 |         16 |
|               (i_mult)                                                          |                    integer_mulmult_gen_v12_0_16_viv |          0 |          0 |       0 |    0 |    0 |      0 |      0 |    0 |          0 |
|               gDSP.gDSP_only.iDSP                                               |                                      integer_muldsp |        219 |          0 |       0 |  219 |  481 |      0 |      0 |    0 |         16 |
|                 (gDSP.gDSP_only.iDSP)                                           |                                      integer_muldsp |          0 |          0 |       0 |    0 |    0 |      0 |      0 |    0 |         16 |
|                 use_prim.appDSP48[0].bppDSP48[0].need_output_delay.output_delay |              integer_muldelay_line__parameterized16 |          9 |          0 |       0 |    9 |   17 |      0 |      0 |    0 |          0 |
|                 use_prim.appDSP48[0].bppDSP48[2].need_output_delay.output_delay |              integer_muldelay_line__parameterized18 |          9 |          0 |       0 |    9 |   17 |      0 |      0 |    0 |          0 |
|                 use_prim.appDSP48[1].bppDSP48[0].need_output_delay.output_delay |              integer_muldelay_line__parameterized19 |          9 |          0 |       0 |    9 |   17 |      0 |      0 |    0 |          0 |
|                 use_prim.appDSP48[1].bppDSP48[3].need_output_delay.output_delay |              integer_muldelay_line__parameterized20 |          9 |          0 |       0 |    9 |   17 |      0 |      0 |    0 |          0 |
|                 use_prim.appDSP48[3].bppDSP48[0].need_output_delay.output_delay |              integer_muldelay_line__parameterized21 |          9 |          0 |       0 |    9 |   17 |      0 |      0 |    0 |          0 |
|                 use_prim.appDSP48[3].bppDSP48[2].need_output_delay.output_delay |              integer_muldelay_line__parameterized22 |          0 |          0 |       0 |    0 |   17 |      0 |      0 |    0 |          0 |
|                 use_prim.iAdelx[0].iAdely[2].use_delay_line.Adelay              |               integer_muldelay_line__parameterized0 |          9 |          0 |       0 |    9 |   18 |      0 |      0 |    0 |          0 |
|                 use_prim.iAdelx[1].iAdely[1].use_delay_line.Adelay              |               integer_muldelay_line__parameterized1 |          9 |          0 |       0 |    9 |   18 |      0 |      0 |    0 |          0 |
|                 use_prim.iAdelx[1].iAdely[2].use_delay_line.Adelay              |               integer_muldelay_line__parameterized2 |          9 |          0 |       0 |    9 |   18 |      0 |      0 |    0 |          0 |
|                 use_prim.iAdelx[1].iAdely[3].use_delay_line.Adelay              |               integer_muldelay_line__parameterized3 |          9 |          0 |       0 |    9 |   18 |      0 |      0 |    0 |          0 |
|                 use_prim.iAdelx[2].iAdely[0].use_delay_line.Adelay              |               integer_muldelay_line__parameterized4 |          0 |          0 |       0 |    0 |   17 |      0 |      0 |    0 |          0 |
|                 use_prim.iAdelx[2].iAdely[1].use_delay_line.Adelay              |               integer_muldelay_line__parameterized5 |          9 |          0 |       0 |    9 |   18 |      0 |      0 |    0 |          0 |
|                 use_prim.iAdelx[2].iAdely[2].use_delay_line.Adelay              |               integer_muldelay_line__parameterized6 |          9 |          0 |       0 |    9 |   18 |      0 |      0 |    0 |          0 |
|                 use_prim.iAdelx[2].iAdely[3].use_delay_line.Adelay              |               integer_muldelay_line__parameterized7 |          9 |          0 |       0 |    9 |   18 |      0 |      0 |    0 |          0 |
|                 use_prim.iAdelx[3].iAdely[0].use_delay_line.Adelay              |               integer_muldelay_line__parameterized8 |          7 |          0 |       0 |    7 |   13 |      0 |      0 |    0 |          0 |
|                 use_prim.iAdelx[3].iAdely[2].use_delay_line.Adelay              |               integer_muldelay_line__parameterized9 |          7 |          0 |       0 |    7 |   13 |      0 |      0 |    0 |          0 |
|                 use_prim.iBdelx[0].iBdely[2].need_delay_line.Bdelay             |             integer_muldelay_line__parameterized0_0 |          9 |          0 |       0 |    9 |   18 |      0 |      0 |    0 |          0 |
|                 use_prim.iBdelx[0].iBdely[3].need_delay_line.Bdelay             |              integer_muldelay_line__parameterized10 |          9 |          0 |       0 |    9 |   18 |      0 |      0 |    0 |          0 |
|                 use_prim.iBdelx[1].iBdely[0].need_delay_line.Bdelay             |             integer_muldelay_line__parameterized4_1 |          0 |          0 |       0 |    0 |   17 |      0 |      0 |    0 |          0 |
|                 use_prim.iBdelx[1].iBdely[1].need_delay_line.Bdelay             |             integer_muldelay_line__parameterized1_2 |          9 |          0 |       0 |    9 |   18 |      0 |      0 |    0 |          0 |
|                 use_prim.iBdelx[1].iBdely[2].need_delay_line.Bdelay             |             integer_muldelay_line__parameterized2_3 |          9 |          0 |       0 |    9 |   18 |      0 |      0 |    0 |          0 |
|                 use_prim.iBdelx[1].iBdely[3].need_delay_line.Bdelay             |             integer_muldelay_line__parameterized3_4 |          9 |          0 |       0 |    9 |   18 |      0 |      0 |    0 |          0 |
|                 use_prim.iBdelx[2].iBdely[1].need_delay_line.Bdelay             |             integer_muldelay_line__parameterized5_5 |          9 |          0 |       0 |    9 |   18 |      0 |      0 |    0 |          0 |
|                 use_prim.iBdelx[2].iBdely[2].need_delay_line.Bdelay             |             integer_muldelay_line__parameterized6_6 |          9 |          0 |       0 |    9 |   18 |      0 |      0 |    0 |          0 |
|                 use_prim.iBdelx[3].iBdely[0].need_delay_line.Bdelay             |              integer_muldelay_line__parameterized11 |          9 |          0 |       0 |    9 |   18 |      0 |      0 |    0 |          0 |
|                 use_prim.iBdelx[3].iBdely[1].need_delay_line.Bdelay             |              integer_muldelay_line__parameterized12 |          9 |          0 |       0 |    9 |   18 |      0 |      0 |    0 |          0 |
|                 use_prim.iBdelx[3].iBdely[2].need_delay_line.Bdelay             |              integer_muldelay_line__parameterized13 |          9 |          0 |       0 |    9 |   18 |      0 |      0 |    0 |          0 |
|                 use_prim.iBdelx[3].iBdely[3].need_delay_line.Bdelay             |              integer_muldelay_line__parameterized14 |          7 |          0 |       0 |    7 |   13 |      0 |      0 |    0 |          0 |
|       g[3].g_normal.alu_i                                                       |             microop_unit__parameterized0__xdcDup__4 |         64 |         64 |       0 |    0 |  128 |      0 |      0 |    0 |          0 |
|         (g[3].g_normal.alu_i)                                                   |             microop_unit__parameterized0__xdcDup__4 |          0 |          0 |       0 |    0 |   64 |      0 |      0 |    0 |          0 |
|         g_iadd.use_ip.u_addsub                                                  |                                 integer_addsub_HD82 |         64 |         64 |       0 |    0 |   64 |      0 |      0 |    0 |          0 |
|           (g_iadd.use_ip.u_addsub)                                              |                                 integer_addsub_HD82 |          0 |          0 |       0 |    0 |    0 |      0 |      0 |    0 |          0 |
|           U0                                                                    |                integer_addsubc_addsub_v12_0_14_HD83 |         64 |         64 |       0 |    0 |   64 |      0 |      0 |    0 |          0 |
|             (U0)                                                                |                integer_addsubc_addsub_v12_0_14_HD83 |          0 |          0 |       0 |    0 |    0 |      0 |      0 |    0 |          0 |
|             xst_addsub                                                          |            integer_addsubc_addsub_v12_0_14_viv_HD84 |         64 |         64 |       0 |    0 |   64 |      0 |      0 |    0 |          0 |
|               (xst_addsub)                                                      |            integer_addsubc_addsub_v12_0_14_viv_HD84 |          0 |          0 |       0 |    0 |    0 |      0 |      0 |    0 |          0 |
|               i_baseblox.i_baseblox_addsub                                      |         integer_addsubc_addsub_v12_0_14_legacy_HD85 |         64 |         64 |       0 |    0 |   64 |      0 |      0 |    0 |          0 |
|                 no_pipelining.the_addsub                                        |  integer_addsubc_addsub_v12_0_14_fabric_legacy_HD86 |         64 |         64 |       0 |    0 |   64 |      0 |      0 |    0 |          0 |
|                   i_lut6.i_lut6_addsub                                          |    integer_addsubc_addsub_v12_0_14_lut6_legacy_HD87 |         64 |         64 |       0 |    0 |   64 |      0 |      0 |    0 |          0 |
|                     (i_lut6.i_lut6_addsub)                                      |    integer_addsubc_addsub_v12_0_14_lut6_legacy_HD87 |         64 |         64 |       0 |    0 |    0 |      0 |      0 |    0 |          0 |
|                     i_q.i_simple.qreg                                           |             integer_addsubc_reg_fd_v12_0_6_viv_HD88 |          0 |          0 |       0 |    0 |   64 |      0 |      0 |    0 |          0 |
|       g[4].g_normal.alu_i                                                       |                                     microop_unit__6 |          0 |          0 |       0 |    0 |   32 |      0 |      0 |    0 |          0 |
|   g_has_mem.glen_mem[12].blk_i                                                  |                      uop_block_wrap__parameterized2 |         68 |         68 |       0 |    0 |  207 |      0 |      0 |    0 |          0 |
|     (g_has_mem.glen_mem[12].blk_i)                                              |                      uop_block_wrap__parameterized2 |          1 |          1 |       0 |    0 |   78 |      0 |      0 |    0 |          0 |
|     core                                                                        |                         uop_block__parameterized2_3 |         67 |         67 |       0 |    0 |  129 |      0 |      0 |    0 |          0 |
|       (core)                                                                    |                         uop_block__parameterized2_3 |          3 |          3 |       0 |    0 |    1 |      0 |      0 |    0 |          0 |
|       g[0].g_normal.alu_i                                                       |                     microop_unit__parameterized1__3 |         64 |         64 |       0 |    0 |   64 |      0 |      0 |    0 |          0 |
|       g[1].g_normal.alu_i                                                       |                     microop_unit__parameterized2__8 |          0 |          0 |       0 |    0 |   64 |      0 |      0 |    0 |          0 |
|   g_has_mem.glen_mem[13].blk_i                                                  |                     uop_block_wrap__parameterized10 |          2 |          2 |       0 |    0 |  207 |      0 |      0 |    0 |          0 |
|     (g_has_mem.glen_mem[13].blk_i)                                              |                     uop_block_wrap__parameterized10 |          0 |          0 |       0 |    0 |   78 |      0 |      0 |    0 |          0 |
|     core                                                                        |                          uop_block__parameterized10 |          2 |          2 |       0 |    0 |  129 |      0 |      0 |    0 |          0 |
|       (core)                                                                    |                          uop_block__parameterized10 |          2 |          2 |       0 |    0 |    1 |      0 |      0 |    0 |          0 |
|       g[0].g_normal.alu_i                                                       |                     microop_unit__parameterized2__6 |          0 |          0 |       0 |    0 |   64 |      0 |      0 |    0 |          0 |
|       g[1].g_normal.alu_i                                                       |                     microop_unit__parameterized2__7 |          0 |          0 |       0 |    0 |   64 |      0 |      0 |    0 |          0 |
|   g_has_mem.glen_mem[14].blk_i                                                  |                                      uop_block_wrap |         67 |         67 |       0 |    0 |  236 |      0 |      0 |    0 |          0 |
|     (g_has_mem.glen_mem[14].blk_i)                                              |                                      uop_block_wrap |          0 |          0 |       0 |    0 |   75 |      0 |      0 |    0 |          0 |
|     core                                                                        |                                           uop_block |         67 |         67 |       0 |    0 |  161 |      0 |      0 |    0 |          0 |
|       (core)                                                                    |                                           uop_block |          3 |          3 |       0 |    0 |    1 |      0 |      0 |    0 |          0 |
|       g[0].g_normal.alu_i                                                       |                                     microop_unit__4 |          0 |          0 |       0 |    0 |   32 |      0 |      0 |    0 |          0 |
|       g[1].g_normal.alu_i                                                       |                        microop_unit__parameterized0 |         64 |         64 |       0 |    0 |  128 |      0 |      0 |    0 |          0 |
|         (g[1].g_normal.alu_i)                                                   |                        microop_unit__parameterized0 |          0 |          0 |       0 |    0 |   64 |      0 |      0 |    0 |          0 |
|         g_iadd.use_ip.u_addsub                                                  |                                 integer_addsub_HD89 |         64 |         64 |       0 |    0 |   64 |      0 |      0 |    0 |          0 |
|           (g_iadd.use_ip.u_addsub)                                              |                                 integer_addsub_HD89 |          0 |          0 |       0 |    0 |    0 |      0 |      0 |    0 |          0 |
|           U0                                                                    |                integer_addsubc_addsub_v12_0_14_HD90 |         64 |         64 |       0 |    0 |   64 |      0 |      0 |    0 |          0 |
|             (U0)                                                                |                integer_addsubc_addsub_v12_0_14_HD90 |          0 |          0 |       0 |    0 |    0 |      0 |      0 |    0 |          0 |
|             xst_addsub                                                          |            integer_addsubc_addsub_v12_0_14_viv_HD91 |         64 |         64 |       0 |    0 |   64 |      0 |      0 |    0 |          0 |
|               (xst_addsub)                                                      |            integer_addsubc_addsub_v12_0_14_viv_HD91 |          0 |          0 |       0 |    0 |    0 |      0 |      0 |    0 |          0 |
|               i_baseblox.i_baseblox_addsub                                      |         integer_addsubc_addsub_v12_0_14_legacy_HD92 |         64 |         64 |       0 |    0 |   64 |      0 |      0 |    0 |          0 |
|                 no_pipelining.the_addsub                                        |  integer_addsubc_addsub_v12_0_14_fabric_legacy_HD93 |         64 |         64 |       0 |    0 |   64 |      0 |      0 |    0 |          0 |
|                   i_lut6.i_lut6_addsub                                          |    integer_addsubc_addsub_v12_0_14_lut6_legacy_HD94 |         64 |         64 |       0 |    0 |   64 |      0 |      0 |    0 |          0 |
|                     (i_lut6.i_lut6_addsub)                                      |    integer_addsubc_addsub_v12_0_14_lut6_legacy_HD94 |         64 |         64 |       0 |    0 |    0 |      0 |      0 |    0 |          0 |
|                     i_q.i_simple.qreg                                           |             integer_addsubc_reg_fd_v12_0_6_viv_HD95 |          0 |          0 |       0 |    0 |   64 |      0 |      0 |    0 |          0 |
|   g_has_mem.glen_mem[15].blk_i                                                  |                     uop_block_wrap__parameterized11 |         36 |         36 |       0 |    0 |  115 |      0 |      0 |    0 |          0 |
|     (g_has_mem.glen_mem[15].blk_i)                                              |                     uop_block_wrap__parameterized11 |          1 |          1 |       0 |    0 |   50 |      0 |      0 |    0 |          0 |
|     core                                                                        |                          uop_block__parameterized11 |         35 |         35 |       0 |    0 |   65 |      0 |      0 |    0 |          0 |
|       (core)                                                                    |                          uop_block__parameterized11 |          3 |          3 |       0 |    0 |    1 |      0 |      0 |    0 |          0 |
|       g[0].g_normal.alu_i                                                       |                       microop_unit__parameterized12 |         32 |         32 |       0 |    0 |   32 |      0 |      0 |    0 |          0 |
|       g[1].g_normal.alu_i                                                       |                     microop_unit__parameterized5__8 |          0 |          0 |       0 |    0 |   32 |      0 |      0 |    0 |          0 |
|   g_has_mem.glen_mem[16].blk_i                                                  |                     uop_block_wrap__parameterized12 |         36 |         36 |       0 |    0 |   90 |      0 |      0 |    0 |          0 |
|     (g_has_mem.glen_mem[16].blk_i)                                              |                     uop_block_wrap__parameterized12 |          0 |          0 |       0 |    0 |   49 |      0 |      0 |    0 |          0 |
|     core                                                                        |                          uop_block__parameterized12 |         36 |         36 |       0 |    0 |   41 |      0 |      0 |    0 |          0 |
|       (core)                                                                    |                          uop_block__parameterized12 |          4 |          4 |       0 |    0 |    1 |      0 |      0 |    0 |          0 |
|       g[0].g_normal.alu_i                                                       |                     microop_unit__parameterized3__3 |          0 |          0 |       0 |    0 |    8 |      0 |      0 |    0 |          0 |
|       g[1].g_normal.alu_i                                                       |                       microop_unit__parameterized13 |         32 |         32 |       0 |    0 |   32 |      0 |      0 |    0 |          0 |
|   g_has_mem.glen_mem[17].blk_i                                                  |                     uop_block_wrap__parameterized13 |          4 |          4 |       0 |    0 |  172 |      0 |      0 |    0 |          0 |
|     (g_has_mem.glen_mem[17].blk_i)                                              |                     uop_block_wrap__parameterized13 |          1 |          1 |       0 |    0 |   75 |      0 |      0 |    0 |          0 |
|     core                                                                        |                          uop_block__parameterized13 |          3 |          3 |       0 |    0 |   97 |      0 |      0 |    0 |          0 |
|       (core)                                                                    |                          uop_block__parameterized13 |          3 |          3 |       0 |    0 |    1 |      0 |      0 |    0 |          0 |
|       g[0].g_normal.alu_i                                                       |                                     microop_unit__3 |          0 |          0 |       0 |    0 |   32 |      0 |      0 |    0 |          0 |
|       g[1].g_normal.alu_i                                                       |                     microop_unit__parameterized2__5 |          0 |          0 |       0 |    0 |   64 |      0 |      0 |    0 |          0 |
|   g_has_mem.glen_mem[18].blk_i                                                  |                     uop_block_wrap__parameterized14 |         39 |         39 |       0 |    0 |  115 |      0 |      0 |    0 |          0 |
|     (g_has_mem.glen_mem[18].blk_i)                                              |                     uop_block_wrap__parameterized14 |          4 |          4 |       0 |    0 |   50 |      0 |      0 |    0 |          0 |
|     core                                                                        |                          uop_block__parameterized14 |         35 |         35 |       0 |    0 |   65 |      0 |      0 |    0 |          0 |
|       (core)                                                                    |                          uop_block__parameterized14 |          3 |          3 |       0 |    0 |    1 |      0 |      0 |    0 |          0 |
|       g[0].g_normal.alu_i                                                       |                       microop_unit__parameterized14 |         32 |         32 |       0 |    0 |   32 |      0 |      0 |    0 |          0 |
|       g[1].g_normal.alu_i                                                       |                     microop_unit__parameterized5__7 |          0 |          0 |       0 |    0 |   32 |      0 |      0 |    0 |          0 |
|   g_has_mem.glen_mem[19].blk_i                                                  |                     uop_block_wrap__parameterized15 |          4 |          4 |       0 |    0 |  171 |      0 |      0 |    0 |          0 |
|     (g_has_mem.glen_mem[19].blk_i)                                              |                     uop_block_wrap__parameterized15 |          1 |          1 |       0 |    0 |   74 |      0 |      0 |    0 |          0 |
|     core                                                                        |                          uop_block__parameterized15 |          3 |          3 |       0 |    0 |   97 |      0 |      0 |    0 |          0 |
|       (core)                                                                    |                          uop_block__parameterized15 |          3 |          3 |       0 |    0 |    1 |      0 |      0 |    0 |          0 |
|       g[0].g_normal.alu_i                                                       |                                     microop_unit__2 |          0 |          0 |       0 |    0 |   32 |      0 |      0 |    0 |          0 |
|       g[1].g_normal.alu_i                                                       |                     microop_unit__parameterized2__4 |          0 |          0 |       0 |    0 |   64 |      0 |      0 |    0 |          0 |
|   g_has_mem.glen_mem[1].blk_i                                                   |                      uop_block_wrap__parameterized0 |        136 |        136 |       0 |    0 |  302 |      0 |      0 |    0 |          0 |
|     (g_has_mem.glen_mem[1].blk_i)                                               |                      uop_block_wrap__parameterized0 |          2 |          2 |       0 |    0 |   76 |      0 |      0 |    0 |          0 |
|     core                                                                        |                           uop_block__parameterized0 |        134 |        134 |       0 |    0 |  226 |      0 |      0 |    0 |          0 |
|       (core)                                                                    |                           uop_block__parameterized0 |          6 |          6 |       0 |    0 |    2 |      0 |      0 |    0 |          0 |
|       g[0].g_normal.alu_i                                                       |                     microop_unit__parameterized1__4 |         64 |         64 |       0 |    0 |   64 |      0 |      0 |    0 |          0 |
|       g[1].g_normal.alu_i                                                       |                                     microop_unit__8 |          0 |          0 |       0 |    0 |   32 |      0 |      0 |    0 |          0 |
|       g[2].g_normal.alu_i                                                       |             microop_unit__parameterized0__xdcDup__2 |         64 |         64 |       0 |    0 |  128 |      0 |      0 |    0 |          0 |
|         (g[2].g_normal.alu_i)                                                   |             microop_unit__parameterized0__xdcDup__2 |          0 |          0 |       0 |    0 |   64 |      0 |      0 |    0 |          0 |
|         g_iadd.use_ip.u_addsub                                                  |                                 integer_addsub_HD96 |         64 |         64 |       0 |    0 |   64 |      0 |      0 |    0 |          0 |
|           (g_iadd.use_ip.u_addsub)                                              |                                 integer_addsub_HD96 |          0 |          0 |       0 |    0 |    0 |      0 |      0 |    0 |          0 |
|           U0                                                                    |                integer_addsubc_addsub_v12_0_14_HD97 |         64 |         64 |       0 |    0 |   64 |      0 |      0 |    0 |          0 |
|             (U0)                                                                |                integer_addsubc_addsub_v12_0_14_HD97 |          0 |          0 |       0 |    0 |    0 |      0 |      0 |    0 |          0 |
|             xst_addsub                                                          |            integer_addsubc_addsub_v12_0_14_viv_HD98 |         64 |         64 |       0 |    0 |   64 |      0 |      0 |    0 |          0 |
|               (xst_addsub)                                                      |            integer_addsubc_addsub_v12_0_14_viv_HD98 |          0 |          0 |       0 |    0 |    0 |      0 |      0 |    0 |          0 |
|               i_baseblox.i_baseblox_addsub                                      |         integer_addsubc_addsub_v12_0_14_legacy_HD99 |         64 |         64 |       0 |    0 |   64 |      0 |      0 |    0 |          0 |
|                 no_pipelining.the_addsub                                        | integer_addsubc_addsub_v12_0_14_fabric_legacy_HD100 |         64 |         64 |       0 |    0 |   64 |      0 |      0 |    0 |          0 |
|                   i_lut6.i_lut6_addsub                                          |   integer_addsubc_addsub_v12_0_14_lut6_legacy_HD101 |         64 |         64 |       0 |    0 |   64 |      0 |      0 |    0 |          0 |
|                     (i_lut6.i_lut6_addsub)                                      |   integer_addsubc_addsub_v12_0_14_lut6_legacy_HD101 |         64 |         64 |       0 |    0 |    0 |      0 |      0 |    0 |          0 |
|                     i_q.i_simple.qreg                                           |            integer_addsubc_reg_fd_v12_0_6_viv_HD102 |          0 |          0 |       0 |    0 |   64 |      0 |      0 |    0 |          0 |
|   g_has_mem.glen_mem[20].blk_i                                                  |                     uop_block_wrap__parameterized16 |        160 |        160 |       0 |    0 |  326 |      0 |      0 |    0 |          0 |
|     (g_has_mem.glen_mem[20].blk_i)                                              |                     uop_block_wrap__parameterized16 |          0 |          0 |       0 |    0 |   70 |      0 |      0 |    0 |          0 |
|     core                                                                        |                          uop_block__parameterized16 |        160 |        160 |       0 |    0 |  256 |      0 |      0 |    0 |          0 |
|       (core)                                                                    |                          uop_block__parameterized16 |          0 |          0 |       0 |    0 |    0 |      0 |      0 |    0 |          0 |
|       g[0].g_normal.alu_i                                                       |                     microop_unit__parameterized1__1 |         64 |         64 |       0 |    0 |   64 |      0 |      0 |    0 |          0 |
|       g[1].g_normal.alu_i                                                       |                       microop_unit__parameterized15 |         64 |         64 |       0 |    0 |  128 |      0 |      0 |    0 |          0 |
|         (g[1].g_normal.alu_i)                                                   |                       microop_unit__parameterized15 |          0 |          0 |       0 |    0 |   64 |      0 |      0 |    0 |          0 |
|         g_iadd.use_ip.u_addsub                                                  |                                integer_addsub_HD103 |         64 |         64 |       0 |    0 |   64 |      0 |      0 |    0 |          0 |
|           (g_iadd.use_ip.u_addsub)                                              |                                integer_addsub_HD103 |          0 |          0 |       0 |    0 |    0 |      0 |      0 |    0 |          0 |
|           U0                                                                    |               integer_addsubc_addsub_v12_0_14_HD104 |         64 |         64 |       0 |    0 |   64 |      0 |      0 |    0 |          0 |
|             (U0)                                                                |               integer_addsubc_addsub_v12_0_14_HD104 |          0 |          0 |       0 |    0 |    0 |      0 |      0 |    0 |          0 |
|             xst_addsub                                                          |           integer_addsubc_addsub_v12_0_14_viv_HD105 |         64 |         64 |       0 |    0 |   64 |      0 |      0 |    0 |          0 |
|               (xst_addsub)                                                      |           integer_addsubc_addsub_v12_0_14_viv_HD105 |          0 |          0 |       0 |    0 |    0 |      0 |      0 |    0 |          0 |
|               i_baseblox.i_baseblox_addsub                                      |        integer_addsubc_addsub_v12_0_14_legacy_HD106 |         64 |         64 |       0 |    0 |   64 |      0 |      0 |    0 |          0 |
|                 no_pipelining.the_addsub                                        | integer_addsubc_addsub_v12_0_14_fabric_legacy_HD107 |         64 |         64 |       0 |    0 |   64 |      0 |      0 |    0 |          0 |
|                   i_lut6.i_lut6_addsub                                          |   integer_addsubc_addsub_v12_0_14_lut6_legacy_HD108 |         64 |         64 |       0 |    0 |   64 |      0 |      0 |    0 |          0 |
|                     (i_lut6.i_lut6_addsub)                                      |   integer_addsubc_addsub_v12_0_14_lut6_legacy_HD108 |         64 |         64 |       0 |    0 |    0 |      0 |      0 |    0 |          0 |
|                     i_q.i_simple.qreg                                           |            integer_addsubc_reg_fd_v12_0_6_viv_HD109 |          0 |          0 |       0 |    0 |   64 |      0 |      0 |    0 |          0 |
|       g[2].g_normal.alu_i                                                       |                       microop_unit__parameterized16 |         32 |         32 |       0 |    0 |   64 |      0 |      0 |    0 |          0 |
|   g_has_mem.glen_mem[21].blk_i                                                  |                     uop_block_wrap__parameterized17 |         36 |         36 |       0 |    0 |  115 |      0 |      0 |    0 |          0 |
|     (g_has_mem.glen_mem[21].blk_i)                                              |                     uop_block_wrap__parameterized17 |          1 |          1 |       0 |    0 |   50 |      0 |      0 |    0 |          0 |
|     core                                                                        |                          uop_block__parameterized17 |         35 |         35 |       0 |    0 |   65 |      0 |      0 |    0 |          0 |
|       (core)                                                                    |                          uop_block__parameterized17 |          3 |          3 |       0 |    0 |    1 |      0 |      0 |    0 |          0 |
|       g[0].g_normal.alu_i                                                       |                     microop_unit__parameterized4__1 |         32 |         32 |       0 |    0 |   32 |      0 |      0 |    0 |          0 |
|       g[1].g_normal.alu_i                                                       |                     microop_unit__parameterized5__6 |          0 |          0 |       0 |    0 |   32 |      0 |      0 |    0 |          0 |
|   g_has_mem.glen_mem[22].blk_i                                                  |                     uop_block_wrap__parameterized18 |         36 |         36 |       0 |    0 |   90 |      0 |      0 |    0 |          0 |
|     (g_has_mem.glen_mem[22].blk_i)                                              |                     uop_block_wrap__parameterized18 |          1 |          1 |       0 |    0 |   49 |      0 |      0 |    0 |          0 |
|     core                                                                        |                          uop_block__parameterized18 |         35 |         35 |       0 |    0 |   41 |      0 |      0 |    0 |          0 |
|       (core)                                                                    |                          uop_block__parameterized18 |          3 |          3 |       0 |    0 |    1 |      0 |      0 |    0 |          0 |
|       g[0].g_normal.alu_i                                                       |                     microop_unit__parameterized3__2 |          0 |          0 |       0 |    0 |    8 |      0 |      0 |    0 |          0 |
|       g[1].g_normal.alu_i                                                       |                    microop_unit__parameterized10__1 |         32 |         32 |       0 |    0 |   32 |      0 |      0 |    0 |          0 |
|   g_has_mem.glen_mem[23].blk_i                                                  |                     uop_block_wrap__parameterized19 |          6 |          6 |       0 |    0 |  115 |      0 |      0 |    0 |          0 |
|     (g_has_mem.glen_mem[23].blk_i)                                              |                     uop_block_wrap__parameterized19 |          3 |          3 |       0 |    0 |   50 |      0 |      0 |    0 |          0 |
|     core                                                                        |                          uop_block__parameterized19 |          3 |          3 |       0 |    0 |   65 |      0 |      0 |    0 |          0 |
|       (core)                                                                    |                          uop_block__parameterized19 |          3 |          3 |       0 |    0 |    1 |      0 |      0 |    0 |          0 |
|       g[0].g_normal.alu_i                                                       |                     microop_unit__parameterized5__4 |          0 |          0 |       0 |    0 |   32 |      0 |      0 |    0 |          0 |
|       g[1].g_normal.alu_i                                                       |                     microop_unit__parameterized5__5 |          0 |          0 |       0 |    0 |   32 |      0 |      0 |    0 |          0 |
|   g_has_mem.glen_mem[24].blk_i                                                  |                     uop_block_wrap__parameterized20 |         11 |         11 |       0 |    0 |  271 |      0 |      0 |    0 |          0 |
|     (g_has_mem.glen_mem[24].blk_i)                                              |                     uop_block_wrap__parameterized20 |          4 |          4 |       0 |    0 |   77 |      0 |      0 |    0 |          0 |
|     core                                                                        |                          uop_block__parameterized20 |          7 |          7 |       0 |    0 |  194 |      0 |      0 |    0 |          0 |
|       (core)                                                                    |                          uop_block__parameterized20 |          7 |          7 |       0 |    0 |    2 |      0 |      0 |    0 |          0 |
|       g[0].g_normal.alu_i                                                       |                     microop_unit__parameterized2__1 |          0 |          0 |       0 |    0 |   64 |      0 |      0 |    0 |          0 |
|       g[1].g_normal.alu_i                                                       |                     microop_unit__parameterized2__2 |          0 |          0 |       0 |    0 |   64 |      0 |      0 |    0 |          0 |
|       g[2].g_normal.alu_i                                                       |                     microop_unit__parameterized2__3 |          0 |          0 |       0 |    0 |   64 |      0 |      0 |    0 |          0 |
|   g_has_mem.glen_mem[25].blk_i                                                  |                     uop_block_wrap__parameterized21 |          6 |          6 |       0 |    0 |   91 |      0 |      0 |    0 |          0 |
|     (g_has_mem.glen_mem[25].blk_i)                                              |                     uop_block_wrap__parameterized21 |          3 |          3 |       0 |    0 |   50 |      0 |      0 |    0 |          0 |
|     core                                                                        |                          uop_block__parameterized21 |          3 |          3 |       0 |    0 |   41 |      0 |      0 |    0 |          0 |
|       (core)                                                                    |                          uop_block__parameterized21 |          3 |          3 |       0 |    0 |    1 |      0 |      0 |    0 |          0 |
|       g[0].g_normal.alu_i                                                       |                     microop_unit__parameterized3__1 |          0 |          0 |       0 |    0 |    8 |      0 |      0 |    0 |          0 |
|       g[1].g_normal.alu_i                                                       |                     microop_unit__parameterized5__3 |          0 |          0 |       0 |    0 |   32 |      0 |      0 |    0 |          0 |
|   g_has_mem.glen_mem[26].blk_i                                                  |                     uop_block_wrap__parameterized22 |         99 |         99 |       0 |    0 |  213 |      0 |      0 |    0 |          0 |
|     (g_has_mem.glen_mem[26].blk_i)                                              |                     uop_block_wrap__parameterized22 |         13 |         13 |       0 |    0 |   50 |      0 |      0 |    0 |          0 |
|     core                                                                        |                          uop_block__parameterized22 |         86 |         86 |       0 |    0 |  163 |      0 |      0 |    0 |          0 |
|       (core)                                                                    |                          uop_block__parameterized22 |          6 |          6 |       0 |    0 |    3 |      0 |      0 |    0 |          0 |
|       g[0].g_normal.alu_i                                                       |                    microop_unit__parameterized14__1 |         32 |         32 |       0 |    0 |   32 |      0 |      0 |    0 |          0 |
|       g[1].g_normal.alu_i                                                       |                     microop_unit__parameterized5__1 |          0 |          0 |       0 |    0 |   32 |      0 |      0 |    0 |          0 |
|       g[2].g_normal.alu_i                                                       |                       microop_unit__parameterized17 |         32 |         32 |       0 |    0 |   32 |      0 |      0 |    0 |          0 |
|       g[3].g_normal.alu_i                                                       |                       microop_unit__parameterized18 |         16 |         16 |       0 |    0 |   32 |      0 |      0 |    0 |          0 |
|       g[4].g_normal.alu_i                                                       |                     microop_unit__parameterized5__2 |          0 |          0 |       0 |    0 |   32 |      0 |      0 |    0 |          0 |
|   g_has_mem.glen_mem[2].blk_i                                                   |                      uop_block_wrap__parameterized1 |          6 |          6 |       0 |    0 |  152 |      0 |      0 |    0 |          0 |
|     (g_has_mem.glen_mem[2].blk_i)                                               |                      uop_block_wrap__parameterized1 |          3 |          3 |       0 |    0 |   79 |      0 |      0 |    0 |          0 |
|     core                                                                        |                           uop_block__parameterized1 |          3 |          3 |       0 |    0 |   73 |      0 |      0 |    0 |          0 |
|       (core)                                                                    |                           uop_block__parameterized1 |          3 |          3 |       0 |    0 |    1 |      0 |      0 |    0 |          0 |
|       g[0].g_normal.alu_i                                                       |                    microop_unit__parameterized2__13 |          0 |          0 |       0 |    0 |   64 |      0 |      0 |    0 |          0 |
|       g[1].g_normal.alu_i                                                       |                     microop_unit__parameterized3__4 |          0 |          0 |       0 |    0 |    8 |      0 |      0 |    0 |          0 |
|   g_has_mem.glen_mem[3].blk_i                                                   |                    uop_block_wrap__parameterized2_0 |         68 |         68 |       0 |    0 |  207 |      0 |      0 |    0 |          0 |
|     (g_has_mem.glen_mem[3].blk_i)                                               |                    uop_block_wrap__parameterized2_0 |          1 |          1 |       0 |    0 |   78 |      0 |      0 |    0 |          0 |
|     core                                                                        |                         uop_block__parameterized2_2 |         67 |         67 |       0 |    0 |  129 |      0 |      0 |    0 |          0 |
|       (core)                                                                    |                         uop_block__parameterized2_2 |          3 |          3 |       0 |    0 |    1 |      0 |      0 |    0 |          0 |
|       g[0].g_normal.alu_i                                                       |                     microop_unit__parameterized1__5 |         64 |         64 |       0 |    0 |   64 |      0 |      0 |    0 |          0 |
|       g[1].g_normal.alu_i                                                       |                    microop_unit__parameterized2__14 |          0 |          0 |       0 |    0 |   64 |      0 |      0 |    0 |          0 |
|   g_has_mem.glen_mem[4].blk_i                                                   |                      uop_block_wrap__parameterized3 |         32 |         32 |       0 |    0 |  102 |      0 |      0 |    0 |          0 |
|     (g_has_mem.glen_mem[4].blk_i)                                               |                      uop_block_wrap__parameterized3 |          0 |          0 |       0 |    0 |   38 |      0 |      0 |    0 |          0 |
|     core                                                                        |                           uop_block__parameterized3 |         32 |         32 |       0 |    0 |   64 |      0 |      0 |    0 |          0 |
|       (core)                                                                    |                           uop_block__parameterized3 |          0 |          0 |       0 |    0 |    0 |      0 |      0 |    0 |          0 |
|       g[0].g_normal.alu_i                                                       |                        microop_unit__parameterized4 |         32 |         32 |       0 |    0 |   32 |      0 |      0 |    0 |          0 |
|       g[1].g_normal.alu_i                                                       |                                        microop_unit |          0 |          0 |       0 |    0 |   32 |      0 |      0 |    0 |          0 |
|   g_has_mem.glen_mem[5].blk_i                                                   |                      uop_block_wrap__parameterized4 |         68 |         68 |       0 |    0 |  269 |      0 |      0 |    0 |          0 |
|     (g_has_mem.glen_mem[5].blk_i)                                               |                      uop_block_wrap__parameterized4 |          1 |          1 |       0 |    0 |   76 |      0 |      0 |    0 |          0 |
|     core                                                                        |                           uop_block__parameterized4 |         67 |         67 |       0 |    0 |  193 |      0 |      0 |    0 |          0 |
|       (core)                                                                    |                           uop_block__parameterized4 |          3 |          3 |       0 |    0 |    1 |      0 |      0 |    0 |          0 |
|       g[0].g_normal.alu_i                                                       |             microop_unit__parameterized0__xdcDup__3 |         64 |         64 |       0 |    0 |  128 |      0 |      0 |    0 |          0 |
|         (g[0].g_normal.alu_i)                                                   |             microop_unit__parameterized0__xdcDup__3 |          0 |          0 |       0 |    0 |   64 |      0 |      0 |    0 |          0 |
|         g_iadd.use_ip.u_addsub                                                  |                                integer_addsub_HD110 |         64 |         64 |       0 |    0 |   64 |      0 |      0 |    0 |          0 |
|           (g_iadd.use_ip.u_addsub)                                              |                                integer_addsub_HD110 |          0 |          0 |       0 |    0 |    0 |      0 |      0 |    0 |          0 |
|           U0                                                                    |               integer_addsubc_addsub_v12_0_14_HD111 |         64 |         64 |       0 |    0 |   64 |      0 |      0 |    0 |          0 |
|             (U0)                                                                |               integer_addsubc_addsub_v12_0_14_HD111 |          0 |          0 |       0 |    0 |    0 |      0 |      0 |    0 |          0 |
|             xst_addsub                                                          |           integer_addsubc_addsub_v12_0_14_viv_HD112 |         64 |         64 |       0 |    0 |   64 |      0 |      0 |    0 |          0 |
|               (xst_addsub)                                                      |           integer_addsubc_addsub_v12_0_14_viv_HD112 |          0 |          0 |       0 |    0 |    0 |      0 |      0 |    0 |          0 |
|               i_baseblox.i_baseblox_addsub                                      |        integer_addsubc_addsub_v12_0_14_legacy_HD113 |         64 |         64 |       0 |    0 |   64 |      0 |      0 |    0 |          0 |
|                 no_pipelining.the_addsub                                        | integer_addsubc_addsub_v12_0_14_fabric_legacy_HD114 |         64 |         64 |       0 |    0 |   64 |      0 |      0 |    0 |          0 |
|                   i_lut6.i_lut6_addsub                                          |   integer_addsubc_addsub_v12_0_14_lut6_legacy_HD115 |         64 |         64 |       0 |    0 |   64 |      0 |      0 |    0 |          0 |
|                     (i_lut6.i_lut6_addsub)                                      |   integer_addsubc_addsub_v12_0_14_lut6_legacy_HD115 |         64 |         64 |       0 |    0 |    0 |      0 |      0 |    0 |          0 |
|                     i_q.i_simple.qreg                                           |            integer_addsubc_reg_fd_v12_0_6_viv_HD116 |          0 |          0 |       0 |    0 |   64 |      0 |      0 |    0 |          0 |
|       g[1].g_normal.alu_i                                                       |                    microop_unit__parameterized2__15 |          0 |          0 |       0 |    0 |   64 |      0 |      0 |    0 |          0 |
|   g_has_mem.glen_mem[6].blk_i                                                   |                      uop_block_wrap__parameterized5 |         68 |         68 |       0 |    0 |  226 |      0 |      0 |    0 |          0 |
|     (g_has_mem.glen_mem[6].blk_i)                                               |                      uop_block_wrap__parameterized5 |          3 |          3 |       0 |    0 |   47 |      0 |      0 |    0 |          0 |
|     core                                                                        |                           uop_block__parameterized5 |         65 |         65 |       0 |    0 |  179 |      0 |      0 |    0 |          0 |
|       (core)                                                                    |                           uop_block__parameterized5 |          8 |          8 |       0 |    0 |    3 |      0 |      0 |    0 |          0 |
|       g[0].g_normal.alu_i                                                       |                        microop_unit__parameterized3 |          0 |          0 |       0 |    0 |    8 |      0 |      0 |    0 |          0 |
|       g[1].g_normal.alu_i                                                       |                    microop_unit__parameterized5__10 |          0 |          0 |       0 |    0 |   32 |      0 |      0 |    0 |          0 |
|       g[2].g_normal.alu_i                                                       |                        microop_unit__parameterized6 |          8 |          8 |       0 |    0 |    8 |      0 |      0 |    0 |          0 |
|       g[3].g_normal.alu_i                                                       |                        microop_unit__parameterized7 |         32 |         32 |       0 |    0 |   32 |      0 |      0 |    0 |          0 |
|       g[4].g_normal.alu_i                                                       |                        microop_unit__parameterized8 |         16 |         16 |       0 |    0 |   32 |      0 |      0 |    0 |          0 |
|       g[5].g_normal.alu_i                                                       |                        microop_unit__parameterized9 |          1 |          1 |       0 |    0 |   32 |      0 |      0 |    0 |          0 |
|       g[6].g_normal.alu_i                                                       |                        microop_unit__parameterized5 |          0 |          0 |       0 |    0 |   32 |      0 |      0 |    0 |          0 |
|   g_has_mem.glen_mem[7].blk_i                                                   |                      uop_block_wrap__parameterized6 |         66 |         66 |       0 |    0 |  208 |      0 |      0 |    0 |          0 |
|     (g_has_mem.glen_mem[7].blk_i)                                               |                      uop_block_wrap__parameterized6 |          0 |          0 |       0 |    0 |   79 |      0 |      0 |    0 |          0 |
|     core                                                                        |                           uop_block__parameterized6 |         66 |         66 |       0 |    0 |  129 |      0 |      0 |    0 |          0 |
|       (core)                                                                    |                           uop_block__parameterized6 |          2 |          2 |       0 |    0 |    1 |      0 |      0 |    0 |          0 |
|       g[0].g_normal.alu_i                                                       |                        microop_unit__parameterized1 |         64 |         64 |       0 |    0 |   64 |      0 |      0 |    0 |          0 |
|       g[1].g_normal.alu_i                                                       |                        microop_unit__parameterized2 |          0 |          0 |       0 |    0 |   64 |      0 |      0 |    0 |          0 |
|   g_has_mem.glen_mem[8].blk_i                                                   |                    uop_block_wrap__parameterized2_1 |         73 |         73 |       0 |    0 |  206 |      0 |      0 |    0 |          0 |
|     (g_has_mem.glen_mem[8].blk_i)                                               |                    uop_block_wrap__parameterized2_1 |          6 |          6 |       0 |    0 |   77 |      0 |      0 |    0 |          0 |
|     core                                                                        |                           uop_block__parameterized2 |         67 |         67 |       0 |    0 |  129 |      0 |      0 |    0 |          0 |
|       (core)                                                                    |                           uop_block__parameterized2 |          3 |          3 |       0 |    0 |    1 |      0 |      0 |    0 |          0 |
|       g[0].g_normal.alu_i                                                       |                     microop_unit__parameterized1__2 |         64 |         64 |       0 |    0 |   64 |      0 |      0 |    0 |          0 |
|       g[1].g_normal.alu_i                                                       |                    microop_unit__parameterized2__11 |          0 |          0 |       0 |    0 |   64 |      0 |      0 |    0 |          0 |
|   g_has_mem.glen_mem[9].blk_i                                                   |                      uop_block_wrap__parameterized7 |          6 |          6 |       0 |    0 |  203 |      0 |      0 |    0 |          0 |
|     (g_has_mem.glen_mem[9].blk_i)                                               |                      uop_block_wrap__parameterized7 |          3 |          3 |       0 |    0 |   74 |      0 |      0 |    0 |          0 |
|     core                                                                        |                           uop_block__parameterized7 |          3 |          3 |       0 |    0 |  129 |      0 |      0 |    0 |          0 |
|       (core)                                                                    |                           uop_block__parameterized7 |          3 |          3 |       0 |    0 |    1 |      0 |      0 |    0 |          0 |
|       g[0].g_normal.alu_i                                                       |                    microop_unit__parameterized2__10 |          0 |          0 |       0 |    0 |   64 |      0 |      0 |    0 |          0 |
|       g[1].g_normal.alu_i                                                       |                    microop_unit__parameterized2__12 |          0 |          0 |       0 |    0 |   64 |      0 |      0 |    0 |          0 |
|   g_has_mem.u_pool                                                              |                                            spm_pool |       1551 |       1551 |       0 |    0 | 1651 |      8 |      0 |    0 |          0 |
|     (g_has_mem.u_pool)                                                          |                                            spm_pool |       1359 |       1359 |       0 |    0 | 1587 |      0 |      0 |    0 |          0 |
|     g_banks.gb[0].u_bank64                                                      |                                         spm_bank__1 |          5 |          5 |       0 |    0 |    2 |      1 |      0 |    0 |          0 |
|       (g_banks.gb[0].u_bank64)                                                  |                                         spm_bank__1 |          1 |          1 |       0 |    0 |    2 |      0 |      0 |    0 |          0 |
|       u_mem                                                                     |                                xpm_memory_sdpram_10 |          4 |          4 |       0 |    0 |    0 |      1 |      0 |    0 |          0 |
|         (u_mem)                                                                 |                                xpm_memory_sdpram_10 |          4 |          4 |       0 |    0 |    0 |      0 |      0 |    0 |          0 |
|         xpm_memory_base_inst                                                    |                                  xpm_memory_base__1 |          0 |          0 |       0 |    0 |    0 |      1 |      0 |    0 |          0 |
|     g_banks.gb[1].u_bank64                                                      |                                         spm_bank__2 |          5 |          5 |       0 |    0 |    2 |      1 |      0 |    0 |          0 |
|       (g_banks.gb[1].u_bank64)                                                  |                                         spm_bank__2 |          1 |          1 |       0 |    0 |    2 |      0 |      0 |    0 |          0 |
|       u_mem                                                                     |                                 xpm_memory_sdpram_9 |          4 |          4 |       0 |    0 |    0 |      1 |      0 |    0 |          0 |
|         (u_mem)                                                                 |                                 xpm_memory_sdpram_9 |          4 |          4 |       0 |    0 |    0 |      0 |      0 |    0 |          0 |
|         xpm_memory_base_inst                                                    |                                  xpm_memory_base__2 |          0 |          0 |       0 |    0 |    0 |      1 |      0 |    0 |          0 |
|     g_banks.gb[2].u_bank64                                                      |                                         spm_bank__3 |          5 |          5 |       0 |    0 |    2 |      1 |      0 |    0 |          0 |
|       (g_banks.gb[2].u_bank64)                                                  |                                         spm_bank__3 |          1 |          1 |       0 |    0 |    2 |      0 |      0 |    0 |          0 |
|       u_mem                                                                     |                                 xpm_memory_sdpram_8 |          4 |          4 |       0 |    0 |    0 |      1 |      0 |    0 |          0 |
|         (u_mem)                                                                 |                                 xpm_memory_sdpram_8 |          4 |          4 |       0 |    0 |    0 |      0 |      0 |    0 |          0 |
|         xpm_memory_base_inst                                                    |                                  xpm_memory_base__3 |          0 |          0 |       0 |    0 |    0 |      1 |      0 |    0 |          0 |
|     g_banks.gb[3].u_bank64                                                      |                                         spm_bank__4 |          5 |          5 |       0 |    0 |    2 |      1 |      0 |    0 |          0 |
|       (g_banks.gb[3].u_bank64)                                                  |                                         spm_bank__4 |          1 |          1 |       0 |    0 |    2 |      0 |      0 |    0 |          0 |
|       u_mem                                                                     |                                 xpm_memory_sdpram_7 |          4 |          4 |       0 |    0 |    0 |      1 |      0 |    0 |          0 |
|         (u_mem)                                                                 |                                 xpm_memory_sdpram_7 |          4 |          4 |       0 |    0 |    0 |      0 |      0 |    0 |          0 |
|         xpm_memory_base_inst                                                    |                                  xpm_memory_base__4 |          0 |          0 |       0 |    0 |    0 |      1 |      0 |    0 |          0 |
|     g_banks.gb[4].u_bank64                                                      |                                         spm_bank__5 |          5 |          5 |       0 |    0 |    2 |      1 |      0 |    0 |          0 |
|       (g_banks.gb[4].u_bank64)                                                  |                                         spm_bank__5 |          1 |          1 |       0 |    0 |    2 |      0 |      0 |    0 |          0 |
|       u_mem                                                                     |                                 xpm_memory_sdpram_6 |          4 |          4 |       0 |    0 |    0 |      1 |      0 |    0 |          0 |
|         (u_mem)                                                                 |                                 xpm_memory_sdpram_6 |          4 |          4 |       0 |    0 |    0 |      0 |      0 |    0 |          0 |
|         xpm_memory_base_inst                                                    |                                  xpm_memory_base__5 |          0 |          0 |       0 |    0 |    0 |      1 |      0 |    0 |          0 |
|     g_banks.gb[5].u_bank64                                                      |                                         spm_bank__6 |          5 |          5 |       0 |    0 |    2 |      1 |      0 |    0 |          0 |
|       (g_banks.gb[5].u_bank64)                                                  |                                         spm_bank__6 |          1 |          1 |       0 |    0 |    2 |      0 |      0 |    0 |          0 |
|       u_mem                                                                     |                                 xpm_memory_sdpram_5 |          4 |          4 |       0 |    0 |    0 |      1 |      0 |    0 |          0 |
|         (u_mem)                                                                 |                                 xpm_memory_sdpram_5 |          4 |          4 |       0 |    0 |    0 |      0 |      0 |    0 |          0 |
|         xpm_memory_base_inst                                                    |                                  xpm_memory_base__6 |          0 |          0 |       0 |    0 |    0 |      1 |      0 |    0 |          0 |
|     g_banks.gb[6].u_bank64                                                      |                                         spm_bank__7 |          5 |          5 |       0 |    0 |    2 |      1 |      0 |    0 |          0 |
|       (g_banks.gb[6].u_bank64)                                                  |                                         spm_bank__7 |          1 |          1 |       0 |    0 |    2 |      0 |      0 |    0 |          0 |
|       u_mem                                                                     |                                 xpm_memory_sdpram_4 |          4 |          4 |       0 |    0 |    0 |      1 |      0 |    0 |          0 |
|         (u_mem)                                                                 |                                 xpm_memory_sdpram_4 |          4 |          4 |       0 |    0 |    0 |      0 |      0 |    0 |          0 |
|         xpm_memory_base_inst                                                    |                                  xpm_memory_base__7 |          0 |          0 |       0 |    0 |    0 |      1 |      0 |    0 |          0 |
|     g_banks.gb[7].u_bank64                                                      |                                            spm_bank |          5 |          5 |       0 |    0 |    2 |      1 |      0 |    0 |          0 |
|       (g_banks.gb[7].u_bank64)                                                  |                                            spm_bank |          1 |          1 |       0 |    0 |    2 |      0 |      0 |    0 |          0 |
|       u_mem                                                                     |                                   xpm_memory_sdpram |          4 |          4 |       0 |    0 |    0 |      1 |      0 |    0 |          0 |
|         (u_mem)                                                                 |                                   xpm_memory_sdpram |          4 |          4 |       0 |    0 |    0 |      0 |      0 |    0 |          0 |
|         xpm_memory_base_inst                                                    |                                     xpm_memory_base |          0 |          0 |       0 |    0 |    0 |      1 |      0 |    0 |          0 |
|     u_rrA                                                                       |                                       rr_arbiter__1 |         76 |         76 |       0 |    0 |   24 |      0 |      0 |    0 |          0 |
|     u_rrB                                                                       |                                          rr_arbiter |         76 |         76 |       0 |    0 |   24 |      0 |      0 |    0 |          0 |
+---------------------------------------------------------------------------------+-----------------------------------------------------+------------+------------+---------+------+------+--------+--------+------+------------+


