Copyright 1986-2020 Xilinx, Inc. All Rights Reserved.
-------------------------------------------------------------------------------------------------------------------------------------------------
| Tool Version      : Vivado v.2020.1 (lin64) Build 2902540 Wed May 27 19:54:35 MDT 2020
| Date              : Mon Sep 22 03:45:34 2025
| Host              : orthanc running 64-bit Ubuntu 22.04.4 LTS
| Command           : report_timing_summary -file /home/jyoo/custom_v_2/custom-core-tool/reports/alubase/single/627_cam4_s/post_route_timing.rpt
| Design            : top_bench__627_cam4_s
| Device            : xcu200-fsgd2104
| Speed File        : -2  PRODUCTION 1.27 02-28-2020
| Temperature Grade : E
-------------------------------------------------------------------------------------------------------------------------------------------------

Timing Summary Report

------------------------------------------------------------------------------------------------
| Timer Settings
| --------------
------------------------------------------------------------------------------------------------

  Enable Multi Corner Analysis               :  Yes
  Enable Pessimism Removal                   :  Yes
  Pessimism Removal Resolution               :  Nearest Common Node
  Enable Input Delay Default Clock           :  No
  Enable Preset / Clear Arcs                 :  No
  Disable Flight Delays                      :  No
  Ignore I/O Paths                           :  No
  Timing Early Launch at Borrowing Latches   :  No
  Borrow Time for Max Delay Exceptions       :  Yes
  Merge Timing Exceptions                    :  Yes

  Corner  Analyze    Analyze    
  Name    Max Paths  Min Paths  
  ------  ---------  ---------  
  Slow    Yes        Yes        
  Fast    Yes        Yes        



check_timing report

Table of Contents
-----------------
1. checking no_clock (0)
2. checking constant_clock (0)
3. checking pulse_width_clock (0)
4. checking unconstrained_internal_endpoints (0)
5. checking no_input_delay (64)
6. checking no_output_delay (64)
7. checking multiple_clock (0)
8. checking generated_clocks (0)
9. checking loops (0)
10. checking partial_input_delay (0)
11. checking partial_output_delay (0)
12. checking latch_loops (0)

1. checking no_clock (0)
------------------------
 There are 0 register/latch pins with no clock.


2. checking constant_clock (0)
------------------------------
 There are 0 register/latch pins with constant_clock.


3. checking pulse_width_clock (0)
---------------------------------
 There are 0 register/latch pins which need pulse_width check


4. checking unconstrained_internal_endpoints (0)
------------------------------------------------
 There are 0 pins that are not constrained for maximum delay.

 There are 0 pins that are not constrained for maximum delay due to constant clock.


5. checking no_input_delay (64)
-------------------------------
 There are 64 input ports with no input delay specified. (HIGH)

 There are 0 input ports with no input delay but user has a false path constraint.


6. checking no_output_delay (64)
--------------------------------
 There are 64 ports with no output delay specified. (HIGH)

 There are 0 ports with no output delay but user has a false path constraint

 There are 0 ports with no output delay but with a timing clock defined on it or propagating through it


7. checking multiple_clock (0)
------------------------------
 There are 0 register/latch pins with multiple clocks.


8. checking generated_clocks (0)
--------------------------------
 There are 0 generated clocks that are not connected to a clock source.


9. checking loops (0)
---------------------
 There are 0 combinational loops in the design.


10. checking partial_input_delay (0)
------------------------------------
 There are 0 input ports with partial input delay specified.


11. checking partial_output_delay (0)
-------------------------------------
 There are 0 ports with partial output delay specified.


12. checking latch_loops (0)
----------------------------
 There are 0 combinational latch loops in the design through latch input



------------------------------------------------------------------------------------------------
| Design Timing Summary
| ---------------------
------------------------------------------------------------------------------------------------

    WNS(ns)      TNS(ns)  TNS Failing Endpoints  TNS Total Endpoints      WHS(ns)      THS(ns)  THS Failing Endpoints  THS Total Endpoints     WPWS(ns)     TPWS(ns)  TPWS Failing Endpoints  TPWS Total Endpoints  
    -------      -------  ---------------------  -------------------      -------      -------  ---------------------  -------------------     --------     --------  ----------------------  --------------------  
      1.153        0.000                      0                67062        0.010        0.000                      0                67062        1.134        0.000                       0                 51218  


All user specified timing constraints are met.


------------------------------------------------------------------------------------------------
| Clock Summary
| -------------
------------------------------------------------------------------------------------------------

Clock     Waveform(ns)         Period(ns)      Frequency(MHz)
-----     ------------         ----------      --------------
host_clk  {0.000 1.666}        3.333           300.030         


------------------------------------------------------------------------------------------------
| Intra Clock Table
| -----------------
------------------------------------------------------------------------------------------------

Clock             WNS(ns)      TNS(ns)  TNS Failing Endpoints  TNS Total Endpoints      WHS(ns)      THS(ns)  THS Failing Endpoints  THS Total Endpoints     WPWS(ns)     TPWS(ns)  TPWS Failing Endpoints  TPWS Total Endpoints  
-----             -------      -------  ---------------------  -------------------      -------      -------  ---------------------  -------------------     --------     --------  ----------------------  --------------------  
host_clk            1.153        0.000                      0                67062        0.010        0.000                      0                67062        1.134        0.000                       0                 51218  


------------------------------------------------------------------------------------------------
| Inter Clock Table
| -----------------
------------------------------------------------------------------------------------------------

From Clock    To Clock          WNS(ns)      TNS(ns)  TNS Failing Endpoints  TNS Total Endpoints      WHS(ns)      THS(ns)  THS Failing Endpoints  THS Total Endpoints  
----------    --------          -------      -------  ---------------------  -------------------      -------      -------  ---------------------  -------------------  


------------------------------------------------------------------------------------------------
| Other Path Groups Table
| -----------------------
------------------------------------------------------------------------------------------------

Path Group    From Clock    To Clock          WNS(ns)      TNS(ns)  TNS Failing Endpoints  TNS Total Endpoints      WHS(ns)      THS(ns)  THS Failing Endpoints  THS Total Endpoints  
----------    ----------    --------          -------      -------  ---------------------  -------------------      -------      -------  ---------------------  -------------------  


------------------------------------------------------------------------------------------------
| Timing Details
| --------------
------------------------------------------------------------------------------------------------


---------------------------------------------------------------------------------------------------
From Clock:  host_clk
  To Clock:  host_clk

Setup :            0  Failing Endpoints,  Worst Slack        1.153ns,  Total Violation        0.000ns
Hold  :            0  Failing Endpoints,  Worst Slack        0.010ns,  Total Violation        0.000ns
PW    :            0  Failing Endpoints,  Worst Slack        1.134ns,  Total Violation        0.000ns
---------------------------------------------------------------------------------------------------


Max Delay Paths
--------------------------------------------------------------------------------------
Slack (MET) :             1.153ns  (required time - arrival time)
  Source:                 u_627_cam4_s/glen[13].core_i/core/g[3].g_normal.alu_i/g_fma_sd.ok64.fp_fma_sd/U0/i_synth/FMA_OP.OP/addsub/add/ALIGN_BLK/ABS_DELAY/i_pipe/opt_has_pipe.first_q_reg[5]/C
                            (rising edge-triggered cell FDRE clocked by host_clk  {rise@0.000ns fall@1.666ns period=3.333ns})
  Destination:            u_627_cam4_s/glen[13].core_i/core/g[3].g_normal.alu_i/g_fma_sd.ok64.fp_fma_sd/U0/i_synth/FMA_OP.OP/addsub/add/ALIGN_BLK/aligner.ALIGN_SHIFT/ALIGN_SHIFT/MUX_LOOP[0].DEL_SHIFT/i_pipe/opt_has_pipe.first_q_reg[55]/D
                            (rising edge-triggered cell FDRE clocked by host_clk  {rise@0.000ns fall@1.666ns period=3.333ns})
  Path Group:             host_clk
  Path Type:              Setup (Max at Slow Process Corner)
  Requirement:            3.333ns  (host_clk rise@3.333ns - host_clk rise@0.000ns)
  Data Path Delay:        2.137ns  (logic 0.225ns (10.529%)  route 1.912ns (89.471%))
  Logic Levels:           1  (LUT4=1)
  Clock Path Skew:        -0.032ns (DCD - SCD + CPR)
    Destination Clock Delay (DCD):    2.274ns = ( 5.607 - 3.333 ) 
    Source Clock Delay      (SCD):    2.772ns
    Clock Pessimism Removal (CPR):    0.466ns
  Clock Uncertainty:      0.035ns  ((TSJ^2 + TIJ^2)^1/2 + DJ) / 2 + PE
    Total System Jitter     (TSJ):    0.071ns
    Total Input Jitter      (TIJ):    0.000ns
    Discrete Jitter          (DJ):    0.000ns
    Phase Error              (PE):    0.000ns
  Clock Net Delay (Source):      1.768ns (routing 0.711ns, distribution 1.057ns)
  Clock Net Delay (Destination): 1.564ns (routing 0.646ns, distribution 0.918ns)

    Location             Delay type                Incr(ns)  Path(ns)    Netlist Resource(s)
  -------------------------------------------------------------------    -------------------
                         (clock host_clk rise edge)
                                                      0.000     0.000 r  
    BA18                                              0.000     0.000 r  clk (IN)
                         net (fo=0)                   0.000     0.000    clk_IBUF_inst/I
    BA18                 INBUF (Prop_INBUF_HPIOB_M_PAD_O)
                                                      0.628     0.628 r  clk_IBUF_inst/INBUF_INST/O
                         net (fo=1, routed)           0.000     0.628    clk_IBUF_inst/OUT
    BA18                 IBUFCTRL (Prop_IBUFCTRL_HPIOB_M_I_O)
                                                      0.000     0.628 r  clk_IBUF_inst/IBUFCTRL_INST/O
                         net (fo=1, routed)           0.348     0.976    clk_IBUF
    BUFGCE_X1Y170        BUFGCE (Prop_BUFCE_BUFGCE_I_O)
                                                      0.028     1.004 r  clk_IBUF_BUFG_inst/O
    X4Y6 (CLOCK_ROOT)    net (fo=51491, routed)       1.768     2.772    u_627_cam4_s/glen[13].core_i/core/g[3].g_normal.alu_i/g_fma_sd.ok64.fp_fma_sd/U0/i_synth/FMA_OP.OP/addsub/add/ALIGN_BLK/ABS_DELAY/i_pipe/aclk
    SLICE_X122Y316       FDRE                                         r  u_627_cam4_s/glen[13].core_i/core/g[3].g_normal.alu_i/g_fma_sd.ok64.fp_fma_sd/U0/i_synth/FMA_OP.OP/addsub/add/ALIGN_BLK/ABS_DELAY/i_pipe/opt_has_pipe.first_q_reg[5]/C
  -------------------------------------------------------------------    -------------------
    SLICE_X122Y316       FDRE (Prop_FFF_SLICEL_C_Q)
                                                      0.079     2.851 r  u_627_cam4_s/glen[13].core_i/core/g[3].g_normal.alu_i/g_fma_sd.ok64.fp_fma_sd/U0/i_synth/FMA_OP.OP/addsub/add/ALIGN_BLK/ABS_DELAY/i_pipe/opt_has_pipe.first_q_reg[5]/Q
                         net (fo=81, routed)          1.863     4.714    u_627_cam4_s/glen[13].core_i/core/g[3].g_normal.alu_i/g_fma_sd.ok64.fp_fma_sd/U0/i_synth/FMA_OP.OP/addsub/add/ALIGN_BLK/ABS_DELAY/i_pipe/first_q[5]
    SLICE_X122Y311       LUT4 (Prop_D6LUT_SLICEL_I2_O)
                                                      0.146     4.860 r  u_627_cam4_s/glen[13].core_i/core/g[3].g_normal.alu_i/g_fma_sd.ok64.fp_fma_sd/U0/i_synth/FMA_OP.OP/addsub/add/ALIGN_BLK/ABS_DELAY/i_pipe/opt_has_pipe.first_q[55]_i_1__4/O
                         net (fo=1, routed)           0.049     4.909    u_627_cam4_s/glen[13].core_i/core/g[3].g_normal.alu_i/g_fma_sd.ok64.fp_fma_sd/U0/i_synth/FMA_OP.OP/addsub/add/ALIGN_BLK/aligner.ALIGN_SHIFT/ALIGN_SHIFT/MUX_LOOP[0].DEL_SHIFT/i_pipe/opt_has_pipe.first_q_reg[55]_0
    SLICE_X122Y311       FDRE                                         r  u_627_cam4_s/glen[13].core_i/core/g[3].g_normal.alu_i/g_fma_sd.ok64.fp_fma_sd/U0/i_synth/FMA_OP.OP/addsub/add/ALIGN_BLK/aligner.ALIGN_SHIFT/ALIGN_SHIFT/MUX_LOOP[0].DEL_SHIFT/i_pipe/opt_has_pipe.first_q_reg[55]/D
  -------------------------------------------------------------------    -------------------

                         (clock host_clk rise edge)
                                                      3.333     3.333 r  
    BA18                                              0.000     3.333 r  clk (IN)
                         net (fo=0)                   0.000     3.333    clk_IBUF_inst/I
    BA18                 INBUF (Prop_INBUF_HPIOB_M_PAD_O)
                                                      0.377     3.710 r  clk_IBUF_inst/INBUF_INST/O
                         net (fo=1, routed)           0.000     3.710    clk_IBUF_inst/OUT
    BA18                 IBUFCTRL (Prop_IBUFCTRL_HPIOB_M_I_O)
                                                      0.000     3.710 r  clk_IBUF_inst/IBUFCTRL_INST/O
                         net (fo=1, routed)           0.309     4.019    clk_IBUF
    BUFGCE_X1Y170        BUFGCE (Prop_BUFCE_BUFGCE_I_O)
                                                      0.024     4.043 r  clk_IBUF_BUFG_inst/O
    X4Y6 (CLOCK_ROOT)    net (fo=51491, routed)       1.564     5.607    u_627_cam4_s/glen[13].core_i/core/g[3].g_normal.alu_i/g_fma_sd.ok64.fp_fma_sd/U0/i_synth/FMA_OP.OP/addsub/add/ALIGN_BLK/aligner.ALIGN_SHIFT/ALIGN_SHIFT/MUX_LOOP[0].DEL_SHIFT/i_pipe/aclk
    SLICE_X122Y311       FDRE                                         r  u_627_cam4_s/glen[13].core_i/core/g[3].g_normal.alu_i/g_fma_sd.ok64.fp_fma_sd/U0/i_synth/FMA_OP.OP/addsub/add/ALIGN_BLK/aligner.ALIGN_SHIFT/ALIGN_SHIFT/MUX_LOOP[0].DEL_SHIFT/i_pipe/opt_has_pipe.first_q_reg[55]/C
                         clock pessimism              0.466     6.073    
                         clock uncertainty           -0.035     6.038    
    SLICE_X122Y311       FDRE (Setup_DFF_SLICEL_C_D)
                                                      0.025     6.063    u_627_cam4_s/glen[13].core_i/core/g[3].g_normal.alu_i/g_fma_sd.ok64.fp_fma_sd/U0/i_synth/FMA_OP.OP/addsub/add/ALIGN_BLK/aligner.ALIGN_SHIFT/ALIGN_SHIFT/MUX_LOOP[0].DEL_SHIFT/i_pipe/opt_has_pipe.first_q_reg[55]
  -------------------------------------------------------------------
                         required time                          6.063    
                         arrival time                          -4.909    
  -------------------------------------------------------------------
                         slack                                  1.153    





Min Delay Paths
--------------------------------------------------------------------------------------
Slack (MET) :             0.010ns  (arrival time - required time)
  Source:                 u_627_cam4_s/glen[13].core_i/core/g[7].g_normal.alu_i/g_vdivsd.ok64.fp_div_sd/U0/i_synth/need_combiner.use_2to1.skid_buffer_combiner/gen_has_z_tready.reg2_a_tdata_reg[4]/C
                            (rising edge-triggered cell FDRE clocked by host_clk  {rise@0.000ns fall@1.666ns period=3.333ns})
  Destination:            u_627_cam4_s/glen[13].core_i/core/g[7].g_normal.alu_i/g_vdivsd.ok64.fp_div_sd/U0/i_synth/DIV_OP.SPD.OP/MANT_DIV/RT[0].ADDSUB/ADDSUB/Q_DEL/i_pipe/opt_has_pipe.first_q_reg[5]/D
                            (rising edge-triggered cell FDRE clocked by host_clk  {rise@0.000ns fall@1.666ns period=3.333ns})
  Path Group:             host_clk
  Path Type:              Hold (Min at Slow Process Corner)
  Requirement:            0.000ns  (host_clk rise@0.000ns - host_clk rise@0.000ns)
  Data Path Delay:        0.246ns  (logic 0.111ns (45.122%)  route 0.135ns (54.878%))
  Logic Levels:           1  (CARRY8=1)
  Clock Path Skew:        0.176ns (DCD - SCD - CPR)
    Destination Clock Delay (DCD):    2.871ns
    Source Clock Delay      (SCD):    2.283ns
    Clock Pessimism Removal (CPR):    0.412ns
  Clock Net Delay (Source):      1.573ns (routing 0.646ns, distribution 0.927ns)
  Clock Net Delay (Destination): 1.867ns (routing 0.711ns, distribution 1.156ns)

    Location             Delay type                Incr(ns)  Path(ns)    Netlist Resource(s)
  -------------------------------------------------------------------    -------------------
                         (clock host_clk rise edge)
                                                      0.000     0.000 r  
    BA18                                              0.000     0.000 r  clk (IN)
                         net (fo=0)                   0.000     0.000    clk_IBUF_inst/I
    BA18                 INBUF (Prop_INBUF_HPIOB_M_PAD_O)
                                                      0.377     0.377 r  clk_IBUF_inst/INBUF_INST/O
                         net (fo=1, routed)           0.000     0.377    clk_IBUF_inst/OUT
    BA18                 IBUFCTRL (Prop_IBUFCTRL_HPIOB_M_I_O)
                                                      0.000     0.377 r  clk_IBUF_inst/IBUFCTRL_INST/O
                         net (fo=1, routed)           0.309     0.686    clk_IBUF
    BUFGCE_X1Y170        BUFGCE (Prop_BUFCE_BUFGCE_I_O)
                                                      0.024     0.710 r  clk_IBUF_BUFG_inst/O
    X4Y6 (CLOCK_ROOT)    net (fo=51491, routed)       1.573     2.283    u_627_cam4_s/glen[13].core_i/core/g[7].g_normal.alu_i/g_vdivsd.ok64.fp_div_sd/U0/i_synth/need_combiner.use_2to1.skid_buffer_combiner/aclk
    SLICE_X141Y361       FDRE                                         r  u_627_cam4_s/glen[13].core_i/core/g[7].g_normal.alu_i/g_vdivsd.ok64.fp_div_sd/U0/i_synth/need_combiner.use_2to1.skid_buffer_combiner/gen_has_z_tready.reg2_a_tdata_reg[4]/C
  -------------------------------------------------------------------    -------------------
    SLICE_X141Y361       FDRE (Prop_BFF2_SLICEM_C_Q)
                                                      0.060     2.343 r  u_627_cam4_s/glen[13].core_i/core/g[7].g_normal.alu_i/g_vdivsd.ok64.fp_div_sd/U0/i_synth/need_combiner.use_2to1.skid_buffer_combiner/gen_has_z_tready.reg2_a_tdata_reg[4]/Q
                         net (fo=3, routed)           0.125     2.468    u_627_cam4_s/glen[13].core_i/core/g[7].g_normal.alu_i/g_vdivsd.ok64.fp_div_sd/U0/i_synth/DIV_OP.SPD.OP/MANT_DIV/RT[0].ADDSUB/ADDSUB/opt_has_pipe.first_q_reg[52][4]
    SLICE_X142Y362       CARRY8 (Prop_CARRY8_SLICEM_DI[4]_O[5])
                                                      0.051     2.519 r  u_627_cam4_s/glen[13].core_i/core/g[7].g_normal.alu_i/g_vdivsd.ok64.fp_div_sd/U0/i_synth/DIV_OP.SPD.OP/MANT_DIV/RT[0].ADDSUB/ADDSUB/CHAIN_GEN[0].C_MUX.CARRY_MUX_CARRY4_CARRY8/O[5]
                         net (fo=1, routed)           0.010     2.529    u_627_cam4_s/glen[13].core_i/core/g[7].g_normal.alu_i/g_vdivsd.ok64.fp_div_sd/U0/i_synth/DIV_OP.SPD.OP/MANT_DIV/RT[0].ADDSUB/ADDSUB/Q_DEL/i_pipe/D[5]
    SLICE_X142Y362       FDRE                                         r  u_627_cam4_s/glen[13].core_i/core/g[7].g_normal.alu_i/g_vdivsd.ok64.fp_div_sd/U0/i_synth/DIV_OP.SPD.OP/MANT_DIV/RT[0].ADDSUB/ADDSUB/Q_DEL/i_pipe/opt_has_pipe.first_q_reg[5]/D
  -------------------------------------------------------------------    -------------------

                         (clock host_clk rise edge)
                                                      0.000     0.000 r  
    BA18                                              0.000     0.000 r  clk (IN)
                         net (fo=0)                   0.000     0.000    clk_IBUF_inst/I
    BA18                 INBUF (Prop_INBUF_HPIOB_M_PAD_O)
                                                      0.628     0.628 r  clk_IBUF_inst/INBUF_INST/O
                         net (fo=1, routed)           0.000     0.628    clk_IBUF_inst/OUT
    BA18                 IBUFCTRL (Prop_IBUFCTRL_HPIOB_M_I_O)
                                                      0.000     0.628 r  clk_IBUF_inst/IBUFCTRL_INST/O
                         net (fo=1, routed)           0.348     0.976    clk_IBUF
    BUFGCE_X1Y170        BUFGCE (Prop_BUFCE_BUFGCE_I_O)
                                                      0.028     1.004 r  clk_IBUF_BUFG_inst/O
    X4Y6 (CLOCK_ROOT)    net (fo=51491, routed)       1.867     2.871    u_627_cam4_s/glen[13].core_i/core/g[7].g_normal.alu_i/g_vdivsd.ok64.fp_div_sd/U0/i_synth/DIV_OP.SPD.OP/MANT_DIV/RT[0].ADDSUB/ADDSUB/Q_DEL/i_pipe/aclk
    SLICE_X142Y362       FDRE                                         r  u_627_cam4_s/glen[13].core_i/core/g[7].g_normal.alu_i/g_vdivsd.ok64.fp_div_sd/U0/i_synth/DIV_OP.SPD.OP/MANT_DIV/RT[0].ADDSUB/ADDSUB/Q_DEL/i_pipe/opt_has_pipe.first_q_reg[5]/C
                         clock pessimism             -0.412     2.460    
    SLICE_X142Y362       FDRE (Hold_FFF_SLICEM_C_D)
                                                      0.060     2.520    u_627_cam4_s/glen[13].core_i/core/g[7].g_normal.alu_i/g_vdivsd.ok64.fp_div_sd/U0/i_synth/DIV_OP.SPD.OP/MANT_DIV/RT[0].ADDSUB/ADDSUB/Q_DEL/i_pipe/opt_has_pipe.first_q_reg[5]
  -------------------------------------------------------------------
                         required time                         -2.520    
                         arrival time                           2.529    
  -------------------------------------------------------------------
                         slack                                  0.010    





Pulse Width Checks
--------------------------------------------------------------------------------------
Clock Name:         host_clk
Waveform(ns):       { 0.000 1.666 }
Period(ns):         3.333
Sources:            { clk }

Check Type        Corner  Lib Pin     Reference Pin  Required(ns)  Actual(ns)  Slack(ns)  Location        Pin
Min Period        n/a     BUFGCE/I    n/a            1.290         3.333       2.043      BUFGCE_X1Y170   clk_IBUF_BUFG_inst/I
Low Pulse Width   Slow    SRL16E/CLK  n/a            0.532         1.666       1.134      SLICE_X123Y343  u_627_cam4_s/glen[13].core_i/core/g[5].g_normal.alu_i/g_fma_sd.ok64.fp_fma_sd/U0/i_synth/FMA_OP.OP/mul/MULT/gDSP.gDSP_only.iDSP/use_prim.iBdelx[0].iBdely[2].need_delay_line.Bdelay/dN_hlutnm.srl_loop[8].i_srl16e0/CLK
High Pulse Width  Slow    SRL16E/CLK  n/a            0.532         1.666       1.134      SLICE_X121Y419  u_627_cam4_s/glen[1].core_i/core/g[3].g_normal.alu_i/g_fma_sd.ok64.fp_fma_sd/U0/i_synth/FMA_OP.OP/addsub/add/NORM/LZE/ENCODE[0].DIST_DEL/i_pipe/opt_has_pipe.i_pipe[2].pipe_reg[2][0]_srl2/CLK



