Copyright 1986-2022 Xilinx, Inc. All Rights Reserved. Copyright 2022-2024 Advanced Micro Devices, Inc. All Rights Reserved.
-------------------------------------------------------------------------------------------------------------------------------------------------
| Tool Version     : Vivado v.2024.1 (win64) Build 5076996 Wed May 22 18:37:14 MDT 2024
| Date             : Fri Jul 11 11:12:38 2025
| Host             : Jason_X1_Laptop running 64-bit major release  (build 9200)
| Command          : report_power -file C:/Users/joshu/AppData/Roaming/Xilinx/reports/post_route_power.rpt
| Design           : top_multi_len
| Device           : xcu200-fsgd2104-2-e
| Design State     : routed
| Grade            : extended
| Process          : typical
| Characterization : Production
-------------------------------------------------------------------------------------------------------------------------------------------------

Power Report

Table of Contents
-----------------
1. Summary
1.1 On-Chip Components
1.2 Power Supply Summary
1.3 Confidence Level
2. Settings
2.1 Environment
2.2 Clock Constraints
3. Detailed Reports
3.1 By Hierarchy

1. Summary
----------

+--------------------------+--------------+
| Total On-Chip Power (W)  | 3.318        |
| Design Power Budget (W)  | Unspecified* |
| Power Budget Margin (W)  | NA           |
| Dynamic (W)              | 0.838        |
| Device Static (W)        | 2.480        |
| Effective TJA (C/W)      | 0.5          |
| Max Ambient (C)          | 98.3         |
| Junction Temperature (C) | 26.7         |
| Confidence Level         | Low          |
| Setting File             | ---          |
| Simulation Activity File | ---          |
| Design Nets Matched      | NA           |
+--------------------------+--------------+
* Specify Design Power Budget using, set_operating_conditions -design_power_budget <value in Watts>


1.1 On-Chip Components
----------------------

+-------------------------+-----------+----------+-----------+-----------------+
| On-Chip                 | Power (W) | Used     | Available | Utilization (%) |
+-------------------------+-----------+----------+-----------+-----------------+
| Clocks                  |     0.076 |        3 |       --- |             --- |
| CLB Logic               |     0.144 |    13973 |       --- |             --- |
|   LUT as Shift Register |     0.088 |     1048 |    591840 |            0.18 |
|   LUT as Logic          |     0.043 |     2581 |   1182240 |            0.22 |
|   Register              |     0.013 |     8716 |   2364480 |            0.37 |
|   CARRY8                |    <0.001 |       64 |    147780 |            0.04 |
|   Others                |     0.000 |      568 |       --- |             --- |
| Signals                 |     0.178 |    15368 |       --- |             --- |
| DSPs                    |     0.106 |       80 |      6840 |            1.17 |
| I/O                     |     0.334 |      135 |       676 |           19.97 |
| Static Power            |     2.480 |          |           |                 |
| Total                   |     3.318 |          |           |                 |
+-------------------------+-----------+----------+-----------+-----------------+


1.2 Power Supply Summary
------------------------

+------------+-------------+-----------+-------------+------------+-------------+-------------+------------+
| Source     | Voltage (V) | Total (A) | Dynamic (A) | Static (A) | Powerup (A) | Budget (A)  | Margin (A) |
+------------+-------------+-----------+-------------+------------+-------------+-------------+------------+
| Vccint     |       0.850 |     1.414 |       0.593 |      0.821 |       NA    | Unspecified | NA         |
| Vccint_io  |       0.850 |     0.278 |       0.015 |      0.263 |       NA    | Unspecified | NA         |
| Vccbram    |       0.850 |     0.015 |       0.000 |      0.015 |       NA    | Unspecified | NA         |
| Vccaux     |       1.800 |     0.650 |       0.000 |      0.650 |       NA    | Unspecified | NA         |
| Vccaux_io  |       1.800 |     0.232 |       0.047 |      0.185 |       NA    | Unspecified | NA         |
| Vcco33     |       3.300 |     0.000 |       0.000 |      0.000 |       NA    | Unspecified | NA         |
| Vcco25     |       2.500 |     0.000 |       0.000 |      0.000 |       NA    | Unspecified | NA         |
| Vcco18     |       1.800 |     0.131 |       0.131 |      0.000 |       NA    | Unspecified | NA         |
| Vcco15     |       1.500 |     0.000 |       0.000 |      0.000 |       NA    | Unspecified | NA         |
| Vcco135    |       1.350 |     0.000 |       0.000 |      0.000 |       NA    | Unspecified | NA         |
| Vcco12     |       1.200 |     0.000 |       0.000 |      0.000 |       NA    | Unspecified | NA         |
| Vcco10     |       1.000 |     0.000 |       0.000 |      0.000 |       NA    | Unspecified | NA         |
| Vccadc     |       1.800 |     0.024 |       0.000 |      0.024 |       NA    | Unspecified | NA         |
| MGTYAVcc   |       0.900 |     0.000 |       0.000 |      0.000 |       NA    | Unspecified | NA         |
| MGTYAVtt   |       1.200 |     0.000 |       0.000 |      0.000 |       NA    | Unspecified | NA         |
| MGTYVccaux |       1.800 |     0.000 |       0.000 |      0.000 |       NA    | Unspecified | NA         |
+------------+-------------+-----------+-------------+------------+-------------+-------------+------------+


1.3 Confidence Level
--------------------

+-----------------------------+------------+--------------------------------------------------------+------------------------------------------------------------------------------------------------------------+
| User Input Data             | Confidence | Details                                                | Action                                                                                                     |
+-----------------------------+------------+--------------------------------------------------------+------------------------------------------------------------------------------------------------------------+
| Design implementation state | High       | Design is routed                                       |                                                                                                            |
| Clock nodes activity        | High       | User specified more than 95% of clocks                 |                                                                                                            |
| I/O nodes activity          | Low        | More than 75% of inputs are missing user specification | Provide missing input activity with simulation results or by editing the "By Resource Type -> I/Os" view   |
| Internal nodes activity     | Medium     | User specified less than 25% of internal nodes         | Provide missing internal nodes activity with simulation results or by editing the "By Resource Type" views |
| Device models               | High       | Device models are Production                           |                                                                                                            |
|                             |            |                                                        |                                                                                                            |
| Overall confidence level    | Low        |                                                        |                                                                                                            |
+-----------------------------+------------+--------------------------------------------------------+------------------------------------------------------------------------------------------------------------+


2. Settings
-----------

2.1 Environment
---------------

+-----------------------+--------------------------+
| Ambient Temp (C)      | 25.0                     |
| ThetaJA (C/W)         | 0.5                      |
| Airflow (LFM)         | 250                      |
| Heat Sink             | medium (Medium Profile)  |
| ThetaSA (C/W)         | 0.7                      |
| Board Selection       | medium (10"x10")         |
| # of Board Layers     | 12to15 (12 to 15 Layers) |
| Board Temperature (C) | 25.0                     |
+-----------------------+--------------------------+


2.2 Clock Constraints
---------------------

+----------+--------+-----------------+
| Clock    | Domain | Constraint (ns) |
+----------+--------+-----------------+
| host_clk | clk    |             3.3 |
+----------+--------+-----------------+


3. Detailed Reports
-------------------

3.1 By Hierarchy
----------------

+-------------------+-----------+
| Name              | Power (W) |
+-------------------+-----------+
| top_multi_len     |     0.838 |
|   glen[0].blk_i   |     0.006 |
|     core          |     0.003 |
|       g[1].alu_i  |     0.003 |
|   glen[10].blk_i  |     0.139 |
|     core          |     0.137 |
|       g[10].alu_i |     0.037 |
|       g[11].alu_i |     0.038 |
|       g[12].alu_i |     0.038 |
|       g[9].alu_i  |     0.015 |
|   glen[11].blk_i  |     0.006 |
|     core          |     0.003 |
|       g[1].alu_i  |     0.003 |
|   glen[12].blk_i  |     0.001 |
|   glen[13].blk_i  |     0.001 |
|   glen[14].blk_i  |     0.001 |
|   glen[15].blk_i  |     0.001 |
|   glen[16].blk_i  |     0.010 |
|     core          |     0.007 |
|       g[0].alu_i  |     0.003 |
|       g[1].alu_i  |     0.005 |
|   glen[17].blk_i  |     0.001 |
|   glen[18].blk_i  |     0.001 |
|   glen[19].blk_i  |     0.001 |
|   glen[1].blk_i   |     0.009 |
|     core          |     0.007 |
|       g[0].alu_i  |     0.002 |
|       g[1].alu_i  |     0.004 |
|   glen[20].blk_i  |     0.138 |
|     core          |     0.137 |
|       g[10].alu_i |     0.037 |
|       g[11].alu_i |     0.038 |
|       g[12].alu_i |     0.038 |
|       g[9].alu_i  |     0.016 |
|   glen[21].blk_i  |     0.003 |
|     core          |     0.002 |
|       g[1].alu_i  |     0.002 |
|   glen[22].blk_i  |     0.006 |
|     core          |     0.003 |
|       g[1].alu_i  |     0.003 |
|   glen[23].blk_i  |     0.001 |
|   glen[24].blk_i  |     0.001 |
|   glen[25].blk_i  |     0.001 |
|   glen[26].blk_i  |     0.001 |
|   glen[27].blk_i  |     0.010 |
|     core          |     0.007 |
|       g[0].alu_i  |     0.002 |
|       g[1].alu_i  |     0.005 |
|   glen[28].blk_i  |     0.001 |
|   glen[29].blk_i  |     0.001 |
|   glen[2].blk_i   |     0.001 |
|   glen[30].blk_i  |     0.001 |
|   glen[31].blk_i  |     0.003 |
|     core          |     0.002 |
|       g[1].alu_i  |     0.002 |
|   glen[32].blk_i  |     0.005 |
|     core          |     0.003 |
|       g[1].alu_i  |     0.003 |
|   glen[33].blk_i  |     0.001 |
|   glen[34].blk_i  |     0.003 |
|     core          |     0.002 |
|       g[1].alu_i  |     0.002 |
|   glen[35].blk_i  |     0.001 |
|   glen[3].blk_i   |     0.005 |
|     core          |     0.003 |
|       g[1].alu_i  |     0.003 |
|   glen[4].blk_i   |     0.010 |
|     core          |     0.007 |
|       g[0].alu_i  |     0.002 |
|       g[1].alu_i  |     0.005 |
|   glen[5].blk_i   |     0.001 |
|   glen[6].blk_i   |     0.005 |
|     core          |     0.003 |
|       g[1].alu_i  |     0.003 |
|   glen[7].blk_i   |     0.006 |
|     core          |     0.003 |
|       g[1].alu_i  |     0.003 |
|   glen[8].blk_i   |     0.009 |
|     core          |     0.007 |
|       g[0].alu_i  |     0.002 |
|       g[1].alu_i  |     0.004 |
|   glen[9].blk_i   |     0.001 |
+-------------------+-----------+


