Copyright 1986-2022 Xilinx, Inc. All Rights Reserved. Copyright 2022-2024 Advanced Micro Devices, Inc. All Rights Reserved.
--------------------------------------------------------------------------------------------------------------------------------------------------
| Tool Version      : Vivado v.2024.1 (win64) Build 5076996 Wed May 22 18:37:14 MDT 2024
| Date              : Fri Jul 11 11:12:28 2025
| Host              : Jason_X1_Laptop running 64-bit major release  (build 9200)
| Command           : report_timing_summary -file C:/Users/joshu/AppData/Roaming/Xilinx/reports/post_route_timing.rpt
| Design            : top_multi_len
| Device            : xcu200-fsgd2104
| Speed File        : -2  PRODUCTION 1.28 03-30-2022
| Design State      : Routed
| Temperature Grade : E
--------------------------------------------------------------------------------------------------------------------------------------------------

Timing Summary Report

------------------------------------------------------------------------------------------------
| Timer Settings
| --------------
------------------------------------------------------------------------------------------------

  Enable Multi Corner Analysis               :  Yes
  Enable Pessimism Removal                   :  Yes
  Pessimism Removal Resolution               :  Nearest Common Node
  Enable Input Delay Default Clock           :  No
  Enable Preset / Clear Arcs                 :  No
  Disable Flight Delays                      :  No
  Ignore I/O Paths                           :  No
  Timing Early Launch at Borrowing Latches   :  No
  Borrow Time for Max Delay Exceptions       :  Yes
  Merge Timing Exceptions                    :  Yes
  Inter-SLR Compensation                     :  Conservative

  Corner  Analyze    Analyze    
  Name    Max Paths  Min Paths  
  ------  ---------  ---------  
  Slow    Yes        Yes        
  Fast    Yes        Yes        


------------------------------------------------------------------------------------------------
| Report Methodology
| ------------------
------------------------------------------------------------------------------------------------

Rule       Severity  Description                    Violations  
---------  --------  -----------------------------  ----------  
TIMING-18  Warning   Missing input or output delay  134         

Note: This report is based on the most recent report_methodology run and may not be up-to-date. Run report_methodology on the current design for the latest report.



check_timing report

Table of Contents
-----------------
1. checking no_clock (0)
2. checking constant_clock (0)
3. checking pulse_width_clock (0)
4. checking unconstrained_internal_endpoints (0)
5. checking no_input_delay (70)
6. checking no_output_delay (64)
7. checking multiple_clock (0)
8. checking generated_clocks (0)
9. checking loops (0)
10. checking partial_input_delay (0)
11. checking partial_output_delay (0)
12. checking latch_loops (0)

1. checking no_clock (0)
------------------------
 There are 0 register/latch pins with no clock.


2. checking constant_clock (0)
------------------------------
 There are 0 register/latch pins with constant_clock.


3. checking pulse_width_clock (0)
---------------------------------
 There are 0 register/latch pins which need pulse_width check


4. checking unconstrained_internal_endpoints (0)
------------------------------------------------
 There are 0 pins that are not constrained for maximum delay.

 There are 0 pins that are not constrained for maximum delay due to constant clock.


5. checking no_input_delay (70)
-------------------------------
 There are 70 input ports with no input delay specified. (HIGH)

 There are 0 input ports with no input delay but user has a false path constraint.


6. checking no_output_delay (64)
--------------------------------
 There are 64 ports with no output delay specified. (HIGH)

 There are 0 ports with no output delay but user has a false path constraint

 There are 0 ports with no output delay but with a timing clock defined on it or propagating through it


7. checking multiple_clock (0)
------------------------------
 There are 0 register/latch pins with multiple clocks.


8. checking generated_clocks (0)
--------------------------------
 There are 0 generated clocks that are not connected to a clock source.


9. checking loops (0)
---------------------
 There are 0 combinational loops in the design.


10. checking partial_input_delay (0)
------------------------------------
 There are 0 input ports with partial input delay specified.


11. checking partial_output_delay (0)
-------------------------------------
 There are 0 ports with partial output delay specified.


12. checking latch_loops (0)
----------------------------
 There are 0 combinational latch loops in the design through latch input



------------------------------------------------------------------------------------------------
| Design Timing Summary
| ---------------------
------------------------------------------------------------------------------------------------

    WNS(ns)      TNS(ns)  TNS Failing Endpoints  TNS Total Endpoints      WHS(ns)      THS(ns)  THS Failing Endpoints  THS Total Endpoints     WPWS(ns)     TPWS(ns)  TPWS Failing Endpoints  TPWS Total Endpoints  
    -------      -------  ---------------------  -------------------      -------      -------  ---------------------  -------------------     --------     --------  ----------------------  --------------------  
      0.899        0.000                      0                22423        0.014        0.000                      0                22423        1.134        0.000                       0                 10853  


All user specified timing constraints are met.


------------------------------------------------------------------------------------------------
| Clock Summary
| -------------
------------------------------------------------------------------------------------------------

Clock     Waveform(ns)         Period(ns)      Frequency(MHz)
-----     ------------         ----------      --------------
host_clk  {0.000 1.666}        3.333           300.030         


------------------------------------------------------------------------------------------------
| Intra Clock Table
| -----------------
------------------------------------------------------------------------------------------------

Clock             WNS(ns)      TNS(ns)  TNS Failing Endpoints  TNS Total Endpoints      WHS(ns)      THS(ns)  THS Failing Endpoints  THS Total Endpoints     WPWS(ns)     TPWS(ns)  TPWS Failing Endpoints  TPWS Total Endpoints  
-----             -------      -------  ---------------------  -------------------      -------      -------  ---------------------  -------------------     --------     --------  ----------------------  --------------------  
host_clk            0.899        0.000                      0                22423        0.014        0.000                      0                22423        1.134        0.000                       0                 10853  


------------------------------------------------------------------------------------------------
| Inter Clock Table
| -----------------
------------------------------------------------------------------------------------------------

From Clock    To Clock          WNS(ns)      TNS(ns)  TNS Failing Endpoints  TNS Total Endpoints      WHS(ns)      THS(ns)  THS Failing Endpoints  THS Total Endpoints  
----------    --------          -------      -------  ---------------------  -------------------      -------      -------  ---------------------  -------------------  


------------------------------------------------------------------------------------------------
| Other Path Groups Table
| -----------------------
------------------------------------------------------------------------------------------------

Path Group    From Clock    To Clock          WNS(ns)      TNS(ns)  TNS Failing Endpoints  TNS Total Endpoints      WHS(ns)      THS(ns)  THS Failing Endpoints  THS Total Endpoints  
----------    ----------    --------          -------      -------  ---------------------  -------------------      -------      -------  ---------------------  -------------------  


------------------------------------------------------------------------------------------------
| Timing Details
| --------------
------------------------------------------------------------------------------------------------


---------------------------------------------------------------------------------------------------
From Clock:  host_clk
  To Clock:  host_clk

Setup :            0  Failing Endpoints,  Worst Slack        0.899ns,  Total Violation        0.000ns
Hold  :            0  Failing Endpoints,  Worst Slack        0.014ns,  Total Violation        0.000ns
PW    :            0  Failing Endpoints,  Worst Slack        1.134ns,  Total Violation        0.000ns
---------------------------------------------------------------------------------------------------


Max Delay Paths
--------------------------------------------------------------------------------------
Slack (MET) :             0.899ns  (required time - arrival time)
  Source:                 glen[6].blk_i/shamt_q_reg[5]/C
                            (rising edge-triggered cell FDRE clocked by host_clk  {rise@0.000ns fall@1.666ns period=3.333ns})
  Destination:            glen[6].blk_i/g_out_ff.dst_o_reg[51]/D
                            (rising edge-triggered cell FDRE clocked by host_clk  {rise@0.000ns fall@1.666ns period=3.333ns})
  Path Group:             host_clk
  Path Type:              Setup (Max at Slow Process Corner)
  Requirement:            3.333ns  (host_clk rise@3.333ns - host_clk rise@0.000ns)
  Data Path Delay:        2.318ns  (logic 0.390ns (16.823%)  route 1.928ns (83.177%))
  Logic Levels:           3  (LUT5=1 LUT6=2)
  Clock Path Skew:        -0.105ns (DCD - SCD + CPR)
    Destination Clock Delay (DCD):    2.673ns = ( 6.006 - 3.333 ) 
    Source Clock Delay      (SCD):    3.232ns
    Clock Pessimism Removal (CPR):    0.454ns
  Clock Uncertainty:      0.035ns  ((TSJ^2 + TIJ^2)^1/2 + DJ) / 2 + PE
    Total System Jitter     (TSJ):    0.071ns
    Total Input Jitter      (TIJ):    0.000ns
    Discrete Jitter          (DJ):    0.000ns
    Phase Error              (PE):    0.000ns
  Clock Net Delay (Source):      2.357ns (routing 1.456ns, distribution 0.901ns)
  Clock Net Delay (Destination): 2.090ns (routing 1.329ns, distribution 0.761ns)

    Location             Delay type                Incr(ns)  Path(ns)    PBlock               Netlist Resource(s)
  -------------------------------------------------------------------    ----------------------------------------
                         (clock host_clk rise edge)
                                                      0.000     0.000 r                       
    J18                                               0.000     0.000 r                       clk (IN)
                         net (fo=0)                   0.000     0.000                         clk_IBUF_inst/I
    J18                  INBUF (Prop_INBUF_HPIOB_M_PAD_O)
                                                      0.512     0.512 r                       clk_IBUF_inst/INBUF_INST/O
                         net (fo=1, routed)           0.000     0.512                         clk_IBUF_inst/OUT
    J18                  IBUFCTRL (Prop_IBUFCTRL_HPIOB_M_I_O)
                                                      0.000     0.512 r                       clk_IBUF_inst/IBUFCTRL_INST/O
                         net (fo=1, routed)           0.335     0.847                         clk_IBUF
    BUFGCE_X1Y288        BUFGCE (Prop_BUFCE_BUFGCE_I_O)
                                                      0.028     0.875 r                       clk_IBUF_BUFG_inst/O
    X1Y13 (CLOCK_ROOT)   net (fo=11180, routed)       2.357     3.232                         glen[6].blk_i/clk
    SLICE_X52Y782        FDRE                                         r  pblock_2             glen[6].blk_i/shamt_q_reg[5]/C
  -------------------------------------------------------------------    ----------------------------------------
    SLICE_X52Y782        FDRE (Prop_EFF2_SLICEL_C_Q)
                                                      0.081     3.313 r  pblock_2             glen[6].blk_i/shamt_q_reg[5]/Q
                         net (fo=47, routed)          0.566     3.878                         glen[6].blk_i/core/g[1].alu_i/shamt[5]
    SLICE_X47Y783        LUT5 (Prop_G6LUT_SLICEM_I3_O)
                                                      0.150     4.028 r  pblock_2             glen[6].blk_i/core/g[1].alu_i/y[35]_INST_0_i_2/O
                         net (fo=3, routed)           0.215     4.244                         glen[6].blk_i/core/g[1].alu_i/y[35]_INST_0_i_2_n_0
    SLICE_X48Y784        LUT6 (Prop_B6LUT_SLICEL_I1_O)
                                                      0.124     4.368 r  pblock_2             glen[6].blk_i/core/g[1].alu_i/y[31]_INST_0_i_1/O
                         net (fo=4, routed)           0.189     4.556                         glen[6].blk_i/core/g[1].alu_i/y[31]_INST_0_i_1_n_0
    SLICE_X49Y783        LUT6 (Prop_F6LUT_SLICEL_I5_O)
                                                      0.035     4.591 r  pblock_2             glen[6].blk_i/core/g[1].alu_i/y[31]_INST_0/O
                         net (fo=33, routed)          0.958     5.550                         glen[6].blk_i/dst_int[51]
    SLICE_X52Y820        FDRE                                         r  pblock_2             glen[6].blk_i/g_out_ff.dst_o_reg[51]/D
  -------------------------------------------------------------------    ----------------------------------------

                         (clock host_clk rise edge)
                                                      3.333     3.333 r                       
    J18                                               0.000     3.333 r                       clk (IN)
                         net (fo=0)                   0.000     3.333                         clk_IBUF_inst/I
    J18                  INBUF (Prop_INBUF_HPIOB_M_PAD_O)
                                                      0.262     3.595 r                       clk_IBUF_inst/INBUF_INST/O
                         net (fo=1, routed)           0.000     3.595                         clk_IBUF_inst/OUT
    J18                  IBUFCTRL (Prop_IBUFCTRL_HPIOB_M_I_O)
                                                      0.000     3.595 r                       clk_IBUF_inst/IBUFCTRL_INST/O
                         net (fo=1, routed)           0.297     3.892                         clk_IBUF
    BUFGCE_X1Y288        BUFGCE (Prop_BUFCE_BUFGCE_I_O)
                                                      0.024     3.916 r                       clk_IBUF_BUFG_inst/O
    X1Y13 (CLOCK_ROOT)   net (fo=11180, routed)       2.090     6.006                         glen[6].blk_i/clk
    SLICE_X52Y820        FDRE                                         r  pblock_2             glen[6].blk_i/g_out_ff.dst_o_reg[51]/C
                         clock pessimism              0.454     6.460                           
                         clock uncertainty           -0.035     6.424                           
    SLICE_X52Y820        FDRE (Setup_GFF_SLICEL_C_D)
                                                      0.025     6.449    pblock_2               glen[6].blk_i/g_out_ff.dst_o_reg[51]
  -------------------------------------------------------------------
                         required time                          6.449                           
                         arrival time                          -5.550                           
  -------------------------------------------------------------------
                         slack                                  0.899                           





Min Delay Paths
--------------------------------------------------------------------------------------
Slack (MET) :             0.014ns  (arrival time - required time)
  Source:                 glen[16].blk_i/core/g[0].alu_i/g_iadd.int_addsub_i/U0/xst_addsub/i_baseblox.i_baseblox_addsub/no_pipelining.the_addsub/i_lut6.i_lut6_addsub/i_q.i_simple.qreg/i_no_async_controls.output_reg[37]/C
                            (rising edge-triggered cell FDRE clocked by host_clk  {rise@0.000ns fall@1.666ns period=3.333ns})
  Destination:            glen[16].blk_i/core/g[0].alu_i/g_iadd.y_reg[36]/D
                            (rising edge-triggered cell FDRE clocked by host_clk  {rise@0.000ns fall@1.666ns period=3.333ns})
  Path Group:             host_clk
  Path Type:              Hold (Min at Slow Process Corner)
  Requirement:            0.000ns  (host_clk rise@0.000ns - host_clk rise@0.000ns)
  Data Path Delay:        0.180ns  (logic 0.058ns (32.222%)  route 0.122ns (67.778%))
  Logic Levels:           0  
  Clock Path Skew:        0.104ns (DCD - SCD - CPR)
    Destination Clock Delay (DCD):    3.218ns
    Source Clock Delay      (SCD):    2.660ns
    Clock Pessimism Removal (CPR):    0.454ns
  Clock Net Delay (Source):      2.077ns (routing 1.329ns, distribution 0.748ns)
  Clock Net Delay (Destination): 2.343ns (routing 1.456ns, distribution 0.887ns)

    Location             Delay type                Incr(ns)  Path(ns)    PBlock               Netlist Resource(s)
  -------------------------------------------------------------------    ----------------------------------------
                         (clock host_clk rise edge)
                                                      0.000     0.000 r                       
    J18                                               0.000     0.000 r                       clk (IN)
                         net (fo=0)                   0.000     0.000                         clk_IBUF_inst/I
    J18                  INBUF (Prop_INBUF_HPIOB_M_PAD_O)
                                                      0.262     0.262 r                       clk_IBUF_inst/INBUF_INST/O
                         net (fo=1, routed)           0.000     0.262                         clk_IBUF_inst/OUT
    J18                  IBUFCTRL (Prop_IBUFCTRL_HPIOB_M_I_O)
                                                      0.000     0.262 r                       clk_IBUF_inst/IBUFCTRL_INST/O
                         net (fo=1, routed)           0.297     0.559                         clk_IBUF
    BUFGCE_X1Y288        BUFGCE (Prop_BUFCE_BUFGCE_I_O)
                                                      0.024     0.583 r                       clk_IBUF_BUFG_inst/O
    X1Y13 (CLOCK_ROOT)   net (fo=11180, routed)       2.077     2.660                         glen[16].blk_i/core/g[0].alu_i/g_iadd.int_addsub_i/U0/xst_addsub/i_baseblox.i_baseblox_addsub/no_pipelining.the_addsub/i_lut6.i_lut6_addsub/i_q.i_simple.qreg/CLK
    SLICE_X43Y830        FDRE                                         r  pblock_2             glen[16].blk_i/core/g[0].alu_i/g_iadd.int_addsub_i/U0/xst_addsub/i_baseblox.i_baseblox_addsub/no_pipelining.the_addsub/i_lut6.i_lut6_addsub/i_q.i_simple.qreg/i_no_async_controls.output_reg[37]/C
  -------------------------------------------------------------------    ----------------------------------------
    SLICE_X43Y830        FDRE (Prop_EFF_SLICEM_C_Q)
                                                      0.058     2.718 r  pblock_2             glen[16].blk_i/core/g[0].alu_i/g_iadd.int_addsub_i/U0/xst_addsub/i_baseblox.i_baseblox_addsub/no_pipelining.the_addsub/i_lut6.i_lut6_addsub/i_q.i_simple.qreg/i_no_async_controls.output_reg[37]/Q
                         net (fo=1, routed)           0.122     2.840                         glen[16].blk_i/core/g[0].alu_i/g_iadd.ip_y[36]
    SLICE_X45Y830        FDRE                                         r  pblock_2             glen[16].blk_i/core/g[0].alu_i/g_iadd.y_reg[36]/D
  -------------------------------------------------------------------    ----------------------------------------

                         (clock host_clk rise edge)
                                                      0.000     0.000 r                       
    J18                                               0.000     0.000 r                       clk (IN)
                         net (fo=0)                   0.000     0.000                         clk_IBUF_inst/I
    J18                  INBUF (Prop_INBUF_HPIOB_M_PAD_O)
                                                      0.512     0.512 r                       clk_IBUF_inst/INBUF_INST/O
                         net (fo=1, routed)           0.000     0.512                         clk_IBUF_inst/OUT
    J18                  IBUFCTRL (Prop_IBUFCTRL_HPIOB_M_I_O)
                                                      0.000     0.512 r                       clk_IBUF_inst/IBUFCTRL_INST/O
                         net (fo=1, routed)           0.335     0.847                         clk_IBUF
    BUFGCE_X1Y288        BUFGCE (Prop_BUFCE_BUFGCE_I_O)
                                                      0.028     0.875 r                       clk_IBUF_BUFG_inst/O
    X1Y13 (CLOCK_ROOT)   net (fo=11180, routed)       2.343     3.218                         glen[16].blk_i/core/g[0].alu_i/clk
    SLICE_X45Y830        FDRE                                         r  pblock_2             glen[16].blk_i/core/g[0].alu_i/g_iadd.y_reg[36]/C
                         clock pessimism             -0.454     2.764                           
    SLICE_X45Y830        FDRE (Hold_EFF2_SLICEM_C_D)
                                                      0.062     2.826    pblock_2               glen[16].blk_i/core/g[0].alu_i/g_iadd.y_reg[36]
  -------------------------------------------------------------------
                         required time                         -2.826                           
                         arrival time                           2.840                           
  -------------------------------------------------------------------
                         slack                                  0.014                           





Pulse Width Checks
--------------------------------------------------------------------------------------
Clock Name:         host_clk
Waveform(ns):       { 0.000 1.666 }
Period(ns):         3.333
Sources:            { clk }

Check Type        Corner  Lib Pin     Reference Pin  Required(ns)  Actual(ns)  Slack(ns)  Location       Pin
Min Period        n/a     BUFGCE/I    n/a            1.290         3.333       2.043      BUFGCE_X1Y288  clk_IBUF_BUFG_inst/I
Low Pulse Width   Slow    SRL16E/CLK  n/a            0.532         1.666       1.134      SLICE_X50Y829  glen[10].blk_i/core/g[10].alu_i/g_mul_ip.mul_i/U0/i_mult/gDSP.gDSP_only.iDSP/use_prim.appDSP[0].bppDSP[0].need_output_delay.output_delay/dN_hlutnm.runt_srl_loop.i_srl16e/CLK
High Pulse Width  Slow    SRL16E/CLK  n/a            0.532         1.667       1.135      SLICE_X50Y829  glen[10].blk_i/core/g[10].alu_i/g_mul_ip.mul_i/U0/i_mult/gDSP.gDSP_only.iDSP/use_prim.appDSP[0].bppDSP[0].need_output_delay.output_delay/dN_hlutnm.runt_srl_loop.i_srl16e/CLK



