Copyright 1986-2022 Xilinx, Inc. All Rights Reserved. Copyright 2022-2024 Advanced Micro Devices, Inc. All Rights Reserved.
--------------------------------------------------------------------------------------------------------------------------------------------------
| Tool Version      : Vivado v.2024.1 (win64) Build 5076996 Wed May 22 18:37:14 MDT 2024
| Date              : Thu Jul 10 12:34:21 2025
| Host              : Jason_X1_Laptop running 64-bit major release  (build 9200)
| Command           : report_timing_summary -file C:/Users/joshu/AppData/Roaming/Xilinx/reports/post_route_timing.rpt
| Design            : top_multi_len
| Device            : xcu200-fsgd2104
| Speed File        : -2  PRODUCTION 1.28 03-30-2022
| Design State      : Routed
| Temperature Grade : E
--------------------------------------------------------------------------------------------------------------------------------------------------

Timing Summary Report

------------------------------------------------------------------------------------------------
| Timer Settings
| --------------
------------------------------------------------------------------------------------------------

  Enable Multi Corner Analysis               :  Yes
  Enable Pessimism Removal                   :  Yes
  Pessimism Removal Resolution               :  Nearest Common Node
  Enable Input Delay Default Clock           :  No
  Enable Preset / Clear Arcs                 :  No
  Disable Flight Delays                      :  No
  Ignore I/O Paths                           :  No
  Timing Early Launch at Borrowing Latches   :  No
  Borrow Time for Max Delay Exceptions       :  Yes
  Merge Timing Exceptions                    :  Yes
  Inter-SLR Compensation                     :  Conservative

  Corner  Analyze    Analyze    
  Name    Max Paths  Min Paths  
  ------  ---------  ---------  
  Slow    Yes        Yes        
  Fast    Yes        Yes        


------------------------------------------------------------------------------------------------
| Report Methodology
| ------------------
------------------------------------------------------------------------------------------------

Rule       Severity  Description                    Violations  
---------  --------  -----------------------------  ----------  
TIMING-18  Warning   Missing input or output delay  134         

Note: This report is based on the most recent report_methodology run and may not be up-to-date. Run report_methodology on the current design for the latest report.



check_timing report

Table of Contents
-----------------
1. checking no_clock (0)
2. checking constant_clock (0)
3. checking pulse_width_clock (0)
4. checking unconstrained_internal_endpoints (0)
5. checking no_input_delay (70)
6. checking no_output_delay (64)
7. checking multiple_clock (0)
8. checking generated_clocks (0)
9. checking loops (0)
10. checking partial_input_delay (0)
11. checking partial_output_delay (0)
12. checking latch_loops (0)

1. checking no_clock (0)
------------------------
 There are 0 register/latch pins with no clock.


2. checking constant_clock (0)
------------------------------
 There are 0 register/latch pins with constant_clock.


3. checking pulse_width_clock (0)
---------------------------------
 There are 0 register/latch pins which need pulse_width check


4. checking unconstrained_internal_endpoints (0)
------------------------------------------------
 There are 0 pins that are not constrained for maximum delay.

 There are 0 pins that are not constrained for maximum delay due to constant clock.


5. checking no_input_delay (70)
-------------------------------
 There are 70 input ports with no input delay specified. (HIGH)

 There are 0 input ports with no input delay but user has a false path constraint.


6. checking no_output_delay (64)
--------------------------------
 There are 64 ports with no output delay specified. (HIGH)

 There are 0 ports with no output delay but user has a false path constraint

 There are 0 ports with no output delay but with a timing clock defined on it or propagating through it


7. checking multiple_clock (0)
------------------------------
 There are 0 register/latch pins with multiple clocks.


8. checking generated_clocks (0)
--------------------------------
 There are 0 generated clocks that are not connected to a clock source.


9. checking loops (0)
---------------------
 There are 0 combinational loops in the design.


10. checking partial_input_delay (0)
------------------------------------
 There are 0 input ports with partial input delay specified.


11. checking partial_output_delay (0)
-------------------------------------
 There are 0 ports with partial output delay specified.


12. checking latch_loops (0)
----------------------------
 There are 0 combinational latch loops in the design through latch input



------------------------------------------------------------------------------------------------
| Design Timing Summary
| ---------------------
------------------------------------------------------------------------------------------------

    WNS(ns)      TNS(ns)  TNS Failing Endpoints  TNS Total Endpoints      WHS(ns)      THS(ns)  THS Failing Endpoints  THS Total Endpoints     WPWS(ns)     TPWS(ns)  TPWS Failing Endpoints  TPWS Total Endpoints  
    -------      -------  ---------------------  -------------------      -------      -------  ---------------------  -------------------     --------     --------  ----------------------  --------------------  
      1.293        0.000                      0                11890        0.010        0.000                      0                11890        1.134        0.000                       0                  7711  


All user specified timing constraints are met.


------------------------------------------------------------------------------------------------
| Clock Summary
| -------------
------------------------------------------------------------------------------------------------

Clock     Waveform(ns)         Period(ns)      Frequency(MHz)
-----     ------------         ----------      --------------
host_clk  {0.000 1.666}        3.333           300.030         


------------------------------------------------------------------------------------------------
| Intra Clock Table
| -----------------
------------------------------------------------------------------------------------------------

Clock             WNS(ns)      TNS(ns)  TNS Failing Endpoints  TNS Total Endpoints      WHS(ns)      THS(ns)  THS Failing Endpoints  THS Total Endpoints     WPWS(ns)     TPWS(ns)  TPWS Failing Endpoints  TPWS Total Endpoints  
-----             -------      -------  ---------------------  -------------------      -------      -------  ---------------------  -------------------     --------     --------  ----------------------  --------------------  
host_clk            1.293        0.000                      0                11890        0.010        0.000                      0                11890        1.134        0.000                       0                  7711  


------------------------------------------------------------------------------------------------
| Inter Clock Table
| -----------------
------------------------------------------------------------------------------------------------

From Clock    To Clock          WNS(ns)      TNS(ns)  TNS Failing Endpoints  TNS Total Endpoints      WHS(ns)      THS(ns)  THS Failing Endpoints  THS Total Endpoints  
----------    --------          -------      -------  ---------------------  -------------------      -------      -------  ---------------------  -------------------  


------------------------------------------------------------------------------------------------
| Other Path Groups Table
| -----------------------
------------------------------------------------------------------------------------------------

Path Group    From Clock    To Clock          WNS(ns)      TNS(ns)  TNS Failing Endpoints  TNS Total Endpoints      WHS(ns)      THS(ns)  THS Failing Endpoints  THS Total Endpoints  
----------    ----------    --------          -------      -------  ---------------------  -------------------      -------      -------  ---------------------  -------------------  


------------------------------------------------------------------------------------------------
| Timing Details
| --------------
------------------------------------------------------------------------------------------------


---------------------------------------------------------------------------------------------------
From Clock:  host_clk
  To Clock:  host_clk

Setup :            0  Failing Endpoints,  Worst Slack        1.293ns,  Total Violation        0.000ns
Hold  :            0  Failing Endpoints,  Worst Slack        0.010ns,  Total Violation        0.000ns
PW    :            0  Failing Endpoints,  Worst Slack        1.134ns,  Total Violation        0.000ns
---------------------------------------------------------------------------------------------------


Max Delay Paths
--------------------------------------------------------------------------------------
Slack (MET) :             1.293ns  (required time - arrival time)
  Source:                 glen[5].blk_i/core/g[1].alu_i/g_fma.lanes_fma[0].fp_fma_inst/inst/i_synth/need_combiner.use_4to1_fma.skid_buffer_combiner/gen_has_z_tready.reg2_a_tdata_reg[19]/C
                            (rising edge-triggered cell FDRE clocked by host_clk  {rise@0.000ns fall@1.666ns period=3.333ns})
  Destination:            glen[5].blk_i/core/g[1].alu_i/g_fma.lanes_fma[0].fp_fma_inst/inst/i_synth/FMA_OP.OP/special_detect/detector_a/MANT_CARRY.MANT_ALL_ZERO_DET/CARRY_ZERO_DET/CHAIN_GEN[8].CARRYS_DEL.NEED_DEL.CARRYS_FD/D
                            (rising edge-triggered cell FDRE clocked by host_clk  {rise@0.000ns fall@1.666ns period=3.333ns})
  Path Group:             host_clk
  Path Type:              Setup (Max at Slow Process Corner)
  Requirement:            3.333ns  (host_clk rise@3.333ns - host_clk rise@0.000ns)
  Data Path Delay:        1.927ns  (logic 0.432ns (22.418%)  route 1.495ns (77.582%))
  Logic Levels:           3  (CARRY8=2 LUT6=1)
  Clock Path Skew:        -0.102ns (DCD - SCD + CPR)
    Destination Clock Delay (DCD):    2.670ns = ( 6.003 - 3.333 ) 
    Source Clock Delay      (SCD):    3.226ns
    Clock Pessimism Removal (CPR):    0.454ns
  Clock Uncertainty:      0.035ns  ((TSJ^2 + TIJ^2)^1/2 + DJ) / 2 + PE
    Total System Jitter     (TSJ):    0.071ns
    Total Input Jitter      (TIJ):    0.000ns
    Discrete Jitter          (DJ):    0.000ns
    Phase Error              (PE):    0.000ns
  Clock Net Delay (Source):      2.351ns (routing 1.456ns, distribution 0.895ns)
  Clock Net Delay (Destination): 2.087ns (routing 1.329ns, distribution 0.758ns)

    Location             Delay type                Incr(ns)  Path(ns)    PBlock               Netlist Resource(s)
  -------------------------------------------------------------------    ----------------------------------------
                         (clock host_clk rise edge)
                                                      0.000     0.000 r                       
    J18                                               0.000     0.000 r                       clk (IN)
                         net (fo=0)                   0.000     0.000                         clk_IBUF_inst/I
    J18                  INBUF (Prop_INBUF_HPIOB_M_PAD_O)
                                                      0.512     0.512 r                       clk_IBUF_inst/INBUF_INST/O
                         net (fo=1, routed)           0.000     0.512                         clk_IBUF_inst/OUT
    J18                  IBUFCTRL (Prop_IBUFCTRL_HPIOB_M_I_O)
                                                      0.000     0.512 r                       clk_IBUF_inst/IBUFCTRL_INST/O
                         net (fo=1, routed)           0.335     0.847                         clk_IBUF
    BUFGCE_X1Y288        BUFGCE (Prop_BUFCE_BUFGCE_I_O)
                                                      0.028     0.875 r                       clk_IBUF_BUFG_inst/O
    X1Y13 (CLOCK_ROOT)   net (fo=7793, routed)        2.351     3.226                         glen[5].blk_i/core/g[1].alu_i/g_fma.lanes_fma[0].fp_fma_inst/inst/i_synth/need_combiner.use_4to1_fma.skid_buffer_combiner/aclk
    SLICE_X54Y803        FDRE                                         r  pblock_2             glen[5].blk_i/core/g[1].alu_i/g_fma.lanes_fma[0].fp_fma_inst/inst/i_synth/need_combiner.use_4to1_fma.skid_buffer_combiner/gen_has_z_tready.reg2_a_tdata_reg[19]/C
  -------------------------------------------------------------------    ----------------------------------------
    SLICE_X54Y803        FDRE (Prop_CFF2_SLICEL_C_Q)
                                                      0.080     3.306 f  pblock_2             glen[5].blk_i/core/g[1].alu_i/g_fma.lanes_fma[0].fp_fma_inst/inst/i_synth/need_combiner.use_4to1_fma.skid_buffer_combiner/gen_has_z_tready.reg2_a_tdata_reg[19]/Q
                         net (fo=4, routed)           1.436     4.742                         glen[5].blk_i/core/g[1].alu_i/g_fma.lanes_fma[0].fp_fma_inst/inst/i_synth/FMA_OP.OP/special_detect/detector_a/MANT_CARRY.MANT_ALL_ZERO_DET/Q[19]
    SLICE_X52Y818        LUT6 (Prop_D6LUT_SLICEL_I4_O)
                                                      0.146     4.888 r  pblock_2             glen[5].blk_i/core/g[1].alu_i/g_fma.lanes_fma[0].fp_fma_inst/inst/i_synth/FMA_OP.OP/special_detect/detector_a/MANT_CARRY.MANT_ALL_ZERO_DET/CHAIN_GEN[3].C_MUX.CARRY_MUX_i_1/O
                         net (fo=1, routed)           0.009     4.897                         glen[5].blk_i/core/g[1].alu_i/g_fma.lanes_fma[0].fp_fma_inst/inst/i_synth/FMA_OP.OP/special_detect/detector_a/MANT_CARRY.MANT_ALL_ZERO_DET/CARRY_ZERO_DET/A[3]
    SLICE_X52Y818        CARRY8 (Prop_CARRY8_SLICEL_S[3]_CO[7])
                                                      0.154     5.051 r  pblock_2             glen[5].blk_i/core/g[1].alu_i/g_fma.lanes_fma[0].fp_fma_inst/inst/i_synth/FMA_OP.OP/special_detect/detector_a/MANT_CARRY.MANT_ALL_ZERO_DET/CARRY_ZERO_DET/CHAIN_GEN[0].C_MUX.CARRY_MUX_CARRY4_CARRY8/CO[7]
                         net (fo=1, routed)           0.026     5.077                         glen[5].blk_i/core/g[1].alu_i/g_fma.lanes_fma[0].fp_fma_inst/inst/i_synth/FMA_OP.OP/special_detect/detector_a/MANT_CARRY.MANT_ALL_ZERO_DET/CARRY_ZERO_DET/carry[8]
    SLICE_X52Y819        CARRY8 (Prop_CARRY8_SLICEL_CI_CO[0])
                                                      0.052     5.129 r  pblock_2             glen[5].blk_i/core/g[1].alu_i/g_fma.lanes_fma[0].fp_fma_inst/inst/i_synth/FMA_OP.OP/special_detect/detector_a/MANT_CARRY.MANT_ALL_ZERO_DET/CARRY_ZERO_DET/CHAIN_GEN[8].C_MUX.CARRY_MUX_CARRY4_CARRY8/CO[0]
                         net (fo=1, routed)           0.024     5.153                         glen[5].blk_i/core/g[1].alu_i/g_fma.lanes_fma[0].fp_fma_inst/inst/i_synth/FMA_OP.OP/special_detect/detector_a/MANT_CARRY.MANT_ALL_ZERO_DET/CARRY_ZERO_DET/carry[9]
    SLICE_X52Y819        FDRE                                         r  pblock_2             glen[5].blk_i/core/g[1].alu_i/g_fma.lanes_fma[0].fp_fma_inst/inst/i_synth/FMA_OP.OP/special_detect/detector_a/MANT_CARRY.MANT_ALL_ZERO_DET/CARRY_ZERO_DET/CHAIN_GEN[8].CARRYS_DEL.NEED_DEL.CARRYS_FD/D
  -------------------------------------------------------------------    ----------------------------------------

                         (clock host_clk rise edge)
                                                      3.333     3.333 r                       
    J18                                               0.000     3.333 r                       clk (IN)
                         net (fo=0)                   0.000     3.333                         clk_IBUF_inst/I
    J18                  INBUF (Prop_INBUF_HPIOB_M_PAD_O)
                                                      0.262     3.595 r                       clk_IBUF_inst/INBUF_INST/O
                         net (fo=1, routed)           0.000     3.595                         clk_IBUF_inst/OUT
    J18                  IBUFCTRL (Prop_IBUFCTRL_HPIOB_M_I_O)
                                                      0.000     3.595 r                       clk_IBUF_inst/IBUFCTRL_INST/O
                         net (fo=1, routed)           0.297     3.892                         clk_IBUF
    BUFGCE_X1Y288        BUFGCE (Prop_BUFCE_BUFGCE_I_O)
                                                      0.024     3.916 r                       clk_IBUF_BUFG_inst/O
    X1Y13 (CLOCK_ROOT)   net (fo=7793, routed)        2.087     6.003                         glen[5].blk_i/core/g[1].alu_i/g_fma.lanes_fma[0].fp_fma_inst/inst/i_synth/FMA_OP.OP/special_detect/detector_a/MANT_CARRY.MANT_ALL_ZERO_DET/CARRY_ZERO_DET/aclk
    SLICE_X52Y819        FDRE                                         r  pblock_2             glen[5].blk_i/core/g[1].alu_i/g_fma.lanes_fma[0].fp_fma_inst/inst/i_synth/FMA_OP.OP/special_detect/detector_a/MANT_CARRY.MANT_ALL_ZERO_DET/CARRY_ZERO_DET/CHAIN_GEN[8].CARRYS_DEL.NEED_DEL.CARRYS_FD/C
                         clock pessimism              0.454     6.457                           
                         clock uncertainty           -0.035     6.421                           
    SLICE_X52Y819        FDRE (Setup_AFF_SLICEL_C_D)
                                                      0.025     6.446    pblock_2               glen[5].blk_i/core/g[1].alu_i/g_fma.lanes_fma[0].fp_fma_inst/inst/i_synth/FMA_OP.OP/special_detect/detector_a/MANT_CARRY.MANT_ALL_ZERO_DET/CARRY_ZERO_DET/CHAIN_GEN[8].CARRYS_DEL.NEED_DEL.CARRYS_FD
  -------------------------------------------------------------------
                         required time                          6.446                           
                         arrival time                          -5.153                           
  -------------------------------------------------------------------
                         slack                                  1.293                           





Min Delay Paths
--------------------------------------------------------------------------------------
Slack (MET) :             0.010ns  (arrival time - required time)
  Source:                 glen[1].blk_i/core/g[1].alu_i/g_fma.lanes_fma[0].fp_fma_inst/inst/i_synth/FMA_OP.OP/addsub/add/ALIGN_BLK/FRAC_ADDSUB/LOGIC_ADD.FRAC_ADDSUB/STRUCT_ADD1.ADD1/Q_DEL/i_pipe/opt_has_pipe.first_q_reg[16]/C
                            (rising edge-triggered cell FDRE clocked by host_clk  {rise@0.000ns fall@1.666ns period=3.333ns})
  Destination:            glen[1].blk_i/core/g[1].alu_i/g_fma.lanes_fma[0].fp_fma_inst/inst/i_synth/FMA_OP.OP/addsub/add/ALIGN_BLK/FRAC_ADDSUB/LOGIC_ADD.FRAC_ADDSUB/STRUCT_ADD1.ADD1/Q_DEL/i_pipe/opt_has_pipe.i_pipe[2].pipe_reg[2][16]/D
                            (rising edge-triggered cell FDRE clocked by host_clk  {rise@0.000ns fall@1.666ns period=3.333ns})
  Path Group:             host_clk
  Path Type:              Hold (Min at Slow Process Corner)
  Requirement:            0.000ns  (host_clk rise@0.000ns - host_clk rise@0.000ns)
  Data Path Delay:        0.172ns  (logic 0.058ns (33.721%)  route 0.114ns (66.279%))
  Logic Levels:           0  
  Clock Path Skew:        0.100ns (DCD - SCD - CPR)
    Destination Clock Delay (DCD):    3.217ns
    Source Clock Delay      (SCD):    2.663ns
    Clock Pessimism Removal (CPR):    0.454ns
  Clock Net Delay (Source):      2.080ns (routing 1.329ns, distribution 0.751ns)
  Clock Net Delay (Destination): 2.342ns (routing 1.456ns, distribution 0.886ns)

    Location             Delay type                Incr(ns)  Path(ns)    PBlock               Netlist Resource(s)
  -------------------------------------------------------------------    ----------------------------------------
                         (clock host_clk rise edge)
                                                      0.000     0.000 r                       
    J18                                               0.000     0.000 r                       clk (IN)
                         net (fo=0)                   0.000     0.000                         clk_IBUF_inst/I
    J18                  INBUF (Prop_INBUF_HPIOB_M_PAD_O)
                                                      0.262     0.262 r                       clk_IBUF_inst/INBUF_INST/O
                         net (fo=1, routed)           0.000     0.262                         clk_IBUF_inst/OUT
    J18                  IBUFCTRL (Prop_IBUFCTRL_HPIOB_M_I_O)
                                                      0.000     0.262 r                       clk_IBUF_inst/IBUFCTRL_INST/O
                         net (fo=1, routed)           0.297     0.559                         clk_IBUF
    BUFGCE_X1Y288        BUFGCE (Prop_BUFCE_BUFGCE_I_O)
                                                      0.024     0.583 r                       clk_IBUF_BUFG_inst/O
    X1Y13 (CLOCK_ROOT)   net (fo=7793, routed)        2.080     2.663                         glen[1].blk_i/core/g[1].alu_i/g_fma.lanes_fma[0].fp_fma_inst/inst/i_synth/FMA_OP.OP/addsub/add/ALIGN_BLK/FRAC_ADDSUB/LOGIC_ADD.FRAC_ADDSUB/STRUCT_ADD1.ADD1/Q_DEL/i_pipe/aclk
    SLICE_X44Y784        FDRE                                         r  pblock_2             glen[1].blk_i/core/g[1].alu_i/g_fma.lanes_fma[0].fp_fma_inst/inst/i_synth/FMA_OP.OP/addsub/add/ALIGN_BLK/FRAC_ADDSUB/LOGIC_ADD.FRAC_ADDSUB/STRUCT_ADD1.ADD1/Q_DEL/i_pipe/opt_has_pipe.first_q_reg[16]/C
  -------------------------------------------------------------------    ----------------------------------------
    SLICE_X44Y784        FDRE (Prop_CFF_SLICEL_C_Q)
                                                      0.058     2.721 r  pblock_2             glen[1].blk_i/core/g[1].alu_i/g_fma.lanes_fma[0].fp_fma_inst/inst/i_synth/FMA_OP.OP/addsub/add/ALIGN_BLK/FRAC_ADDSUB/LOGIC_ADD.FRAC_ADDSUB/STRUCT_ADD1.ADD1/Q_DEL/i_pipe/opt_has_pipe.first_q_reg[16]/Q
                         net (fo=1, routed)           0.114     2.835                         glen[1].blk_i/core/g[1].alu_i/g_fma.lanes_fma[0].fp_fma_inst/inst/i_synth/FMA_OP.OP/addsub/add/ALIGN_BLK/FRAC_ADDSUB/LOGIC_ADD.FRAC_ADDSUB/STRUCT_ADD1.ADD1/Q_DEL/i_pipe/opt_has_pipe.first_q_reg_n_0_[16]
    SLICE_X41Y784        FDRE                                         r  pblock_2             glen[1].blk_i/core/g[1].alu_i/g_fma.lanes_fma[0].fp_fma_inst/inst/i_synth/FMA_OP.OP/addsub/add/ALIGN_BLK/FRAC_ADDSUB/LOGIC_ADD.FRAC_ADDSUB/STRUCT_ADD1.ADD1/Q_DEL/i_pipe/opt_has_pipe.i_pipe[2].pipe_reg[2][16]/D
  -------------------------------------------------------------------    ----------------------------------------

                         (clock host_clk rise edge)
                                                      0.000     0.000 r                       
    J18                                               0.000     0.000 r                       clk (IN)
                         net (fo=0)                   0.000     0.000                         clk_IBUF_inst/I
    J18                  INBUF (Prop_INBUF_HPIOB_M_PAD_O)
                                                      0.512     0.512 r                       clk_IBUF_inst/INBUF_INST/O
                         net (fo=1, routed)           0.000     0.512                         clk_IBUF_inst/OUT
    J18                  IBUFCTRL (Prop_IBUFCTRL_HPIOB_M_I_O)
                                                      0.000     0.512 r                       clk_IBUF_inst/IBUFCTRL_INST/O
                         net (fo=1, routed)           0.335     0.847                         clk_IBUF
    BUFGCE_X1Y288        BUFGCE (Prop_BUFCE_BUFGCE_I_O)
                                                      0.028     0.875 r                       clk_IBUF_BUFG_inst/O
    X1Y13 (CLOCK_ROOT)   net (fo=7793, routed)        2.342     3.217                         glen[1].blk_i/core/g[1].alu_i/g_fma.lanes_fma[0].fp_fma_inst/inst/i_synth/FMA_OP.OP/addsub/add/ALIGN_BLK/FRAC_ADDSUB/LOGIC_ADD.FRAC_ADDSUB/STRUCT_ADD1.ADD1/Q_DEL/i_pipe/aclk
    SLICE_X41Y784        FDRE                                         r  pblock_2             glen[1].blk_i/core/g[1].alu_i/g_fma.lanes_fma[0].fp_fma_inst/inst/i_synth/FMA_OP.OP/addsub/add/ALIGN_BLK/FRAC_ADDSUB/LOGIC_ADD.FRAC_ADDSUB/STRUCT_ADD1.ADD1/Q_DEL/i_pipe/opt_has_pipe.i_pipe[2].pipe_reg[2][16]/C
                         clock pessimism             -0.454     2.763                           
    SLICE_X41Y784        FDRE (Hold_AFF2_SLICEL_C_D)
                                                      0.062     2.825    pblock_2               glen[1].blk_i/core/g[1].alu_i/g_fma.lanes_fma[0].fp_fma_inst/inst/i_synth/FMA_OP.OP/addsub/add/ALIGN_BLK/FRAC_ADDSUB/LOGIC_ADD.FRAC_ADDSUB/STRUCT_ADD1.ADD1/Q_DEL/i_pipe/opt_has_pipe.i_pipe[2].pipe_reg[2][16]
  -------------------------------------------------------------------
                         required time                         -2.825                           
                         arrival time                           2.835                           
  -------------------------------------------------------------------
                         slack                                  0.010                           





Pulse Width Checks
--------------------------------------------------------------------------------------
Clock Name:         host_clk
Waveform(ns):       { 0.000 1.666 }
Period(ns):         3.333
Sources:            { clk }

Check Type        Corner  Lib Pin     Reference Pin  Required(ns)  Actual(ns)  Slack(ns)  Location       Pin
Min Period        n/a     BUFGCE/I    n/a            1.290         3.333       2.043      BUFGCE_X1Y288  clk_IBUF_BUFG_inst/I
Low Pulse Width   Slow    SRL16E/CLK  n/a            0.532         1.666       1.134      SLICE_X43Y791  glen[1].blk_i/core/g[1].alu_i/g_fma.lanes_fma[0].fp_fma_inst/inst/i_synth/FMA_OP.OP/addsub/add/ALIGN_BLK/FRAC_ADDSUB/LOGIC_ADD.FRAC_ADDSUB/LRG_RND1_DEL/i_pipe/opt_has_pipe.i_pipe[4].pipe_reg[4][0]_srl3/CLK
High Pulse Width  Slow    SRL16E/CLK  n/a            0.532         1.667       1.135      SLICE_X43Y791  glen[1].blk_i/core/g[1].alu_i/g_fma.lanes_fma[0].fp_fma_inst/inst/i_synth/FMA_OP.OP/addsub/add/ALIGN_BLK/FRAC_ADDSUB/LOGIC_ADD.FRAC_ADDSUB/LRG_RND1_DEL/i_pipe/opt_has_pipe.i_pipe[4].pipe_reg[4][0]_srl3/CLK



