Copyright 1986-2020 Xilinx, Inc. All Rights Reserved.
---------------------------------------------------------------------------------------------------------------------------------------------------------------
| Tool Version : Vivado v.2020.1 (lin64) Build 2902540 Wed May 27 19:54:35 MDT 2020
| Date         : Mon Oct 27 18:39:38 2025
| Host         : orthanc running 64-bit Ubuntu 22.04.4 LTS
| Command      : report_utilization -hierarchical -file /home/jyoo/custom_v_2/custom-core-tool/reports/synth_0p5pct/benches/641_leela_s/pre_impl_util_hier.rpt
| Design       : top_multi_len
| Device       : xcu200fsgd2104-2
| Design State : Synthesized
---------------------------------------------------------------------------------------------------------------------------------------------------------------

Utilization Design Information

Table of Contents
-----------------
1. Utilization by Hierarchy

1. Utilization by Hierarchy
---------------------------

+---------------------------------------------------------------------------------+-----------------------------------------+------------+------------+---------+------+------+--------+--------+------+------------+
|                                     Instance                                    |                  Module                 | Total LUTs | Logic LUTs | LUTRAMs | SRLs |  FFs | RAMB36 | RAMB18 | URAM | DSP Blocks |
+---------------------------------------------------------------------------------+-----------------------------------------+------------+------------+---------+------+------+--------+--------+------+------------+
| top_multi_len                                                                   |                                   (top) |       3412 |       3193 |       0 |  219 | 5777 |      8 |      0 |    0 |         16 |
|   (top_multi_len)                                                               |                                   (top) |        143 |        143 |       0 |    0 |  397 |      0 |      0 |    0 |          0 |
|   g_has_mem.glen_mem[0].blk_i                                                   |                          uop_block_wrap |          2 |          2 |       0 |    0 |  140 |      0 |      0 |    0 |          0 |
|     (g_has_mem.glen_mem[0].blk_i)                                               |                          uop_block_wrap |          0 |          0 |       0 |    0 |   75 |      0 |      0 |    0 |          0 |
|     core                                                                        |                             uop_block_1 |          2 |          2 |       0 |    0 |   65 |      0 |      0 |    0 |          0 |
|       (core)                                                                    |                             uop_block_1 |          2 |          2 |       0 |    0 |    1 |      0 |      0 |    0 |          0 |
|       g[0].g_normal.alu_i                                                       |                        microop_unit__10 |          0 |          0 |       0 |    0 |   32 |      0 |      0 |    0 |          0 |
|       g[1].g_normal.alu_i                                                       |        microop_unit__parameterized0__11 |          0 |          0 |       0 |    0 |   32 |      0 |      0 |    0 |          0 |
|   g_has_mem.glen_mem[10].blk_i                                                  |          uop_block_wrap__parameterized8 |        219 |          0 |       0 |  219 |  647 |      0 |      0 |    0 |         16 |
|     (g_has_mem.glen_mem[10].blk_i)                                              |          uop_block_wrap__parameterized8 |          0 |          0 |       0 |    0 |   70 |      0 |      0 |    0 |          0 |
|     core                                                                        |               uop_block__parameterized8 |        219 |          0 |       0 |  219 |  577 |      0 |      0 |    0 |         16 |
|       (core)                                                                    |               uop_block__parameterized8 |          0 |          0 |       0 |    0 |    0 |      0 |      0 |    0 |          0 |
|       g[0].g_normal.alu_i                                                       |                         microop_unit__9 |          0 |          0 |       0 |    0 |   32 |      0 |      0 |    0 |          0 |
|       g[1].g_normal.alu_i                                                       |           microop_unit__parameterized15 |        219 |          0 |       0 |  219 |  545 |      0 |      0 |    0 |         16 |
|         (g[1].g_normal.alu_i)                                                   |           microop_unit__parameterized15 |          0 |          0 |       0 |    0 |   64 |      0 |      0 |    0 |          0 |
|         g_imul.mul64_ip.mul_i                                                   |                             integer_mul |        219 |          0 |       0 |  219 |  481 |      0 |      0 |    0 |         16 |
|           (g_imul.mul64_ip.mul_i)                                               |                             integer_mul |          0 |          0 |       0 |    0 |    0 |      0 |      0 |    0 |          0 |
|           U0                                                                    |            integer_mulmult_gen_v12_0_16 |        219 |          0 |       0 |  219 |  481 |      0 |      0 |    0 |         16 |
|             (U0)                                                                |            integer_mulmult_gen_v12_0_16 |          0 |          0 |       0 |    0 |    0 |      0 |      0 |    0 |          0 |
|             i_mult                                                              |        integer_mulmult_gen_v12_0_16_viv |        219 |          0 |       0 |  219 |  481 |      0 |      0 |    0 |         16 |
|               (i_mult)                                                          |        integer_mulmult_gen_v12_0_16_viv |          0 |          0 |       0 |    0 |    0 |      0 |      0 |    0 |          0 |
|               gDSP.gDSP_only.iDSP                                               |                          integer_muldsp |        219 |          0 |       0 |  219 |  481 |      0 |      0 |    0 |         16 |
|                 (gDSP.gDSP_only.iDSP)                                           |                          integer_muldsp |          0 |          0 |       0 |    0 |    0 |      0 |      0 |    0 |         16 |
|                 use_prim.appDSP48[0].bppDSP48[0].need_output_delay.output_delay |  integer_muldelay_line__parameterized16 |          9 |          0 |       0 |    9 |   17 |      0 |      0 |    0 |          0 |
|                 use_prim.appDSP48[0].bppDSP48[2].need_output_delay.output_delay |  integer_muldelay_line__parameterized18 |          9 |          0 |       0 |    9 |   17 |      0 |      0 |    0 |          0 |
|                 use_prim.appDSP48[1].bppDSP48[0].need_output_delay.output_delay |  integer_muldelay_line__parameterized19 |          9 |          0 |       0 |    9 |   17 |      0 |      0 |    0 |          0 |
|                 use_prim.appDSP48[1].bppDSP48[3].need_output_delay.output_delay |  integer_muldelay_line__parameterized20 |          9 |          0 |       0 |    9 |   17 |      0 |      0 |    0 |          0 |
|                 use_prim.appDSP48[3].bppDSP48[0].need_output_delay.output_delay |  integer_muldelay_line__parameterized21 |          9 |          0 |       0 |    9 |   17 |      0 |      0 |    0 |          0 |
|                 use_prim.appDSP48[3].bppDSP48[2].need_output_delay.output_delay |  integer_muldelay_line__parameterized22 |          0 |          0 |       0 |    0 |   17 |      0 |      0 |    0 |          0 |
|                 use_prim.iAdelx[0].iAdely[2].use_delay_line.Adelay              |   integer_muldelay_line__parameterized0 |          9 |          0 |       0 |    9 |   18 |      0 |      0 |    0 |          0 |
|                 use_prim.iAdelx[1].iAdely[1].use_delay_line.Adelay              |   integer_muldelay_line__parameterized1 |          9 |          0 |       0 |    9 |   18 |      0 |      0 |    0 |          0 |
|                 use_prim.iAdelx[1].iAdely[2].use_delay_line.Adelay              |   integer_muldelay_line__parameterized2 |          9 |          0 |       0 |    9 |   18 |      0 |      0 |    0 |          0 |
|                 use_prim.iAdelx[1].iAdely[3].use_delay_line.Adelay              |   integer_muldelay_line__parameterized3 |          9 |          0 |       0 |    9 |   18 |      0 |      0 |    0 |          0 |
|                 use_prim.iAdelx[2].iAdely[0].use_delay_line.Adelay              |   integer_muldelay_line__parameterized4 |          0 |          0 |       0 |    0 |   17 |      0 |      0 |    0 |          0 |
|                 use_prim.iAdelx[2].iAdely[1].use_delay_line.Adelay              |   integer_muldelay_line__parameterized5 |          9 |          0 |       0 |    9 |   18 |      0 |      0 |    0 |          0 |
|                 use_prim.iAdelx[2].iAdely[2].use_delay_line.Adelay              |   integer_muldelay_line__parameterized6 |          9 |          0 |       0 |    9 |   18 |      0 |      0 |    0 |          0 |
|                 use_prim.iAdelx[2].iAdely[3].use_delay_line.Adelay              |   integer_muldelay_line__parameterized7 |          9 |          0 |       0 |    9 |   18 |      0 |      0 |    0 |          0 |
|                 use_prim.iAdelx[3].iAdely[0].use_delay_line.Adelay              |   integer_muldelay_line__parameterized8 |          7 |          0 |       0 |    7 |   13 |      0 |      0 |    0 |          0 |
|                 use_prim.iAdelx[3].iAdely[2].use_delay_line.Adelay              |   integer_muldelay_line__parameterized9 |          7 |          0 |       0 |    7 |   13 |      0 |      0 |    0 |          0 |
|                 use_prim.iBdelx[0].iBdely[2].need_delay_line.Bdelay             | integer_muldelay_line__parameterized0_0 |          9 |          0 |       0 |    9 |   18 |      0 |      0 |    0 |          0 |
|                 use_prim.iBdelx[0].iBdely[3].need_delay_line.Bdelay             |  integer_muldelay_line__parameterized10 |          9 |          0 |       0 |    9 |   18 |      0 |      0 |    0 |          0 |
|                 use_prim.iBdelx[1].iBdely[0].need_delay_line.Bdelay             | integer_muldelay_line__parameterized4_1 |          0 |          0 |       0 |    0 |   17 |      0 |      0 |    0 |          0 |
|                 use_prim.iBdelx[1].iBdely[1].need_delay_line.Bdelay             | integer_muldelay_line__parameterized1_2 |          9 |          0 |       0 |    9 |   18 |      0 |      0 |    0 |          0 |
|                 use_prim.iBdelx[1].iBdely[2].need_delay_line.Bdelay             | integer_muldelay_line__parameterized2_3 |          9 |          0 |       0 |    9 |   18 |      0 |      0 |    0 |          0 |
|                 use_prim.iBdelx[1].iBdely[3].need_delay_line.Bdelay             | integer_muldelay_line__parameterized3_4 |          9 |          0 |       0 |    9 |   18 |      0 |      0 |    0 |          0 |
|                 use_prim.iBdelx[2].iBdely[1].need_delay_line.Bdelay             | integer_muldelay_line__parameterized5_5 |          9 |          0 |       0 |    9 |   18 |      0 |      0 |    0 |          0 |
|                 use_prim.iBdelx[2].iBdely[2].need_delay_line.Bdelay             | integer_muldelay_line__parameterized6_6 |          9 |          0 |       0 |    9 |   18 |      0 |      0 |    0 |          0 |
|                 use_prim.iBdelx[3].iBdely[0].need_delay_line.Bdelay             |  integer_muldelay_line__parameterized11 |          9 |          0 |       0 |    9 |   18 |      0 |      0 |    0 |          0 |
|                 use_prim.iBdelx[3].iBdely[1].need_delay_line.Bdelay             |  integer_muldelay_line__parameterized12 |          9 |          0 |       0 |    9 |   18 |      0 |      0 |    0 |          0 |
|                 use_prim.iBdelx[3].iBdely[2].need_delay_line.Bdelay             |  integer_muldelay_line__parameterized13 |          9 |          0 |       0 |    9 |   18 |      0 |      0 |    0 |          0 |
|                 use_prim.iBdelx[3].iBdely[3].need_delay_line.Bdelay             |  integer_muldelay_line__parameterized14 |          7 |          0 |       0 |    7 |   13 |      0 |      0 |    0 |          0 |
|   g_has_mem.glen_mem[11].blk_i                                                  |          uop_block_wrap__parameterized9 |          0 |          0 |       0 |    0 |  102 |      0 |      0 |    0 |          0 |
|     (g_has_mem.glen_mem[11].blk_i)                                              |          uop_block_wrap__parameterized9 |          0 |          0 |       0 |    0 |   70 |      0 |      0 |    0 |          0 |
|     core                                                                        |               uop_block__parameterized9 |          0 |          0 |       0 |    0 |   32 |      0 |      0 |    0 |          0 |
|       (core)                                                                    |               uop_block__parameterized9 |          0 |          0 |       0 |    0 |    0 |      0 |      0 |    0 |          0 |
|       g[0].g_normal.alu_i                                                       |                            microop_unit |          0 |          0 |       0 |    0 |   32 |      0 |      0 |    0 |          0 |
|   g_has_mem.glen_mem[12].blk_i                                                  |         uop_block_wrap__parameterized10 |        139 |        139 |       0 |    0 |  212 |      0 |      0 |    0 |          0 |
|     (g_has_mem.glen_mem[12].blk_i)                                              |         uop_block_wrap__parameterized10 |          3 |          3 |       0 |    0 |   49 |      0 |      0 |    0 |          0 |
|     core                                                                        |              uop_block__parameterized10 |        136 |        136 |       0 |    0 |  163 |      0 |      0 |    0 |          0 |
|       (core)                                                                    |              uop_block__parameterized10 |          8 |          8 |       0 |    0 |    3 |      0 |      0 |    0 |          0 |
|       g[0].g_normal.alu_i                                                       |            microop_unit__parameterized0 |          0 |          0 |       0 |    0 |   32 |      0 |      0 |    0 |          0 |
|       g[1].g_normal.alu_i                                                       |           microop_unit__parameterized11 |         32 |         32 |       0 |    0 |   32 |      0 |      0 |    0 |          0 |
|       g[2].g_normal.alu_i                                                       |        microop_unit__parameterized16__1 |         32 |         32 |       0 |    0 |   32 |      0 |      0 |    0 |          0 |
|       g[5].g_normal.alu_i                                                       |           microop_unit__parameterized17 |         32 |         32 |       0 |    0 |   32 |      0 |      0 |    0 |          0 |
|       g[6].g_normal.alu_i                                                       |           microop_unit__parameterized16 |         32 |         32 |       0 |    0 |   32 |      0 |      0 |    0 |          0 |
|   g_has_mem.glen_mem[13].blk_i                                                  |         uop_block_wrap__parameterized11 |        320 |        320 |       0 |    0 |  273 |      0 |      0 |    0 |          0 |
|     (g_has_mem.glen_mem[13].blk_i)                                              |         uop_block_wrap__parameterized11 |         14 |         14 |       0 |    0 |   78 |      0 |      0 |    0 |          0 |
|     core                                                                        |              uop_block__parameterized11 |        306 |        306 |       0 |    0 |  195 |      0 |      0 |    0 |          0 |
|       (core)                                                                    |              uop_block__parameterized11 |          6 |          6 |       0 |    0 |    2 |      0 |      0 |    0 |          0 |
|       g[0].g_normal.alu_i                                                       |            microop_unit__parameterized5 |         64 |         64 |       0 |    0 |   64 |      0 |      0 |    0 |          0 |
|       g[1].g_normal.alu_i                                                       |           microop_unit__parameterized18 |        171 |        171 |       0 |    0 |   64 |      0 |      0 |    0 |          0 |
|       g[2].g_normal.alu_i                                                       |           microop_unit__parameterized19 |         64 |         64 |       0 |    0 |   64 |      0 |      0 |    0 |          0 |
|       g[3].g_normal.alu_i                                                       |           microop_unit__parameterized20 |          1 |          1 |       0 |    0 |    1 |      0 |      0 |    0 |          0 |
|   g_has_mem.glen_mem[1].blk_i                                                   |          uop_block_wrap__parameterized0 |         21 |         21 |       0 |    0 |   46 |      0 |      0 |    0 |          0 |
|     (g_has_mem.glen_mem[1].blk_i)                                               |          uop_block_wrap__parameterized0 |          1 |          1 |       0 |    0 |   28 |      0 |      0 |    0 |          0 |
|     core                                                                        |               uop_block__parameterized0 |         20 |         20 |       0 |    0 |   18 |      0 |      0 |    0 |          0 |
|       (core)                                                                    |               uop_block__parameterized0 |          3 |          3 |       0 |    0 |    1 |      0 |      0 |    0 |          0 |
|       g[0].g_normal.alu_i                                                       |         microop_unit__parameterized1__1 |         16 |         16 |       0 |    0 |   16 |      0 |      0 |    0 |          0 |
|       g[1].g_normal.alu_i                                                       |            microop_unit__parameterized2 |          1 |          1 |       0 |    0 |    1 |      0 |      0 |    0 |          0 |
|   g_has_mem.glen_mem[2].blk_i                                                   |          uop_block_wrap__parameterized1 |         39 |         39 |       0 |    0 |   80 |      0 |      0 |    0 |          0 |
|     (g_has_mem.glen_mem[2].blk_i)                                               |          uop_block_wrap__parameterized1 |          3 |          3 |       0 |    0 |   46 |      0 |      0 |    0 |          0 |
|     core                                                                        |               uop_block__parameterized1 |         36 |         36 |       0 |    0 |   34 |      0 |      0 |    0 |          0 |
|       (core)                                                                    |               uop_block__parameterized1 |          3 |          3 |       0 |    0 |    1 |      0 |      0 |    0 |          0 |
|       g[0].g_normal.alu_i                                                       |            microop_unit__parameterized3 |         32 |         32 |       0 |    0 |   32 |      0 |      0 |    0 |          0 |
|       g[1].g_normal.alu_i                                                       |            microop_unit__parameterized4 |          1 |          1 |       0 |    0 |    1 |      0 |      0 |    0 |          0 |
|   g_has_mem.glen_mem[3].blk_i                                                   |          uop_block_wrap__parameterized2 |         67 |         67 |       0 |    0 |  206 |      0 |      0 |    0 |          0 |
|     (g_has_mem.glen_mem[3].blk_i)                                               |          uop_block_wrap__parameterized2 |          1 |          1 |       0 |    0 |   77 |      0 |      0 |    0 |          0 |
|     core                                                                        |               uop_block__parameterized2 |         66 |         66 |       0 |    0 |  129 |      0 |      0 |    0 |          0 |
|       (core)                                                                    |               uop_block__parameterized2 |          2 |          2 |       0 |    0 |    1 |      0 |      0 |    0 |          0 |
|       g[0].g_normal.alu_i                                                       |         microop_unit__parameterized5__1 |         64 |         64 |       0 |    0 |   64 |      0 |      0 |    0 |          0 |
|       g[1].g_normal.alu_i                                                       |         microop_unit__parameterized6__1 |          0 |          0 |       0 |    0 |   64 |      0 |      0 |    0 |          0 |
|   g_has_mem.glen_mem[4].blk_i                                                   |          uop_block_wrap__parameterized3 |          2 |          2 |       0 |    0 |  115 |      0 |      0 |    0 |          0 |
|     (g_has_mem.glen_mem[4].blk_i)                                               |          uop_block_wrap__parameterized3 |          0 |          0 |       0 |    0 |   74 |      0 |      0 |    0 |          0 |
|     core                                                                        |               uop_block__parameterized3 |          2 |          2 |       0 |    0 |   41 |      0 |      0 |    0 |          0 |
|       (core)                                                                    |               uop_block__parameterized3 |          2 |          2 |       0 |    0 |    1 |      0 |      0 |    0 |          0 |
|       g[0].g_normal.alu_i                                                       |                         microop_unit__2 |          0 |          0 |       0 |    0 |   32 |      0 |      0 |    0 |          0 |
|       g[1].g_normal.alu_i                                                       |         microop_unit__parameterized7__1 |          0 |          0 |       0 |    0 |    8 |      0 |      0 |    0 |          0 |
|   g_has_mem.glen_mem[5].blk_i                                                   |          uop_block_wrap__parameterized4 |         89 |         89 |       0 |    0 |  234 |      0 |      0 |    0 |          0 |
|     (g_has_mem.glen_mem[5].blk_i)                                               |          uop_block_wrap__parameterized4 |          1 |          1 |       0 |    0 |   46 |      0 |      0 |    0 |          0 |
|     core                                                                        |               uop_block__parameterized4 |         88 |         88 |       0 |    0 |  188 |      0 |      0 |    0 |          0 |
|       (core)                                                                    |               uop_block__parameterized4 |          8 |          8 |       0 |    0 |    3 |      0 |      0 |    0 |          0 |
|       g[0].g_normal.alu_i                                                       |         microop_unit__parameterized0__2 |          0 |          0 |       0 |    0 |   32 |      0 |      0 |    0 |          0 |
|       g[1].g_normal.alu_i                                                       |         microop_unit__parameterized8__1 |         32 |         32 |       0 |    0 |   32 |      0 |      0 |    0 |          0 |
|       g[2].g_normal.alu_i                                                       |                         microop_unit__3 |          0 |          0 |       0 |    0 |   32 |      0 |      0 |    0 |          0 |
|       g[3].g_normal.alu_i                                                       |            microop_unit__parameterized8 |         32 |         32 |       0 |    0 |   32 |      0 |      0 |    0 |          0 |
|       g[4].g_normal.alu_i                                                       |                         microop_unit__4 |          0 |          0 |       0 |    0 |   32 |      0 |      0 |    0 |          0 |
|       g[5].g_normal.alu_i                                                       |         microop_unit__parameterized1__2 |         16 |         16 |       0 |    0 |   16 |      0 |      0 |    0 |          0 |
|       g[6].g_normal.alu_i                                                       |         microop_unit__parameterized7__2 |          0 |          0 |       0 |    0 |    8 |      0 |      0 |    0 |          0 |
|       g[7].g_normal.alu_i                                                       |         microop_unit__parameterized9__1 |          0 |          0 |       0 |    0 |    1 |      0 |      0 |    0 |          0 |
|   g_has_mem.glen_mem[6].blk_i                                                   |          uop_block_wrap__parameterized5 |         89 |         89 |       0 |    0 |  295 |      0 |      0 |    0 |          0 |
|     (g_has_mem.glen_mem[6].blk_i)                                               |          uop_block_wrap__parameterized5 |          1 |          1 |       0 |    0 |   75 |      0 |      0 |    0 |          0 |
|     core                                                                        |               uop_block__parameterized5 |         88 |         88 |       0 |    0 |  220 |      0 |      0 |    0 |          0 |
|       (core)                                                                    |               uop_block__parameterized5 |          8 |          8 |       0 |    0 |    3 |      0 |      0 |    0 |          0 |
|       g[0].g_normal.alu_i                                                       |            microop_unit__parameterized6 |          0 |          0 |       0 |    0 |   64 |      0 |      0 |    0 |          0 |
|       g[1].g_normal.alu_i                                                       |        microop_unit__parameterized10__1 |         32 |         32 |       0 |    0 |   32 |      0 |      0 |    0 |          0 |
|       g[2].g_normal.alu_i                                                       |         microop_unit__parameterized1__3 |         16 |         16 |       0 |    0 |   16 |      0 |      0 |    0 |          0 |
|       g[3].g_normal.alu_i                                                       |                         microop_unit__5 |          0 |          0 |       0 |    0 |   32 |      0 |      0 |    0 |          0 |
|       g[4].g_normal.alu_i                                                       |         microop_unit__parameterized9__2 |          0 |          0 |       0 |    0 |    1 |      0 |      0 |    0 |          0 |
|       g[5].g_normal.alu_i                                                       |           microop_unit__parameterized10 |         32 |         32 |       0 |    0 |   32 |      0 |      0 |    0 |          0 |
|       g[6].g_normal.alu_i                                                       |                         microop_unit__6 |          0 |          0 |       0 |    0 |   32 |      0 |      0 |    0 |          0 |
|       g[7].g_normal.alu_i                                                       |         microop_unit__parameterized7__3 |          0 |          0 |       0 |    0 |    8 |      0 |      0 |    0 |          0 |
|   g_has_mem.glen_mem[7].blk_i                                                   |          uop_block_wrap__parameterized6 |        954 |        954 |       0 |    0 | 1159 |      0 |      0 |    0 |          0 |
|     (g_has_mem.glen_mem[7].blk_i)                                               |          uop_block_wrap__parameterized6 |          4 |          4 |       0 |    0 |   79 |      0 |      0 |    0 |          0 |
|     core                                                                        |               uop_block__parameterized6 |        950 |        950 |       0 |    0 | 1080 |      0 |      0 |    0 |          0 |
|       (core)                                                                    |               uop_block__parameterized6 |         19 |         19 |       0 |    0 |    6 |      0 |      0 |    0 |          0 |
|       g[0].g_normal.alu_i                                                       |         microop_unit__parameterized5__2 |         64 |         64 |       0 |    0 |   64 |      0 |      0 |    0 |          0 |
|       g[10].g_normal.alu_i                                                      |                         microop_unit__8 |          0 |          0 |       0 |    0 |   32 |      0 |      0 |    0 |          0 |
|       g[11].g_normal.alu_i                                                      |         microop_unit__parameterized0__6 |          0 |          0 |       0 |    0 |   32 |      0 |      0 |    0 |          0 |
|       g[14].g_normal.alu_i                                                      |        microop_unit__parameterized12__1 |         71 |         71 |       0 |    0 |   32 |      0 |      0 |    0 |          0 |
|       g[15].g_normal.alu_i                                                      |         microop_unit__parameterized7__6 |          0 |          0 |       0 |    0 |    8 |      0 |      0 |    0 |          0 |
|       g[17].g_normal.alu_i                                                      |         microop_unit__parameterized1__4 |         16 |         16 |       0 |    0 |   16 |      0 |      0 |    0 |          0 |
|       g[18].g_normal.alu_i                                                      |         microop_unit__parameterized7__7 |          0 |          0 |       0 |    0 |    8 |      0 |      0 |    0 |          0 |
|       g[1].g_normal.alu_i                                                       |        microop_unit__parameterized11__1 |         32 |         32 |       0 |    0 |   32 |      0 |      0 |    0 |          0 |
|       g[20].g_normal.alu_i                                                      |            microop_unit__parameterized1 |         16 |         16 |       0 |    0 |   16 |      0 |      0 |    0 |          0 |
|       g[21].g_normal.alu_i                                                      |        microop_unit__parameterized12__2 |         71 |         71 |       0 |    0 |   32 |      0 |      0 |    0 |          0 |
|       g[22].g_normal.alu_i                                                      |         microop_unit__parameterized9__3 |          0 |          0 |       0 |    0 |    1 |      0 |      0 |    0 |          0 |
|       g[23].g_normal.alu_i                                                      |         microop_unit__parameterized7__8 |          0 |          0 |       0 |    0 |    8 |      0 |      0 |    0 |          0 |
|       g[25].g_normal.alu_i                                                      |         microop_unit__parameterized9__4 |          0 |          0 |       0 |    0 |    1 |      0 |      0 |    0 |          0 |
|       g[26].g_normal.alu_i                                                      |        microop_unit__parameterized13__1 |         32 |         32 |       0 |    0 |   32 |      0 |      0 |    0 |          0 |
|       g[27].g_normal.alu_i                                                      |         microop_unit__parameterized7__9 |          0 |          0 |       0 |    0 |    8 |      0 |      0 |    0 |          0 |
|       g[28].g_normal.alu_i                                                      |         microop_unit__parameterized0__7 |          0 |          0 |       0 |    0 |   32 |      0 |      0 |    0 |          0 |
|       g[29].g_normal.alu_i                                                      |        microop_unit__parameterized13__2 |         32 |         32 |       0 |    0 |   32 |      0 |      0 |    0 |          0 |
|       g[2].g_normal.alu_i                                                       |        microop_unit__parameterized11__2 |         32 |         32 |       0 |    0 |   32 |      0 |      0 |    0 |          0 |
|       g[31].g_normal.alu_i                                                      |        microop_unit__parameterized12__3 |         71 |         71 |       0 |    0 |   32 |      0 |      0 |    0 |          0 |
|       g[32].g_normal.alu_i                                                      |        microop_unit__parameterized13__3 |         32 |         32 |       0 |    0 |   32 |      0 |      0 |    0 |          0 |
|       g[33].g_normal.alu_i                                                      |         microop_unit__parameterized0__8 |          0 |          0 |       0 |    0 |   32 |      0 |      0 |    0 |          0 |
|       g[34].g_normal.alu_i                                                      |        microop_unit__parameterized12__4 |         71 |         71 |       0 |    0 |   32 |      0 |      0 |    0 |          0 |
|       g[35].g_normal.alu_i                                                      |        microop_unit__parameterized13__4 |         32 |         32 |       0 |    0 |   32 |      0 |      0 |    0 |          0 |
|       g[36].g_normal.alu_i                                                      |        microop_unit__parameterized13__5 |         32 |         32 |       0 |    0 |   32 |      0 |      0 |    0 |          0 |
|       g[37].g_normal.alu_i                                                      |         microop_unit__parameterized0__9 |          0 |          0 |       0 |    0 |   32 |      0 |      0 |    0 |          0 |
|       g[38].g_normal.alu_i                                                      |           microop_unit__parameterized12 |         71 |         71 |       0 |    0 |   32 |      0 |      0 |    0 |          0 |
|       g[39].g_normal.alu_i                                                      |        microop_unit__parameterized13__6 |         32 |         32 |       0 |    0 |   32 |      0 |      0 |    0 |          0 |
|       g[3].g_normal.alu_i                                                       |         microop_unit__parameterized5__3 |         64 |         64 |       0 |    0 |   64 |      0 |      0 |    0 |          0 |
|       g[40].g_normal.alu_i                                                      |        microop_unit__parameterized13__7 |         32 |         32 |       0 |    0 |   32 |      0 |      0 |    0 |          0 |
|       g[41].g_normal.alu_i                                                      |        microop_unit__parameterized13__8 |         32 |         32 |       0 |    0 |   32 |      0 |      0 |    0 |          0 |
|       g[42].g_normal.alu_i                                                      |        microop_unit__parameterized13__9 |         32 |         32 |       0 |    0 |   32 |      0 |      0 |    0 |          0 |
|       g[43].g_normal.alu_i                                                      |       microop_unit__parameterized13__10 |         32 |         32 |       0 |    0 |   32 |      0 |      0 |    0 |          0 |
|       g[44].g_normal.alu_i                                                      |           microop_unit__parameterized13 |         32 |         32 |       0 |    0 |   32 |      0 |      0 |    0 |          0 |
|       g[4].g_normal.alu_i                                                       |         microop_unit__parameterized0__3 |          0 |          0 |       0 |    0 |   32 |      0 |      0 |    0 |          0 |
|       g[5].g_normal.alu_i                                                       |         microop_unit__parameterized0__4 |          0 |          0 |       0 |    0 |   32 |      0 |      0 |    0 |          0 |
|       g[6].g_normal.alu_i                                                       |         microop_unit__parameterized7__4 |          0 |          0 |       0 |    0 |    8 |      0 |      0 |    0 |          0 |
|       g[7].g_normal.alu_i                                                       |         microop_unit__parameterized7__5 |          0 |          0 |       0 |    0 |    8 |      0 |      0 |    0 |          0 |
|       g[8].g_normal.alu_i                                                       |         microop_unit__parameterized0__5 |          0 |          0 |       0 |    0 |   32 |      0 |      0 |    0 |          0 |
|       g[9].g_normal.alu_i                                                       |                         microop_unit__7 |          0 |          0 |       0 |    0 |   32 |      0 |      0 |    0 |          0 |
|   g_has_mem.glen_mem[8].blk_i                                                   |          uop_block_wrap__parameterized7 |         32 |         32 |       0 |    0 |  110 |      0 |      0 |    0 |          0 |
|     (g_has_mem.glen_mem[8].blk_i)                                               |          uop_block_wrap__parameterized7 |          0 |          0 |       0 |    0 |   37 |      0 |      0 |    0 |          0 |
|     core                                                                        |               uop_block__parameterized7 |         32 |         32 |       0 |    0 |   73 |      0 |      0 |    0 |          0 |
|       (core)                                                                    |               uop_block__parameterized7 |          0 |          0 |       0 |    0 |    0 |      0 |      0 |    0 |          0 |
|       g[0].g_normal.alu_i                                                       |        microop_unit__parameterized0__10 |          0 |          0 |       0 |    0 |   32 |      0 |      0 |    0 |          0 |
|       g[1].g_normal.alu_i                                                       |           microop_unit__parameterized14 |         32 |         32 |       0 |    0 |   32 |      0 |      0 |    0 |          0 |
|       g[2].g_normal.alu_i                                                       |            microop_unit__parameterized9 |          0 |          0 |       0 |    0 |    1 |      0 |      0 |    0 |          0 |
|       g[3].g_normal.alu_i                                                       |            microop_unit__parameterized7 |          0 |          0 |       0 |    0 |    8 |      0 |      0 |    0 |          0 |
|   g_has_mem.glen_mem[9].blk_i                                                   |                        uop_block_wrap_0 |          3 |          3 |       0 |    0 |  138 |      0 |      0 |    0 |          0 |
|     (g_has_mem.glen_mem[9].blk_i)                                               |                        uop_block_wrap_0 |          1 |          1 |       0 |    0 |   73 |      0 |      0 |    0 |          0 |
|     core                                                                        |                               uop_block |          2 |          2 |       0 |    0 |   65 |      0 |      0 |    0 |          0 |
|       (core)                                                                    |                               uop_block |          2 |          2 |       0 |    0 |    1 |      0 |      0 |    0 |          0 |
|       g[0].g_normal.alu_i                                                       |                         microop_unit__1 |          0 |          0 |       0 |    0 |   32 |      0 |      0 |    0 |          0 |
|       g[1].g_normal.alu_i                                                       |         microop_unit__parameterized0__1 |          0 |          0 |       0 |    0 |   32 |      0 |      0 |    0 |          0 |
|   g_has_mem.u_pool                                                              |                                spm_pool |       1293 |       1293 |       0 |    0 | 1623 |      8 |      0 |    0 |          0 |
|     (g_has_mem.u_pool)                                                          |                                spm_pool |       1101 |       1101 |       0 |    0 | 1559 |      0 |      0 |    0 |          0 |
|     g_banks.gb[0].u_bank64                                                      |                             spm_bank__1 |          5 |          5 |       0 |    0 |    2 |      1 |      0 |    0 |          0 |
|       (g_banks.gb[0].u_bank64)                                                  |                             spm_bank__1 |          1 |          1 |       0 |    0 |    2 |      0 |      0 |    0 |          0 |
|       u_mem                                                                     |                     xpm_memory_sdpram_8 |          4 |          4 |       0 |    0 |    0 |      1 |      0 |    0 |          0 |
|         (u_mem)                                                                 |                     xpm_memory_sdpram_8 |          4 |          4 |       0 |    0 |    0 |      0 |      0 |    0 |          0 |
|         xpm_memory_base_inst                                                    |                      xpm_memory_base__1 |          0 |          0 |       0 |    0 |    0 |      1 |      0 |    0 |          0 |
|     g_banks.gb[1].u_bank64                                                      |                             spm_bank__2 |          5 |          5 |       0 |    0 |    2 |      1 |      0 |    0 |          0 |
|       (g_banks.gb[1].u_bank64)                                                  |                             spm_bank__2 |          1 |          1 |       0 |    0 |    2 |      0 |      0 |    0 |          0 |
|       u_mem                                                                     |                     xpm_memory_sdpram_7 |          4 |          4 |       0 |    0 |    0 |      1 |      0 |    0 |          0 |
|         (u_mem)                                                                 |                     xpm_memory_sdpram_7 |          4 |          4 |       0 |    0 |    0 |      0 |      0 |    0 |          0 |
|         xpm_memory_base_inst                                                    |                      xpm_memory_base__2 |          0 |          0 |       0 |    0 |    0 |      1 |      0 |    0 |          0 |
|     g_banks.gb[2].u_bank64                                                      |                             spm_bank__3 |          5 |          5 |       0 |    0 |    2 |      1 |      0 |    0 |          0 |
|       (g_banks.gb[2].u_bank64)                                                  |                             spm_bank__3 |          1 |          1 |       0 |    0 |    2 |      0 |      0 |    0 |          0 |
|       u_mem                                                                     |                     xpm_memory_sdpram_6 |          4 |          4 |       0 |    0 |    0 |      1 |      0 |    0 |          0 |
|         (u_mem)                                                                 |                     xpm_memory_sdpram_6 |          4 |          4 |       0 |    0 |    0 |      0 |      0 |    0 |          0 |
|         xpm_memory_base_inst                                                    |                      xpm_memory_base__3 |          0 |          0 |       0 |    0 |    0 |      1 |      0 |    0 |          0 |
|     g_banks.gb[3].u_bank64                                                      |                             spm_bank__4 |          5 |          5 |       0 |    0 |    2 |      1 |      0 |    0 |          0 |
|       (g_banks.gb[3].u_bank64)                                                  |                             spm_bank__4 |          1 |          1 |       0 |    0 |    2 |      0 |      0 |    0 |          0 |
|       u_mem                                                                     |                     xpm_memory_sdpram_5 |          4 |          4 |       0 |    0 |    0 |      1 |      0 |    0 |          0 |
|         (u_mem)                                                                 |                     xpm_memory_sdpram_5 |          4 |          4 |       0 |    0 |    0 |      0 |      0 |    0 |          0 |
|         xpm_memory_base_inst                                                    |                      xpm_memory_base__4 |          0 |          0 |       0 |    0 |    0 |      1 |      0 |    0 |          0 |
|     g_banks.gb[4].u_bank64                                                      |                             spm_bank__5 |          5 |          5 |       0 |    0 |    2 |      1 |      0 |    0 |          0 |
|       (g_banks.gb[4].u_bank64)                                                  |                             spm_bank__5 |          1 |          1 |       0 |    0 |    2 |      0 |      0 |    0 |          0 |
|       u_mem                                                                     |                     xpm_memory_sdpram_4 |          4 |          4 |       0 |    0 |    0 |      1 |      0 |    0 |          0 |
|         (u_mem)                                                                 |                     xpm_memory_sdpram_4 |          4 |          4 |       0 |    0 |    0 |      0 |      0 |    0 |          0 |
|         xpm_memory_base_inst                                                    |                      xpm_memory_base__5 |          0 |          0 |       0 |    0 |    0 |      1 |      0 |    0 |          0 |
|     g_banks.gb[5].u_bank64                                                      |                             spm_bank__6 |          5 |          5 |       0 |    0 |    2 |      1 |      0 |    0 |          0 |
|       (g_banks.gb[5].u_bank64)                                                  |                             spm_bank__6 |          1 |          1 |       0 |    0 |    2 |      0 |      0 |    0 |          0 |
|       u_mem                                                                     |                     xpm_memory_sdpram_3 |          4 |          4 |       0 |    0 |    0 |      1 |      0 |    0 |          0 |
|         (u_mem)                                                                 |                     xpm_memory_sdpram_3 |          4 |          4 |       0 |    0 |    0 |      0 |      0 |    0 |          0 |
|         xpm_memory_base_inst                                                    |                      xpm_memory_base__6 |          0 |          0 |       0 |    0 |    0 |      1 |      0 |    0 |          0 |
|     g_banks.gb[6].u_bank64                                                      |                             spm_bank__7 |          5 |          5 |       0 |    0 |    2 |      1 |      0 |    0 |          0 |
|       (g_banks.gb[6].u_bank64)                                                  |                             spm_bank__7 |          1 |          1 |       0 |    0 |    2 |      0 |      0 |    0 |          0 |
|       u_mem                                                                     |                     xpm_memory_sdpram_2 |          4 |          4 |       0 |    0 |    0 |      1 |      0 |    0 |          0 |
|         (u_mem)                                                                 |                     xpm_memory_sdpram_2 |          4 |          4 |       0 |    0 |    0 |      0 |      0 |    0 |          0 |
|         xpm_memory_base_inst                                                    |                      xpm_memory_base__7 |          0 |          0 |       0 |    0 |    0 |      1 |      0 |    0 |          0 |
|     g_banks.gb[7].u_bank64                                                      |                                spm_bank |          5 |          5 |       0 |    0 |    2 |      1 |      0 |    0 |          0 |
|       (g_banks.gb[7].u_bank64)                                                  |                                spm_bank |          1 |          1 |       0 |    0 |    2 |      0 |      0 |    0 |          0 |
|       u_mem                                                                     |                       xpm_memory_sdpram |          4 |          4 |       0 |    0 |    0 |      1 |      0 |    0 |          0 |
|         (u_mem)                                                                 |                       xpm_memory_sdpram |          4 |          4 |       0 |    0 |    0 |      0 |      0 |    0 |          0 |
|         xpm_memory_base_inst                                                    |                         xpm_memory_base |          0 |          0 |       0 |    0 |    0 |      1 |      0 |    0 |          0 |
|     u_rrA                                                                       |                           rr_arbiter__1 |         76 |         76 |       0 |    0 |   24 |      0 |      0 |    0 |          0 |
|     u_rrB                                                                       |                              rr_arbiter |         76 |         76 |       0 |    0 |   24 |      0 |      0 |    0 |          0 |
+---------------------------------------------------------------------------------+-----------------------------------------+------------+------------+---------+------+------+--------+--------+------+------------+


