Copyright 1986-2020 Xilinx, Inc. All Rights Reserved.
-------------------------------------------------------------------------------------------------------------------------------------------------------
| Tool Version      : Vivado v.2020.1 (lin64) Build 2902540 Wed May 27 19:54:35 MDT 2020
| Date              : Mon Sep 22 19:14:21 2025
| Host              : orthanc running 64-bit Ubuntu 22.04.4 LTS
| Command           : report_timing_summary -file /home/jyoo/custom_v_2/custom-core-tool/reports/memory_wo_simd/single/602_gcc_s/post_route_timing.rpt
| Design            : top_bench__602_gcc_s
| Device            : xcu200-fsgd2104
| Speed File        : -2  PRODUCTION 1.27 02-28-2020
| Temperature Grade : E
-------------------------------------------------------------------------------------------------------------------------------------------------------

Timing Summary Report

------------------------------------------------------------------------------------------------
| Timer Settings
| --------------
------------------------------------------------------------------------------------------------

  Enable Multi Corner Analysis               :  Yes
  Enable Pessimism Removal                   :  Yes
  Pessimism Removal Resolution               :  Nearest Common Node
  Enable Input Delay Default Clock           :  No
  Enable Preset / Clear Arcs                 :  No
  Disable Flight Delays                      :  No
  Ignore I/O Paths                           :  No
  Timing Early Launch at Borrowing Latches   :  No
  Borrow Time for Max Delay Exceptions       :  Yes
  Merge Timing Exceptions                    :  Yes

  Corner  Analyze    Analyze    
  Name    Max Paths  Min Paths  
  ------  ---------  ---------  
  Slow    Yes        Yes        
  Fast    Yes        Yes        



check_timing report

Table of Contents
-----------------
1. checking no_clock (0)
2. checking constant_clock (0)
3. checking pulse_width_clock (0)
4. checking unconstrained_internal_endpoints (0)
5. checking no_input_delay (70)
6. checking no_output_delay (64)
7. checking multiple_clock (0)
8. checking generated_clocks (0)
9. checking loops (0)
10. checking partial_input_delay (0)
11. checking partial_output_delay (0)
12. checking latch_loops (0)

1. checking no_clock (0)
------------------------
 There are 0 register/latch pins with no clock.


2. checking constant_clock (0)
------------------------------
 There are 0 register/latch pins with constant_clock.


3. checking pulse_width_clock (0)
---------------------------------
 There are 0 register/latch pins which need pulse_width check


4. checking unconstrained_internal_endpoints (0)
------------------------------------------------
 There are 0 pins that are not constrained for maximum delay.

 There are 0 pins that are not constrained for maximum delay due to constant clock.


5. checking no_input_delay (70)
-------------------------------
 There are 70 input ports with no input delay specified. (HIGH)

 There are 0 input ports with no input delay but user has a false path constraint.


6. checking no_output_delay (64)
--------------------------------
 There are 64 ports with no output delay specified. (HIGH)

 There are 0 ports with no output delay but user has a false path constraint

 There are 0 ports with no output delay but with a timing clock defined on it or propagating through it


7. checking multiple_clock (0)
------------------------------
 There are 0 register/latch pins with multiple clocks.


8. checking generated_clocks (0)
--------------------------------
 There are 0 generated clocks that are not connected to a clock source.


9. checking loops (0)
---------------------
 There are 0 combinational loops in the design.


10. checking partial_input_delay (0)
------------------------------------
 There are 0 input ports with partial input delay specified.


11. checking partial_output_delay (0)
-------------------------------------
 There are 0 ports with partial output delay specified.


12. checking latch_loops (0)
----------------------------
 There are 0 combinational latch loops in the design through latch input



------------------------------------------------------------------------------------------------
| Design Timing Summary
| ---------------------
------------------------------------------------------------------------------------------------

    WNS(ns)      TNS(ns)  TNS Failing Endpoints  TNS Total Endpoints      WHS(ns)      THS(ns)  THS Failing Endpoints  THS Total Endpoints     WPWS(ns)     TPWS(ns)  TPWS Failing Endpoints  TPWS Total Endpoints  
    -------      -------  ---------------------  -------------------      -------      -------  ---------------------  -------------------     --------     --------  ----------------------  --------------------  
      1.054        0.000                      0                 8017        0.006        0.000                      0                 8017        1.391        0.000                       0                 11021  


All user specified timing constraints are met.


------------------------------------------------------------------------------------------------
| Clock Summary
| -------------
------------------------------------------------------------------------------------------------

Clock     Waveform(ns)         Period(ns)      Frequency(MHz)
-----     ------------         ----------      --------------
host_clk  {0.000 1.666}        3.333           300.030         


------------------------------------------------------------------------------------------------
| Intra Clock Table
| -----------------
------------------------------------------------------------------------------------------------

Clock             WNS(ns)      TNS(ns)  TNS Failing Endpoints  TNS Total Endpoints      WHS(ns)      THS(ns)  THS Failing Endpoints  THS Total Endpoints     WPWS(ns)     TPWS(ns)  TPWS Failing Endpoints  TPWS Total Endpoints  
-----             -------      -------  ---------------------  -------------------      -------      -------  ---------------------  -------------------     --------     --------  ----------------------  --------------------  
host_clk            1.054        0.000                      0                 8017        0.006        0.000                      0                 8017        1.391        0.000                       0                 11021  


------------------------------------------------------------------------------------------------
| Inter Clock Table
| -----------------
------------------------------------------------------------------------------------------------

From Clock    To Clock          WNS(ns)      TNS(ns)  TNS Failing Endpoints  TNS Total Endpoints      WHS(ns)      THS(ns)  THS Failing Endpoints  THS Total Endpoints  
----------    --------          -------      -------  ---------------------  -------------------      -------      -------  ---------------------  -------------------  


------------------------------------------------------------------------------------------------
| Other Path Groups Table
| -----------------------
------------------------------------------------------------------------------------------------

Path Group    From Clock    To Clock          WNS(ns)      TNS(ns)  TNS Failing Endpoints  TNS Total Endpoints      WHS(ns)      THS(ns)  THS Failing Endpoints  THS Total Endpoints  
----------    ----------    --------          -------      -------  ---------------------  -------------------      -------      -------  ---------------------  -------------------  


------------------------------------------------------------------------------------------------
| Timing Details
| --------------
------------------------------------------------------------------------------------------------


---------------------------------------------------------------------------------------------------
From Clock:  host_clk
  To Clock:  host_clk

Setup :            0  Failing Endpoints,  Worst Slack        1.054ns,  Total Violation        0.000ns
Hold  :            0  Failing Endpoints,  Worst Slack        0.006ns,  Total Violation        0.000ns
PW    :            0  Failing Endpoints,  Worst Slack        1.391ns,  Total Violation        0.000ns
---------------------------------------------------------------------------------------------------


Max Delay Paths
--------------------------------------------------------------------------------------
Slack (MET) :             1.054ns  (required time - arrival time)
  Source:                 u_602_gcc_s/glen[54].core_i/shamt_q_reg[5]/C
                            (rising edge-triggered cell FDRE clocked by host_clk  {rise@0.000ns fall@1.666ns period=3.333ns})
  Destination:            u_602_gcc_s/glen[54].core_i/core/g[1].g_normal.alu_i/g_soft_only.y_reg[10]/D
                            (rising edge-triggered cell FDRE clocked by host_clk  {rise@0.000ns fall@1.666ns period=3.333ns})
  Path Group:             host_clk
  Path Type:              Setup (Max at Slow Process Corner)
  Requirement:            3.333ns  (host_clk rise@3.333ns - host_clk rise@0.000ns)
  Data Path Delay:        2.231ns  (logic 0.402ns (18.019%)  route 1.829ns (81.981%))
  Logic Levels:           3  (LUT5=1 LUT6=2)
  Clock Path Skew:        -0.038ns (DCD - SCD + CPR)
    Destination Clock Delay (DCD):    2.208ns = ( 5.541 - 3.333 ) 
    Source Clock Delay      (SCD):    2.660ns
    Clock Pessimism Removal (CPR):    0.414ns
  Clock Uncertainty:      0.035ns  ((TSJ^2 + TIJ^2)^1/2 + DJ) / 2 + PE
    Total System Jitter     (TSJ):    0.071ns
    Total Input Jitter      (TIJ):    0.000ns
    Discrete Jitter          (DJ):    0.000ns
    Phase Error              (PE):    0.000ns
  Clock Net Delay (Source):      1.784ns (routing 0.985ns, distribution 0.799ns)
  Clock Net Delay (Destination): 1.623ns (routing 0.896ns, distribution 0.727ns)

    Location             Delay type                Incr(ns)  Path(ns)    Netlist Resource(s)
  -------------------------------------------------------------------    -------------------
                         (clock host_clk rise edge)
                                                      0.000     0.000 r  
    H19                                               0.000     0.000 r  clk (IN)
                         net (fo=0)                   0.000     0.000    clk_IBUF_inst/I
    H19                  INBUF (Prop_INBUF_HPIOB_M_PAD_O)
                                                      0.513     0.513 r  clk_IBUF_inst/INBUF_INST/O
                         net (fo=1, routed)           0.000     0.513    clk_IBUF_inst/OUT
    H19                  IBUFCTRL (Prop_IBUFCTRL_HPIOB_M_I_O)
                                                      0.000     0.513 r  clk_IBUF_inst/IBUFCTRL_INST/O
                         net (fo=1, routed)           0.335     0.848    clk_IBUF
    BUFGCE_X1Y290        BUFGCE (Prop_BUFCE_BUFGCE_I_O)
                                                      0.028     0.876 r  clk_IBUF_BUFG_inst/O
    X5Y14 (CLOCK_ROOT)   net (fo=11020, routed)       1.784     2.660    u_602_gcc_s/glen[54].core_i/clk
    SLICE_X151Y858       FDRE                                         r  u_602_gcc_s/glen[54].core_i/shamt_q_reg[5]/C
  -------------------------------------------------------------------    -------------------
    SLICE_X151Y858       FDRE (Prop_DFF2_SLICEL_C_Q)
                                                      0.081     2.741 r  u_602_gcc_s/glen[54].core_i/shamt_q_reg[5]/Q
                         net (fo=69, routed)          0.661     3.402    u_602_gcc_s/glen[54].core_i/core/g[1].g_normal.alu_i/shamt[5]
    SLICE_X147Y876       LUT5 (Prop_D6LUT_SLICEL_I3_O)
                                                      0.146     3.548 r  u_602_gcc_s/glen[54].core_i/core/g[1].g_normal.alu_i/g_soft_only.y[19]_i_3/O
                         net (fo=4, routed)           0.321     3.869    u_602_gcc_s/glen[54].core_i/core/g[1].g_normal.alu_i/g_soft_only.y[19]_i_3_n_0
    SLICE_X149Y873       LUT6 (Prop_H6LUT_SLICEL_I3_O)
                                                      0.124     3.993 r  u_602_gcc_s/glen[54].core_i/core/g[1].g_normal.alu_i/g_soft_only.y[11]_i_2/O
                         net (fo=4, routed)           0.781     4.774    u_602_gcc_s/glen[54].core_i/core/g[1].g_normal.alu_i/g_soft_only.y[11]_i_2_n_0
    SLICE_X158Y871       LUT6 (Prop_C6LUT_SLICEM_I1_O)
                                                      0.051     4.825 r  u_602_gcc_s/glen[54].core_i/core/g[1].g_normal.alu_i/g_soft_only.y[10]_i_1/O
                         net (fo=1, routed)           0.066     4.891    u_602_gcc_s/glen[54].core_i/core/g[1].g_normal.alu_i/g_soft_only.y_comb[10]
    SLICE_X158Y871       FDRE                                         r  u_602_gcc_s/glen[54].core_i/core/g[1].g_normal.alu_i/g_soft_only.y_reg[10]/D
  -------------------------------------------------------------------    -------------------

                         (clock host_clk rise edge)
                                                      3.333     3.333 r  
    H19                                               0.000     3.333 r  clk (IN)
                         net (fo=0)                   0.000     3.333    clk_IBUF_inst/I
    H19                  INBUF (Prop_INBUF_HPIOB_M_PAD_O)
                                                      0.263     3.596 r  clk_IBUF_inst/INBUF_INST/O
                         net (fo=1, routed)           0.000     3.596    clk_IBUF_inst/OUT
    H19                  IBUFCTRL (Prop_IBUFCTRL_HPIOB_M_I_O)
                                                      0.000     3.596 r  clk_IBUF_inst/IBUFCTRL_INST/O
                         net (fo=1, routed)           0.298     3.894    clk_IBUF
    BUFGCE_X1Y290        BUFGCE (Prop_BUFCE_BUFGCE_I_O)
                                                      0.024     3.918 r  clk_IBUF_BUFG_inst/O
    X5Y14 (CLOCK_ROOT)   net (fo=11020, routed)       1.623     5.541    u_602_gcc_s/glen[54].core_i/core/g[1].g_normal.alu_i/clk
    SLICE_X158Y871       FDRE                                         r  u_602_gcc_s/glen[54].core_i/core/g[1].g_normal.alu_i/g_soft_only.y_reg[10]/C
                         clock pessimism              0.414     5.955    
                         clock uncertainty           -0.035     5.920    
    SLICE_X158Y871       FDRE (Setup_CFF_SLICEM_C_D)
                                                      0.025     5.945    u_602_gcc_s/glen[54].core_i/core/g[1].g_normal.alu_i/g_soft_only.y_reg[10]
  -------------------------------------------------------------------
                         required time                          5.945    
                         arrival time                          -4.891    
  -------------------------------------------------------------------
                         slack                                  1.054    





Min Delay Paths
--------------------------------------------------------------------------------------
Slack (MET) :             0.006ns  (arrival time - required time)
  Source:                 u_602_gcc_s/glen[26].core_i/core/g[2].g_normal.alu_i/g_cmov.y_reg[50]/C
                            (rising edge-triggered cell FDRE clocked by host_clk  {rise@0.000ns fall@1.666ns period=3.333ns})
  Destination:            u_602_gcc_s/glen[26].core_i/g_out_ff.dst_o_reg[50]/D
                            (rising edge-triggered cell FDRE clocked by host_clk  {rise@0.000ns fall@1.666ns period=3.333ns})
  Path Group:             host_clk
  Path Type:              Hold (Min at Slow Process Corner)
  Requirement:            0.000ns  (host_clk rise@0.000ns - host_clk rise@0.000ns)
  Data Path Delay:        0.169ns  (logic 0.058ns (34.319%)  route 0.111ns (65.680%))
  Logic Levels:           0  
  Clock Path Skew:        0.101ns (DCD - SCD - CPR)
    Destination Clock Delay (DCD):    2.678ns
    Source Clock Delay      (SCD):    2.163ns
    Clock Pessimism Removal (CPR):    0.414ns
  Clock Net Delay (Source):      1.578ns (routing 0.896ns, distribution 0.682ns)
  Clock Net Delay (Destination): 1.802ns (routing 0.985ns, distribution 0.817ns)

    Location             Delay type                Incr(ns)  Path(ns)    Netlist Resource(s)
  -------------------------------------------------------------------    -------------------
                         (clock host_clk rise edge)
                                                      0.000     0.000 r  
    H19                                               0.000     0.000 r  clk (IN)
                         net (fo=0)                   0.000     0.000    clk_IBUF_inst/I
    H19                  INBUF (Prop_INBUF_HPIOB_M_PAD_O)
                                                      0.263     0.263 r  clk_IBUF_inst/INBUF_INST/O
                         net (fo=1, routed)           0.000     0.263    clk_IBUF_inst/OUT
    H19                  IBUFCTRL (Prop_IBUFCTRL_HPIOB_M_I_O)
                                                      0.000     0.263 r  clk_IBUF_inst/IBUFCTRL_INST/O
                         net (fo=1, routed)           0.298     0.561    clk_IBUF
    BUFGCE_X1Y290        BUFGCE (Prop_BUFCE_BUFGCE_I_O)
                                                      0.024     0.585 r  clk_IBUF_BUFG_inst/O
    X5Y14 (CLOCK_ROOT)   net (fo=11020, routed)       1.578     2.163    u_602_gcc_s/glen[26].core_i/core/g[2].g_normal.alu_i/clk
    SLICE_X143Y879       FDRE                                         r  u_602_gcc_s/glen[26].core_i/core/g[2].g_normal.alu_i/g_cmov.y_reg[50]/C
  -------------------------------------------------------------------    -------------------
    SLICE_X143Y879       FDRE (Prop_CFF_SLICEL_C_Q)
                                                      0.058     2.221 r  u_602_gcc_s/glen[26].core_i/core/g[2].g_normal.alu_i/g_cmov.y_reg[50]/Q
                         net (fo=1, routed)           0.111     2.332    u_602_gcc_s/glen[26].core_i/dst_int[50]
    SLICE_X144Y880       FDRE                                         r  u_602_gcc_s/glen[26].core_i/g_out_ff.dst_o_reg[50]/D
  -------------------------------------------------------------------    -------------------

                         (clock host_clk rise edge)
                                                      0.000     0.000 r  
    H19                                               0.000     0.000 r  clk (IN)
                         net (fo=0)                   0.000     0.000    clk_IBUF_inst/I
    H19                  INBUF (Prop_INBUF_HPIOB_M_PAD_O)
                                                      0.513     0.513 r  clk_IBUF_inst/INBUF_INST/O
                         net (fo=1, routed)           0.000     0.513    clk_IBUF_inst/OUT
    H19                  IBUFCTRL (Prop_IBUFCTRL_HPIOB_M_I_O)
                                                      0.000     0.513 r  clk_IBUF_inst/IBUFCTRL_INST/O
                         net (fo=1, routed)           0.335     0.848    clk_IBUF
    BUFGCE_X1Y290        BUFGCE (Prop_BUFCE_BUFGCE_I_O)
                                                      0.028     0.876 r  clk_IBUF_BUFG_inst/O
    X5Y14 (CLOCK_ROOT)   net (fo=11020, routed)       1.802     2.678    u_602_gcc_s/glen[26].core_i/clk
    SLICE_X144Y880       FDRE                                         r  u_602_gcc_s/glen[26].core_i/g_out_ff.dst_o_reg[50]/C
                         clock pessimism             -0.414     2.263    
    SLICE_X144Y880       FDRE (Hold_AFF2_SLICEM_C_D)
                                                      0.062     2.325    u_602_gcc_s/glen[26].core_i/g_out_ff.dst_o_reg[50]
  -------------------------------------------------------------------
                         required time                         -2.325    
                         arrival time                           2.332    
  -------------------------------------------------------------------
                         slack                                  0.006    





Pulse Width Checks
--------------------------------------------------------------------------------------
Clock Name:         host_clk
Waveform(ns):       { 0.000 1.666 }
Period(ns):         3.333
Sources:            { clk }

Check Type        Corner  Lib Pin   Reference Pin  Required(ns)  Actual(ns)  Slack(ns)  Location        Pin
Min Period        n/a     BUFGCE/I  n/a            1.290         3.333       2.043      BUFGCE_X1Y290   clk_IBUF_BUFG_inst/I
Low Pulse Width   Slow    FDRE/C    n/a            0.275         1.666       1.391      SLICE_X154Y858  u_602_gcc_s/glen[11].core_i/g_out_ff.dst_o_reg[15]/C
High Pulse Width  Fast    FDRE/C    n/a            0.275         1.666       1.391      SLICE_X148Y841  u_602_gcc_s/glen[11].core_i/core/g[1].g_normal.alu_i/g_mov.y_reg[59]/C



