Copyright 1986-2020 Xilinx, Inc. All Rights Reserved.
-------------------------------------------------------------------------------------------------------------------------------------------------------
| Tool Version     : Vivado v.2020.1 (lin64) Build 2902540 Wed May 27 19:54:35 MDT 2020
| Date             : Fri Oct  3 11:52:51 2025
| Host             : orthanc running 64-bit Ubuntu 22.04.4 LTS
| Command          : report_power -file /home/jyoo/custom_v_2/custom-core-tool/reports/memory_wo_simd/single/603_bwaves_s/post_route_power.rpt
| Design           : top_multi_len
| Device           : xcu200-fsgd2104-2-e
| Design State     : routed
| Grade            : extended
| Process          : typical
| Characterization : Production
-------------------------------------------------------------------------------------------------------------------------------------------------------

Power Report

Table of Contents
-----------------
1. Summary
1.1 On-Chip Components
1.2 Power Supply Summary
1.3 Confidence Level
2. Settings
2.1 Environment
2.2 Clock Constraints
3. Detailed Reports
3.1 By Hierarchy

1. Summary
----------

+--------------------------+--------------+
| Total On-Chip Power (W)  | 3.005        |
| Design Power Budget (W)  | Unspecified* |
| Power Budget Margin (W)  | NA           |
| Dynamic (W)              | 0.530        |
| Device Static (W)        | 2.476        |
| Effective TJA (C/W)      | 0.5          |
| Max Ambient (C)          | 98.4         |
| Junction Temperature (C) | 26.6         |
| Confidence Level         | Low          |
| Setting File             | ---          |
| Simulation Activity File | ---          |
| Design Nets Matched      | NA           |
+--------------------------+--------------+
* Specify Design Power Budget using, set_operating_conditions -design_power_budget <value in Watts>


1.1 On-Chip Components
----------------------

+-------------------------+-----------+----------+-----------+-----------------+
| On-Chip                 | Power (W) | Used     | Available | Utilization (%) |
+-------------------------+-----------+----------+-----------+-----------------+
| Clocks                  |     0.260 |        3 |       --- |             --- |
| CLB Logic               |     0.067 |    65354 |       --- |             --- |
|   LUT as Logic          |     0.049 |    14412 |   1182240 |            1.22 |
|   Register              |     0.011 |    41580 |   2364480 |            1.76 |
|   LUT as Shift Register |     0.003 |      876 |    591840 |            0.15 |
|   CARRY8                |     0.003 |     1160 |    147780 |            0.78 |
|   Others                |     0.000 |     2499 |       --- |             --- |
|   F7/F8 Muxes           |     0.000 |      487 |   1182240 |            0.04 |
| Signals                 |     0.104 |    32627 |       --- |             --- |
| Block RAM               |     0.052 |        8 |      2160 |            0.37 |
| DSPs                    |     0.026 |       64 |      6840 |            0.94 |
| I/O                     |     0.021 |      138 |       676 |           20.41 |
| Static Power            |     2.476 |          |           |                 |
| Total                   |     3.005 |          |           |                 |
+-------------------------+-----------+----------+-----------+-----------------+


1.2 Power Supply Summary
------------------------

+------------+-------------+-----------+-------------+------------+-------------+-------------+------------+
| Source     | Voltage (V) | Total (A) | Dynamic (A) | Static (A) | Powerup (A) | Budget (A)  | Margin (A) |
+------------+-------------+-----------+-------------+------------+-------------+-------------+------------+
| Vccint     |       0.850 |     1.411 |       0.595 |      0.815 |       NA    | Unspecified | NA         |
| Vccint_io  |       0.850 |     0.264 |       0.001 |      0.263 |       NA    | Unspecified | NA         |
| Vccbram    |       0.850 |     0.019 |       0.003 |      0.015 |       NA    | Unspecified | NA         |
| Vccaux     |       1.800 |     0.650 |       0.000 |      0.650 |       NA    | Unspecified | NA         |
| Vccaux_io  |       1.800 |     0.195 |       0.011 |      0.185 |       NA    | Unspecified | NA         |
| Vcco33     |       3.300 |     0.000 |       0.000 |      0.000 |       NA    | Unspecified | NA         |
| Vcco25     |       2.500 |     0.000 |       0.000 |      0.000 |       NA    | Unspecified | NA         |
| Vcco18     |       1.800 |     0.000 |       0.000 |      0.000 |       NA    | Unspecified | NA         |
| Vcco15     |       1.500 |     0.000 |       0.000 |      0.000 |       NA    | Unspecified | NA         |
| Vcco135    |       1.350 |     0.000 |       0.000 |      0.000 |       NA    | Unspecified | NA         |
| Vcco12     |       1.200 |     0.000 |       0.000 |      0.000 |       NA    | Unspecified | NA         |
| Vcco10     |       1.000 |     0.000 |       0.000 |      0.000 |       NA    | Unspecified | NA         |
| Vccadc     |       1.800 |     0.024 |       0.000 |      0.024 |       NA    | Unspecified | NA         |
| MGTYAVcc   |       0.900 |     0.000 |       0.000 |      0.000 |       NA    | Unspecified | NA         |
| MGTYAVtt   |       1.200 |     0.000 |       0.000 |      0.000 |       NA    | Unspecified | NA         |
| MGTYVccaux |       1.800 |     0.000 |       0.000 |      0.000 |       NA    | Unspecified | NA         |
+------------+-------------+-----------+-------------+------------+-------------+-------------+------------+


1.3 Confidence Level
--------------------

+-----------------------------+------------+--------------------------------------------------------+------------------------------------------------------------------------------------------------------------+
| User Input Data             | Confidence | Details                                                | Action                                                                                                     |
+-----------------------------+------------+--------------------------------------------------------+------------------------------------------------------------------------------------------------------------+
| Design implementation state | High       | Design is routed                                       |                                                                                                            |
| Clock nodes activity        | High       | User specified more than 95% of clocks                 |                                                                                                            |
| I/O nodes activity          | Low        | More than 75% of inputs are missing user specification | Provide missing input activity with simulation results or by editing the "By Resource Type -> I/Os" view   |
| Internal nodes activity     | Medium     | User specified less than 25% of internal nodes         | Provide missing internal nodes activity with simulation results or by editing the "By Resource Type" views |
| Device models               | High       | Device models are Production                           |                                                                                                            |
|                             |            |                                                        |                                                                                                            |
| Overall confidence level    | Low        |                                                        |                                                                                                            |
+-----------------------------+------------+--------------------------------------------------------+------------------------------------------------------------------------------------------------------------+


2. Settings
-----------

2.1 Environment
---------------

+-----------------------+--------------------------+
| Ambient Temp (C)      | 25.0                     |
| ThetaJA (C/W)         | 0.5                      |
| Airflow (LFM)         | 250                      |
| Heat Sink             | medium (Medium Profile)  |
| ThetaSA (C/W)         | 0.7                      |
| Board Selection       | medium (10"x10")         |
| # of Board Layers     | 12to15 (12 to 15 Layers) |
| Board Temperature (C) | 25.0                     |
+-----------------------+--------------------------+


2.2 Clock Constraints
---------------------

+----------+--------+-----------------+
| Clock    | Domain | Constraint (ns) |
+----------+--------+-----------------+
| host_clk | clk    |             3.3 |
+----------+--------+-----------------+


3. Detailed Reports
-------------------

3.1 By Hierarchy
----------------

+---------------------------------+-----------+
| Name                            | Power (W) |
+---------------------------------+-----------+
| top_multi_len                   |     0.530 |
|   g_has_mem.glen_mem[0].blk_i   |     0.005 |
|     core                        |     0.005 |
|   g_has_mem.glen_mem[100].blk_i |     0.002 |
|     core                        |     0.002 |
|       g[0].g_normal.alu_i       |     0.002 |
|   g_has_mem.glen_mem[101].blk_i |     0.003 |
|     core                        |     0.002 |
|   g_has_mem.glen_mem[102].blk_i |     0.001 |
|   g_has_mem.glen_mem[103].blk_i |     0.001 |
|   g_has_mem.glen_mem[104].blk_i |     0.003 |
|     core                        |     0.002 |
|       g[0].g_normal.alu_i       |     0.002 |
|   g_has_mem.glen_mem[105].blk_i |     0.003 |
|     core                        |     0.002 |
|   g_has_mem.glen_mem[106].blk_i |     0.003 |
|     core                        |     0.002 |
|   g_has_mem.glen_mem[107].blk_i |     0.003 |
|     core                        |     0.002 |
|   g_has_mem.glen_mem[108].blk_i |     0.005 |
|     core                        |     0.004 |
|   g_has_mem.glen_mem[110].blk_i |     0.005 |
|     core                        |     0.004 |
|   g_has_mem.glen_mem[111].blk_i |     0.002 |
|     core                        |     0.001 |
|   g_has_mem.glen_mem[112].blk_i |     0.003 |
|     core                        |     0.002 |
|       g[0].g_normal.alu_i       |     0.001 |
|   g_has_mem.glen_mem[114].blk_i |     0.001 |
|   g_has_mem.glen_mem[115].blk_i |     0.002 |
|     core                        |     0.001 |
|   g_has_mem.glen_mem[116].blk_i |     0.032 |
|     core                        |     0.031 |
|       g[4].g_normal.alu_i       |     0.013 |
|       g[9].g_normal.alu_i       |     0.013 |
|   g_has_mem.glen_mem[12].blk_i  |     0.002 |
|     core                        |     0.001 |
|   g_has_mem.glen_mem[14].blk_i  |     0.001 |
|   g_has_mem.glen_mem[15].blk_i  |     0.003 |
|     core                        |     0.002 |
|   g_has_mem.glen_mem[16].blk_i  |     0.003 |
|     core                        |     0.002 |
|   g_has_mem.glen_mem[19].blk_i  |     0.003 |
|     core                        |     0.002 |
|   g_has_mem.glen_mem[1].blk_i   |     0.002 |
|     core                        |     0.001 |
|   g_has_mem.glen_mem[20].blk_i  |     0.002 |
|     core                        |     0.002 |
|   g_has_mem.glen_mem[21].blk_i  |     0.002 |
|     core                        |     0.002 |
|   g_has_mem.glen_mem[22].blk_i  |     0.002 |
|     core                        |     0.002 |
|   g_has_mem.glen_mem[23].blk_i  |     0.003 |
|     core                        |     0.002 |
|   g_has_mem.glen_mem[24].blk_i  |     0.003 |
|     core                        |     0.002 |
|       g[0].g_normal.alu_i       |     0.002 |
|   g_has_mem.glen_mem[25].blk_i  |     0.003 |
|     core                        |     0.002 |
|   g_has_mem.glen_mem[26].blk_i  |     0.003 |
|     core                        |     0.002 |
|   g_has_mem.glen_mem[27].blk_i  |     0.002 |
|     core                        |     0.002 |
|   g_has_mem.glen_mem[28].blk_i  |     0.003 |
|     core                        |     0.002 |
|   g_has_mem.glen_mem[29].blk_i  |     0.001 |
|   g_has_mem.glen_mem[2].blk_i   |     0.003 |
|     core                        |     0.002 |
|       g[0].g_normal.alu_i       |     0.001 |
|   g_has_mem.glen_mem[30].blk_i  |     0.004 |
|     core                        |     0.003 |
|   g_has_mem.glen_mem[31].blk_i  |     0.003 |
|     core                        |     0.002 |
|   g_has_mem.glen_mem[32].blk_i  |     0.001 |
|   g_has_mem.glen_mem[33].blk_i  |     0.001 |
|   g_has_mem.glen_mem[34].blk_i  |     0.003 |
|     core                        |     0.002 |
|       g[0].g_normal.alu_i       |     0.002 |
|   g_has_mem.glen_mem[35].blk_i  |     0.003 |
|     core                        |     0.002 |
|   g_has_mem.glen_mem[36].blk_i  |     0.003 |
|     core                        |     0.002 |
|   g_has_mem.glen_mem[37].blk_i  |     0.001 |
|   g_has_mem.glen_mem[38].blk_i  |     0.001 |
|   g_has_mem.glen_mem[39].blk_i  |     0.003 |
|     core                        |     0.002 |
|       g[0].g_normal.alu_i       |     0.002 |
|   g_has_mem.glen_mem[40].blk_i  |     0.003 |
|     core                        |     0.002 |
|   g_has_mem.glen_mem[41].blk_i  |     0.002 |
|     core                        |     0.002 |
|   g_has_mem.glen_mem[42].blk_i  |     0.001 |
|   g_has_mem.glen_mem[43].blk_i  |     0.007 |
|     core                        |     0.003 |
|   g_has_mem.glen_mem[44].blk_i  |     0.003 |
|     core                        |     0.002 |
|   g_has_mem.glen_mem[45].blk_i  |     0.003 |
|     core                        |     0.002 |
|   g_has_mem.glen_mem[49].blk_i  |     0.001 |
|   g_has_mem.glen_mem[4].blk_i   |     0.001 |
|   g_has_mem.glen_mem[50].blk_i  |     0.003 |
|     core                        |     0.002 |
|   g_has_mem.glen_mem[51].blk_i  |     0.008 |
|     core                        |     0.008 |
|   g_has_mem.glen_mem[52].blk_i  |     0.003 |
|     core                        |     0.002 |
|   g_has_mem.glen_mem[53].blk_i  |     0.002 |
|     core                        |     0.002 |
|   g_has_mem.glen_mem[54].blk_i  |     0.003 |
|     core                        |     0.002 |
|   g_has_mem.glen_mem[5].blk_i   |     0.002 |
|     core                        |     0.001 |
|   g_has_mem.glen_mem[60].blk_i  |     0.003 |
|     core                        |     0.002 |
|   g_has_mem.glen_mem[61].blk_i  |     0.008 |
|     core                        |     0.008 |
|   g_has_mem.glen_mem[62].blk_i  |     0.003 |
|     core                        |     0.002 |
|   g_has_mem.glen_mem[63].blk_i  |     0.002 |
|     core                        |     0.002 |
|   g_has_mem.glen_mem[64].blk_i  |     0.002 |
|     core                        |     0.002 |
|   g_has_mem.glen_mem[66].blk_i  |     0.003 |
|     core                        |     0.002 |
|   g_has_mem.glen_mem[67].blk_i  |     0.002 |
|     core                        |     0.002 |
|   g_has_mem.glen_mem[6].blk_i   |     0.032 |
|     core                        |     0.032 |
|       g[4].g_normal.alu_i       |     0.013 |
|       g[9].g_normal.alu_i       |     0.013 |
|   g_has_mem.glen_mem[70].blk_i  |     0.003 |
|     core                        |     0.002 |
|   g_has_mem.glen_mem[71].blk_i  |     0.003 |
|     core                        |     0.002 |
|   g_has_mem.glen_mem[72].blk_i  |     0.002 |
|     core                        |     0.002 |
|   g_has_mem.glen_mem[73].blk_i  |     0.002 |
|     core                        |     0.002 |
|   g_has_mem.glen_mem[74].blk_i  |     0.002 |
|     core                        |     0.002 |
|   g_has_mem.glen_mem[78].blk_i  |     0.002 |
|     core                        |     0.001 |
|   g_has_mem.glen_mem[7].blk_i   |     0.003 |
|     core                        |     0.002 |
|   g_has_mem.glen_mem[80].blk_i  |     0.001 |
|   g_has_mem.glen_mem[81].blk_i  |     0.003 |
|     core                        |     0.002 |
|   g_has_mem.glen_mem[82].blk_i  |     0.001 |
|   g_has_mem.glen_mem[83].blk_i  |     0.004 |
|     core                        |     0.003 |
|   g_has_mem.glen_mem[84].blk_i  |     0.003 |
|     core                        |     0.002 |
|   g_has_mem.glen_mem[85].blk_i  |     0.001 |
|   g_has_mem.glen_mem[86].blk_i  |     0.001 |
|   g_has_mem.glen_mem[87].blk_i  |     0.003 |
|     core                        |     0.002 |
|       g[0].g_normal.alu_i       |     0.002 |
|   g_has_mem.glen_mem[88].blk_i  |     0.003 |
|     core                        |     0.002 |
|   g_has_mem.glen_mem[89].blk_i  |     0.002 |
|     core                        |     0.002 |
|   g_has_mem.glen_mem[90].blk_i  |     0.001 |
|     core                        |     0.001 |
|   g_has_mem.glen_mem[91].blk_i  |     0.002 |
|     core                        |     0.001 |
|   g_has_mem.glen_mem[92].blk_i  |     0.003 |
|     core                        |     0.002 |
|       g[0].g_normal.alu_i       |     0.002 |
|   g_has_mem.glen_mem[93].blk_i  |     0.003 |
|     core                        |     0.002 |
|   g_has_mem.glen_mem[94].blk_i  |     0.003 |
|     core                        |     0.002 |
|   g_has_mem.glen_mem[95].blk_i  |     0.001 |
|   g_has_mem.glen_mem[96].blk_i  |     0.004 |
|     core                        |     0.003 |
|   g_has_mem.glen_mem[97].blk_i  |     0.003 |
|     core                        |     0.002 |
|   g_has_mem.glen_mem[98].blk_i  |     0.003 |
|     core                        |     0.002 |
|   g_has_mem.glen_mem[99].blk_i  |     0.003 |
|     core                        |     0.002 |
|   g_has_mem.u_pool              |     0.141 |
|     g_banks.gb[0].u_bank64      |     0.007 |
|       u_mem                     |     0.007 |
|     g_banks.gb[1].u_bank64      |     0.007 |
|       u_mem                     |     0.007 |
|     g_banks.gb[2].u_bank64      |     0.007 |
|       u_mem                     |     0.006 |
|     g_banks.gb[3].u_bank64      |     0.006 |
|       u_mem                     |     0.006 |
|     g_banks.gb[4].u_bank64      |     0.007 |
|       u_mem                     |     0.006 |
|     g_banks.gb[5].u_bank64      |     0.006 |
|       u_mem                     |     0.006 |
|     g_banks.gb[6].u_bank64      |     0.006 |
|       u_mem                     |     0.006 |
|     g_banks.gb[7].u_bank64      |     0.006 |
|       u_mem                     |     0.006 |
+---------------------------------+-----------+


