Copyright 1986-2020 Xilinx, Inc. All Rights Reserved.
---------------------------------------------------------------------------------------------------------------------------------------------------------------
| Tool Version : Vivado v.2020.1 (lin64) Build 2902540 Wed May 27 19:54:35 MDT 2020
| Date         : Sun Sep 21 18:46:48 2025
| Host         : orthanc running 64-bit Ubuntu 22.04.4 LTS
| Command      : report_utilization -hierarchical -file /home/jyoo/custom_v_2/custom-core-tool/reports/wo_simd_div/benches/654_roms_s/654_roms_s_util_hier.rpt
| Design       : top_bench__654_roms_s
| Device       : xcu200fsgd2104-2
| Design State : Optimized
---------------------------------------------------------------------------------------------------------------------------------------------------------------

Utilization Design Information

Table of Contents
-----------------
1. Utilization by Hierarchy

1. Utilization by Hierarchy
---------------------------

+-----------------------------+------------------------+------------+------------+---------+------+-----+--------+--------+------+------------+
|           Instance          |         Module         | Total LUTs | Logic LUTs | LUTRAMs | SRLs | FFs | RAMB36 | RAMB18 | URAM | DSP Blocks |
+-----------------------------+------------------------+------------+------------+---------+------+-----+--------+--------+------+------------+
| top_bench__654_roms_s       |                  (top) |          1 |          1 |       0 |    0 |  28 |      0 |      0 |    0 |          0 |
|   (top_bench__654_roms_s)   |                  (top) |          0 |          0 |       0 |    0 |   0 |      0 |      0 |    0 |          0 |
|   u_654_roms_s              | bench_core__654_roms_s |          1 |          1 |       0 |    0 |  28 |      0 |      0 |    0 |          0 |
|     (u_654_roms_s)          | bench_core__654_roms_s |          0 |          0 |       0 |    0 |   0 |      0 |      0 |    0 |          0 |
|     glen[0].core_i          |         uop_block_wrap |          1 |          1 |       0 |    0 |  28 |      0 |      0 |    0 |          0 |
|       (glen[0].core_i)      |         uop_block_wrap |          0 |          0 |       0 |    0 |  14 |      0 |      0 |    0 |          0 |
|       core                  |              uop_block |          1 |          1 |       0 |    0 |  14 |      0 |      0 |    0 |          0 |
|         (core)              |              uop_block |          1 |          1 |       0 |    0 |   0 |      0 |      0 |    0 |          0 |
|         g[0].g_normal.alu_i |        microop_unit__1 |          0 |          0 |       0 |    0 |   7 |      0 |      0 |    0 |          0 |
|         g[1].g_normal.alu_i |           microop_unit |          0 |          0 |       0 |    0 |   7 |      0 |      0 |    0 |          0 |
+-----------------------------+------------------------+------------+------------+---------+------+-----+--------+--------+------+------------+


