Copyright 1986-2020 Xilinx, Inc. All Rights Reserved.
---------------------------------------------------------------------------------------------------------------------------------------------------------------
| Tool Version : Vivado v.2020.1 (lin64) Build 2902540 Wed May 27 19:54:35 MDT 2020
| Date         : Sun Sep 21 23:52:05 2025
| Host         : orthanc running 64-bit Ubuntu 22.04.4 LTS
| Command      : report_utilization -hierarchical -file /home/jyoo/custom_v_2/custom-core-tool/reports/alubase/benches/603_bwaves_s/603_bwaves_s_util_hier.rpt
| Design       : top_bench__603_bwaves_s
| Device       : xcu200fsgd2104-2
| Design State : Optimized
---------------------------------------------------------------------------------------------------------------------------------------------------------------

Utilization Design Information

Table of Contents
-----------------
1. Utilization by Hierarchy

1. Utilization by Hierarchy
---------------------------

+----------------------------------------------+------------------------------------------------------+------------+------------+---------+------+------+--------+--------+------+------------+
|                   Instance                   |                        Module                        | Total LUTs | Logic LUTs | LUTRAMs | SRLs |  FFs | RAMB36 | RAMB18 | URAM | DSP Blocks |
+----------------------------------------------+------------------------------------------------------+------------+------------+---------+------+------+--------+--------+------+------------+
| top_bench__603_bwaves_s                      |                                                (top) |       1267 |       1267 |       0 |    0 | 7334 |      0 |      0 |    0 |          0 |
|   (top_bench__603_bwaves_s)                  |                                                (top) |          0 |          0 |       0 |    0 |    0 |      0 |      0 |    0 |          0 |
|   u_603_bwaves_s                             |                             bench_core__603_bwaves_s |       1267 |       1267 |       0 |    0 | 7334 |      0 |      0 |    0 |          0 |
|     (u_603_bwaves_s)                         |                             bench_core__603_bwaves_s |        576 |        576 |       0 |    0 |    0 |      0 |      0 |    0 |          0 |
|     glen[0].core_i                           |                                    uop_block_wrap__1 |          1 |          1 |       0 |    0 |   80 |      0 |      0 |    0 |          0 |
|       (glen[0].core_i)                       |                                    uop_block_wrap__1 |          0 |          0 |       0 |    0 |   72 |      0 |      0 |    0 |          0 |
|       core                                   |                                         uop_block__1 |          1 |          1 |       0 |    0 |    8 |      0 |      0 |    0 |          0 |
|         (core)                               |                                         uop_block__1 |          1 |          1 |       0 |    0 |    0 |      0 |      0 |    0 |          0 |
|         g[1].g_normal.alu_i                  |                      microop_unit__parameterized0__1 |          0 |          0 |       0 |    0 |    8 |      0 |      0 |    0 |          0 |
|     glen[10].core_i                          |            uop_block_wrap__parameterized6__xdcDup__2 |          2 |          2 |       0 |    0 |  242 |      0 |      0 |    0 |          0 |
|       (glen[10].core_i)                      |            uop_block_wrap__parameterized6__xdcDup__2 |          0 |          0 |       0 |    0 |  124 |      0 |      0 |    0 |          0 |
|       core                                   |                 uop_block__parameterized6__xdcDup__2 |          2 |          2 |       0 |    0 |  118 |      0 |      0 |    0 |          0 |
|         (core)                               |                 uop_block__parameterized6__xdcDup__2 |          1 |          1 |       0 |    0 |    0 |      0 |      0 |    0 |          0 |
|         g[0].g_normal.alu_i                  |             microop_unit__parameterized12__xdcDup__2 |          1 |          1 |       0 |    0 |  118 |      0 |      0 |    0 |          0 |
|           (g[0].g_normal.alu_i)              |             microop_unit__parameterized12__xdcDup__2 |          0 |          0 |       0 |    0 |   59 |      0 |      0 |    0 |          0 |
|           g_iadd.use_ip.int_addsub_i         |                                integer_addsub_HD2429 |          1 |          1 |       0 |    0 |   59 |      0 |      0 |    0 |          0 |
|             U0                               |               integer_addsubc_addsub_v12_0_14_HD2430 |          1 |          1 |       0 |    0 |   59 |      0 |      0 |    0 |          0 |
|               xst_addsub                     |           integer_addsubc_addsub_v12_0_14_viv_HD2431 |          1 |          1 |       0 |    0 |   59 |      0 |      0 |    0 |          0 |
|                 i_baseblox.i_baseblox_addsub |        integer_addsubc_addsub_v12_0_14_legacy_HD2432 |          1 |          1 |       0 |    0 |   59 |      0 |      0 |    0 |          0 |
|                   no_pipelining.the_addsub   | integer_addsubc_addsub_v12_0_14_fabric_legacy_HD2433 |          1 |          1 |       0 |    0 |   59 |      0 |      0 |    0 |          0 |
|                     i_lut6.i_lut6_addsub     |   integer_addsubc_addsub_v12_0_14_lut6_legacy_HD2434 |          1 |          1 |       0 |    0 |   59 |      0 |      0 |    0 |          0 |
|                       (i_lut6.i_lut6_addsub) |   integer_addsubc_addsub_v12_0_14_lut6_legacy_HD2434 |          1 |          1 |       0 |    0 |    0 |      0 |      0 |    0 |          0 |
|                       i_q.i_simple.qreg      |            integer_addsubc_reg_fd_v12_0_6_viv_HD2435 |          0 |          0 |       0 |    0 |   59 |      0 |      0 |    0 |          0 |
|     glen[11].core_i                          |            uop_block_wrap__parameterized6__xdcDup__3 |          2 |          2 |       0 |    0 |  242 |      0 |      0 |    0 |          0 |
|       (glen[11].core_i)                      |            uop_block_wrap__parameterized6__xdcDup__3 |          0 |          0 |       0 |    0 |  124 |      0 |      0 |    0 |          0 |
|       core                                   |                 uop_block__parameterized6__xdcDup__3 |          2 |          2 |       0 |    0 |  118 |      0 |      0 |    0 |          0 |
|         (core)                               |                 uop_block__parameterized6__xdcDup__3 |          1 |          1 |       0 |    0 |    0 |      0 |      0 |    0 |          0 |
|         g[0].g_normal.alu_i                  |             microop_unit__parameterized12__xdcDup__3 |          1 |          1 |       0 |    0 |  118 |      0 |      0 |    0 |          0 |
|           (g[0].g_normal.alu_i)              |             microop_unit__parameterized12__xdcDup__3 |          0 |          0 |       0 |    0 |   59 |      0 |      0 |    0 |          0 |
|           g_iadd.use_ip.int_addsub_i         |                                integer_addsub_HD2436 |          1 |          1 |       0 |    0 |   59 |      0 |      0 |    0 |          0 |
|             U0                               |               integer_addsubc_addsub_v12_0_14_HD2437 |          1 |          1 |       0 |    0 |   59 |      0 |      0 |    0 |          0 |
|               xst_addsub                     |           integer_addsubc_addsub_v12_0_14_viv_HD2438 |          1 |          1 |       0 |    0 |   59 |      0 |      0 |    0 |          0 |
|                 i_baseblox.i_baseblox_addsub |        integer_addsubc_addsub_v12_0_14_legacy_HD2439 |          1 |          1 |       0 |    0 |   59 |      0 |      0 |    0 |          0 |
|                   no_pipelining.the_addsub   | integer_addsubc_addsub_v12_0_14_fabric_legacy_HD2440 |          1 |          1 |       0 |    0 |   59 |      0 |      0 |    0 |          0 |
|                     i_lut6.i_lut6_addsub     |   integer_addsubc_addsub_v12_0_14_lut6_legacy_HD2441 |          1 |          1 |       0 |    0 |   59 |      0 |      0 |    0 |          0 |
|                       (i_lut6.i_lut6_addsub) |   integer_addsubc_addsub_v12_0_14_lut6_legacy_HD2441 |          1 |          1 |       0 |    0 |    0 |      0 |      0 |    0 |          0 |
|                       i_q.i_simple.qreg      |            integer_addsubc_reg_fd_v12_0_6_viv_HD2442 |          0 |          0 |       0 |    0 |   59 |      0 |      0 |    0 |          0 |
|     glen[12].core_i                          |                    uop_block_wrap__parameterized4__3 |         33 |         33 |       0 |    0 |  224 |      0 |      0 |    0 |          0 |
|       (glen[12].core_i)                      |                    uop_block_wrap__parameterized4__3 |          0 |          0 |       0 |    0 |  128 |      0 |      0 |    0 |          0 |
|       core                                   |                         uop_block__parameterized4__3 |         33 |         33 |       0 |    0 |   96 |      0 |      0 |    0 |          0 |
|         (core)                               |                         uop_block__parameterized4__3 |          1 |          1 |       0 |    0 |   32 |      0 |      0 |    0 |          0 |
|         g[0].g_normal.alu_i                  |                      microop_unit__parameterized3__5 |         32 |         32 |       0 |    0 |   32 |      0 |      0 |    0 |          0 |
|         g[1].g_normal.alu_i                  |                      microop_unit__parameterized9__3 |          0 |          0 |       0 |    0 |   32 |      0 |      0 |    0 |          0 |
|     glen[13].core_i                          |                    uop_block_wrap__parameterized4__4 |         33 |         33 |       0 |    0 |  224 |      0 |      0 |    0 |          0 |
|       (glen[13].core_i)                      |                    uop_block_wrap__parameterized4__4 |          0 |          0 |       0 |    0 |  128 |      0 |      0 |    0 |          0 |
|       core                                   |                         uop_block__parameterized4__4 |         33 |         33 |       0 |    0 |   96 |      0 |      0 |    0 |          0 |
|         (core)                               |                         uop_block__parameterized4__4 |          1 |          1 |       0 |    0 |   32 |      0 |      0 |    0 |          0 |
|         g[0].g_normal.alu_i                  |                      microop_unit__parameterized3__6 |         32 |         32 |       0 |    0 |   32 |      0 |      0 |    0 |          0 |
|         g[1].g_normal.alu_i                  |                      microop_unit__parameterized9__4 |          0 |          0 |       0 |    0 |   32 |      0 |      0 |    0 |          0 |
|     glen[14].core_i                          |                    uop_block_wrap__parameterized4__5 |         33 |         33 |       0 |    0 |  224 |      0 |      0 |    0 |          0 |
|       (glen[14].core_i)                      |                    uop_block_wrap__parameterized4__5 |          0 |          0 |       0 |    0 |  128 |      0 |      0 |    0 |          0 |
|       core                                   |                         uop_block__parameterized4__5 |         33 |         33 |       0 |    0 |   96 |      0 |      0 |    0 |          0 |
|         (core)                               |                         uop_block__parameterized4__5 |          1 |          1 |       0 |    0 |   32 |      0 |      0 |    0 |          0 |
|         g[0].g_normal.alu_i                  |                      microop_unit__parameterized3__7 |         32 |         32 |       0 |    0 |   32 |      0 |      0 |    0 |          0 |
|         g[1].g_normal.alu_i                  |                      microop_unit__parameterized9__5 |          0 |          0 |       0 |    0 |   32 |      0 |      0 |    0 |          0 |
|     glen[15].core_i                          |                    uop_block_wrap__parameterized4__6 |         33 |         33 |       0 |    0 |  224 |      0 |      0 |    0 |          0 |
|       (glen[15].core_i)                      |                    uop_block_wrap__parameterized4__6 |          0 |          0 |       0 |    0 |  128 |      0 |      0 |    0 |          0 |
|       core                                   |                         uop_block__parameterized4__6 |         33 |         33 |       0 |    0 |   96 |      0 |      0 |    0 |          0 |
|         (core)                               |                         uop_block__parameterized4__6 |          1 |          1 |       0 |    0 |   32 |      0 |      0 |    0 |          0 |
|         g[0].g_normal.alu_i                  |                      microop_unit__parameterized3__8 |         32 |         32 |       0 |    0 |   32 |      0 |      0 |    0 |          0 |
|         g[1].g_normal.alu_i                  |                      microop_unit__parameterized9__6 |          0 |          0 |       0 |    0 |   32 |      0 |      0 |    0 |          0 |
|     glen[16].core_i                          |                    uop_block_wrap__parameterized8__1 |          1 |          1 |       0 |    0 |   36 |      0 |      0 |    0 |          0 |
|       (glen[16].core_i)                      |                    uop_block_wrap__parameterized8__1 |          0 |          0 |       0 |    0 |   24 |      0 |      0 |    0 |          0 |
|       core                                   |                         uop_block__parameterized8__1 |          1 |          1 |       0 |    0 |   12 |      0 |      0 |    0 |          0 |
|         (core)                               |                         uop_block__parameterized8__1 |          1 |          1 |       0 |    0 |    0 |      0 |      0 |    0 |          0 |
|         g[0].g_normal.alu_i                  |                      microop_unit__parameterized5__4 |          0 |          0 |       0 |    0 |   12 |      0 |      0 |    0 |          0 |
|     glen[17].core_i                          |                    uop_block_wrap__parameterized8__2 |          1 |          1 |       0 |    0 |   36 |      0 |      0 |    0 |          0 |
|       (glen[17].core_i)                      |                    uop_block_wrap__parameterized8__2 |          0 |          0 |       0 |    0 |   24 |      0 |      0 |    0 |          0 |
|       core                                   |                         uop_block__parameterized8__2 |          1 |          1 |       0 |    0 |   12 |      0 |      0 |    0 |          0 |
|         (core)                               |                         uop_block__parameterized8__2 |          1 |          1 |       0 |    0 |    0 |      0 |      0 |    0 |          0 |
|         g[0].g_normal.alu_i                  |                      microop_unit__parameterized5__5 |          0 |          0 |       0 |    0 |   12 |      0 |      0 |    0 |          0 |
|     glen[18].core_i                          |                    uop_block_wrap__parameterized9__1 |          1 |          1 |       0 |    0 |   28 |      0 |      0 |    0 |          0 |
|       (glen[18].core_i)                      |                    uop_block_wrap__parameterized9__1 |          0 |          0 |       0 |    0 |   14 |      0 |      0 |    0 |          0 |
|       core                                   |                         uop_block__parameterized9__1 |          1 |          1 |       0 |    0 |   14 |      0 |      0 |    0 |          0 |
|         (core)                               |                         uop_block__parameterized9__1 |          1 |          1 |       0 |    0 |    0 |      0 |      0 |    0 |          0 |
|         g[0].g_normal.alu_i                  |                     microop_unit__parameterized13__3 |          0 |          0 |       0 |    0 |    7 |      0 |      0 |    0 |          0 |
|         g[1].g_normal.alu_i                  |                     microop_unit__parameterized13__2 |          0 |          0 |       0 |    0 |    7 |      0 |      0 |    0 |          0 |
|     glen[19].core_i                          |                       uop_block_wrap__parameterized2 |          1 |          1 |       0 |    0 |  192 |      0 |      0 |    0 |          0 |
|       (glen[19].core_i)                      |                       uop_block_wrap__parameterized2 |          0 |          0 |       0 |    0 |  128 |      0 |      0 |    0 |          0 |
|       core                                   |                            uop_block__parameterized2 |          1 |          1 |       0 |    0 |   64 |      0 |      0 |    0 |          0 |
|         (core)                               |                            uop_block__parameterized2 |          1 |          1 |       0 |    0 |    0 |      0 |      0 |    0 |          0 |
|         g[3].g_normal.alu_i                  |                         microop_unit__parameterized7 |          0 |          0 |       0 |    0 |   64 |      0 |      0 |    0 |          0 |
|     glen[1].core_i                           |                    uop_block_wrap__parameterized0__1 |          1 |          1 |       0 |    0 |  128 |      0 |      0 |    0 |          0 |
|       (glen[1].core_i)                       |                    uop_block_wrap__parameterized0__1 |          0 |          0 |       0 |    0 |   64 |      0 |      0 |    0 |          0 |
|       core                                   |                         uop_block__parameterized0__1 |          1 |          1 |       0 |    0 |   64 |      0 |      0 |    0 |          0 |
|         (core)                               |                         uop_block__parameterized0__1 |          1 |          1 |       0 |    0 |    0 |      0 |      0 |    0 |          0 |
|         g[0].g_normal.alu_i                  |                      microop_unit__parameterized1__3 |          0 |          0 |       0 |    0 |   32 |      0 |      0 |    0 |          0 |
|         g[1].g_normal.alu_i                  |                      microop_unit__parameterized2__1 |          0 |          0 |       0 |    0 |   32 |      0 |      0 |    0 |          0 |
|     glen[20].core_i                          |                    uop_block_wrap__parameterized4__7 |         33 |         33 |       0 |    0 |  224 |      0 |      0 |    0 |          0 |
|       (glen[20].core_i)                      |                    uop_block_wrap__parameterized4__7 |          0 |          0 |       0 |    0 |  128 |      0 |      0 |    0 |          0 |
|       core                                   |                         uop_block__parameterized4__7 |         33 |         33 |       0 |    0 |   96 |      0 |      0 |    0 |          0 |
|         (core)                               |                         uop_block__parameterized4__7 |          1 |          1 |       0 |    0 |   32 |      0 |      0 |    0 |          0 |
|         g[0].g_normal.alu_i                  |                      microop_unit__parameterized3__9 |         32 |         32 |       0 |    0 |   32 |      0 |      0 |    0 |          0 |
|         g[1].g_normal.alu_i                  |                      microop_unit__parameterized9__7 |          0 |          0 |       0 |    0 |   32 |      0 |      0 |    0 |          0 |
|     glen[21].core_i                          |                    uop_block_wrap__parameterized4__8 |         33 |         33 |       0 |    0 |  224 |      0 |      0 |    0 |          0 |
|       (glen[21].core_i)                      |                    uop_block_wrap__parameterized4__8 |          0 |          0 |       0 |    0 |  128 |      0 |      0 |    0 |          0 |
|       core                                   |                         uop_block__parameterized4__8 |         33 |         33 |       0 |    0 |   96 |      0 |      0 |    0 |          0 |
|         (core)                               |                         uop_block__parameterized4__8 |          1 |          1 |       0 |    0 |   32 |      0 |      0 |    0 |          0 |
|         g[0].g_normal.alu_i                  |                     microop_unit__parameterized3__10 |         32 |         32 |       0 |    0 |   32 |      0 |      0 |    0 |          0 |
|         g[1].g_normal.alu_i                  |                      microop_unit__parameterized9__8 |          0 |          0 |       0 |    0 |   32 |      0 |      0 |    0 |          0 |
|     glen[22].core_i                          |                    uop_block_wrap__parameterized4__9 |         33 |         33 |       0 |    0 |  224 |      0 |      0 |    0 |          0 |
|       (glen[22].core_i)                      |                    uop_block_wrap__parameterized4__9 |          0 |          0 |       0 |    0 |  128 |      0 |      0 |    0 |          0 |
|       core                                   |                         uop_block__parameterized4__9 |         33 |         33 |       0 |    0 |   96 |      0 |      0 |    0 |          0 |
|         (core)                               |                         uop_block__parameterized4__9 |          1 |          1 |       0 |    0 |   32 |      0 |      0 |    0 |          0 |
|         g[0].g_normal.alu_i                  |                     microop_unit__parameterized3__11 |         32 |         32 |       0 |    0 |   32 |      0 |      0 |    0 |          0 |
|         g[1].g_normal.alu_i                  |                      microop_unit__parameterized9__9 |          0 |          0 |       0 |    0 |   32 |      0 |      0 |    0 |          0 |
|     glen[23].core_i                          |                   uop_block_wrap__parameterized4__10 |         33 |         33 |       0 |    0 |  224 |      0 |      0 |    0 |          0 |
|       (glen[23].core_i)                      |                   uop_block_wrap__parameterized4__10 |          0 |          0 |       0 |    0 |  128 |      0 |      0 |    0 |          0 |
|       core                                   |                        uop_block__parameterized4__10 |         33 |         33 |       0 |    0 |   96 |      0 |      0 |    0 |          0 |
|         (core)                               |                        uop_block__parameterized4__10 |          1 |          1 |       0 |    0 |   32 |      0 |      0 |    0 |          0 |
|         g[0].g_normal.alu_i                  |                     microop_unit__parameterized3__12 |         32 |         32 |       0 |    0 |   32 |      0 |      0 |    0 |          0 |
|         g[1].g_normal.alu_i                  |                     microop_unit__parameterized9__10 |          0 |          0 |       0 |    0 |   32 |      0 |      0 |    0 |          0 |
|     glen[24].core_i                          |                   uop_block_wrap__parameterized4__11 |         33 |         33 |       0 |    0 |  224 |      0 |      0 |    0 |          0 |
|       (glen[24].core_i)                      |                   uop_block_wrap__parameterized4__11 |          0 |          0 |       0 |    0 |  128 |      0 |      0 |    0 |          0 |
|       core                                   |                        uop_block__parameterized4__11 |         33 |         33 |       0 |    0 |   96 |      0 |      0 |    0 |          0 |
|         (core)                               |                        uop_block__parameterized4__11 |          1 |          1 |       0 |    0 |   32 |      0 |      0 |    0 |          0 |
|         g[0].g_normal.alu_i                  |                     microop_unit__parameterized3__13 |         32 |         32 |       0 |    0 |   32 |      0 |      0 |    0 |          0 |
|         g[1].g_normal.alu_i                  |                     microop_unit__parameterized9__11 |          0 |          0 |       0 |    0 |   32 |      0 |      0 |    0 |          0 |
|     glen[25].core_i                          |                       uop_block_wrap__parameterized4 |         33 |         33 |       0 |    0 |  224 |      0 |      0 |    0 |          0 |
|       (glen[25].core_i)                      |                       uop_block_wrap__parameterized4 |          0 |          0 |       0 |    0 |  128 |      0 |      0 |    0 |          0 |
|       core                                   |                            uop_block__parameterized4 |         33 |         33 |       0 |    0 |   96 |      0 |      0 |    0 |          0 |
|         (core)                               |                            uop_block__parameterized4 |          1 |          1 |       0 |    0 |   32 |      0 |      0 |    0 |          0 |
|         g[0].g_normal.alu_i                  |                         microop_unit__parameterized3 |         32 |         32 |       0 |    0 |   32 |      0 |      0 |    0 |          0 |
|         g[1].g_normal.alu_i                  |                         microop_unit__parameterized9 |          0 |          0 |       0 |    0 |   32 |      0 |      0 |    0 |          0 |
|     glen[26].core_i                          |                       uop_block_wrap__parameterized5 |         67 |         67 |       0 |    0 |  448 |      0 |      0 |    0 |          0 |
|       (glen[26].core_i)                      |                       uop_block_wrap__parameterized5 |          0 |          0 |       0 |    0 |  192 |      0 |      0 |    0 |          0 |
|       core                                   |                            uop_block__parameterized5 |         67 |         67 |       0 |    0 |  256 |      0 |      0 |    0 |          0 |
|         (core)                               |                            uop_block__parameterized5 |          1 |          1 |       0 |    0 |   64 |      0 |      0 |    0 |          0 |
|         g[0].g_normal.alu_i                  |                        microop_unit__parameterized10 |         64 |         64 |       0 |    0 |   64 |      0 |      0 |    0 |          0 |
|         g[1].g_normal.alu_i                  |                        microop_unit__parameterized11 |          2 |          2 |       0 |    0 |  128 |      0 |      0 |    0 |          0 |
|           (g[1].g_normal.alu_i)              |                        microop_unit__parameterized11 |          0 |          0 |       0 |    0 |   64 |      0 |      0 |    0 |          0 |
|           g_iadd.use_ip.int_addsub_i         |                                integer_addsub_HD2443 |          2 |          2 |       0 |    0 |   64 |      0 |      0 |    0 |          0 |
|             U0                               |               integer_addsubc_addsub_v12_0_14_HD2444 |          2 |          2 |       0 |    0 |   64 |      0 |      0 |    0 |          0 |
|               xst_addsub                     |           integer_addsubc_addsub_v12_0_14_viv_HD2445 |          2 |          2 |       0 |    0 |   64 |      0 |      0 |    0 |          0 |
|                 i_baseblox.i_baseblox_addsub |        integer_addsubc_addsub_v12_0_14_legacy_HD2446 |          2 |          2 |       0 |    0 |   64 |      0 |      0 |    0 |          0 |
|                   no_pipelining.the_addsub   | integer_addsubc_addsub_v12_0_14_fabric_legacy_HD2447 |          2 |          2 |       0 |    0 |   64 |      0 |      0 |    0 |          0 |
|                     i_lut6.i_lut6_addsub     |   integer_addsubc_addsub_v12_0_14_lut6_legacy_HD2448 |          2 |          2 |       0 |    0 |   64 |      0 |      0 |    0 |          0 |
|                       (i_lut6.i_lut6_addsub) |   integer_addsubc_addsub_v12_0_14_lut6_legacy_HD2448 |          2 |          2 |       0 |    0 |    0 |      0 |      0 |    0 |          0 |
|                       i_q.i_simple.qreg      |            integer_addsubc_reg_fd_v12_0_6_viv_HD2449 |          0 |          0 |       0 |    0 |   64 |      0 |      0 |    0 |          0 |
|     glen[27].core_i                          |                       uop_block_wrap__parameterized0 |          1 |          1 |       0 |    0 |  128 |      0 |      0 |    0 |          0 |
|       (glen[27].core_i)                      |                       uop_block_wrap__parameterized0 |          0 |          0 |       0 |    0 |   64 |      0 |      0 |    0 |          0 |
|       core                                   |                            uop_block__parameterized0 |          1 |          1 |       0 |    0 |   64 |      0 |      0 |    0 |          0 |
|         (core)                               |                            uop_block__parameterized0 |          1 |          1 |       0 |    0 |    0 |      0 |      0 |    0 |          0 |
|         g[0].g_normal.alu_i                  |                      microop_unit__parameterized1__1 |          0 |          0 |       0 |    0 |   32 |      0 |      0 |    0 |          0 |
|         g[1].g_normal.alu_i                  |                         microop_unit__parameterized2 |          0 |          0 |       0 |    0 |   32 |      0 |      0 |    0 |          0 |
|     glen[28].core_i                          |                       uop_block_wrap__parameterized1 |         33 |         33 |       0 |    0 |  224 |      0 |      0 |    0 |          0 |
|       (glen[28].core_i)                      |                       uop_block_wrap__parameterized1 |          0 |          0 |       0 |    0 |  128 |      0 |      0 |    0 |          0 |
|       core                                   |                            uop_block__parameterized1 |         33 |         33 |       0 |    0 |   96 |      0 |      0 |    0 |          0 |
|         (core)                               |                            uop_block__parameterized1 |          1 |          1 |       0 |    0 |   32 |      0 |      0 |    0 |          0 |
|         g[0].g_normal.alu_i                  |                      microop_unit__parameterized3__1 |         32 |         32 |       0 |    0 |   32 |      0 |      0 |    0 |          0 |
|         g[1].g_normal.alu_i                  |                         microop_unit__parameterized4 |          0 |          0 |       0 |    0 |   32 |      0 |      0 |    0 |          0 |
|     glen[29].core_i                          |                       uop_block_wrap__parameterized3 |          1 |          1 |       0 |    0 |   80 |      0 |      0 |    0 |          0 |
|       (glen[29].core_i)                      |                       uop_block_wrap__parameterized3 |          0 |          0 |       0 |    0 |   40 |      0 |      0 |    0 |          0 |
|       core                                   |                            uop_block__parameterized3 |          1 |          1 |       0 |    0 |   40 |      0 |      0 |    0 |          0 |
|         (core)                               |                            uop_block__parameterized3 |          1 |          1 |       0 |    0 |    0 |      0 |      0 |    0 |          0 |
|         g[0].g_normal.alu_i                  |                         microop_unit__parameterized8 |          0 |          0 |       0 |    0 |    8 |      0 |      0 |    0 |          0 |
|         g[1].g_normal.alu_i                  |                         microop_unit__parameterized1 |          0 |          0 |       0 |    0 |   32 |      0 |      0 |    0 |          0 |
|     glen[2].core_i                           |                    uop_block_wrap__parameterized1__1 |         33 |         33 |       0 |    0 |  224 |      0 |      0 |    0 |          0 |
|       (glen[2].core_i)                       |                    uop_block_wrap__parameterized1__1 |          0 |          0 |       0 |    0 |  128 |      0 |      0 |    0 |          0 |
|       core                                   |                         uop_block__parameterized1__1 |         33 |         33 |       0 |    0 |   96 |      0 |      0 |    0 |          0 |
|         (core)                               |                         uop_block__parameterized1__1 |          1 |          1 |       0 |    0 |   32 |      0 |      0 |    0 |          0 |
|         g[0].g_normal.alu_i                  |                      microop_unit__parameterized3__2 |         32 |         32 |       0 |    0 |   32 |      0 |      0 |    0 |          0 |
|         g[1].g_normal.alu_i                  |                      microop_unit__parameterized4__1 |          0 |          0 |       0 |    0 |   32 |      0 |      0 |    0 |          0 |
|     glen[30].core_i                          |            uop_block_wrap__parameterized6__xdcDup__4 |          2 |          2 |       0 |    0 |  242 |      0 |      0 |    0 |          0 |
|       (glen[30].core_i)                      |            uop_block_wrap__parameterized6__xdcDup__4 |          0 |          0 |       0 |    0 |  124 |      0 |      0 |    0 |          0 |
|       core                                   |                 uop_block__parameterized6__xdcDup__4 |          2 |          2 |       0 |    0 |  118 |      0 |      0 |    0 |          0 |
|         (core)                               |                 uop_block__parameterized6__xdcDup__4 |          1 |          1 |       0 |    0 |    0 |      0 |      0 |    0 |          0 |
|         g[0].g_normal.alu_i                  |             microop_unit__parameterized12__xdcDup__4 |          1 |          1 |       0 |    0 |  118 |      0 |      0 |    0 |          0 |
|           (g[0].g_normal.alu_i)              |             microop_unit__parameterized12__xdcDup__4 |          0 |          0 |       0 |    0 |   59 |      0 |      0 |    0 |          0 |
|           g_iadd.use_ip.int_addsub_i         |                                integer_addsub_HD2450 |          1 |          1 |       0 |    0 |   59 |      0 |      0 |    0 |          0 |
|             U0                               |               integer_addsubc_addsub_v12_0_14_HD2451 |          1 |          1 |       0 |    0 |   59 |      0 |      0 |    0 |          0 |
|               xst_addsub                     |           integer_addsubc_addsub_v12_0_14_viv_HD2452 |          1 |          1 |       0 |    0 |   59 |      0 |      0 |    0 |          0 |
|                 i_baseblox.i_baseblox_addsub |        integer_addsubc_addsub_v12_0_14_legacy_HD2453 |          1 |          1 |       0 |    0 |   59 |      0 |      0 |    0 |          0 |
|                   no_pipelining.the_addsub   | integer_addsubc_addsub_v12_0_14_fabric_legacy_HD2454 |          1 |          1 |       0 |    0 |   59 |      0 |      0 |    0 |          0 |
|                     i_lut6.i_lut6_addsub     |   integer_addsubc_addsub_v12_0_14_lut6_legacy_HD2455 |          1 |          1 |       0 |    0 |   59 |      0 |      0 |    0 |          0 |
|                       (i_lut6.i_lut6_addsub) |   integer_addsubc_addsub_v12_0_14_lut6_legacy_HD2455 |          1 |          1 |       0 |    0 |    0 |      0 |      0 |    0 |          0 |
|                       i_q.i_simple.qreg      |            integer_addsubc_reg_fd_v12_0_6_viv_HD2456 |          0 |          0 |       0 |    0 |   59 |      0 |      0 |    0 |          0 |
|     glen[31].core_i                          |            uop_block_wrap__parameterized6__xdcDup__5 |          2 |          2 |       0 |    0 |  242 |      0 |      0 |    0 |          0 |
|       (glen[31].core_i)                      |            uop_block_wrap__parameterized6__xdcDup__5 |          0 |          0 |       0 |    0 |  124 |      0 |      0 |    0 |          0 |
|       core                                   |                 uop_block__parameterized6__xdcDup__5 |          2 |          2 |       0 |    0 |  118 |      0 |      0 |    0 |          0 |
|         (core)                               |                 uop_block__parameterized6__xdcDup__5 |          1 |          1 |       0 |    0 |    0 |      0 |      0 |    0 |          0 |
|         g[0].g_normal.alu_i                  |             microop_unit__parameterized12__xdcDup__5 |          1 |          1 |       0 |    0 |  118 |      0 |      0 |    0 |          0 |
|           (g[0].g_normal.alu_i)              |             microop_unit__parameterized12__xdcDup__5 |          0 |          0 |       0 |    0 |   59 |      0 |      0 |    0 |          0 |
|           g_iadd.use_ip.int_addsub_i         |                                integer_addsub_HD2457 |          1 |          1 |       0 |    0 |   59 |      0 |      0 |    0 |          0 |
|             U0                               |               integer_addsubc_addsub_v12_0_14_HD2458 |          1 |          1 |       0 |    0 |   59 |      0 |      0 |    0 |          0 |
|               xst_addsub                     |           integer_addsubc_addsub_v12_0_14_viv_HD2459 |          1 |          1 |       0 |    0 |   59 |      0 |      0 |    0 |          0 |
|                 i_baseblox.i_baseblox_addsub |        integer_addsubc_addsub_v12_0_14_legacy_HD2460 |          1 |          1 |       0 |    0 |   59 |      0 |      0 |    0 |          0 |
|                   no_pipelining.the_addsub   | integer_addsubc_addsub_v12_0_14_fabric_legacy_HD2461 |          1 |          1 |       0 |    0 |   59 |      0 |      0 |    0 |          0 |
|                     i_lut6.i_lut6_addsub     |   integer_addsubc_addsub_v12_0_14_lut6_legacy_HD2462 |          1 |          1 |       0 |    0 |   59 |      0 |      0 |    0 |          0 |
|                       (i_lut6.i_lut6_addsub) |   integer_addsubc_addsub_v12_0_14_lut6_legacy_HD2462 |          1 |          1 |       0 |    0 |    0 |      0 |      0 |    0 |          0 |
|                       i_q.i_simple.qreg      |            integer_addsubc_reg_fd_v12_0_6_viv_HD2463 |          0 |          0 |       0 |    0 |   59 |      0 |      0 |    0 |          0 |
|     glen[32].core_i                          |            uop_block_wrap__parameterized6__xdcDup__6 |          2 |          2 |       0 |    0 |  242 |      0 |      0 |    0 |          0 |
|       (glen[32].core_i)                      |            uop_block_wrap__parameterized6__xdcDup__6 |          0 |          0 |       0 |    0 |  124 |      0 |      0 |    0 |          0 |
|       core                                   |                 uop_block__parameterized6__xdcDup__6 |          2 |          2 |       0 |    0 |  118 |      0 |      0 |    0 |          0 |
|         (core)                               |                 uop_block__parameterized6__xdcDup__6 |          1 |          1 |       0 |    0 |    0 |      0 |      0 |    0 |          0 |
|         g[0].g_normal.alu_i                  |             microop_unit__parameterized12__xdcDup__6 |          1 |          1 |       0 |    0 |  118 |      0 |      0 |    0 |          0 |
|           (g[0].g_normal.alu_i)              |             microop_unit__parameterized12__xdcDup__6 |          0 |          0 |       0 |    0 |   59 |      0 |      0 |    0 |          0 |
|           g_iadd.use_ip.int_addsub_i         |                                integer_addsub_HD2464 |          1 |          1 |       0 |    0 |   59 |      0 |      0 |    0 |          0 |
|             U0                               |               integer_addsubc_addsub_v12_0_14_HD2465 |          1 |          1 |       0 |    0 |   59 |      0 |      0 |    0 |          0 |
|               xst_addsub                     |           integer_addsubc_addsub_v12_0_14_viv_HD2466 |          1 |          1 |       0 |    0 |   59 |      0 |      0 |    0 |          0 |
|                 i_baseblox.i_baseblox_addsub |        integer_addsubc_addsub_v12_0_14_legacy_HD2467 |          1 |          1 |       0 |    0 |   59 |      0 |      0 |    0 |          0 |
|                   no_pipelining.the_addsub   | integer_addsubc_addsub_v12_0_14_fabric_legacy_HD2468 |          1 |          1 |       0 |    0 |   59 |      0 |      0 |    0 |          0 |
|                     i_lut6.i_lut6_addsub     |   integer_addsubc_addsub_v12_0_14_lut6_legacy_HD2469 |          1 |          1 |       0 |    0 |   59 |      0 |      0 |    0 |          0 |
|                       (i_lut6.i_lut6_addsub) |   integer_addsubc_addsub_v12_0_14_lut6_legacy_HD2469 |          1 |          1 |       0 |    0 |    0 |      0 |      0 |    0 |          0 |
|                       i_q.i_simple.qreg      |            integer_addsubc_reg_fd_v12_0_6_viv_HD2470 |          0 |          0 |       0 |    0 |   59 |      0 |      0 |    0 |          0 |
|     glen[33].core_i                          |                       uop_block_wrap__parameterized6 |          2 |          2 |       0 |    0 |  242 |      0 |      0 |    0 |          0 |
|       (glen[33].core_i)                      |                       uop_block_wrap__parameterized6 |          0 |          0 |       0 |    0 |  124 |      0 |      0 |    0 |          0 |
|       core                                   |                            uop_block__parameterized6 |          2 |          2 |       0 |    0 |  118 |      0 |      0 |    0 |          0 |
|         (core)                               |                            uop_block__parameterized6 |          1 |          1 |       0 |    0 |    0 |      0 |      0 |    0 |          0 |
|         g[0].g_normal.alu_i                  |                        microop_unit__parameterized12 |          1 |          1 |       0 |    0 |  118 |      0 |      0 |    0 |          0 |
|           (g[0].g_normal.alu_i)              |                        microop_unit__parameterized12 |          0 |          0 |       0 |    0 |   59 |      0 |      0 |    0 |          0 |
|           g_iadd.use_ip.int_addsub_i         |                                integer_addsub_HD2471 |          1 |          1 |       0 |    0 |   59 |      0 |      0 |    0 |          0 |
|             U0                               |               integer_addsubc_addsub_v12_0_14_HD2472 |          1 |          1 |       0 |    0 |   59 |      0 |      0 |    0 |          0 |
|               xst_addsub                     |           integer_addsubc_addsub_v12_0_14_viv_HD2473 |          1 |          1 |       0 |    0 |   59 |      0 |      0 |    0 |          0 |
|                 i_baseblox.i_baseblox_addsub |        integer_addsubc_addsub_v12_0_14_legacy_HD2474 |          1 |          1 |       0 |    0 |   59 |      0 |      0 |    0 |          0 |
|                   no_pipelining.the_addsub   | integer_addsubc_addsub_v12_0_14_fabric_legacy_HD2475 |          1 |          1 |       0 |    0 |   59 |      0 |      0 |    0 |          0 |
|                     i_lut6.i_lut6_addsub     |   integer_addsubc_addsub_v12_0_14_lut6_legacy_HD2476 |          1 |          1 |       0 |    0 |   59 |      0 |      0 |    0 |          0 |
|                       (i_lut6.i_lut6_addsub) |   integer_addsubc_addsub_v12_0_14_lut6_legacy_HD2476 |          1 |          1 |       0 |    0 |    0 |      0 |      0 |    0 |          0 |
|                       i_q.i_simple.qreg      |            integer_addsubc_reg_fd_v12_0_6_viv_HD2477 |          0 |          0 |       0 |    0 |   59 |      0 |      0 |    0 |          0 |
|     glen[34].core_i                          |                                       uop_block_wrap |          1 |          1 |       0 |    0 |   80 |      0 |      0 |    0 |          0 |
|       (glen[34].core_i)                      |                                       uop_block_wrap |          0 |          0 |       0 |    0 |   72 |      0 |      0 |    0 |          0 |
|       core                                   |                                            uop_block |          1 |          1 |       0 |    0 |    8 |      0 |      0 |    0 |          0 |
|         (core)                               |                                            uop_block |          1 |          1 |       0 |    0 |    0 |      0 |      0 |    0 |          0 |
|         g[1].g_normal.alu_i                  |                         microop_unit__parameterized0 |          0 |          0 |       0 |    0 |    8 |      0 |      0 |    0 |          0 |
|     glen[35].core_i                          |                    uop_block_wrap__parameterized8__3 |          1 |          1 |       0 |    0 |   36 |      0 |      0 |    0 |          0 |
|       (glen[35].core_i)                      |                    uop_block_wrap__parameterized8__3 |          0 |          0 |       0 |    0 |   24 |      0 |      0 |    0 |          0 |
|       core                                   |                         uop_block__parameterized8__3 |          1 |          1 |       0 |    0 |   12 |      0 |      0 |    0 |          0 |
|         (core)                               |                         uop_block__parameterized8__3 |          1 |          1 |       0 |    0 |    0 |      0 |      0 |    0 |          0 |
|         g[0].g_normal.alu_i                  |                      microop_unit__parameterized5__6 |          0 |          0 |       0 |    0 |   12 |      0 |      0 |    0 |          0 |
|     glen[36].core_i                          |                       uop_block_wrap__parameterized8 |          1 |          1 |       0 |    0 |   36 |      0 |      0 |    0 |          0 |
|       (glen[36].core_i)                      |                       uop_block_wrap__parameterized8 |          0 |          0 |       0 |    0 |   24 |      0 |      0 |    0 |          0 |
|       core                                   |                            uop_block__parameterized8 |          1 |          1 |       0 |    0 |   12 |      0 |      0 |    0 |          0 |
|         (core)                               |                            uop_block__parameterized8 |          1 |          1 |       0 |    0 |    0 |      0 |      0 |    0 |          0 |
|         g[0].g_normal.alu_i                  |                      microop_unit__parameterized5__3 |          0 |          0 |       0 |    0 |   12 |      0 |      0 |    0 |          0 |
|     glen[37].core_i                          |                       uop_block_wrap__parameterized9 |          1 |          1 |       0 |    0 |   28 |      0 |      0 |    0 |          0 |
|       (glen[37].core_i)                      |                       uop_block_wrap__parameterized9 |          0 |          0 |       0 |    0 |   14 |      0 |      0 |    0 |          0 |
|       core                                   |                            uop_block__parameterized9 |          1 |          1 |       0 |    0 |   14 |      0 |      0 |    0 |          0 |
|         (core)                               |                            uop_block__parameterized9 |          1 |          1 |       0 |    0 |    0 |      0 |      0 |    0 |          0 |
|         g[0].g_normal.alu_i                  |                     microop_unit__parameterized13__1 |          0 |          0 |       0 |    0 |    7 |      0 |      0 |    0 |          0 |
|         g[1].g_normal.alu_i                  |                        microop_unit__parameterized13 |          0 |          0 |       0 |    0 |    7 |      0 |      0 |    0 |          0 |
|     glen[3].core_i                           |            uop_block_wrap__parameterized2__xdcDup__1 |          1 |          1 |       0 |    0 |  192 |      0 |      0 |    0 |          0 |
|       (glen[3].core_i)                       |            uop_block_wrap__parameterized2__xdcDup__1 |          0 |          0 |       0 |    0 |  128 |      0 |      0 |    0 |          0 |
|       core                                   |                 uop_block__parameterized2__xdcDup__1 |          1 |          1 |       0 |    0 |   64 |      0 |      0 |    0 |          0 |
|         (core)                               |                 uop_block__parameterized2__xdcDup__1 |          1 |          1 |       0 |    0 |    0 |      0 |      0 |    0 |          0 |
|         g[3].g_normal.alu_i                  |                      microop_unit__parameterized7__3 |          0 |          0 |       0 |    0 |   64 |      0 |      0 |    0 |          0 |
|     glen[4].core_i                           |                    uop_block_wrap__parameterized3__1 |          1 |          1 |       0 |    0 |   80 |      0 |      0 |    0 |          0 |
|       (glen[4].core_i)                       |                    uop_block_wrap__parameterized3__1 |          0 |          0 |       0 |    0 |   40 |      0 |      0 |    0 |          0 |
|       core                                   |                         uop_block__parameterized3__1 |          1 |          1 |       0 |    0 |   40 |      0 |      0 |    0 |          0 |
|         (core)                               |                         uop_block__parameterized3__1 |          1 |          1 |       0 |    0 |    0 |      0 |      0 |    0 |          0 |
|         g[0].g_normal.alu_i                  |                      microop_unit__parameterized8__1 |          0 |          0 |       0 |    0 |    8 |      0 |      0 |    0 |          0 |
|         g[1].g_normal.alu_i                  |                      microop_unit__parameterized1__2 |          0 |          0 |       0 |    0 |   32 |      0 |      0 |    0 |          0 |
|     glen[5].core_i                           |                    uop_block_wrap__parameterized4__1 |         33 |         33 |       0 |    0 |  224 |      0 |      0 |    0 |          0 |
|       (glen[5].core_i)                       |                    uop_block_wrap__parameterized4__1 |          0 |          0 |       0 |    0 |  128 |      0 |      0 |    0 |          0 |
|       core                                   |                         uop_block__parameterized4__1 |         33 |         33 |       0 |    0 |   96 |      0 |      0 |    0 |          0 |
|         (core)                               |                         uop_block__parameterized4__1 |          1 |          1 |       0 |    0 |   32 |      0 |      0 |    0 |          0 |
|         g[0].g_normal.alu_i                  |                      microop_unit__parameterized3__3 |         32 |         32 |       0 |    0 |   32 |      0 |      0 |    0 |          0 |
|         g[1].g_normal.alu_i                  |                      microop_unit__parameterized9__1 |          0 |          0 |       0 |    0 |   32 |      0 |      0 |    0 |          0 |
|     glen[6].core_i                           |                    uop_block_wrap__parameterized4__2 |         33 |         33 |       0 |    0 |  224 |      0 |      0 |    0 |          0 |
|       (glen[6].core_i)                       |                    uop_block_wrap__parameterized4__2 |          0 |          0 |       0 |    0 |  128 |      0 |      0 |    0 |          0 |
|       core                                   |                         uop_block__parameterized4__2 |         33 |         33 |       0 |    0 |   96 |      0 |      0 |    0 |          0 |
|         (core)                               |                         uop_block__parameterized4__2 |          1 |          1 |       0 |    0 |   32 |      0 |      0 |    0 |          0 |
|         g[0].g_normal.alu_i                  |                      microop_unit__parameterized3__4 |         32 |         32 |       0 |    0 |   32 |      0 |      0 |    0 |          0 |
|         g[1].g_normal.alu_i                  |                      microop_unit__parameterized9__2 |          0 |          0 |       0 |    0 |   32 |      0 |      0 |    0 |          0 |
|     glen[7].core_i                           |            uop_block_wrap__parameterized5__xdcDup__1 |         67 |         67 |       0 |    0 |  448 |      0 |      0 |    0 |          0 |
|       (glen[7].core_i)                       |            uop_block_wrap__parameterized5__xdcDup__1 |          0 |          0 |       0 |    0 |  192 |      0 |      0 |    0 |          0 |
|       core                                   |                 uop_block__parameterized5__xdcDup__1 |         67 |         67 |       0 |    0 |  256 |      0 |      0 |    0 |          0 |
|         (core)                               |                 uop_block__parameterized5__xdcDup__1 |          1 |          1 |       0 |    0 |   64 |      0 |      0 |    0 |          0 |
|         g[0].g_normal.alu_i                  |                     microop_unit__parameterized10__2 |         64 |         64 |       0 |    0 |   64 |      0 |      0 |    0 |          0 |
|         g[1].g_normal.alu_i                  |             microop_unit__parameterized11__xdcDup__1 |          2 |          2 |       0 |    0 |  128 |      0 |      0 |    0 |          0 |
|           (g[1].g_normal.alu_i)              |             microop_unit__parameterized11__xdcDup__1 |          0 |          0 |       0 |    0 |   64 |      0 |      0 |    0 |          0 |
|           g_iadd.use_ip.int_addsub_i         |                                       integer_addsub |          2 |          2 |       0 |    0 |   64 |      0 |      0 |    0 |          0 |
|             U0                               |                      integer_addsubc_addsub_v12_0_14 |          2 |          2 |       0 |    0 |   64 |      0 |      0 |    0 |          0 |
|               xst_addsub                     |                  integer_addsubc_addsub_v12_0_14_viv |          2 |          2 |       0 |    0 |   64 |      0 |      0 |    0 |          0 |
|                 i_baseblox.i_baseblox_addsub |               integer_addsubc_addsub_v12_0_14_legacy |          2 |          2 |       0 |    0 |   64 |      0 |      0 |    0 |          0 |
|                   no_pipelining.the_addsub   |        integer_addsubc_addsub_v12_0_14_fabric_legacy |          2 |          2 |       0 |    0 |   64 |      0 |      0 |    0 |          0 |
|                     i_lut6.i_lut6_addsub     |          integer_addsubc_addsub_v12_0_14_lut6_legacy |          2 |          2 |       0 |    0 |   64 |      0 |      0 |    0 |          0 |
|                       (i_lut6.i_lut6_addsub) |          integer_addsubc_addsub_v12_0_14_lut6_legacy |          2 |          2 |       0 |    0 |    0 |      0 |      0 |    0 |          0 |
|                       i_q.i_simple.qreg      |                   integer_addsubc_reg_fd_v12_0_6_viv |          0 |          0 |       0 |    0 |   64 |      0 |      0 |    0 |          0 |
|     glen[8].core_i                           |            uop_block_wrap__parameterized6__xdcDup__1 |          2 |          2 |       0 |    0 |  242 |      0 |      0 |    0 |          0 |
|       (glen[8].core_i)                       |            uop_block_wrap__parameterized6__xdcDup__1 |          0 |          0 |       0 |    0 |  124 |      0 |      0 |    0 |          0 |
|       core                                   |                 uop_block__parameterized6__xdcDup__1 |          2 |          2 |       0 |    0 |  118 |      0 |      0 |    0 |          0 |
|         (core)                               |                 uop_block__parameterized6__xdcDup__1 |          1 |          1 |       0 |    0 |    0 |      0 |      0 |    0 |          0 |
|         g[0].g_normal.alu_i                  |             microop_unit__parameterized12__xdcDup__1 |          1 |          1 |       0 |    0 |  118 |      0 |      0 |    0 |          0 |
|           (g[0].g_normal.alu_i)              |             microop_unit__parameterized12__xdcDup__1 |          0 |          0 |       0 |    0 |   59 |      0 |      0 |    0 |          0 |
|           g_iadd.use_ip.int_addsub_i         |                                integer_addsub_HD2415 |          1 |          1 |       0 |    0 |   59 |      0 |      0 |    0 |          0 |
|             U0                               |               integer_addsubc_addsub_v12_0_14_HD2416 |          1 |          1 |       0 |    0 |   59 |      0 |      0 |    0 |          0 |
|               xst_addsub                     |           integer_addsubc_addsub_v12_0_14_viv_HD2417 |          1 |          1 |       0 |    0 |   59 |      0 |      0 |    0 |          0 |
|                 i_baseblox.i_baseblox_addsub |        integer_addsubc_addsub_v12_0_14_legacy_HD2418 |          1 |          1 |       0 |    0 |   59 |      0 |      0 |    0 |          0 |
|                   no_pipelining.the_addsub   | integer_addsubc_addsub_v12_0_14_fabric_legacy_HD2419 |          1 |          1 |       0 |    0 |   59 |      0 |      0 |    0 |          0 |
|                     i_lut6.i_lut6_addsub     |   integer_addsubc_addsub_v12_0_14_lut6_legacy_HD2420 |          1 |          1 |       0 |    0 |   59 |      0 |      0 |    0 |          0 |
|                       (i_lut6.i_lut6_addsub) |   integer_addsubc_addsub_v12_0_14_lut6_legacy_HD2420 |          1 |          1 |       0 |    0 |    0 |      0 |      0 |    0 |          0 |
|                       i_q.i_simple.qreg      |            integer_addsubc_reg_fd_v12_0_6_viv_HD2421 |          0 |          0 |       0 |    0 |   59 |      0 |      0 |    0 |          0 |
|     glen[9].core_i                           |                       uop_block_wrap__parameterized7 |         67 |         67 |       0 |    0 |  448 |      0 |      0 |    0 |          0 |
|       (glen[9].core_i)                       |                       uop_block_wrap__parameterized7 |          0 |          0 |       0 |    0 |  192 |      0 |      0 |    0 |          0 |
|       core                                   |                            uop_block__parameterized7 |         67 |         67 |       0 |    0 |  256 |      0 |      0 |    0 |          0 |
|         (core)                               |                            uop_block__parameterized7 |          1 |          1 |       0 |    0 |   64 |      0 |      0 |    0 |          0 |
|         g[0].g_normal.alu_i                  |                     microop_unit__parameterized10__3 |         64 |         64 |       0 |    0 |   64 |      0 |      0 |    0 |          0 |
|         g[1].g_normal.alu_i                  |             microop_unit__parameterized11__xdcDup__2 |          2 |          2 |       0 |    0 |  128 |      0 |      0 |    0 |          0 |
|           (g[1].g_normal.alu_i)              |             microop_unit__parameterized11__xdcDup__2 |          0 |          0 |       0 |    0 |   64 |      0 |      0 |    0 |          0 |
|           g_iadd.use_ip.int_addsub_i         |                                integer_addsub_HD2422 |          2 |          2 |       0 |    0 |   64 |      0 |      0 |    0 |          0 |
|             U0                               |               integer_addsubc_addsub_v12_0_14_HD2423 |          2 |          2 |       0 |    0 |   64 |      0 |      0 |    0 |          0 |
|               xst_addsub                     |           integer_addsubc_addsub_v12_0_14_viv_HD2424 |          2 |          2 |       0 |    0 |   64 |      0 |      0 |    0 |          0 |
|                 i_baseblox.i_baseblox_addsub |        integer_addsubc_addsub_v12_0_14_legacy_HD2425 |          2 |          2 |       0 |    0 |   64 |      0 |      0 |    0 |          0 |
|                   no_pipelining.the_addsub   | integer_addsubc_addsub_v12_0_14_fabric_legacy_HD2426 |          2 |          2 |       0 |    0 |   64 |      0 |      0 |    0 |          0 |
|                     i_lut6.i_lut6_addsub     |   integer_addsubc_addsub_v12_0_14_lut6_legacy_HD2427 |          2 |          2 |       0 |    0 |   64 |      0 |      0 |    0 |          0 |
|                       (i_lut6.i_lut6_addsub) |   integer_addsubc_addsub_v12_0_14_lut6_legacy_HD2427 |          2 |          2 |       0 |    0 |    0 |      0 |      0 |    0 |          0 |
|                       i_q.i_simple.qreg      |            integer_addsubc_reg_fd_v12_0_6_viv_HD2428 |          0 |          0 |       0 |    0 |   64 |      0 |      0 |    0 |          0 |
+----------------------------------------------+------------------------------------------------------+------------+------------+---------+------+------+--------+--------+------+------------+


