Copyright 1986-2020 Xilinx, Inc. All Rights Reserved.
----------------------------------------------------------------------------------------------------------------------------------------------------
| Tool Version      : Vivado v.2020.1 (lin64) Build 2902540 Wed May 27 19:54:35 MDT 2020
| Date              : Fri Sep 19 11:23:24 2025
| Host              : orthanc running 64-bit Ubuntu 22.04.4 LTS
| Command           : report_timing_summary -file /home/jyoo/custom_v_2/custom-core-tool/reports/benches/548_exchange2_r/548_exchange2_r_timing.rpt
| Design            : top_bench__548_exchange2_r
| Device            : xcu200-fsgd2104
| Speed File        : -2  PRODUCTION 1.27 02-28-2020
| Temperature Grade : E
----------------------------------------------------------------------------------------------------------------------------------------------------

Timing Summary Report

------------------------------------------------------------------------------------------------
| Timer Settings
| --------------
------------------------------------------------------------------------------------------------

  Enable Multi Corner Analysis               :  Yes
  Enable Pessimism Removal                   :  Yes
  Pessimism Removal Resolution               :  Nearest Common Node
  Enable Input Delay Default Clock           :  No
  Enable Preset / Clear Arcs                 :  No
  Disable Flight Delays                      :  No
  Ignore I/O Paths                           :  No
  Timing Early Launch at Borrowing Latches   :  No
  Borrow Time for Max Delay Exceptions       :  Yes
  Merge Timing Exceptions                    :  Yes

  Corner  Analyze    Analyze    
  Name    Max Paths  Min Paths  
  ------  ---------  ---------  
  Slow    Yes        Yes        
  Fast    Yes        Yes        



check_timing report

Table of Contents
-----------------
1. checking no_clock (0)
2. checking constant_clock (0)
3. checking pulse_width_clock (0)
4. checking unconstrained_internal_endpoints (0)
5. checking no_input_delay (64)
6. checking no_output_delay (64)
7. checking multiple_clock (0)
8. checking generated_clocks (0)
9. checking loops (0)
10. checking partial_input_delay (0)
11. checking partial_output_delay (0)
12. checking latch_loops (0)

1. checking no_clock (0)
------------------------
 There are 0 register/latch pins with no clock.


2. checking constant_clock (0)
------------------------------
 There are 0 register/latch pins with constant_clock.


3. checking pulse_width_clock (0)
---------------------------------
 There are 0 register/latch pins which need pulse_width check


4. checking unconstrained_internal_endpoints (0)
------------------------------------------------
 There are 0 pins that are not constrained for maximum delay.

 There are 0 pins that are not constrained for maximum delay due to constant clock.


5. checking no_input_delay (64)
-------------------------------
 There are 64 input ports with no input delay specified. (HIGH)

 There are 0 input ports with no input delay but user has a false path constraint.


6. checking no_output_delay (64)
--------------------------------
 There are 64 ports with no output delay specified. (HIGH)

 There are 0 ports with no output delay but user has a false path constraint

 There are 0 ports with no output delay but with a timing clock defined on it or propagating through it


7. checking multiple_clock (0)
------------------------------
 There are 0 register/latch pins with multiple clocks.


8. checking generated_clocks (0)
--------------------------------
 There are 0 generated clocks that are not connected to a clock source.


9. checking loops (0)
---------------------
 There are 0 combinational loops in the design.


10. checking partial_input_delay (0)
------------------------------------
 There are 0 input ports with partial input delay specified.


11. checking partial_output_delay (0)
-------------------------------------
 There are 0 ports with partial output delay specified.


12. checking latch_loops (0)
----------------------------
 There are 0 combinational latch loops in the design through latch input



------------------------------------------------------------------------------------------------
| Design Timing Summary
| ---------------------
------------------------------------------------------------------------------------------------

    WNS(ns)      TNS(ns)  TNS Failing Endpoints  TNS Total Endpoints      WHS(ns)      THS(ns)  THS Failing Endpoints  THS Total Endpoints     WPWS(ns)     TPWS(ns)  TPWS Failing Endpoints  TPWS Total Endpoints  
    -------      -------  ---------------------  -------------------      -------      -------  ---------------------  -------------------     --------     --------  ----------------------  --------------------  
      2.273        0.000                      0                11111       -0.074     -450.622                   9746                11111        1.134        0.000                       0                  3423  


Timing constraints are not met.


------------------------------------------------------------------------------------------------
| Clock Summary
| -------------
------------------------------------------------------------------------------------------------

Clock     Waveform(ns)         Period(ns)      Frequency(MHz)
-----     ------------         ----------      --------------
host_clk  {0.000 1.666}        3.333           300.030         


------------------------------------------------------------------------------------------------
| Intra Clock Table
| -----------------
------------------------------------------------------------------------------------------------

Clock             WNS(ns)      TNS(ns)  TNS Failing Endpoints  TNS Total Endpoints      WHS(ns)      THS(ns)  THS Failing Endpoints  THS Total Endpoints     WPWS(ns)     TPWS(ns)  TPWS Failing Endpoints  TPWS Total Endpoints  
-----             -------      -------  ---------------------  -------------------      -------      -------  ---------------------  -------------------     --------     --------  ----------------------  --------------------  
host_clk            2.273        0.000                      0                11111       -0.074     -450.622                   9746                11111        1.134        0.000                       0                  3423  


------------------------------------------------------------------------------------------------
| Inter Clock Table
| -----------------
------------------------------------------------------------------------------------------------

From Clock    To Clock          WNS(ns)      TNS(ns)  TNS Failing Endpoints  TNS Total Endpoints      WHS(ns)      THS(ns)  THS Failing Endpoints  THS Total Endpoints  
----------    --------          -------      -------  ---------------------  -------------------      -------      -------  ---------------------  -------------------  


------------------------------------------------------------------------------------------------
| Other Path Groups Table
| -----------------------
------------------------------------------------------------------------------------------------

Path Group    From Clock    To Clock          WNS(ns)      TNS(ns)  TNS Failing Endpoints  TNS Total Endpoints      WHS(ns)      THS(ns)  THS Failing Endpoints  THS Total Endpoints  
----------    ----------    --------          -------      -------  ---------------------  -------------------      -------      -------  ---------------------  -------------------  


------------------------------------------------------------------------------------------------
| Timing Details
| --------------
------------------------------------------------------------------------------------------------


---------------------------------------------------------------------------------------------------
From Clock:  host_clk
  To Clock:  host_clk

Setup :            0  Failing Endpoints,  Worst Slack        2.273ns,  Total Violation        0.000ns
Hold  :         9746  Failing Endpoints,  Worst Slack       -0.074ns,  Total Violation     -450.622ns
PW    :            0  Failing Endpoints,  Worst Slack        1.134ns,  Total Violation        0.000ns
---------------------------------------------------------------------------------------------------


Max Delay Paths
--------------------------------------------------------------------------------------
Slack (MET) :             2.273ns  (required time - arrival time)
  Source:                 u_548_exchange2_r/glen[2].core_i/core/g[2].g_normal.alu_i/g_imul.mul64_ip.mul_i/U0/i_mult/gDSP.gDSP_only.iDSP/use_prim.appDSP48[0].bppDSP48[0].use_dsp.use_dsp48e2.iDSP48E2/DSP_A_B_DATA_INST/CLK
                            (rising edge-triggered cell DSP_A_B_DATA clocked by host_clk  {rise@0.000ns fall@1.666ns period=3.333ns})
  Destination:            u_548_exchange2_r/glen[2].core_i/core/g[2].g_normal.alu_i/g_imul.mul64_ip.mul_i/U0/i_mult/gDSP.gDSP_only.iDSP/use_prim.appDSP48[0].bppDSP48[0].use_dsp.use_dsp48e2.iDSP48E2/DSP_M_DATA_INST/V[0]
                            (rising edge-triggered cell DSP_M_DATA clocked by host_clk  {rise@0.000ns fall@1.666ns period=3.333ns})
  Path Group:             host_clk
  Path Type:              Setup (Max at Slow Process Corner)
  Requirement:            3.333ns  (host_clk rise@3.333ns - host_clk rise@0.000ns)
  Data Path Delay:        0.894ns  (logic 0.894ns (100.000%)  route 0.000ns (0.000%))
  Logic Levels:           2  (DSP_MULTIPLIER=1 DSP_PREADD_DATA=1)
  Clock Path Skew:        -0.145ns (DCD - SCD + CPR)
    Destination Clock Delay (DCD):    3.007ns = ( 6.340 - 3.333 ) 
    Source Clock Delay      (SCD):    3.435ns
    Clock Pessimism Removal (CPR):    0.283ns
  Clock Uncertainty:      0.035ns  ((TSJ^2 + TIJ^2)^1/2 + DJ) / 2 + PE
    Total System Jitter     (TSJ):    0.071ns
    Total Input Jitter      (TIJ):    0.000ns
    Discrete Jitter          (DJ):    0.000ns
    Phase Error              (PE):    0.000ns

    Location             Delay type                Incr(ns)  Path(ns)    Netlist Resource(s)
  -------------------------------------------------------------------    -------------------
                         (clock host_clk rise edge)
                                                      0.000     0.000 r  
                                                      0.000     0.000 r  clk (IN)
                         net (fo=0)                   0.000     0.000    clk_IBUF_inst/I
                         INBUF (Prop_INBUF_PAD_O)     0.547     0.547 r  clk_IBUF_inst/INBUF_INST/O
                         net (fo=1, unplaced)         0.000     0.547    clk_IBUF_inst/OUT
                         IBUFCTRL (Prop_IBUFCTRL_I_O)
                                                      0.000     0.547 r  clk_IBUF_inst/IBUFCTRL_INST/O
                         net (fo=1, unplaced)         0.276     0.823    clk_IBUF
                         BUFGCE (Prop_BUFGCE_I_O)     0.028     0.851 r  clk_IBUF_BUFG_inst/O
                         net (fo=3627, unplaced)      2.584     3.435    u_548_exchange2_r/glen[2].core_i/core/g[2].g_normal.alu_i/g_imul.mul64_ip.mul_i/U0/i_mult/gDSP.gDSP_only.iDSP/use_prim.appDSP48[0].bppDSP48[0].use_dsp.use_dsp48e2.iDSP48E2/CLK
                         DSP_A_B_DATA                                 r  u_548_exchange2_r/glen[2].core_i/core/g[2].g_normal.alu_i/g_imul.mul64_ip.mul_i/U0/i_mult/gDSP.gDSP_only.iDSP/use_prim.appDSP48[0].bppDSP48[0].use_dsp.use_dsp48e2.iDSP48E2/DSP_A_B_DATA_INST/CLK
  -------------------------------------------------------------------    -------------------
                         DSP_A_B_DATA (Prop_DSP_A_B_DATA_CLK_B2_DATA[1])
                                                      0.212     3.647 r  u_548_exchange2_r/glen[2].core_i/core/g[2].g_normal.alu_i/g_imul.mul64_ip.mul_i/U0/i_mult/gDSP.gDSP_only.iDSP/use_prim.appDSP48[0].bppDSP48[0].use_dsp.use_dsp48e2.iDSP48E2/DSP_A_B_DATA_INST/B2_DATA[1]
                         net (fo=1, unplaced)         0.000     3.647    u_548_exchange2_r/glen[2].core_i/core/g[2].g_normal.alu_i/g_imul.mul64_ip.mul_i/U0/i_mult/gDSP.gDSP_only.iDSP/use_prim.appDSP48[0].bppDSP48[0].use_dsp.use_dsp48e2.iDSP48E2/DSP_A_B_DATA.B2_DATA<1>
                         DSP_PREADD_DATA (Prop_DSP_PREADD_DATA_B2_DATA[1]_B2B1[1])
                                                      0.073     3.720 r  u_548_exchange2_r/glen[2].core_i/core/g[2].g_normal.alu_i/g_imul.mul64_ip.mul_i/U0/i_mult/gDSP.gDSP_only.iDSP/use_prim.appDSP48[0].bppDSP48[0].use_dsp.use_dsp48e2.iDSP48E2/DSP_PREADD_DATA_INST/B2B1[1]
                         net (fo=1, unplaced)         0.000     3.720    u_548_exchange2_r/glen[2].core_i/core/g[2].g_normal.alu_i/g_imul.mul64_ip.mul_i/U0/i_mult/gDSP.gDSP_only.iDSP/use_prim.appDSP48[0].bppDSP48[0].use_dsp.use_dsp48e2.iDSP48E2/DSP_PREADD_DATA.B2B1<1>
                         DSP_MULTIPLIER (Prop_DSP_MULTIPLIER_B2B1[1]_V[0])
                                                      0.609     4.329 r  u_548_exchange2_r/glen[2].core_i/core/g[2].g_normal.alu_i/g_imul.mul64_ip.mul_i/U0/i_mult/gDSP.gDSP_only.iDSP/use_prim.appDSP48[0].bppDSP48[0].use_dsp.use_dsp48e2.iDSP48E2/DSP_MULTIPLIER_INST/V[0]
                         net (fo=1, unplaced)         0.000     4.329    u_548_exchange2_r/glen[2].core_i/core/g[2].g_normal.alu_i/g_imul.mul64_ip.mul_i/U0/i_mult/gDSP.gDSP_only.iDSP/use_prim.appDSP48[0].bppDSP48[0].use_dsp.use_dsp48e2.iDSP48E2/DSP_MULTIPLIER.V<0>
                         DSP_M_DATA                                   r  u_548_exchange2_r/glen[2].core_i/core/g[2].g_normal.alu_i/g_imul.mul64_ip.mul_i/U0/i_mult/gDSP.gDSP_only.iDSP/use_prim.appDSP48[0].bppDSP48[0].use_dsp.use_dsp48e2.iDSP48E2/DSP_M_DATA_INST/V[0]
  -------------------------------------------------------------------    -------------------

                         (clock host_clk rise edge)
                                                      3.333     3.333 r  
                                                      0.000     3.333 r  clk (IN)
                         net (fo=0)                   0.000     3.333    clk_IBUF_inst/I
                         INBUF (Prop_INBUF_PAD_O)     0.297     3.630 r  clk_IBUF_inst/INBUF_INST/O
                         net (fo=1, unplaced)         0.000     3.630    clk_IBUF_inst/OUT
                         IBUFCTRL (Prop_IBUFCTRL_I_O)
                                                      0.000     3.630 r  clk_IBUF_inst/IBUFCTRL_INST/O
                         net (fo=1, unplaced)         0.247     3.877    clk_IBUF
                         BUFGCE (Prop_BUFGCE_I_O)     0.024     3.901 r  clk_IBUF_BUFG_inst/O
                         net (fo=3627, unplaced)      2.439     6.340    u_548_exchange2_r/glen[2].core_i/core/g[2].g_normal.alu_i/g_imul.mul64_ip.mul_i/U0/i_mult/gDSP.gDSP_only.iDSP/use_prim.appDSP48[0].bppDSP48[0].use_dsp.use_dsp48e2.iDSP48E2/CLK
                         DSP_M_DATA                                   r  u_548_exchange2_r/glen[2].core_i/core/g[2].g_normal.alu_i/g_imul.mul64_ip.mul_i/U0/i_mult/gDSP.gDSP_only.iDSP/use_prim.appDSP48[0].bppDSP48[0].use_dsp.use_dsp48e2.iDSP48E2/DSP_M_DATA_INST/CLK
                         clock pessimism              0.283     6.623    
                         clock uncertainty           -0.035     6.588    
                         DSP_M_DATA (Setup_DSP_M_DATA_CLK_V[0])
                                                      0.014     6.602    u_548_exchange2_r/glen[2].core_i/core/g[2].g_normal.alu_i/g_imul.mul64_ip.mul_i/U0/i_mult/gDSP.gDSP_only.iDSP/use_prim.appDSP48[0].bppDSP48[0].use_dsp.use_dsp48e2.iDSP48E2/DSP_M_DATA_INST
  -------------------------------------------------------------------
                         required time                          6.602    
                         arrival time                          -4.329    
  -------------------------------------------------------------------
                         slack                                  2.273    





Min Delay Paths
--------------------------------------------------------------------------------------
Slack (VIOLATED) :        -0.074ns  (arrival time - required time)
  Source:                 u_548_exchange2_r/glen[0].core_i/core/g[0].g_normal.alu_i/g_soft_only.y_reg[12]/C
                            (rising edge-triggered cell FDRE clocked by host_clk  {rise@0.000ns fall@1.666ns period=3.333ns})
  Destination:            u_548_exchange2_r/glen[0].core_i/core/g[1].g_normal.alu_i/g_iadd.y_reg[12]/D
                            (rising edge-triggered cell FDRE clocked by host_clk  {rise@0.000ns fall@1.666ns period=3.333ns})
  Path Group:             host_clk
  Path Type:              Hold (Min at Fast Process Corner)
  Requirement:            0.000ns  (host_clk rise@0.000ns - host_clk rise@0.000ns)
  Data Path Delay:        0.117ns  (logic 0.056ns (47.863%)  route 0.061ns (52.137%))
  Logic Levels:           1  (CARRY8=1)
  Clock Path Skew:        0.145ns (DCD - SCD - CPR)
    Destination Clock Delay (DCD):    1.792ns
    Source Clock Delay      (SCD):    1.429ns
    Clock Pessimism Removal (CPR):    0.218ns

    Location             Delay type                Incr(ns)  Path(ns)    Netlist Resource(s)
  -------------------------------------------------------------------    -------------------
                         (clock host_clk rise edge)
                                                      0.000     0.000 r  
                                                      0.000     0.000 r  clk (IN)
                         net (fo=0)                   0.000     0.000    clk_IBUF_inst/I
                         INBUF (Prop_INBUF_PAD_O)     0.182     0.182 r  clk_IBUF_inst/INBUF_INST/O
                         net (fo=1, unplaced)         0.000     0.182    clk_IBUF_inst/OUT
                         IBUFCTRL (Prop_IBUFCTRL_I_O)
                                                      0.000     0.182 r  clk_IBUF_inst/IBUFCTRL_INST/O
                         net (fo=1, unplaced)         0.116     0.298    clk_IBUF
                         BUFGCE (Prop_BUFGCE_I_O)     0.017     0.315 r  clk_IBUF_BUFG_inst/O
                         net (fo=3627, unplaced)      1.114     1.429    u_548_exchange2_r/glen[0].core_i/core/g[0].g_normal.alu_i/clk
                         FDRE                                         r  u_548_exchange2_r/glen[0].core_i/core/g[0].g_normal.alu_i/g_soft_only.y_reg[12]/C
  -------------------------------------------------------------------    -------------------
                         FDRE (Prop_FDRE_C_Q)         0.038     1.467 r  u_548_exchange2_r/glen[0].core_i/core/g[0].g_normal.alu_i/g_soft_only.y_reg[12]/Q
                         net (fo=2, unplaced)         0.054     1.521    u_548_exchange2_r/glen[0].core_i/core/g[1].g_normal.alu_i/a[12]
                         CARRY8 (Prop_CARRY8_S[4]_O[4])
                                                      0.018     1.539 r  u_548_exchange2_r/glen[0].core_i/core/g[1].g_normal.alu_i/g_iadd.y_reg[15]_i_1/O[4]
                         net (fo=1, unplaced)         0.007     1.546    u_548_exchange2_r/glen[0].core_i/core/g[1].g_normal.alu_i/p_0_in[12]
                         FDRE                                         r  u_548_exchange2_r/glen[0].core_i/core/g[1].g_normal.alu_i/g_iadd.y_reg[12]/D
  -------------------------------------------------------------------    -------------------

                         (clock host_clk rise edge)
                                                      0.000     0.000 r  
                                                      0.000     0.000 r  clk (IN)
                         net (fo=0)                   0.000     0.000    clk_IBUF_inst/I
                         INBUF (Prop_INBUF_PAD_O)     0.367     0.367 r  clk_IBUF_inst/INBUF_INST/O
                         net (fo=1, unplaced)         0.000     0.367    clk_IBUF_inst/OUT
                         IBUFCTRL (Prop_IBUFCTRL_I_O)
                                                      0.000     0.367 r  clk_IBUF_inst/IBUFCTRL_INST/O
                         net (fo=1, unplaced)         0.147     0.514    clk_IBUF
                         BUFGCE (Prop_BUFGCE_I_O)     0.019     0.533 r  clk_IBUF_BUFG_inst/O
                         net (fo=3627, unplaced)      1.259     1.792    u_548_exchange2_r/glen[0].core_i/core/g[1].g_normal.alu_i/clk
                         FDRE                                         r  u_548_exchange2_r/glen[0].core_i/core/g[1].g_normal.alu_i/g_iadd.y_reg[12]/C
                         clock pessimism             -0.218     1.574    
                         FDRE (Hold_FDRE_C_D)         0.046     1.620    u_548_exchange2_r/glen[0].core_i/core/g[1].g_normal.alu_i/g_iadd.y_reg[12]
  -------------------------------------------------------------------
                         required time                         -1.620    
                         arrival time                           1.546    
  -------------------------------------------------------------------
                         slack                                 -0.074    





Pulse Width Checks
--------------------------------------------------------------------------------------
Clock Name:         host_clk
Waveform(ns):       { 0.000 1.666 }
Period(ns):         3.333
Sources:            { clk }

Check Type        Corner  Lib Pin     Reference Pin  Required(ns)  Actual(ns)  Slack(ns)  Location  Pin
Min Period        n/a     BUFGCE/I    n/a            1.290         3.333       2.043                clk_IBUF_BUFG_inst/I
Low Pulse Width   Slow    SRL16E/CLK  n/a            0.532         1.666       1.134                u_548_exchange2_r/glen[2].core_i/core/g[2].g_normal.alu_i/g_imul.mul64_ip.mul_i/U0/i_mult/gDSP.gDSP_only.iDSP/use_prim.iAdelx[0].iAdely[2].use_delay_line.Adelay/dN_hlutnm.srl_loop[0].i_srl16e0/CLK
High Pulse Width  Fast    SRL16E/CLK  n/a            0.532         1.666       1.134                u_548_exchange2_r/glen[2].core_i/core/g[2].g_normal.alu_i/g_imul.mul64_ip.mul_i/U0/i_mult/gDSP.gDSP_only.iDSP/use_prim.iAdelx[0].iAdely[2].use_delay_line.Adelay/dN_hlutnm.srl_loop[0].i_srl16e0/CLK



