Copyright 1986-2020 Xilinx, Inc. All Rights Reserved.
----------------------------------------------------------------------------------------------------------------------------------------------------------------
| Tool Version : Vivado v.2020.1 (lin64) Build 2902540 Wed May 27 19:54:35 MDT 2020
| Date         : Mon Sep 22 17:08:26 2025
| Host         : orthanc running 64-bit Ubuntu 22.04.4 LTS
| Command      : report_utilization -hierarchical -file /home/jyoo/custom_v_2/custom-core-tool/reports/memory_wo_simd/benches/602_gcc_s/602_gcc_s_util_hier.rpt
| Design       : top_bench__602_gcc_s
| Device       : xcu200fsgd2104-2
| Design State : Optimized
----------------------------------------------------------------------------------------------------------------------------------------------------------------

Utilization Design Information

Table of Contents
-----------------
1. Utilization by Hierarchy

1. Utilization by Hierarchy
---------------------------

+----------------------------------------------+-------------------------------------------------------+------------+------------+---------+------+-------+--------+--------+------+------------+
|                   Instance                   |                         Module                        | Total LUTs | Logic LUTs | LUTRAMs | SRLs |  FFs  | RAMB36 | RAMB18 | URAM | DSP Blocks |
+----------------------------------------------+-------------------------------------------------------+------------+------------+---------+------+-------+--------+--------+------+------------+
| top_bench__602_gcc_s                         |                                                 (top) |       2380 |       2380 |       0 |    0 | 11020 |      0 |      0 |    0 |          0 |
|   (top_bench__602_gcc_s)                     |                                                 (top) |          0 |          0 |       0 |    0 |     0 |      0 |      0 |    0 |          0 |
|   u_602_gcc_s                                |                                 bench_core__602_gcc_s |       2380 |       2380 |       0 |    0 | 11020 |      0 |      0 |    0 |          0 |
|     (u_602_gcc_s)                            |                                 bench_core__602_gcc_s |        800 |        800 |       0 |    0 |     0 |      0 |      0 |    0 |          0 |
|     glen[0].core_i                           |                                        uop_block_wrap |          2 |          2 |       0 |    0 |   122 |      0 |      0 |    0 |          0 |
|       (glen[0].core_i)                       |                                        uop_block_wrap |          0 |          0 |       0 |    0 |   121 |      0 |      0 |    0 |          0 |
|       core                                   |                                             uop_block |          2 |          2 |       0 |    0 |     1 |      0 |      0 |    0 |          0 |
|         (core)                               |                                             uop_block |          1 |          1 |       0 |    0 |     0 |      0 |      0 |    0 |          0 |
|         g[1].g_normal.alu_i                  |                          microop_unit__parameterized0 |          1 |          1 |       0 |    0 |     1 |      0 |      0 |    0 |          0 |
|     glen[10].core_i                          |                     uop_block_wrap__parameterized7__1 |         65 |         65 |       0 |    0 |   320 |      0 |      0 |    0 |          0 |
|       (glen[10].core_i)                      |                     uop_block_wrap__parameterized7__1 |          0 |          0 |       0 |    0 |   192 |      0 |      0 |    0 |          0 |
|       core                                   |                          uop_block__parameterized7__1 |         65 |         65 |       0 |    0 |   128 |      0 |      0 |    0 |          0 |
|         (core)                               |                          uop_block__parameterized7__1 |          1 |          1 |       0 |    0 |     0 |      0 |      0 |    0 |          0 |
|         g[0].g_normal.alu_i                  |                       microop_unit__parameterized6__1 |         64 |         64 |       0 |    0 |    64 |      0 |      0 |    0 |          0 |
|         g[1].g_normal.alu_i                  |                      microop_unit__parameterized2__32 |          0 |          0 |       0 |    0 |    64 |      0 |      0 |    0 |          0 |
|     glen[11].core_i                          |                     uop_block_wrap__parameterized8__1 |          1 |          1 |       0 |    0 |   320 |      0 |      0 |    0 |          0 |
|       (glen[11].core_i)                      |                     uop_block_wrap__parameterized8__1 |          0 |          0 |       0 |    0 |   128 |      0 |      0 |    0 |          0 |
|       core                                   |                          uop_block__parameterized8__1 |          1 |          1 |       0 |    0 |   192 |      0 |      0 |    0 |          0 |
|         (core)                               |                          uop_block__parameterized8__1 |          1 |          1 |       0 |    0 |    64 |      0 |      0 |    0 |          0 |
|         g[0].g_normal.alu_i                  |                      microop_unit__parameterized2__35 |          0 |          0 |       0 |    0 |    64 |      0 |      0 |    0 |          0 |
|         g[1].g_normal.alu_i                  |                      microop_unit__parameterized2__34 |          0 |          0 |       0 |    0 |    64 |      0 |      0 |    0 |          0 |
|     glen[12].core_i                          |                     uop_block_wrap__parameterized8__2 |          1 |          1 |       0 |    0 |   320 |      0 |      0 |    0 |          0 |
|       (glen[12].core_i)                      |                     uop_block_wrap__parameterized8__2 |          0 |          0 |       0 |    0 |   128 |      0 |      0 |    0 |          0 |
|       core                                   |                          uop_block__parameterized8__2 |          1 |          1 |       0 |    0 |   192 |      0 |      0 |    0 |          0 |
|         (core)                               |                          uop_block__parameterized8__2 |          1 |          1 |       0 |    0 |    64 |      0 |      0 |    0 |          0 |
|         g[0].g_normal.alu_i                  |                      microop_unit__parameterized2__37 |          0 |          0 |       0 |    0 |    64 |      0 |      0 |    0 |          0 |
|         g[1].g_normal.alu_i                  |                      microop_unit__parameterized2__36 |          0 |          0 |       0 |    0 |    64 |      0 |      0 |    0 |          0 |
|     glen[13].core_i                          |                        uop_block_wrap__parameterized9 |        193 |        193 |       0 |    0 |   576 |      0 |      0 |    0 |          0 |
|       (glen[13].core_i)                      |                        uop_block_wrap__parameterized9 |          0 |          0 |       0 |    0 |   192 |      0 |      0 |    0 |          0 |
|       core                                   |                             uop_block__parameterized9 |        193 |        193 |       0 |    0 |   384 |      0 |      0 |    0 |          0 |
|         (core)                               |                             uop_block__parameterized9 |          1 |          1 |       0 |    0 |   128 |      0 |      0 |    0 |          0 |
|         g[0].g_normal.alu_i                  |                       microop_unit__parameterized2__8 |          0 |          0 |       0 |    0 |    64 |      0 |      0 |    0 |          0 |
|         g[1].g_normal.alu_i                  |                       microop_unit__parameterized7__1 |         64 |         64 |       0 |    0 |    64 |      0 |      0 |    0 |          0 |
|         g[2].g_normal.alu_i                  |                       microop_unit__parameterized7__2 |         64 |         64 |       0 |    0 |    64 |      0 |      0 |    0 |          0 |
|         g[3].g_normal.alu_i                  |                          microop_unit__parameterized7 |         64 |         64 |       0 |    0 |    64 |      0 |      0 |    0 |          0 |
|     glen[14].core_i                          |                     uop_block_wrap__parameterized8__3 |          1 |          1 |       0 |    0 |   320 |      0 |      0 |    0 |          0 |
|       (glen[14].core_i)                      |                     uop_block_wrap__parameterized8__3 |          0 |          0 |       0 |    0 |   128 |      0 |      0 |    0 |          0 |
|       core                                   |                          uop_block__parameterized8__3 |          1 |          1 |       0 |    0 |   192 |      0 |      0 |    0 |          0 |
|         (core)                               |                          uop_block__parameterized8__3 |          1 |          1 |       0 |    0 |    64 |      0 |      0 |    0 |          0 |
|         g[0].g_normal.alu_i                  |                      microop_unit__parameterized2__39 |          0 |          0 |       0 |    0 |    64 |      0 |      0 |    0 |          0 |
|         g[1].g_normal.alu_i                  |                      microop_unit__parameterized2__38 |          0 |          0 |       0 |    0 |    64 |      0 |      0 |    0 |          0 |
|     glen[15].core_i                          |                    uop_block_wrap__parameterized10__1 |          1 |          1 |       0 |    0 |    40 |      0 |      0 |    0 |          0 |
|       (glen[15].core_i)                      |                    uop_block_wrap__parameterized10__1 |          0 |          0 |       0 |    0 |    16 |      0 |      0 |    0 |          0 |
|       core                                   |                         uop_block__parameterized10__1 |          1 |          1 |       0 |    0 |    24 |      0 |      0 |    0 |          0 |
|         (core)                               |                         uop_block__parameterized10__1 |          1 |          1 |       0 |    0 |     8 |      0 |      0 |    0 |          0 |
|         g[0].g_normal.alu_i                  |                      microop_unit__parameterized2__29 |          0 |          0 |       0 |    0 |     8 |      0 |      0 |    0 |          0 |
|         g[1].g_normal.alu_i                  |                       microop_unit__parameterized8__3 |          0 |          0 |       0 |    0 |     8 |      0 |      0 |    0 |          0 |
|     glen[16].core_i                          |                       uop_block_wrap__parameterized11 |         33 |         33 |       0 |    0 |   192 |      0 |      0 |    0 |          0 |
|       (glen[16].core_i)                      |                       uop_block_wrap__parameterized11 |          0 |          0 |       0 |    0 |    96 |      0 |      0 |    0 |          0 |
|       core                                   |                            uop_block__parameterized11 |         33 |         33 |       0 |    0 |    96 |      0 |      0 |    0 |          0 |
|         (core)                               |                            uop_block__parameterized11 |          1 |          1 |       0 |    0 |    32 |      0 |      0 |    0 |          0 |
|         g[0].g_normal.alu_i                  |                       microop_unit__parameterized9__1 |         32 |         32 |       0 |    0 |    32 |      0 |      0 |    0 |          0 |
|         g[1].g_normal.alu_i                  |                       microop_unit__parameterized1__7 |          0 |          0 |       0 |    0 |    32 |      0 |      0 |    0 |          0 |
|     glen[17].core_i                          |                     uop_block_wrap__parameterized8__4 |          1 |          1 |       0 |    0 |   320 |      0 |      0 |    0 |          0 |
|       (glen[17].core_i)                      |                     uop_block_wrap__parameterized8__4 |          0 |          0 |       0 |    0 |   128 |      0 |      0 |    0 |          0 |
|       core                                   |                          uop_block__parameterized8__4 |          1 |          1 |       0 |    0 |   192 |      0 |      0 |    0 |          0 |
|         (core)                               |                          uop_block__parameterized8__4 |          1 |          1 |       0 |    0 |    64 |      0 |      0 |    0 |          0 |
|         g[0].g_normal.alu_i                  |                      microop_unit__parameterized2__41 |          0 |          0 |       0 |    0 |    64 |      0 |      0 |    0 |          0 |
|         g[1].g_normal.alu_i                  |                      microop_unit__parameterized2__40 |          0 |          0 |       0 |    0 |    64 |      0 |      0 |    0 |          0 |
|     glen[18].core_i                          |                    uop_block_wrap__parameterized12__1 |         57 |         57 |       0 |    0 |   234 |      0 |      0 |    0 |          0 |
|       (glen[18].core_i)                      |                    uop_block_wrap__parameterized12__1 |          0 |          0 |       0 |    0 |   177 |      0 |      0 |    0 |          0 |
|       core                                   |                         uop_block__parameterized12__1 |         57 |         57 |       0 |    0 |    57 |      0 |      0 |    0 |          0 |
|         (core)                               |                         uop_block__parameterized12__1 |          1 |          1 |       0 |    0 |     0 |      0 |      0 |    0 |          0 |
|         g[0].g_normal.alu_i                  |                      microop_unit__parameterized10__1 |         56 |         56 |       0 |    0 |    56 |      0 |      0 |    0 |          0 |
|         g[1].g_normal.alu_i                  |                      microop_unit__parameterized11__1 |          0 |          0 |       0 |    0 |     1 |      0 |      0 |    0 |          0 |
|     glen[19].core_i                          |                    uop_block_wrap__parameterized12__2 |         57 |         57 |       0 |    0 |   234 |      0 |      0 |    0 |          0 |
|       (glen[19].core_i)                      |                    uop_block_wrap__parameterized12__2 |          0 |          0 |       0 |    0 |   177 |      0 |      0 |    0 |          0 |
|       core                                   |                         uop_block__parameterized12__2 |         57 |         57 |       0 |    0 |    57 |      0 |      0 |    0 |          0 |
|         (core)                               |                         uop_block__parameterized12__2 |          1 |          1 |       0 |    0 |     0 |      0 |      0 |    0 |          0 |
|         g[0].g_normal.alu_i                  |                      microop_unit__parameterized10__2 |         56 |         56 |       0 |    0 |    56 |      0 |      0 |    0 |          0 |
|         g[1].g_normal.alu_i                  |                      microop_unit__parameterized11__2 |          0 |          0 |       0 |    0 |     1 |      0 |      0 |    0 |          0 |
|     glen[1].core_i                           |                        uop_block_wrap__parameterized0 |          1 |          1 |       0 |    0 |    78 |      0 |      0 |    0 |          0 |
|       (glen[1].core_i)                       |                        uop_block_wrap__parameterized0 |          0 |          0 |       0 |    0 |    52 |      0 |      0 |    0 |          0 |
|       core                                   |                             uop_block__parameterized0 |          1 |          1 |       0 |    0 |    26 |      0 |      0 |    0 |          0 |
|         (core)                               |                             uop_block__parameterized0 |          1 |          1 |       0 |    0 |     0 |      0 |      0 |    0 |          0 |
|         g[0].g_normal.alu_i                  |                       microop_unit__parameterized1__1 |          0 |          0 |       0 |    0 |    26 |      0 |      0 |    0 |          0 |
|     glen[20].core_i                          |                     uop_block_wrap__parameterized2__3 |          1 |          1 |       0 |    0 |    75 |      0 |      0 |    0 |          0 |
|       (glen[20].core_i)                      |                     uop_block_wrap__parameterized2__3 |          0 |          0 |       0 |    0 |    50 |      0 |      0 |    0 |          0 |
|       core                                   |                          uop_block__parameterized2__3 |          1 |          1 |       0 |    0 |    25 |      0 |      0 |    0 |          0 |
|         (core)                               |                          uop_block__parameterized2__3 |          1 |          1 |       0 |    0 |     0 |      0 |      0 |    0 |          0 |
|         g[0].g_normal.alu_i                  |                      microop_unit__parameterized1__16 |          0 |          0 |       0 |    0 |    25 |      0 |      0 |    0 |          0 |
|     glen[21].core_i                          |                     uop_block_wrap__parameterized3__2 |          1 |          1 |       0 |    0 |     6 |      0 |      0 |    0 |          0 |
|       (glen[21].core_i)                      |                     uop_block_wrap__parameterized3__2 |          0 |          0 |       0 |    0 |     2 |      0 |      0 |    0 |          0 |
|       core                                   |                          uop_block__parameterized3__2 |          1 |          1 |       0 |    0 |     4 |      0 |      0 |    0 |          0 |
|         (core)                               |                          uop_block__parameterized3__2 |          1 |          1 |       0 |    0 |     1 |      0 |      0 |    0 |          0 |
|         g[0].g_normal.alu_i                  |                      microop_unit__parameterized1__25 |          0 |          0 |       0 |    0 |     1 |      0 |      0 |    0 |          0 |
|         g[2].g_normal.alu_i                  |                      microop_unit__parameterized3__11 |          0 |          0 |       0 |    0 |     1 |      0 |      0 |    0 |          0 |
|         g[3].g_normal.alu_i                  |                      microop_unit__parameterized1__24 |          0 |          0 |       0 |    0 |     1 |      0 |      0 |    0 |          0 |
|     glen[22].core_i                          |                     uop_block_wrap__parameterized2__4 |          1 |          1 |       0 |    0 |    75 |      0 |      0 |    0 |          0 |
|       (glen[22].core_i)                      |                     uop_block_wrap__parameterized2__4 |          0 |          0 |       0 |    0 |    50 |      0 |      0 |    0 |          0 |
|       core                                   |                          uop_block__parameterized2__4 |          1 |          1 |       0 |    0 |    25 |      0 |      0 |    0 |          0 |
|         (core)                               |                          uop_block__parameterized2__4 |          1 |          1 |       0 |    0 |     0 |      0 |      0 |    0 |          0 |
|         g[0].g_normal.alu_i                  |                      microop_unit__parameterized1__17 |          0 |          0 |       0 |    0 |    25 |      0 |      0 |    0 |          0 |
|     glen[23].core_i                          |                    uop_block_wrap__parameterized13__1 |          9 |          9 |       0 |    0 |    64 |      0 |      0 |    0 |          0 |
|       (glen[23].core_i)                      |                    uop_block_wrap__parameterized13__1 |          0 |          0 |       0 |    0 |    24 |      0 |      0 |    0 |          0 |
|       core                                   |                         uop_block__parameterized13__1 |          9 |          9 |       0 |    0 |    40 |      0 |      0 |    0 |          0 |
|         (core)                               |                         uop_block__parameterized13__1 |          1 |          1 |       0 |    0 |    16 |      0 |      0 |    0 |          0 |
|         g[0].g_normal.alu_i                  |                       microop_unit__parameterized9__3 |          8 |          8 |       0 |    0 |     8 |      0 |      0 |    0 |          0 |
|         g[1].g_normal.alu_i                  |                      microop_unit__parameterized2__42 |          0 |          0 |       0 |    0 |     8 |      0 |      0 |    0 |          0 |
|         g[2].g_normal.alu_i                  |                       microop_unit__parameterized8__6 |          0 |          0 |       0 |    0 |     8 |      0 |      0 |    0 |          0 |
|     glen[24].core_i                          |                     uop_block_wrap__parameterized5__2 |        172 |        172 |       0 |    0 |   326 |      0 |      0 |    0 |          0 |
|       (glen[24].core_i)                      |                     uop_block_wrap__parameterized5__2 |          0 |          0 |       0 |    0 |   134 |      0 |      0 |    0 |          0 |
|       core                                   |                          uop_block__parameterized5__2 |        172 |        172 |       0 |    0 |   192 |      0 |      0 |    0 |          0 |
|         (core)                               |                          uop_block__parameterized5__2 |          1 |          1 |       0 |    0 |    64 |      0 |      0 |    0 |          0 |
|         g[0].g_normal.alu_i                  |                      microop_unit__parameterized2__16 |          0 |          0 |       0 |    0 |    64 |      0 |      0 |    0 |          0 |
|         g[1].g_normal.alu_i                  |                       microop_unit__parameterized5__2 |        171 |        171 |       0 |    0 |    64 |      0 |      0 |    0 |          0 |
|     glen[25].core_i                          |                     uop_block_wrap__parameterized6__2 |          1 |          1 |       0 |    0 |     6 |      0 |      0 |    0 |          0 |
|       (glen[25].core_i)                      |                     uop_block_wrap__parameterized6__2 |          0 |          0 |       0 |    0 |     2 |      0 |      0 |    0 |          0 |
|       core                                   |                          uop_block__parameterized6__2 |          1 |          1 |       0 |    0 |     4 |      0 |      0 |    0 |          0 |
|         (core)                               |                          uop_block__parameterized6__2 |          1 |          1 |       0 |    0 |     1 |      0 |      0 |    0 |          0 |
|         g[0].g_normal.alu_i                  |                      microop_unit__parameterized1__13 |          0 |          0 |       0 |    0 |     1 |      0 |      0 |    0 |          0 |
|         g[2].g_normal.alu_i                  |                       microop_unit__parameterized3__8 |          0 |          0 |       0 |    0 |     1 |      0 |      0 |    0 |          0 |
|         g[3].g_normal.alu_i                  |                       microop_unit__parameterized3__7 |          0 |          0 |       0 |    0 |     1 |      0 |      0 |    0 |          0 |
|     glen[26].core_i                          |                       uop_block_wrap__parameterized14 |         97 |         97 |       0 |    0 |   320 |      0 |      0 |    0 |          0 |
|       (glen[26].core_i)                      |                       uop_block_wrap__parameterized14 |          0 |          0 |       0 |    0 |   160 |      0 |      0 |    0 |          0 |
|       core                                   |                            uop_block__parameterized14 |         97 |         97 |       0 |    0 |   160 |      0 |      0 |    0 |          0 |
|         (core)                               |                            uop_block__parameterized14 |          1 |          1 |       0 |    0 |    32 |      0 |      0 |    0 |          0 |
|         g[0].g_normal.alu_i                  |                       microop_unit__parameterized1__8 |          0 |          0 |       0 |    0 |    32 |      0 |      0 |    0 |          0 |
|         g[1].g_normal.alu_i                  |                         microop_unit__parameterized12 |         32 |         32 |       0 |    0 |    32 |      0 |      0 |    0 |          0 |
|         g[2].g_normal.alu_i                  |                         microop_unit__parameterized13 |         64 |         64 |       0 |    0 |    64 |      0 |      0 |    0 |          0 |
|     glen[27].core_i                          |                    uop_block_wrap__parameterized10__2 |          1 |          1 |       0 |    0 |    40 |      0 |      0 |    0 |          0 |
|       (glen[27].core_i)                      |                    uop_block_wrap__parameterized10__2 |          0 |          0 |       0 |    0 |    16 |      0 |      0 |    0 |          0 |
|       core                                   |                         uop_block__parameterized10__2 |          1 |          1 |       0 |    0 |    24 |      0 |      0 |    0 |          0 |
|         (core)                               |                         uop_block__parameterized10__2 |          1 |          1 |       0 |    0 |     8 |      0 |      0 |    0 |          0 |
|         g[0].g_normal.alu_i                  |                      microop_unit__parameterized2__30 |          0 |          0 |       0 |    0 |     8 |      0 |      0 |    0 |          0 |
|         g[1].g_normal.alu_i                  |                       microop_unit__parameterized8__4 |          0 |          0 |       0 |    0 |     8 |      0 |      0 |    0 |          0 |
|     glen[28].core_i                          |                     uop_block_wrap__parameterized7__2 |         65 |         65 |       0 |    0 |   320 |      0 |      0 |    0 |          0 |
|       (glen[28].core_i)                      |                     uop_block_wrap__parameterized7__2 |          0 |          0 |       0 |    0 |   192 |      0 |      0 |    0 |          0 |
|       core                                   |                          uop_block__parameterized7__2 |         65 |         65 |       0 |    0 |   128 |      0 |      0 |    0 |          0 |
|         (core)                               |                          uop_block__parameterized7__2 |          1 |          1 |       0 |    0 |     0 |      0 |      0 |    0 |          0 |
|         g[0].g_normal.alu_i                  |                       microop_unit__parameterized6__2 |         64 |         64 |       0 |    0 |    64 |      0 |      0 |    0 |          0 |
|         g[1].g_normal.alu_i                  |                      microop_unit__parameterized2__33 |          0 |          0 |       0 |    0 |    64 |      0 |      0 |    0 |          0 |
|     glen[29].core_i                          |                       uop_block_wrap__parameterized13 |          9 |          9 |       0 |    0 |    64 |      0 |      0 |    0 |          0 |
|       (glen[29].core_i)                      |                       uop_block_wrap__parameterized13 |          0 |          0 |       0 |    0 |    24 |      0 |      0 |    0 |          0 |
|       core                                   |                            uop_block__parameterized13 |          9 |          9 |       0 |    0 |    40 |      0 |      0 |    0 |          0 |
|         (core)                               |                            uop_block__parameterized13 |          1 |          1 |       0 |    0 |    16 |      0 |      0 |    0 |          0 |
|         g[0].g_normal.alu_i                  |                       microop_unit__parameterized9__2 |          8 |          8 |       0 |    0 |     8 |      0 |      0 |    0 |          0 |
|         g[1].g_normal.alu_i                  |                      microop_unit__parameterized2__10 |          0 |          0 |       0 |    0 |     8 |      0 |      0 |    0 |          0 |
|         g[2].g_normal.alu_i                  |                       microop_unit__parameterized8__2 |          0 |          0 |       0 |    0 |     8 |      0 |      0 |    0 |          0 |
|     glen[2].core_i                           |                     uop_block_wrap__parameterized1__1 |          1 |          1 |       0 |    0 |   448 |      0 |      0 |    0 |          0 |
|       (glen[2].core_i)                       |                     uop_block_wrap__parameterized1__1 |          0 |          0 |       0 |    0 |   128 |      0 |      0 |    0 |          0 |
|       core                                   |                          uop_block__parameterized1__1 |          1 |          1 |       0 |    0 |   320 |      0 |      0 |    0 |          0 |
|         (core)                               |                          uop_block__parameterized1__1 |          1 |          1 |       0 |    0 |   128 |      0 |      0 |    0 |          0 |
|         g[0].g_normal.alu_i                  |                      microop_unit__parameterized2__19 |          0 |          0 |       0 |    0 |    64 |      0 |      0 |    0 |          0 |
|         g[1].g_normal.alu_i                  |                      microop_unit__parameterized2__18 |          0 |          0 |       0 |    0 |    64 |      0 |      0 |    0 |          0 |
|         g[2].g_normal.alu_i                  |                      microop_unit__parameterized2__17 |          0 |          0 |       0 |    0 |    64 |      0 |      0 |    0 |          0 |
|     glen[30].core_i                          |                    uop_block_wrap__parameterized15__1 |          1 |          1 |       0 |    0 |   256 |      0 |      0 |    0 |          0 |
|       (glen[30].core_i)                      |                    uop_block_wrap__parameterized15__1 |          0 |          0 |       0 |    0 |   128 |      0 |      0 |    0 |          0 |
|       core                                   |                         uop_block__parameterized15__1 |          1 |          1 |       0 |    0 |   128 |      0 |      0 |    0 |          0 |
|         (core)                               |                         uop_block__parameterized15__1 |          1 |          1 |       0 |    0 |     0 |      0 |      0 |    0 |          0 |
|         g[0].g_normal.alu_i                  |                      microop_unit__parameterized2__24 |          0 |          0 |       0 |    0 |    64 |      0 |      0 |    0 |          0 |
|         g[1].g_normal.alu_i                  |                      microop_unit__parameterized2__23 |          0 |          0 |       0 |    0 |    64 |      0 |      0 |    0 |          0 |
|     glen[31].core_i                          |                    uop_block_wrap__parameterized15__2 |          1 |          1 |       0 |    0 |   256 |      0 |      0 |    0 |          0 |
|       (glen[31].core_i)                      |                    uop_block_wrap__parameterized15__2 |          0 |          0 |       0 |    0 |   128 |      0 |      0 |    0 |          0 |
|       core                                   |                         uop_block__parameterized15__2 |          1 |          1 |       0 |    0 |   128 |      0 |      0 |    0 |          0 |
|         (core)                               |                         uop_block__parameterized15__2 |          1 |          1 |       0 |    0 |     0 |      0 |      0 |    0 |          0 |
|         g[0].g_normal.alu_i                  |                      microop_unit__parameterized2__26 |          0 |          0 |       0 |    0 |    64 |      0 |      0 |    0 |          0 |
|         g[1].g_normal.alu_i                  |                      microop_unit__parameterized2__25 |          0 |          0 |       0 |    0 |    64 |      0 |      0 |    0 |          0 |
|     glen[32].core_i                          |                       uop_block_wrap__parameterized16 |          1 |          1 |       0 |    0 |     6 |      0 |      0 |    0 |          0 |
|       (glen[32].core_i)                      |                       uop_block_wrap__parameterized16 |          0 |          0 |       0 |    0 |     3 |      0 |      0 |    0 |          0 |
|       core                                   |                            uop_block__parameterized16 |          1 |          1 |       0 |    0 |     3 |      0 |      0 |    0 |          0 |
|         (core)                               |                            uop_block__parameterized16 |          1 |          1 |       0 |    0 |     1 |      0 |      0 |    0 |          0 |
|         g[0].g_normal.alu_i                  |                          microop_unit__parameterized8 |          0 |          0 |       0 |    0 |     1 |      0 |      0 |    0 |          0 |
|         g[1].g_normal.alu_i                  |                       microop_unit__parameterized3__4 |          0 |          0 |       0 |    0 |     1 |      0 |      0 |    0 |          0 |
|     glen[33].core_i                          |            uop_block_wrap__parameterized17__xdcDup__1 |         65 |         65 |       0 |    0 |   384 |      0 |      0 |    0 |          0 |
|       (glen[33].core_i)                      |            uop_block_wrap__parameterized17__xdcDup__1 |          0 |          0 |       0 |    0 |   160 |      0 |      0 |    0 |          0 |
|       core                                   |                 uop_block__parameterized17__xdcDup__1 |         65 |         65 |       0 |    0 |   224 |      0 |      0 |    0 |          0 |
|         (core)                               |                 uop_block__parameterized17__xdcDup__1 |          1 |          1 |       0 |    0 |    64 |      0 |      0 |    0 |          0 |
|         g[0].g_normal.alu_i                  |                      microop_unit__parameterized14__2 |          0 |          0 |       0 |    0 |    32 |      0 |      0 |    0 |          0 |
|         g[1].g_normal.alu_i                  |              microop_unit__parameterized15__xdcDup__1 |         64 |         64 |       0 |    0 |   128 |      0 |      0 |    0 |          0 |
|           (g[1].g_normal.alu_i)              |              microop_unit__parameterized15__xdcDup__1 |          0 |          0 |       0 |    0 |    64 |      0 |      0 |    0 |          0 |
|           g_iadd.use_ip.u_addsub             |                                        integer_addsub |         64 |         64 |       0 |    0 |    64 |      0 |      0 |    0 |          0 |
|             U0                               |                       integer_addsubc_addsub_v12_0_14 |         64 |         64 |       0 |    0 |    64 |      0 |      0 |    0 |          0 |
|               xst_addsub                     |                   integer_addsubc_addsub_v12_0_14_viv |         64 |         64 |       0 |    0 |    64 |      0 |      0 |    0 |          0 |
|                 i_baseblox.i_baseblox_addsub |                integer_addsubc_addsub_v12_0_14_legacy |         64 |         64 |       0 |    0 |    64 |      0 |      0 |    0 |          0 |
|                   no_pipelining.the_addsub   |         integer_addsubc_addsub_v12_0_14_fabric_legacy |         64 |         64 |       0 |    0 |    64 |      0 |      0 |    0 |          0 |
|                     i_lut6.i_lut6_addsub     |           integer_addsubc_addsub_v12_0_14_lut6_legacy |         64 |         64 |       0 |    0 |    64 |      0 |      0 |    0 |          0 |
|                       (i_lut6.i_lut6_addsub) |           integer_addsubc_addsub_v12_0_14_lut6_legacy |         64 |         64 |       0 |    0 |     0 |      0 |      0 |    0 |          0 |
|                       i_q.i_simple.qreg      |                    integer_addsubc_reg_fd_v12_0_6_viv |          0 |          0 |       0 |    0 |    64 |      0 |      0 |    0 |          0 |
|     glen[34].core_i                          |                        uop_block_wrap__parameterized8 |          1 |          1 |       0 |    0 |   320 |      0 |      0 |    0 |          0 |
|       (glen[34].core_i)                      |                        uop_block_wrap__parameterized8 |          0 |          0 |       0 |    0 |   128 |      0 |      0 |    0 |          0 |
|       core                                   |                             uop_block__parameterized8 |          1 |          1 |       0 |    0 |   192 |      0 |      0 |    0 |          0 |
|         (core)                               |                             uop_block__parameterized8 |          1 |          1 |       0 |    0 |    64 |      0 |      0 |    0 |          0 |
|         g[0].g_normal.alu_i                  |                       microop_unit__parameterized2__6 |          0 |          0 |       0 |    0 |    64 |      0 |      0 |    0 |          0 |
|         g[1].g_normal.alu_i                  |                       microop_unit__parameterized2__7 |          0 |          0 |       0 |    0 |    64 |      0 |      0 |    0 |          0 |
|     glen[35].core_i                          |                     uop_block_wrap__parameterized2__5 |          1 |          1 |       0 |    0 |    75 |      0 |      0 |    0 |          0 |
|       (glen[35].core_i)                      |                     uop_block_wrap__parameterized2__5 |          0 |          0 |       0 |    0 |    50 |      0 |      0 |    0 |          0 |
|       core                                   |                          uop_block__parameterized2__5 |          1 |          1 |       0 |    0 |    25 |      0 |      0 |    0 |          0 |
|         (core)                               |                          uop_block__parameterized2__5 |          1 |          1 |       0 |    0 |     0 |      0 |      0 |    0 |          0 |
|         g[0].g_normal.alu_i                  |                      microop_unit__parameterized1__18 |          0 |          0 |       0 |    0 |    25 |      0 |      0 |    0 |          0 |
|     glen[36].core_i                          |                       uop_block_wrap__parameterized18 |          1 |          1 |       0 |    0 |   192 |      0 |      0 |    0 |          0 |
|       (glen[36].core_i)                      |                       uop_block_wrap__parameterized18 |          0 |          0 |       0 |    0 |    64 |      0 |      0 |    0 |          0 |
|       core                                   |                            uop_block__parameterized18 |          1 |          1 |       0 |    0 |   128 |      0 |      0 |    0 |          0 |
|         (core)                               |                            uop_block__parameterized18 |          1 |          1 |       0 |    0 |    32 |      0 |      0 |    0 |          0 |
|         g[0].g_normal.alu_i                  |                       microop_unit__parameterized1__9 |          0 |          0 |       0 |    0 |    32 |      0 |      0 |    0 |          0 |
|         g[1].g_normal.alu_i                  |                      microop_unit__parameterized1__10 |          0 |          0 |       0 |    0 |    32 |      0 |      0 |    0 |          0 |
|         g[2].g_normal.alu_i                  |                         microop_unit__parameterized16 |          0 |          0 |       0 |    0 |    32 |      0 |      0 |    0 |          0 |
|     glen[37].core_i                          |                    uop_block_wrap__parameterized19__1 |          1 |          1 |       0 |    0 |     4 |      0 |      0 |    0 |          0 |
|       (glen[37].core_i)                      |                    uop_block_wrap__parameterized19__1 |          0 |          0 |       0 |    0 |     2 |      0 |      0 |    0 |          0 |
|       core                                   |                         uop_block__parameterized19__1 |          1 |          1 |       0 |    0 |     2 |      0 |      0 |    0 |          0 |
|         (core)                               |                         uop_block__parameterized19__1 |          1 |          1 |       0 |    0 |     0 |      0 |      0 |    0 |          0 |
|         g[0].g_normal.alu_i                  |                      microop_unit__parameterized1__21 |          0 |          0 |       0 |    0 |     1 |      0 |      0 |    0 |          0 |
|         g[2].g_normal.alu_i                  |                       microop_unit__parameterized3__9 |          0 |          0 |       0 |    0 |     1 |      0 |      0 |    0 |          0 |
|     glen[38].core_i                          |                       uop_block_wrap__parameterized20 |         65 |         65 |       0 |    0 |   384 |      0 |      0 |    0 |          0 |
|       (glen[38].core_i)                      |                       uop_block_wrap__parameterized20 |          0 |          0 |       0 |    0 |   192 |      0 |      0 |    0 |          0 |
|       core                                   |                            uop_block__parameterized20 |         65 |         65 |       0 |    0 |   192 |      0 |      0 |    0 |          0 |
|         (core)                               |                            uop_block__parameterized20 |          1 |          1 |       0 |    0 |    64 |      0 |      0 |    0 |          0 |
|         g[0].g_normal.alu_i                  |                          microop_unit__parameterized9 |         64 |         64 |       0 |    0 |    64 |      0 |      0 |    0 |          0 |
|         g[1].g_normal.alu_i                  |                      microop_unit__parameterized2__13 |          0 |          0 |       0 |    0 |    64 |      0 |      0 |    0 |          0 |
|     glen[39].core_i                          |                    uop_block_wrap__parameterized10__3 |          1 |          1 |       0 |    0 |    40 |      0 |      0 |    0 |          0 |
|       (glen[39].core_i)                      |                    uop_block_wrap__parameterized10__3 |          0 |          0 |       0 |    0 |    16 |      0 |      0 |    0 |          0 |
|       core                                   |                         uop_block__parameterized10__3 |          1 |          1 |       0 |    0 |    24 |      0 |      0 |    0 |          0 |
|         (core)                               |                         uop_block__parameterized10__3 |          1 |          1 |       0 |    0 |     8 |      0 |      0 |    0 |          0 |
|         g[0].g_normal.alu_i                  |                      microop_unit__parameterized2__31 |          0 |          0 |       0 |    0 |     8 |      0 |      0 |    0 |          0 |
|         g[1].g_normal.alu_i                  |                       microop_unit__parameterized8__5 |          0 |          0 |       0 |    0 |     8 |      0 |      0 |    0 |          0 |
|     glen[3].core_i                           |                     uop_block_wrap__parameterized2__1 |          1 |          1 |       0 |    0 |    75 |      0 |      0 |    0 |          0 |
|       (glen[3].core_i)                       |                     uop_block_wrap__parameterized2__1 |          0 |          0 |       0 |    0 |    50 |      0 |      0 |    0 |          0 |
|       core                                   |                          uop_block__parameterized2__1 |          1 |          1 |       0 |    0 |    25 |      0 |      0 |    0 |          0 |
|         (core)                               |                          uop_block__parameterized2__1 |          1 |          1 |       0 |    0 |     0 |      0 |      0 |    0 |          0 |
|         g[0].g_normal.alu_i                  |                      microop_unit__parameterized1__14 |          0 |          0 |       0 |    0 |    25 |      0 |      0 |    0 |          0 |
|     glen[40].core_i                          |                       uop_block_wrap__parameterized21 |         65 |         65 |       0 |    0 |   320 |      0 |      0 |    0 |          0 |
|       (glen[40].core_i)                      |                       uop_block_wrap__parameterized21 |          0 |          0 |       0 |    0 |   192 |      0 |      0 |    0 |          0 |
|       core                                   |                            uop_block__parameterized21 |         65 |         65 |       0 |    0 |   128 |      0 |      0 |    0 |          0 |
|         (core)                               |                            uop_block__parameterized21 |          1 |          1 |       0 |    0 |     0 |      0 |      0 |    0 |          0 |
|         g[0].g_normal.alu_i                  |                         microop_unit__parameterized17 |         64 |         64 |       0 |    0 |    64 |      0 |      0 |    0 |          0 |
|         g[1].g_normal.alu_i                  |                      microop_unit__parameterized2__14 |          0 |          0 |       0 |    0 |    64 |      0 |      0 |    0 |          0 |
|     glen[41].core_i                          |                        uop_block_wrap__parameterized3 |          1 |          1 |       0 |    0 |     6 |      0 |      0 |    0 |          0 |
|       (glen[41].core_i)                      |                        uop_block_wrap__parameterized3 |          0 |          0 |       0 |    0 |     2 |      0 |      0 |    0 |          0 |
|       core                                   |                             uop_block__parameterized3 |          1 |          1 |       0 |    0 |     4 |      0 |      0 |    0 |          0 |
|         (core)                               |                             uop_block__parameterized3 |          1 |          1 |       0 |    0 |     1 |      0 |      0 |    0 |          0 |
|         g[0].g_normal.alu_i                  |                       microop_unit__parameterized1__3 |          0 |          0 |       0 |    0 |     1 |      0 |      0 |    0 |          0 |
|         g[2].g_normal.alu_i                  |                       microop_unit__parameterized3__1 |          0 |          0 |       0 |    0 |     1 |      0 |      0 |    0 |          0 |
|         g[3].g_normal.alu_i                  |                       microop_unit__parameterized1__4 |          0 |          0 |       0 |    0 |     1 |      0 |      0 |    0 |          0 |
|     glen[42].core_i                          |                    uop_block_wrap__parameterized12__3 |         57 |         57 |       0 |    0 |   234 |      0 |      0 |    0 |          0 |
|       (glen[42].core_i)                      |                    uop_block_wrap__parameterized12__3 |          0 |          0 |       0 |    0 |   177 |      0 |      0 |    0 |          0 |
|       core                                   |                         uop_block__parameterized12__3 |         57 |         57 |       0 |    0 |    57 |      0 |      0 |    0 |          0 |
|         (core)                               |                         uop_block__parameterized12__3 |          1 |          1 |       0 |    0 |     0 |      0 |      0 |    0 |          0 |
|         g[0].g_normal.alu_i                  |                      microop_unit__parameterized10__3 |         56 |         56 |       0 |    0 |    56 |      0 |      0 |    0 |          0 |
|         g[1].g_normal.alu_i                  |                      microop_unit__parameterized11__3 |          0 |          0 |       0 |    0 |     1 |      0 |      0 |    0 |          0 |
|     glen[43].core_i                          |                       uop_block_wrap__parameterized12 |         57 |         57 |       0 |    0 |   234 |      0 |      0 |    0 |          0 |
|       (glen[43].core_i)                      |                       uop_block_wrap__parameterized12 |          0 |          0 |       0 |    0 |   177 |      0 |      0 |    0 |          0 |
|       core                                   |                            uop_block__parameterized12 |         57 |         57 |       0 |    0 |    57 |      0 |      0 |    0 |          0 |
|         (core)                               |                            uop_block__parameterized12 |          1 |          1 |       0 |    0 |     0 |      0 |      0 |    0 |          0 |
|         g[0].g_normal.alu_i                  |                         microop_unit__parameterized10 |         56 |         56 |       0 |    0 |    56 |      0 |      0 |    0 |          0 |
|         g[1].g_normal.alu_i                  |                         microop_unit__parameterized11 |          0 |          0 |       0 |    0 |     1 |      0 |      0 |    0 |          0 |
|     glen[44].core_i                          |                     uop_block_wrap__parameterized2__6 |          1 |          1 |       0 |    0 |    75 |      0 |      0 |    0 |          0 |
|       (glen[44].core_i)                      |                     uop_block_wrap__parameterized2__6 |          0 |          0 |       0 |    0 |    50 |      0 |      0 |    0 |          0 |
|       core                                   |                          uop_block__parameterized2__6 |          1 |          1 |       0 |    0 |    25 |      0 |      0 |    0 |          0 |
|         (core)                               |                          uop_block__parameterized2__6 |          1 |          1 |       0 |    0 |     0 |      0 |      0 |    0 |          0 |
|         g[0].g_normal.alu_i                  |                      microop_unit__parameterized1__19 |          0 |          0 |       0 |    0 |    25 |      0 |      0 |    0 |          0 |
|     glen[45].core_i                          |                     uop_block_wrap__parameterized2__7 |          1 |          1 |       0 |    0 |    75 |      0 |      0 |    0 |          0 |
|       (glen[45].core_i)                      |                     uop_block_wrap__parameterized2__7 |          0 |          0 |       0 |    0 |    50 |      0 |      0 |    0 |          0 |
|       core                                   |                          uop_block__parameterized2__7 |          1 |          1 |       0 |    0 |    25 |      0 |      0 |    0 |          0 |
|         (core)                               |                          uop_block__parameterized2__7 |          1 |          1 |       0 |    0 |     0 |      0 |      0 |    0 |          0 |
|         g[0].g_normal.alu_i                  |                      microop_unit__parameterized1__20 |          0 |          0 |       0 |    0 |    25 |      0 |      0 |    0 |          0 |
|     glen[46].core_i                          |                       uop_block_wrap__parameterized19 |          1 |          1 |       0 |    0 |     4 |      0 |      0 |    0 |          0 |
|       (glen[46].core_i)                      |                       uop_block_wrap__parameterized19 |          0 |          0 |       0 |    0 |     2 |      0 |      0 |    0 |          0 |
|       core                                   |                            uop_block__parameterized19 |          1 |          1 |       0 |    0 |     2 |      0 |      0 |    0 |          0 |
|         (core)                               |                            uop_block__parameterized19 |          1 |          1 |       0 |    0 |     0 |      0 |      0 |    0 |          0 |
|         g[0].g_normal.alu_i                  |                      microop_unit__parameterized1__11 |          0 |          0 |       0 |    0 |     1 |      0 |      0 |    0 |          0 |
|         g[2].g_normal.alu_i                  |                          microop_unit__parameterized3 |          0 |          0 |       0 |    0 |     1 |      0 |      0 |    0 |          0 |
|     glen[47].core_i                          |                        uop_block_wrap__parameterized7 |         65 |         65 |       0 |    0 |   320 |      0 |      0 |    0 |          0 |
|       (glen[47].core_i)                      |                        uop_block_wrap__parameterized7 |          0 |          0 |       0 |    0 |   192 |      0 |      0 |    0 |          0 |
|       core                                   |                             uop_block__parameterized7 |         65 |         65 |       0 |    0 |   128 |      0 |      0 |    0 |          0 |
|         (core)                               |                             uop_block__parameterized7 |          1 |          1 |       0 |    0 |     0 |      0 |      0 |    0 |          0 |
|         g[0].g_normal.alu_i                  |                          microop_unit__parameterized6 |         64 |         64 |       0 |    0 |    64 |      0 |      0 |    0 |          0 |
|         g[1].g_normal.alu_i                  |                       microop_unit__parameterized2__5 |          0 |          0 |       0 |    0 |    64 |      0 |      0 |    0 |          0 |
|     glen[48].core_i                          |                       uop_block_wrap__parameterized10 |          1 |          1 |       0 |    0 |    40 |      0 |      0 |    0 |          0 |
|       (glen[48].core_i)                      |                       uop_block_wrap__parameterized10 |          0 |          0 |       0 |    0 |    16 |      0 |      0 |    0 |          0 |
|       core                                   |                            uop_block__parameterized10 |          1 |          1 |       0 |    0 |    24 |      0 |      0 |    0 |          0 |
|         (core)                               |                            uop_block__parameterized10 |          1 |          1 |       0 |    0 |     8 |      0 |      0 |    0 |          0 |
|         g[0].g_normal.alu_i                  |                       microop_unit__parameterized2__9 |          0 |          0 |       0 |    0 |     8 |      0 |      0 |    0 |          0 |
|         g[1].g_normal.alu_i                  |                       microop_unit__parameterized8__1 |          0 |          0 |       0 |    0 |     8 |      0 |      0 |    0 |          0 |
|     glen[49].core_i                          |                        uop_block_wrap__parameterized2 |          1 |          1 |       0 |    0 |    75 |      0 |      0 |    0 |          0 |
|       (glen[49].core_i)                      |                        uop_block_wrap__parameterized2 |          0 |          0 |       0 |    0 |    50 |      0 |      0 |    0 |          0 |
|       core                                   |                             uop_block__parameterized2 |          1 |          1 |       0 |    0 |    25 |      0 |      0 |    0 |          0 |
|         (core)                               |                             uop_block__parameterized2 |          1 |          1 |       0 |    0 |     0 |      0 |      0 |    0 |          0 |
|         g[0].g_normal.alu_i                  |                       microop_unit__parameterized1__2 |          0 |          0 |       0 |    0 |    25 |      0 |      0 |    0 |          0 |
|     glen[4].core_i                           |                     uop_block_wrap__parameterized1__2 |          1 |          1 |       0 |    0 |   448 |      0 |      0 |    0 |          0 |
|       (glen[4].core_i)                       |                     uop_block_wrap__parameterized1__2 |          0 |          0 |       0 |    0 |   128 |      0 |      0 |    0 |          0 |
|       core                                   |                          uop_block__parameterized1__2 |          1 |          1 |       0 |    0 |   320 |      0 |      0 |    0 |          0 |
|         (core)                               |                          uop_block__parameterized1__2 |          1 |          1 |       0 |    0 |   128 |      0 |      0 |    0 |          0 |
|         g[0].g_normal.alu_i                  |                      microop_unit__parameterized2__22 |          0 |          0 |       0 |    0 |    64 |      0 |      0 |    0 |          0 |
|         g[1].g_normal.alu_i                  |                      microop_unit__parameterized2__21 |          0 |          0 |       0 |    0 |    64 |      0 |      0 |    0 |          0 |
|         g[2].g_normal.alu_i                  |                      microop_unit__parameterized2__20 |          0 |          0 |       0 |    0 |    64 |      0 |      0 |    0 |          0 |
|     glen[50].core_i                          |                    uop_block_wrap__parameterized15__3 |          1 |          1 |       0 |    0 |   256 |      0 |      0 |    0 |          0 |
|       (glen[50].core_i)                      |                    uop_block_wrap__parameterized15__3 |          0 |          0 |       0 |    0 |   128 |      0 |      0 |    0 |          0 |
|       core                                   |                         uop_block__parameterized15__3 |          1 |          1 |       0 |    0 |   128 |      0 |      0 |    0 |          0 |
|         (core)                               |                         uop_block__parameterized15__3 |          1 |          1 |       0 |    0 |     0 |      0 |      0 |    0 |          0 |
|         g[0].g_normal.alu_i                  |                      microop_unit__parameterized2__28 |          0 |          0 |       0 |    0 |    64 |      0 |      0 |    0 |          0 |
|         g[1].g_normal.alu_i                  |                      microop_unit__parameterized2__27 |          0 |          0 |       0 |    0 |    64 |      0 |      0 |    0 |          0 |
|     glen[51].core_i                          |                       uop_block_wrap__parameterized15 |          1 |          1 |       0 |    0 |   256 |      0 |      0 |    0 |          0 |
|       (glen[51].core_i)                      |                       uop_block_wrap__parameterized15 |          0 |          0 |       0 |    0 |   128 |      0 |      0 |    0 |          0 |
|       core                                   |                            uop_block__parameterized15 |          1 |          1 |       0 |    0 |   128 |      0 |      0 |    0 |          0 |
|         (core)                               |                            uop_block__parameterized15 |          1 |          1 |       0 |    0 |     0 |      0 |      0 |    0 |          0 |
|         g[0].g_normal.alu_i                  |                      microop_unit__parameterized2__11 |          0 |          0 |       0 |    0 |    64 |      0 |      0 |    0 |          0 |
|         g[1].g_normal.alu_i                  |                      microop_unit__parameterized2__12 |          0 |          0 |       0 |    0 |    64 |      0 |      0 |    0 |          0 |
|     glen[52].core_i                          |                       uop_block_wrap__parameterized17 |         65 |         65 |       0 |    0 |   384 |      0 |      0 |    0 |          0 |
|       (glen[52].core_i)                      |                       uop_block_wrap__parameterized17 |          0 |          0 |       0 |    0 |   160 |      0 |      0 |    0 |          0 |
|       core                                   |                            uop_block__parameterized17 |         65 |         65 |       0 |    0 |   224 |      0 |      0 |    0 |          0 |
|         (core)                               |                            uop_block__parameterized17 |          1 |          1 |       0 |    0 |    64 |      0 |      0 |    0 |          0 |
|         g[0].g_normal.alu_i                  |                         microop_unit__parameterized14 |          0 |          0 |       0 |    0 |    32 |      0 |      0 |    0 |          0 |
|         g[1].g_normal.alu_i                  |                         microop_unit__parameterized15 |         64 |         64 |       0 |    0 |   128 |      0 |      0 |    0 |          0 |
|           (g[1].g_normal.alu_i)              |                         microop_unit__parameterized15 |          0 |          0 |       0 |    0 |    64 |      0 |      0 |    0 |          0 |
|           g_iadd.use_ip.u_addsub             |                                integer_addsub_HD13219 |         64 |         64 |       0 |    0 |    64 |      0 |      0 |    0 |          0 |
|             U0                               |               integer_addsubc_addsub_v12_0_14_HD13220 |         64 |         64 |       0 |    0 |    64 |      0 |      0 |    0 |          0 |
|               xst_addsub                     |           integer_addsubc_addsub_v12_0_14_viv_HD13221 |         64 |         64 |       0 |    0 |    64 |      0 |      0 |    0 |          0 |
|                 i_baseblox.i_baseblox_addsub |        integer_addsubc_addsub_v12_0_14_legacy_HD13222 |         64 |         64 |       0 |    0 |    64 |      0 |      0 |    0 |          0 |
|                   no_pipelining.the_addsub   | integer_addsubc_addsub_v12_0_14_fabric_legacy_HD13223 |         64 |         64 |       0 |    0 |    64 |      0 |      0 |    0 |          0 |
|                     i_lut6.i_lut6_addsub     |   integer_addsubc_addsub_v12_0_14_lut6_legacy_HD13224 |         64 |         64 |       0 |    0 |    64 |      0 |      0 |    0 |          0 |
|                       (i_lut6.i_lut6_addsub) |   integer_addsubc_addsub_v12_0_14_lut6_legacy_HD13224 |         64 |         64 |       0 |    0 |     0 |      0 |      0 |    0 |          0 |
|                       i_q.i_simple.qreg      |            integer_addsubc_reg_fd_v12_0_6_viv_HD13225 |          0 |          0 |       0 |    0 |    64 |      0 |      0 |    0 |          0 |
|     glen[53].core_i                          |                        uop_block_wrap__parameterized1 |          1 |          1 |       0 |    0 |   448 |      0 |      0 |    0 |          0 |
|       (glen[53].core_i)                      |                        uop_block_wrap__parameterized1 |          0 |          0 |       0 |    0 |   128 |      0 |      0 |    0 |          0 |
|       core                                   |                             uop_block__parameterized1 |          1 |          1 |       0 |    0 |   320 |      0 |      0 |    0 |          0 |
|         (core)                               |                             uop_block__parameterized1 |          1 |          1 |       0 |    0 |   128 |      0 |      0 |    0 |          0 |
|         g[0].g_normal.alu_i                  |                       microop_unit__parameterized2__1 |          0 |          0 |       0 |    0 |    64 |      0 |      0 |    0 |          0 |
|         g[1].g_normal.alu_i                  |                       microop_unit__parameterized2__2 |          0 |          0 |       0 |    0 |    64 |      0 |      0 |    0 |          0 |
|         g[2].g_normal.alu_i                  |                       microop_unit__parameterized2__3 |          0 |          0 |       0 |    0 |    64 |      0 |      0 |    0 |          0 |
|     glen[54].core_i                          |                        uop_block_wrap__parameterized5 |        172 |        172 |       0 |    0 |   326 |      0 |      0 |    0 |          0 |
|       (glen[54].core_i)                      |                        uop_block_wrap__parameterized5 |          0 |          0 |       0 |    0 |   134 |      0 |      0 |    0 |          0 |
|       core                                   |                             uop_block__parameterized5 |        172 |        172 |       0 |    0 |   192 |      0 |      0 |    0 |          0 |
|         (core)                               |                             uop_block__parameterized5 |          1 |          1 |       0 |    0 |    64 |      0 |      0 |    0 |          0 |
|         g[0].g_normal.alu_i                  |                       microop_unit__parameterized2__4 |          0 |          0 |       0 |    0 |    64 |      0 |      0 |    0 |          0 |
|         g[1].g_normal.alu_i                  |                          microop_unit__parameterized5 |        171 |        171 |       0 |    0 |    64 |      0 |      0 |    0 |          0 |
|     glen[55].core_i                          |                        uop_block_wrap__parameterized6 |          1 |          1 |       0 |    0 |     6 |      0 |      0 |    0 |          0 |
|       (glen[55].core_i)                      |                        uop_block_wrap__parameterized6 |          0 |          0 |       0 |    0 |     2 |      0 |      0 |    0 |          0 |
|       core                                   |                             uop_block__parameterized6 |          1 |          1 |       0 |    0 |     4 |      0 |      0 |    0 |          0 |
|         (core)                               |                             uop_block__parameterized6 |          1 |          1 |       0 |    0 |     1 |      0 |      0 |    0 |          0 |
|         g[0].g_normal.alu_i                  |                       microop_unit__parameterized1__6 |          0 |          0 |       0 |    0 |     1 |      0 |      0 |    0 |          0 |
|         g[2].g_normal.alu_i                  |                       microop_unit__parameterized3__2 |          0 |          0 |       0 |    0 |     1 |      0 |      0 |    0 |          0 |
|         g[3].g_normal.alu_i                  |                       microop_unit__parameterized3__3 |          0 |          0 |       0 |    0 |     1 |      0 |      0 |    0 |          0 |
|     glen[56].core_i                          |                       uop_block_wrap__parameterized22 |          1 |          1 |       0 |    0 |   160 |      0 |      0 |    0 |          0 |
|       (glen[56].core_i)                      |                       uop_block_wrap__parameterized22 |          0 |          0 |       0 |    0 |    64 |      0 |      0 |    0 |          0 |
|       core                                   |                            uop_block__parameterized22 |          1 |          1 |       0 |    0 |    96 |      0 |      0 |    0 |          0 |
|         (core)                               |                            uop_block__parameterized22 |          1 |          1 |       0 |    0 |    32 |      0 |      0 |    0 |          0 |
|         g[0].g_normal.alu_i                  |                          microop_unit__parameterized2 |          0 |          0 |       0 |    0 |    32 |      0 |      0 |    0 |          0 |
|         g[1].g_normal.alu_i                  |                          microop_unit__parameterized1 |          0 |          0 |       0 |    0 |    32 |      0 |      0 |    0 |          0 |
|     glen[5].core_i                           |                     uop_block_wrap__parameterized3__1 |          1 |          1 |       0 |    0 |     6 |      0 |      0 |    0 |          0 |
|       (glen[5].core_i)                       |                     uop_block_wrap__parameterized3__1 |          0 |          0 |       0 |    0 |     2 |      0 |      0 |    0 |          0 |
|       core                                   |                          uop_block__parameterized3__1 |          1 |          1 |       0 |    0 |     4 |      0 |      0 |    0 |          0 |
|         (core)                               |                          uop_block__parameterized3__1 |          1 |          1 |       0 |    0 |     1 |      0 |      0 |    0 |          0 |
|         g[0].g_normal.alu_i                  |                      microop_unit__parameterized1__23 |          0 |          0 |       0 |    0 |     1 |      0 |      0 |    0 |          0 |
|         g[2].g_normal.alu_i                  |                      microop_unit__parameterized3__10 |          0 |          0 |       0 |    0 |     1 |      0 |      0 |    0 |          0 |
|         g[3].g_normal.alu_i                  |                      microop_unit__parameterized1__22 |          0 |          0 |       0 |    0 |     1 |      0 |      0 |    0 |          0 |
|     glen[6].core_i                           |                     uop_block_wrap__parameterized2__2 |          1 |          1 |       0 |    0 |    75 |      0 |      0 |    0 |          0 |
|       (glen[6].core_i)                       |                     uop_block_wrap__parameterized2__2 |          0 |          0 |       0 |    0 |    50 |      0 |      0 |    0 |          0 |
|       core                                   |                          uop_block__parameterized2__2 |          1 |          1 |       0 |    0 |    25 |      0 |      0 |    0 |          0 |
|         (core)                               |                          uop_block__parameterized2__2 |          1 |          1 |       0 |    0 |     0 |      0 |      0 |    0 |          0 |
|         g[0].g_normal.alu_i                  |                      microop_unit__parameterized1__15 |          0 |          0 |       0 |    0 |    25 |      0 |      0 |    0 |          0 |
|     glen[7].core_i                           |                        uop_block_wrap__parameterized4 |          2 |          2 |       0 |    0 |   128 |      0 |      0 |    0 |          0 |
|       (glen[7].core_i)                       |                        uop_block_wrap__parameterized4 |          0 |          0 |       0 |    0 |    64 |      0 |      0 |    0 |          0 |
|       core                                   |                             uop_block__parameterized4 |          2 |          2 |       0 |    0 |    64 |      0 |      0 |    0 |          0 |
|         (core)                               |                             uop_block__parameterized4 |          1 |          1 |       0 |    0 |     0 |      0 |      0 |    0 |          0 |
|         g[0].g_normal.alu_i                  |                          microop_unit__parameterized4 |          1 |          1 |       0 |    0 |    32 |      0 |      0 |    0 |          0 |
|         g[1].g_normal.alu_i                  |                       microop_unit__parameterized1__5 |          0 |          0 |       0 |    0 |    32 |      0 |      0 |    0 |          0 |
|     glen[8].core_i                           |                     uop_block_wrap__parameterized5__1 |        172 |        172 |       0 |    0 |   326 |      0 |      0 |    0 |          0 |
|       (glen[8].core_i)                       |                     uop_block_wrap__parameterized5__1 |          0 |          0 |       0 |    0 |   134 |      0 |      0 |    0 |          0 |
|       core                                   |                          uop_block__parameterized5__1 |        172 |        172 |       0 |    0 |   192 |      0 |      0 |    0 |          0 |
|         (core)                               |                          uop_block__parameterized5__1 |          1 |          1 |       0 |    0 |    64 |      0 |      0 |    0 |          0 |
|         g[0].g_normal.alu_i                  |                      microop_unit__parameterized2__15 |          0 |          0 |       0 |    0 |    64 |      0 |      0 |    0 |          0 |
|         g[1].g_normal.alu_i                  |                       microop_unit__parameterized5__1 |        171 |        171 |       0 |    0 |    64 |      0 |      0 |    0 |          0 |
|     glen[9].core_i                           |                     uop_block_wrap__parameterized6__1 |          1 |          1 |       0 |    0 |     6 |      0 |      0 |    0 |          0 |
|       (glen[9].core_i)                       |                     uop_block_wrap__parameterized6__1 |          0 |          0 |       0 |    0 |     2 |      0 |      0 |    0 |          0 |
|       core                                   |                          uop_block__parameterized6__1 |          1 |          1 |       0 |    0 |     4 |      0 |      0 |    0 |          0 |
|         (core)                               |                          uop_block__parameterized6__1 |          1 |          1 |       0 |    0 |     1 |      0 |      0 |    0 |          0 |
|         g[0].g_normal.alu_i                  |                      microop_unit__parameterized1__12 |          0 |          0 |       0 |    0 |     1 |      0 |      0 |    0 |          0 |
|         g[2].g_normal.alu_i                  |                       microop_unit__parameterized3__6 |          0 |          0 |       0 |    0 |     1 |      0 |      0 |    0 |          0 |
|         g[3].g_normal.alu_i                  |                       microop_unit__parameterized3__5 |          0 |          0 |       0 |    0 |     1 |      0 |      0 |    0 |          0 |
+----------------------------------------------+-------------------------------------------------------+------------+------------+---------+------+-------+--------+--------+------+------------+


