Copyright 1986-2020 Xilinx, Inc. All Rights Reserved.
----------------------------------------------------------------------------------------------------------------------------------------------------------------------------
| Tool Version : Vivado v.2020.1 (lin64) Build 2902540 Wed May 27 19:54:35 MDT 2020
| Date         : Mon Sep 22 17:13:36 2025
| Host         : orthanc running 64-bit Ubuntu 22.04.4 LTS
| Command      : report_utilization -hierarchical -file /home/jyoo/custom_v_2/custom-core-tool/reports/memory_wo_simd/benches/607_cactuBSSN_s/607_cactuBSSN_s_util_hier.rpt
| Design       : top_bench__607_cactuBSSN_s
| Device       : xcu200fsgd2104-2
| Design State : Optimized
----------------------------------------------------------------------------------------------------------------------------------------------------------------------------

Utilization Design Information

Table of Contents
-----------------
1. Utilization by Hierarchy

1. Utilization by Hierarchy
---------------------------

+----------------------------------------------+-------------------------------------------------------+------------+------------+---------+------+------+--------+--------+------+------------+
|                   Instance                   |                         Module                        | Total LUTs | Logic LUTs | LUTRAMs | SRLs |  FFs | RAMB36 | RAMB18 | URAM | DSP Blocks |
+----------------------------------------------+-------------------------------------------------------+------------+------------+---------+------+------+--------+--------+------+------------+
| top_bench__607_cactuBSSN_s                   |                                                 (top) |       1467 |       1467 |       0 |    0 | 8032 |      0 |      0 |    0 |         12 |
|   (top_bench__607_cactuBSSN_s)               |                                                 (top) |          0 |          0 |       0 |    0 |    0 |      0 |      0 |    0 |          0 |
|   u_607_cactuBSSN_s                          |                           bench_core__607_cactuBSSN_s |       1467 |       1467 |       0 |    0 | 8032 |      0 |      0 |    0 |         12 |
|     (u_607_cactuBSSN_s)                      |                           bench_core__607_cactuBSSN_s |        288 |        288 |       0 |    0 |    0 |      0 |      0 |    0 |          0 |
|     glen[0].core_i                           |                                        uop_block_wrap |          1 |          1 |       0 |    0 |   28 |      0 |      0 |    0 |          0 |
|       (glen[0].core_i)                       |                                        uop_block_wrap |          0 |          0 |       0 |    0 |   14 |      0 |      0 |    0 |          0 |
|       core                                   |                                             uop_block |          1 |          1 |       0 |    0 |   14 |      0 |      0 |    0 |          0 |
|         (core)                               |                                             uop_block |          1 |          1 |       0 |    0 |    0 |      0 |      0 |    0 |          0 |
|         g[0].g_normal.alu_i                  |                                       microop_unit__1 |          0 |          0 |       0 |    0 |    7 |      0 |      0 |    0 |          0 |
|         g[1].g_normal.alu_i                  |                                          microop_unit |          0 |          0 |       0 |    0 |    7 |      0 |      0 |    0 |          0 |
|     glen[10].core_i                          |                        uop_block_wrap__parameterized5 |          9 |          9 |       0 |    0 |   48 |      0 |      0 |    0 |          0 |
|       (glen[10].core_i)                      |                        uop_block_wrap__parameterized5 |          0 |          0 |       0 |    0 |   24 |      0 |      0 |    0 |          0 |
|       core                                   |                             uop_block__parameterized5 |          9 |          9 |       0 |    0 |   24 |      0 |      0 |    0 |          0 |
|         (core)                               |                             uop_block__parameterized5 |          1 |          1 |       0 |    0 |    8 |      0 |      0 |    0 |          0 |
|         g[0].g_normal.alu_i                  |                          microop_unit__parameterized2 |          8 |          8 |       0 |    0 |    8 |      0 |      0 |    0 |          0 |
|         g[1].g_normal.alu_i                  |                          microop_unit__parameterized8 |          0 |          0 |       0 |    0 |    8 |      0 |      0 |    0 |          0 |
|     glen[11].core_i                          |                        uop_block_wrap__parameterized6 |          1 |          1 |       0 |    0 |   80 |      0 |      0 |    0 |          0 |
|       (glen[11].core_i)                      |                        uop_block_wrap__parameterized6 |          0 |          0 |       0 |    0 |   40 |      0 |      0 |    0 |          0 |
|       core                                   |                             uop_block__parameterized6 |          1 |          1 |       0 |    0 |   40 |      0 |      0 |    0 |          0 |
|         (core)                               |                             uop_block__parameterized6 |          1 |          1 |       0 |    0 |    0 |      0 |      0 |    0 |          0 |
|         g[0].g_normal.alu_i                  |                          microop_unit__parameterized9 |          0 |          0 |       0 |    0 |    8 |      0 |      0 |    0 |          0 |
|         g[1].g_normal.alu_i                  |                       microop_unit__parameterized6__2 |          0 |          0 |       0 |    0 |   32 |      0 |      0 |    0 |          0 |
|     glen[12].core_i                          |                        uop_block_wrap__parameterized2 |         16 |         16 |       0 |    0 |  177 |      0 |      0 |    0 |          3 |
|       (glen[12].core_i)                      |                        uop_block_wrap__parameterized2 |          0 |          0 |       0 |    0 |   96 |      0 |      0 |    0 |          0 |
|       core                                   |                             uop_block__parameterized2 |         16 |         16 |       0 |    0 |   81 |      0 |      0 |    0 |          3 |
|         (core)                               |                             uop_block__parameterized2 |          1 |          1 |       0 |    0 |   32 |      0 |      0 |    0 |          0 |
|         g[0].g_normal.alu_i                  |                          microop_unit__parameterized3 |          0 |          0 |       0 |    0 |   32 |      0 |      0 |    0 |          0 |
|         g[1].g_normal.alu_i                  |                       microop_unit__parameterized4__1 |         15 |         15 |       0 |    0 |   17 |      0 |      0 |    0 |          3 |
|     glen[13].core_i                          |                        uop_block_wrap__parameterized3 |         48 |         48 |       0 |    0 |  177 |      0 |      0 |    0 |          3 |
|       (glen[13].core_i)                      |                        uop_block_wrap__parameterized3 |          0 |          0 |       0 |    0 |   96 |      0 |      0 |    0 |          0 |
|       core                                   |                             uop_block__parameterized3 |         48 |         48 |       0 |    0 |   81 |      0 |      0 |    0 |          3 |
|         (core)                               |                             uop_block__parameterized3 |          1 |          1 |       0 |    0 |   32 |      0 |      0 |    0 |          0 |
|         g[0].g_normal.alu_i                  |                          microop_unit__parameterized4 |         15 |         15 |       0 |    0 |   17 |      0 |      0 |    0 |          3 |
|         g[1].g_normal.alu_i                  |                       microop_unit__parameterized5__1 |         32 |         32 |       0 |    0 |   32 |      0 |      0 |    0 |          0 |
|     glen[14].core_i                          |                     uop_block_wrap__parameterized7__1 |          2 |          2 |       0 |    0 |  128 |      0 |      0 |    0 |          0 |
|       (glen[14].core_i)                      |                     uop_block_wrap__parameterized7__1 |          0 |          0 |       0 |    0 |   64 |      0 |      0 |    0 |          0 |
|       core                                   |                          uop_block__parameterized7__1 |          2 |          2 |       0 |    0 |   64 |      0 |      0 |    0 |          0 |
|         (core)                               |                          uop_block__parameterized7__1 |          1 |          1 |       0 |    0 |    0 |      0 |      0 |    0 |          0 |
|         g[0].g_normal.alu_i                  |                      microop_unit__parameterized10__1 |          1 |          1 |       0 |    0 |   32 |      0 |      0 |    0 |          0 |
|         g[1].g_normal.alu_i                  |                       microop_unit__parameterized6__5 |          0 |          0 |       0 |    0 |   32 |      0 |      0 |    0 |          0 |
|     glen[15].core_i                          |                     uop_block_wrap__parameterized8__1 |         33 |         33 |       0 |    0 |  192 |      0 |      0 |    0 |          0 |
|       (glen[15].core_i)                      |                     uop_block_wrap__parameterized8__1 |          0 |          0 |       0 |    0 |   96 |      0 |      0 |    0 |          0 |
|       core                                   |                          uop_block__parameterized8__1 |         33 |         33 |       0 |    0 |   96 |      0 |      0 |    0 |          0 |
|         (core)                               |                          uop_block__parameterized8__1 |          1 |          1 |       0 |    0 |   32 |      0 |      0 |    0 |          0 |
|         g[0].g_normal.alu_i                  |                       microop_unit__parameterized6__4 |          0 |          0 |       0 |    0 |   32 |      0 |      0 |    0 |          0 |
|         g[1].g_normal.alu_i                  |                       microop_unit__parameterized5__2 |         32 |         32 |       0 |    0 |   32 |      0 |      0 |    0 |          0 |
|     glen[16].core_i                          |                        uop_block_wrap__parameterized9 |         65 |         65 |       0 |    0 |  448 |      0 |      0 |    0 |          0 |
|       (glen[16].core_i)                      |                        uop_block_wrap__parameterized9 |          0 |          0 |       0 |    0 |  192 |      0 |      0 |    0 |          0 |
|       core                                   |                             uop_block__parameterized9 |         65 |         65 |       0 |    0 |  256 |      0 |      0 |    0 |          0 |
|         (core)                               |                             uop_block__parameterized9 |          1 |          1 |       0 |    0 |   64 |      0 |      0 |    0 |          0 |
|         g[0].g_normal.alu_i                  |                      microop_unit__parameterized0__23 |          0 |          0 |       0 |    0 |   64 |      0 |      0 |    0 |          0 |
|         g[1].g_normal.alu_i                  |                          microop_unit__parameterized1 |         64 |         64 |       0 |    0 |  128 |      0 |      0 |    0 |          0 |
|           (g[1].g_normal.alu_i)              |                          microop_unit__parameterized1 |          0 |          0 |       0 |    0 |   64 |      0 |      0 |    0 |          0 |
|           g_iadd.use_ip.u_addsub             |                                integer_addsub_HD15701 |         64 |         64 |       0 |    0 |   64 |      0 |      0 |    0 |          0 |
|             U0                               |               integer_addsubc_addsub_v12_0_14_HD15702 |         64 |         64 |       0 |    0 |   64 |      0 |      0 |    0 |          0 |
|               xst_addsub                     |           integer_addsubc_addsub_v12_0_14_viv_HD15703 |         64 |         64 |       0 |    0 |   64 |      0 |      0 |    0 |          0 |
|                 i_baseblox.i_baseblox_addsub |        integer_addsubc_addsub_v12_0_14_legacy_HD15704 |         64 |         64 |       0 |    0 |   64 |      0 |      0 |    0 |          0 |
|                   no_pipelining.the_addsub   | integer_addsubc_addsub_v12_0_14_fabric_legacy_HD15705 |         64 |         64 |       0 |    0 |   64 |      0 |      0 |    0 |          0 |
|                     i_lut6.i_lut6_addsub     |   integer_addsubc_addsub_v12_0_14_lut6_legacy_HD15706 |         64 |         64 |       0 |    0 |   64 |      0 |      0 |    0 |          0 |
|                       (i_lut6.i_lut6_addsub) |   integer_addsubc_addsub_v12_0_14_lut6_legacy_HD15706 |         64 |         64 |       0 |    0 |    0 |      0 |      0 |    0 |          0 |
|                       i_q.i_simple.qreg      |            integer_addsubc_reg_fd_v12_0_6_viv_HD15707 |          0 |          0 |       0 |    0 |   64 |      0 |      0 |    0 |          0 |
|     glen[17].core_i                          |                        uop_block_wrap__parameterized7 |          2 |          2 |       0 |    0 |  128 |      0 |      0 |    0 |          0 |
|       (glen[17].core_i)                      |                        uop_block_wrap__parameterized7 |          0 |          0 |       0 |    0 |   64 |      0 |      0 |    0 |          0 |
|       core                                   |                             uop_block__parameterized7 |          2 |          2 |       0 |    0 |   64 |      0 |      0 |    0 |          0 |
|         (core)                               |                             uop_block__parameterized7 |          1 |          1 |       0 |    0 |    0 |      0 |      0 |    0 |          0 |
|         g[0].g_normal.alu_i                  |                         microop_unit__parameterized10 |          1 |          1 |       0 |    0 |   32 |      0 |      0 |    0 |          0 |
|         g[1].g_normal.alu_i                  |                       microop_unit__parameterized6__3 |          0 |          0 |       0 |    0 |   32 |      0 |      0 |    0 |          0 |
|     glen[18].core_i                          |                        uop_block_wrap__parameterized8 |         33 |         33 |       0 |    0 |  192 |      0 |      0 |    0 |          0 |
|       (glen[18].core_i)                      |                        uop_block_wrap__parameterized8 |          0 |          0 |       0 |    0 |   96 |      0 |      0 |    0 |          0 |
|       core                                   |                             uop_block__parameterized8 |         33 |         33 |       0 |    0 |   96 |      0 |      0 |    0 |          0 |
|         (core)                               |                             uop_block__parameterized8 |          1 |          1 |       0 |    0 |   32 |      0 |      0 |    0 |          0 |
|         g[0].g_normal.alu_i                  |                          microop_unit__parameterized6 |          0 |          0 |       0 |    0 |   32 |      0 |      0 |    0 |          0 |
|         g[1].g_normal.alu_i                  |                          microop_unit__parameterized5 |         32 |         32 |       0 |    0 |   32 |      0 |      0 |    0 |          0 |
|     glen[19].core_i                          |                    uop_block_wrap__parameterized10__1 |          1 |          1 |       0 |    0 |  320 |      0 |      0 |    0 |          0 |
|       (glen[19].core_i)                      |                    uop_block_wrap__parameterized10__1 |          0 |          0 |       0 |    0 |  128 |      0 |      0 |    0 |          0 |
|       core                                   |                         uop_block__parameterized10__1 |          1 |          1 |       0 |    0 |  192 |      0 |      0 |    0 |          0 |
|         (core)                               |                         uop_block__parameterized10__1 |          1 |          1 |       0 |    0 |   64 |      0 |      0 |    0 |          0 |
|         g[0].g_normal.alu_i                  |                      microop_unit__parameterized0__26 |          0 |          0 |       0 |    0 |   64 |      0 |      0 |    0 |          0 |
|         g[1].g_normal.alu_i                  |                      microop_unit__parameterized0__25 |          0 |          0 |       0 |    0 |   64 |      0 |      0 |    0 |          0 |
|     glen[1].core_i                           |             uop_block_wrap__parameterized0__xdcDup__1 |         65 |         65 |       0 |    0 |  704 |      0 |      0 |    0 |          0 |
|       (glen[1].core_i)                       |             uop_block_wrap__parameterized0__xdcDup__1 |          0 |          0 |       0 |    0 |  192 |      0 |      0 |    0 |          0 |
|       core                                   |                  uop_block__parameterized0__xdcDup__1 |         65 |         65 |       0 |    0 |  512 |      0 |      0 |    0 |          0 |
|         (core)                               |                  uop_block__parameterized0__xdcDup__1 |          1 |          1 |       0 |    0 |  192 |      0 |      0 |    0 |          0 |
|         g[0].g_normal.alu_i                  |                       microop_unit__parameterized0__5 |          0 |          0 |       0 |    0 |   64 |      0 |      0 |    0 |          0 |
|         g[1].g_normal.alu_i                  |                       microop_unit__parameterized0__6 |          0 |          0 |       0 |    0 |   64 |      0 |      0 |    0 |          0 |
|         g[2].g_normal.alu_i                  |                       microop_unit__parameterized0__7 |          0 |          0 |       0 |    0 |   64 |      0 |      0 |    0 |          0 |
|         g[3].g_normal.alu_i                  |               microop_unit__parameterized1__xdcDup__1 |         64 |         64 |       0 |    0 |  128 |      0 |      0 |    0 |          0 |
|           (g[3].g_normal.alu_i)              |               microop_unit__parameterized1__xdcDup__1 |          0 |          0 |       0 |    0 |   64 |      0 |      0 |    0 |          0 |
|           g_iadd.use_ip.u_addsub             |                                        integer_addsub |         64 |         64 |       0 |    0 |   64 |      0 |      0 |    0 |          0 |
|             U0                               |                       integer_addsubc_addsub_v12_0_14 |         64 |         64 |       0 |    0 |   64 |      0 |      0 |    0 |          0 |
|               xst_addsub                     |                   integer_addsubc_addsub_v12_0_14_viv |         64 |         64 |       0 |    0 |   64 |      0 |      0 |    0 |          0 |
|                 i_baseblox.i_baseblox_addsub |                integer_addsubc_addsub_v12_0_14_legacy |         64 |         64 |       0 |    0 |   64 |      0 |      0 |    0 |          0 |
|                   no_pipelining.the_addsub   |         integer_addsubc_addsub_v12_0_14_fabric_legacy |         64 |         64 |       0 |    0 |   64 |      0 |      0 |    0 |          0 |
|                     i_lut6.i_lut6_addsub     |           integer_addsubc_addsub_v12_0_14_lut6_legacy |         64 |         64 |       0 |    0 |   64 |      0 |      0 |    0 |          0 |
|                       (i_lut6.i_lut6_addsub) |           integer_addsubc_addsub_v12_0_14_lut6_legacy |         64 |         64 |       0 |    0 |    0 |      0 |      0 |    0 |          0 |
|                       i_q.i_simple.qreg      |                    integer_addsubc_reg_fd_v12_0_6_viv |          0 |          0 |       0 |    0 |   64 |      0 |      0 |    0 |          0 |
|     glen[20].core_i                          |                       uop_block_wrap__parameterized10 |          1 |          1 |       0 |    0 |  320 |      0 |      0 |    0 |          0 |
|       (glen[20].core_i)                      |                       uop_block_wrap__parameterized10 |          0 |          0 |       0 |    0 |  128 |      0 |      0 |    0 |          0 |
|       core                                   |                            uop_block__parameterized10 |          1 |          1 |       0 |    0 |  192 |      0 |      0 |    0 |          0 |
|         (core)                               |                            uop_block__parameterized10 |          1 |          1 |       0 |    0 |   64 |      0 |      0 |    0 |          0 |
|         g[0].g_normal.alu_i                  |                      microop_unit__parameterized0__24 |          0 |          0 |       0 |    0 |   64 |      0 |      0 |    0 |          0 |
|         g[1].g_normal.alu_i                  |                          microop_unit__parameterized0 |          0 |          0 |       0 |    0 |   64 |      0 |      0 |    0 |          0 |
|     glen[2].core_i                           |             uop_block_wrap__parameterized1__xdcDup__1 |        193 |        193 |       0 |    0 |  960 |      0 |      0 |    0 |          0 |
|       (glen[2].core_i)                       |             uop_block_wrap__parameterized1__xdcDup__1 |          0 |          0 |       0 |    0 |  192 |      0 |      0 |    0 |          0 |
|       core                                   |                  uop_block__parameterized1__xdcDup__1 |        193 |        193 |       0 |    0 |  768 |      0 |      0 |    0 |          0 |
|         (core)                               |                  uop_block__parameterized1__xdcDup__1 |          1 |          1 |       0 |    0 |  256 |      0 |      0 |    0 |          0 |
|         g[0].g_normal.alu_i                  |                       microop_unit__parameterized0__8 |          0 |          0 |       0 |    0 |   64 |      0 |      0 |    0 |          0 |
|         g[1].g_normal.alu_i                  |                       microop_unit__parameterized2__4 |         64 |         64 |       0 |    0 |   64 |      0 |      0 |    0 |          0 |
|         g[2].g_normal.alu_i                  |                       microop_unit__parameterized0__9 |          0 |          0 |       0 |    0 |   64 |      0 |      0 |    0 |          0 |
|         g[3].g_normal.alu_i                  |                      microop_unit__parameterized0__10 |          0 |          0 |       0 |    0 |   64 |      0 |      0 |    0 |          0 |
|         g[4].g_normal.alu_i                  |               microop_unit__parameterized1__xdcDup__2 |         64 |         64 |       0 |    0 |  128 |      0 |      0 |    0 |          0 |
|           (g[4].g_normal.alu_i)              |               microop_unit__parameterized1__xdcDup__2 |          0 |          0 |       0 |    0 |   64 |      0 |      0 |    0 |          0 |
|           g_iadd.use_ip.u_addsub             |                                integer_addsub_HD15638 |         64 |         64 |       0 |    0 |   64 |      0 |      0 |    0 |          0 |
|             U0                               |               integer_addsubc_addsub_v12_0_14_HD15639 |         64 |         64 |       0 |    0 |   64 |      0 |      0 |    0 |          0 |
|               xst_addsub                     |           integer_addsubc_addsub_v12_0_14_viv_HD15640 |         64 |         64 |       0 |    0 |   64 |      0 |      0 |    0 |          0 |
|                 i_baseblox.i_baseblox_addsub |        integer_addsubc_addsub_v12_0_14_legacy_HD15641 |         64 |         64 |       0 |    0 |   64 |      0 |      0 |    0 |          0 |
|                   no_pipelining.the_addsub   | integer_addsubc_addsub_v12_0_14_fabric_legacy_HD15642 |         64 |         64 |       0 |    0 |   64 |      0 |      0 |    0 |          0 |
|                     i_lut6.i_lut6_addsub     |   integer_addsubc_addsub_v12_0_14_lut6_legacy_HD15643 |         64 |         64 |       0 |    0 |   64 |      0 |      0 |    0 |          0 |
|                       (i_lut6.i_lut6_addsub) |   integer_addsubc_addsub_v12_0_14_lut6_legacy_HD15643 |         64 |         64 |       0 |    0 |    0 |      0 |      0 |    0 |          0 |
|                       i_q.i_simple.qreg      |            integer_addsubc_reg_fd_v12_0_6_viv_HD15644 |          0 |          0 |       0 |    0 |   64 |      0 |      0 |    0 |          0 |
|         g[5].g_normal.alu_i                  |               microop_unit__parameterized1__xdcDup__3 |         64 |         64 |       0 |    0 |  128 |      0 |      0 |    0 |          0 |
|           (g[5].g_normal.alu_i)              |               microop_unit__parameterized1__xdcDup__3 |          0 |          0 |       0 |    0 |   64 |      0 |      0 |    0 |          0 |
|           g_iadd.use_ip.u_addsub             |                                integer_addsub_HD15645 |         64 |         64 |       0 |    0 |   64 |      0 |      0 |    0 |          0 |
|             U0                               |               integer_addsubc_addsub_v12_0_14_HD15646 |         64 |         64 |       0 |    0 |   64 |      0 |      0 |    0 |          0 |
|               xst_addsub                     |           integer_addsubc_addsub_v12_0_14_viv_HD15647 |         64 |         64 |       0 |    0 |   64 |      0 |      0 |    0 |          0 |
|                 i_baseblox.i_baseblox_addsub |        integer_addsubc_addsub_v12_0_14_legacy_HD15648 |         64 |         64 |       0 |    0 |   64 |      0 |      0 |    0 |          0 |
|                   no_pipelining.the_addsub   | integer_addsubc_addsub_v12_0_14_fabric_legacy_HD15649 |         64 |         64 |       0 |    0 |   64 |      0 |      0 |    0 |          0 |
|                     i_lut6.i_lut6_addsub     |   integer_addsubc_addsub_v12_0_14_lut6_legacy_HD15650 |         64 |         64 |       0 |    0 |   64 |      0 |      0 |    0 |          0 |
|                       (i_lut6.i_lut6_addsub) |   integer_addsubc_addsub_v12_0_14_lut6_legacy_HD15650 |         64 |         64 |       0 |    0 |    0 |      0 |      0 |    0 |          0 |
|                       i_q.i_simple.qreg      |            integer_addsubc_reg_fd_v12_0_6_viv_HD15651 |          0 |          0 |       0 |    0 |   64 |      0 |      0 |    0 |          0 |
|     glen[3].core_i                           |             uop_block_wrap__parameterized1__xdcDup__2 |        193 |        193 |       0 |    0 |  960 |      0 |      0 |    0 |          0 |
|       (glen[3].core_i)                       |             uop_block_wrap__parameterized1__xdcDup__2 |          0 |          0 |       0 |    0 |  192 |      0 |      0 |    0 |          0 |
|       core                                   |                  uop_block__parameterized1__xdcDup__2 |        193 |        193 |       0 |    0 |  768 |      0 |      0 |    0 |          0 |
|         (core)                               |                  uop_block__parameterized1__xdcDup__2 |          1 |          1 |       0 |    0 |  256 |      0 |      0 |    0 |          0 |
|         g[0].g_normal.alu_i                  |                      microop_unit__parameterized0__11 |          0 |          0 |       0 |    0 |   64 |      0 |      0 |    0 |          0 |
|         g[1].g_normal.alu_i                  |                       microop_unit__parameterized2__5 |         64 |         64 |       0 |    0 |   64 |      0 |      0 |    0 |          0 |
|         g[2].g_normal.alu_i                  |                      microop_unit__parameterized0__12 |          0 |          0 |       0 |    0 |   64 |      0 |      0 |    0 |          0 |
|         g[3].g_normal.alu_i                  |                      microop_unit__parameterized0__13 |          0 |          0 |       0 |    0 |   64 |      0 |      0 |    0 |          0 |
|         g[4].g_normal.alu_i                  |               microop_unit__parameterized1__xdcDup__4 |         64 |         64 |       0 |    0 |  128 |      0 |      0 |    0 |          0 |
|           (g[4].g_normal.alu_i)              |               microop_unit__parameterized1__xdcDup__4 |          0 |          0 |       0 |    0 |   64 |      0 |      0 |    0 |          0 |
|           g_iadd.use_ip.u_addsub             |                                integer_addsub_HD15652 |         64 |         64 |       0 |    0 |   64 |      0 |      0 |    0 |          0 |
|             U0                               |               integer_addsubc_addsub_v12_0_14_HD15653 |         64 |         64 |       0 |    0 |   64 |      0 |      0 |    0 |          0 |
|               xst_addsub                     |           integer_addsubc_addsub_v12_0_14_viv_HD15654 |         64 |         64 |       0 |    0 |   64 |      0 |      0 |    0 |          0 |
|                 i_baseblox.i_baseblox_addsub |        integer_addsubc_addsub_v12_0_14_legacy_HD15655 |         64 |         64 |       0 |    0 |   64 |      0 |      0 |    0 |          0 |
|                   no_pipelining.the_addsub   | integer_addsubc_addsub_v12_0_14_fabric_legacy_HD15656 |         64 |         64 |       0 |    0 |   64 |      0 |      0 |    0 |          0 |
|                     i_lut6.i_lut6_addsub     |   integer_addsubc_addsub_v12_0_14_lut6_legacy_HD15657 |         64 |         64 |       0 |    0 |   64 |      0 |      0 |    0 |          0 |
|                       (i_lut6.i_lut6_addsub) |   integer_addsubc_addsub_v12_0_14_lut6_legacy_HD15657 |         64 |         64 |       0 |    0 |    0 |      0 |      0 |    0 |          0 |
|                       i_q.i_simple.qreg      |            integer_addsubc_reg_fd_v12_0_6_viv_HD15658 |          0 |          0 |       0 |    0 |   64 |      0 |      0 |    0 |          0 |
|         g[5].g_normal.alu_i                  |               microop_unit__parameterized1__xdcDup__5 |         64 |         64 |       0 |    0 |  128 |      0 |      0 |    0 |          0 |
|           (g[5].g_normal.alu_i)              |               microop_unit__parameterized1__xdcDup__5 |          0 |          0 |       0 |    0 |   64 |      0 |      0 |    0 |          0 |
|           g_iadd.use_ip.u_addsub             |                                integer_addsub_HD15659 |         64 |         64 |       0 |    0 |   64 |      0 |      0 |    0 |          0 |
|             U0                               |               integer_addsubc_addsub_v12_0_14_HD15660 |         64 |         64 |       0 |    0 |   64 |      0 |      0 |    0 |          0 |
|               xst_addsub                     |           integer_addsubc_addsub_v12_0_14_viv_HD15661 |         64 |         64 |       0 |    0 |   64 |      0 |      0 |    0 |          0 |
|                 i_baseblox.i_baseblox_addsub |        integer_addsubc_addsub_v12_0_14_legacy_HD15662 |         64 |         64 |       0 |    0 |   64 |      0 |      0 |    0 |          0 |
|                   no_pipelining.the_addsub   | integer_addsubc_addsub_v12_0_14_fabric_legacy_HD15663 |         64 |         64 |       0 |    0 |   64 |      0 |      0 |    0 |          0 |
|                     i_lut6.i_lut6_addsub     |   integer_addsubc_addsub_v12_0_14_lut6_legacy_HD15664 |         64 |         64 |       0 |    0 |   64 |      0 |      0 |    0 |          0 |
|                       (i_lut6.i_lut6_addsub) |   integer_addsubc_addsub_v12_0_14_lut6_legacy_HD15664 |         64 |         64 |       0 |    0 |    0 |      0 |      0 |    0 |          0 |
|                       i_q.i_simple.qreg      |            integer_addsubc_reg_fd_v12_0_6_viv_HD15665 |          0 |          0 |       0 |    0 |   64 |      0 |      0 |    0 |          0 |
|     glen[4].core_i                           |             uop_block_wrap__parameterized1__xdcDup__3 |        193 |        193 |       0 |    0 |  960 |      0 |      0 |    0 |          0 |
|       (glen[4].core_i)                       |             uop_block_wrap__parameterized1__xdcDup__3 |          0 |          0 |       0 |    0 |  192 |      0 |      0 |    0 |          0 |
|       core                                   |                  uop_block__parameterized1__xdcDup__3 |        193 |        193 |       0 |    0 |  768 |      0 |      0 |    0 |          0 |
|         (core)                               |                  uop_block__parameterized1__xdcDup__3 |          1 |          1 |       0 |    0 |  256 |      0 |      0 |    0 |          0 |
|         g[0].g_normal.alu_i                  |                      microop_unit__parameterized0__14 |          0 |          0 |       0 |    0 |   64 |      0 |      0 |    0 |          0 |
|         g[1].g_normal.alu_i                  |                       microop_unit__parameterized2__6 |         64 |         64 |       0 |    0 |   64 |      0 |      0 |    0 |          0 |
|         g[2].g_normal.alu_i                  |                      microop_unit__parameterized0__15 |          0 |          0 |       0 |    0 |   64 |      0 |      0 |    0 |          0 |
|         g[3].g_normal.alu_i                  |                      microop_unit__parameterized0__16 |          0 |          0 |       0 |    0 |   64 |      0 |      0 |    0 |          0 |
|         g[4].g_normal.alu_i                  |               microop_unit__parameterized1__xdcDup__6 |         64 |         64 |       0 |    0 |  128 |      0 |      0 |    0 |          0 |
|           (g[4].g_normal.alu_i)              |               microop_unit__parameterized1__xdcDup__6 |          0 |          0 |       0 |    0 |   64 |      0 |      0 |    0 |          0 |
|           g_iadd.use_ip.u_addsub             |                                integer_addsub_HD15666 |         64 |         64 |       0 |    0 |   64 |      0 |      0 |    0 |          0 |
|             U0                               |               integer_addsubc_addsub_v12_0_14_HD15667 |         64 |         64 |       0 |    0 |   64 |      0 |      0 |    0 |          0 |
|               xst_addsub                     |           integer_addsubc_addsub_v12_0_14_viv_HD15668 |         64 |         64 |       0 |    0 |   64 |      0 |      0 |    0 |          0 |
|                 i_baseblox.i_baseblox_addsub |        integer_addsubc_addsub_v12_0_14_legacy_HD15669 |         64 |         64 |       0 |    0 |   64 |      0 |      0 |    0 |          0 |
|                   no_pipelining.the_addsub   | integer_addsubc_addsub_v12_0_14_fabric_legacy_HD15670 |         64 |         64 |       0 |    0 |   64 |      0 |      0 |    0 |          0 |
|                     i_lut6.i_lut6_addsub     |   integer_addsubc_addsub_v12_0_14_lut6_legacy_HD15671 |         64 |         64 |       0 |    0 |   64 |      0 |      0 |    0 |          0 |
|                       (i_lut6.i_lut6_addsub) |   integer_addsubc_addsub_v12_0_14_lut6_legacy_HD15671 |         64 |         64 |       0 |    0 |    0 |      0 |      0 |    0 |          0 |
|                       i_q.i_simple.qreg      |            integer_addsubc_reg_fd_v12_0_6_viv_HD15672 |          0 |          0 |       0 |    0 |   64 |      0 |      0 |    0 |          0 |
|         g[5].g_normal.alu_i                  |               microop_unit__parameterized1__xdcDup__7 |         64 |         64 |       0 |    0 |  128 |      0 |      0 |    0 |          0 |
|           (g[5].g_normal.alu_i)              |               microop_unit__parameterized1__xdcDup__7 |          0 |          0 |       0 |    0 |   64 |      0 |      0 |    0 |          0 |
|           g_iadd.use_ip.u_addsub             |                                integer_addsub_HD15673 |         64 |         64 |       0 |    0 |   64 |      0 |      0 |    0 |          0 |
|             U0                               |               integer_addsubc_addsub_v12_0_14_HD15674 |         64 |         64 |       0 |    0 |   64 |      0 |      0 |    0 |          0 |
|               xst_addsub                     |           integer_addsubc_addsub_v12_0_14_viv_HD15675 |         64 |         64 |       0 |    0 |   64 |      0 |      0 |    0 |          0 |
|                 i_baseblox.i_baseblox_addsub |        integer_addsubc_addsub_v12_0_14_legacy_HD15676 |         64 |         64 |       0 |    0 |   64 |      0 |      0 |    0 |          0 |
|                   no_pipelining.the_addsub   | integer_addsubc_addsub_v12_0_14_fabric_legacy_HD15677 |         64 |         64 |       0 |    0 |   64 |      0 |      0 |    0 |          0 |
|                     i_lut6.i_lut6_addsub     |   integer_addsubc_addsub_v12_0_14_lut6_legacy_HD15678 |         64 |         64 |       0 |    0 |   64 |      0 |      0 |    0 |          0 |
|                       (i_lut6.i_lut6_addsub) |   integer_addsubc_addsub_v12_0_14_lut6_legacy_HD15678 |         64 |         64 |       0 |    0 |    0 |      0 |      0 |    0 |          0 |
|                       i_q.i_simple.qreg      |            integer_addsubc_reg_fd_v12_0_6_viv_HD15679 |          0 |          0 |       0 |    0 |   64 |      0 |      0 |    0 |          0 |
|     glen[5].core_i                           |                        uop_block_wrap__parameterized1 |        193 |        193 |       0 |    0 |  960 |      0 |      0 |    0 |          0 |
|       (glen[5].core_i)                       |                        uop_block_wrap__parameterized1 |          0 |          0 |       0 |    0 |  192 |      0 |      0 |    0 |          0 |
|       core                                   |                             uop_block__parameterized1 |        193 |        193 |       0 |    0 |  768 |      0 |      0 |    0 |          0 |
|         (core)                               |                             uop_block__parameterized1 |          1 |          1 |       0 |    0 |  256 |      0 |      0 |    0 |          0 |
|         g[0].g_normal.alu_i                  |                      microop_unit__parameterized0__17 |          0 |          0 |       0 |    0 |   64 |      0 |      0 |    0 |          0 |
|         g[1].g_normal.alu_i                  |                       microop_unit__parameterized2__7 |         64 |         64 |       0 |    0 |   64 |      0 |      0 |    0 |          0 |
|         g[2].g_normal.alu_i                  |                      microop_unit__parameterized0__18 |          0 |          0 |       0 |    0 |   64 |      0 |      0 |    0 |          0 |
|         g[3].g_normal.alu_i                  |                      microop_unit__parameterized0__19 |          0 |          0 |       0 |    0 |   64 |      0 |      0 |    0 |          0 |
|         g[4].g_normal.alu_i                  |               microop_unit__parameterized1__xdcDup__8 |         64 |         64 |       0 |    0 |  128 |      0 |      0 |    0 |          0 |
|           (g[4].g_normal.alu_i)              |               microop_unit__parameterized1__xdcDup__8 |          0 |          0 |       0 |    0 |   64 |      0 |      0 |    0 |          0 |
|           g_iadd.use_ip.u_addsub             |                                integer_addsub_HD15680 |         64 |         64 |       0 |    0 |   64 |      0 |      0 |    0 |          0 |
|             U0                               |               integer_addsubc_addsub_v12_0_14_HD15681 |         64 |         64 |       0 |    0 |   64 |      0 |      0 |    0 |          0 |
|               xst_addsub                     |           integer_addsubc_addsub_v12_0_14_viv_HD15682 |         64 |         64 |       0 |    0 |   64 |      0 |      0 |    0 |          0 |
|                 i_baseblox.i_baseblox_addsub |        integer_addsubc_addsub_v12_0_14_legacy_HD15683 |         64 |         64 |       0 |    0 |   64 |      0 |      0 |    0 |          0 |
|                   no_pipelining.the_addsub   | integer_addsubc_addsub_v12_0_14_fabric_legacy_HD15684 |         64 |         64 |       0 |    0 |   64 |      0 |      0 |    0 |          0 |
|                     i_lut6.i_lut6_addsub     |   integer_addsubc_addsub_v12_0_14_lut6_legacy_HD15685 |         64 |         64 |       0 |    0 |   64 |      0 |      0 |    0 |          0 |
|                       (i_lut6.i_lut6_addsub) |   integer_addsubc_addsub_v12_0_14_lut6_legacy_HD15685 |         64 |         64 |       0 |    0 |    0 |      0 |      0 |    0 |          0 |
|                       i_q.i_simple.qreg      |            integer_addsubc_reg_fd_v12_0_6_viv_HD15686 |          0 |          0 |       0 |    0 |   64 |      0 |      0 |    0 |          0 |
|         g[5].g_normal.alu_i                  |               microop_unit__parameterized1__xdcDup__9 |         64 |         64 |       0 |    0 |  128 |      0 |      0 |    0 |          0 |
|           (g[5].g_normal.alu_i)              |               microop_unit__parameterized1__xdcDup__9 |          0 |          0 |       0 |    0 |   64 |      0 |      0 |    0 |          0 |
|           g_iadd.use_ip.u_addsub             |                                integer_addsub_HD15687 |         64 |         64 |       0 |    0 |   64 |      0 |      0 |    0 |          0 |
|             U0                               |               integer_addsubc_addsub_v12_0_14_HD15688 |         64 |         64 |       0 |    0 |   64 |      0 |      0 |    0 |          0 |
|               xst_addsub                     |           integer_addsubc_addsub_v12_0_14_viv_HD15689 |         64 |         64 |       0 |    0 |   64 |      0 |      0 |    0 |          0 |
|                 i_baseblox.i_baseblox_addsub |        integer_addsubc_addsub_v12_0_14_legacy_HD15690 |         64 |         64 |       0 |    0 |   64 |      0 |      0 |    0 |          0 |
|                   no_pipelining.the_addsub   | integer_addsubc_addsub_v12_0_14_fabric_legacy_HD15691 |         64 |         64 |       0 |    0 |   64 |      0 |      0 |    0 |          0 |
|                     i_lut6.i_lut6_addsub     |   integer_addsubc_addsub_v12_0_14_lut6_legacy_HD15692 |         64 |         64 |       0 |    0 |   64 |      0 |      0 |    0 |          0 |
|                       (i_lut6.i_lut6_addsub) |   integer_addsubc_addsub_v12_0_14_lut6_legacy_HD15692 |         64 |         64 |       0 |    0 |    0 |      0 |      0 |    0 |          0 |
|                       i_q.i_simple.qreg      |            integer_addsubc_reg_fd_v12_0_6_viv_HD15693 |          0 |          0 |       0 |    0 |   64 |      0 |      0 |    0 |          0 |
|     glen[6].core_i                           |                     uop_block_wrap__parameterized2__1 |         16 |         16 |       0 |    0 |  177 |      0 |      0 |    0 |          3 |
|       (glen[6].core_i)                       |                     uop_block_wrap__parameterized2__1 |          0 |          0 |       0 |    0 |   96 |      0 |      0 |    0 |          0 |
|       core                                   |                          uop_block__parameterized2__1 |         16 |         16 |       0 |    0 |   81 |      0 |      0 |    0 |          3 |
|         (core)                               |                          uop_block__parameterized2__1 |          1 |          1 |       0 |    0 |   32 |      0 |      0 |    0 |          0 |
|         g[0].g_normal.alu_i                  |                       microop_unit__parameterized3__1 |          0 |          0 |       0 |    0 |   32 |      0 |      0 |    0 |          0 |
|         g[1].g_normal.alu_i                  |                       microop_unit__parameterized4__3 |         15 |         15 |       0 |    0 |   17 |      0 |      0 |    0 |          3 |
|     glen[7].core_i                           |                     uop_block_wrap__parameterized3__1 |         48 |         48 |       0 |    0 |  177 |      0 |      0 |    0 |          3 |
|       (glen[7].core_i)                       |                     uop_block_wrap__parameterized3__1 |          0 |          0 |       0 |    0 |   96 |      0 |      0 |    0 |          0 |
|       core                                   |                          uop_block__parameterized3__1 |         48 |         48 |       0 |    0 |   81 |      0 |      0 |    0 |          3 |
|         (core)                               |                          uop_block__parameterized3__1 |          1 |          1 |       0 |    0 |   32 |      0 |      0 |    0 |          0 |
|         g[0].g_normal.alu_i                  |                       microop_unit__parameterized4__2 |         15 |         15 |       0 |    0 |   17 |      0 |      0 |    0 |          3 |
|         g[1].g_normal.alu_i                  |                       microop_unit__parameterized5__3 |         32 |         32 |       0 |    0 |   32 |      0 |      0 |    0 |          0 |
|     glen[8].core_i                           |                        uop_block_wrap__parameterized0 |         65 |         65 |       0 |    0 |  704 |      0 |      0 |    0 |          0 |
|       (glen[8].core_i)                       |                        uop_block_wrap__parameterized0 |          0 |          0 |       0 |    0 |  192 |      0 |      0 |    0 |          0 |
|       core                                   |                             uop_block__parameterized0 |         65 |         65 |       0 |    0 |  512 |      0 |      0 |    0 |          0 |
|         (core)                               |                             uop_block__parameterized0 |          1 |          1 |       0 |    0 |  192 |      0 |      0 |    0 |          0 |
|         g[0].g_normal.alu_i                  |                      microop_unit__parameterized0__20 |          0 |          0 |       0 |    0 |   64 |      0 |      0 |    0 |          0 |
|         g[1].g_normal.alu_i                  |                      microop_unit__parameterized0__21 |          0 |          0 |       0 |    0 |   64 |      0 |      0 |    0 |          0 |
|         g[2].g_normal.alu_i                  |                      microop_unit__parameterized0__22 |          0 |          0 |       0 |    0 |   64 |      0 |      0 |    0 |          0 |
|         g[3].g_normal.alu_i                  |              microop_unit__parameterized1__xdcDup__10 |         64 |         64 |       0 |    0 |  128 |      0 |      0 |    0 |          0 |
|           (g[3].g_normal.alu_i)              |              microop_unit__parameterized1__xdcDup__10 |          0 |          0 |       0 |    0 |   64 |      0 |      0 |    0 |          0 |
|           g_iadd.use_ip.u_addsub             |                                integer_addsub_HD15694 |         64 |         64 |       0 |    0 |   64 |      0 |      0 |    0 |          0 |
|             U0                               |               integer_addsubc_addsub_v12_0_14_HD15695 |         64 |         64 |       0 |    0 |   64 |      0 |      0 |    0 |          0 |
|               xst_addsub                     |           integer_addsubc_addsub_v12_0_14_viv_HD15696 |         64 |         64 |       0 |    0 |   64 |      0 |      0 |    0 |          0 |
|                 i_baseblox.i_baseblox_addsub |        integer_addsubc_addsub_v12_0_14_legacy_HD15697 |         64 |         64 |       0 |    0 |   64 |      0 |      0 |    0 |          0 |
|                   no_pipelining.the_addsub   | integer_addsubc_addsub_v12_0_14_fabric_legacy_HD15698 |         64 |         64 |       0 |    0 |   64 |      0 |      0 |    0 |          0 |
|                     i_lut6.i_lut6_addsub     |   integer_addsubc_addsub_v12_0_14_lut6_legacy_HD15699 |         64 |         64 |       0 |    0 |   64 |      0 |      0 |    0 |          0 |
|                       (i_lut6.i_lut6_addsub) |   integer_addsubc_addsub_v12_0_14_lut6_legacy_HD15699 |         64 |         64 |       0 |    0 |    0 |      0 |      0 |    0 |          0 |
|                       i_q.i_simple.qreg      |            integer_addsubc_reg_fd_v12_0_6_viv_HD15700 |          0 |          0 |       0 |    0 |   64 |      0 |      0 |    0 |          0 |
|     glen[9].core_i                           |                        uop_block_wrap__parameterized4 |          1 |          1 |       0 |    0 |  192 |      0 |      0 |    0 |          0 |
|       (glen[9].core_i)                       |                        uop_block_wrap__parameterized4 |          0 |          0 |       0 |    0 |   96 |      0 |      0 |    0 |          0 |
|       core                                   |                             uop_block__parameterized4 |          1 |          1 |       0 |    0 |   96 |      0 |      0 |    0 |          0 |
|         (core)                               |                             uop_block__parameterized4 |          1 |          1 |       0 |    0 |   32 |      0 |      0 |    0 |          0 |
|         g[0].g_normal.alu_i                  |                       microop_unit__parameterized6__1 |          0 |          0 |       0 |    0 |   32 |      0 |      0 |    0 |          0 |
|         g[1].g_normal.alu_i                  |                          microop_unit__parameterized7 |          0 |          0 |       0 |    0 |   32 |      0 |      0 |    0 |          0 |
+----------------------------------------------+-------------------------------------------------------+------------+------------+---------+------+------+--------+--------+------+------------+


