Copyright 1986-2020 Xilinx, Inc. All Rights Reserved.
---------------------------------------------------------------------------------------------------------------------------------------------------------
| Tool Version : Vivado v.2020.1 (lin64) Build 2902540 Wed May 27 19:54:35 MDT 2020
| Date         : Sun Sep 21 23:51:10 2025
| Host         : orthanc running 64-bit Ubuntu 22.04.4 LTS
| Command      : report_utilization -hierarchical -file /home/jyoo/custom_v_2/custom-core-tool/reports/alubase/benches/602_gcc_s/602_gcc_s_util_hier.rpt
| Design       : top_bench__602_gcc_s
| Device       : xcu200fsgd2104-2
| Design State : Optimized
---------------------------------------------------------------------------------------------------------------------------------------------------------

Utilization Design Information

Table of Contents
-----------------
1. Utilization by Hierarchy

1. Utilization by Hierarchy
---------------------------

+-----------------------------+-----------------------------------+------------+------------+---------+------+------+--------+--------+------+------------+
|           Instance          |               Module              | Total LUTs | Logic LUTs | LUTRAMs | SRLs |  FFs | RAMB36 | RAMB18 | URAM | DSP Blocks |
+-----------------------------+-----------------------------------+------------+------------+---------+------+------+--------+--------+------+------------+
| top_bench__602_gcc_s        |                             (top) |        348 |        348 |       0 |    0 | 2130 |      0 |      0 |    0 |          0 |
|   (top_bench__602_gcc_s)    |                             (top) |          0 |          0 |       0 |    0 |    0 |      0 |      0 |    0 |          0 |
|   u_602_gcc_s               |             bench_core__602_gcc_s |        348 |        348 |       0 |    0 | 2130 |      0 |      0 |    0 |          0 |
|     (u_602_gcc_s)           |             bench_core__602_gcc_s |        262 |        262 |       0 |    0 |    0 |      0 |      0 |    0 |          0 |
|     glen[0].core_i          |                    uop_block_wrap |          1 |          1 |       0 |    0 |   78 |      0 |      0 |    0 |          0 |
|       (glen[0].core_i)      |                    uop_block_wrap |          0 |          0 |       0 |    0 |   52 |      0 |      0 |    0 |          0 |
|       core                  |                         uop_block |          1 |          1 |       0 |    0 |   26 |      0 |      0 |    0 |          0 |
|         (core)              |                         uop_block |          1 |          1 |       0 |    0 |    0 |      0 |      0 |    0 |          0 |
|         g[0].g_normal.alu_i |                   microop_unit__1 |          0 |          0 |       0 |    0 |   26 |      0 |      0 |    0 |          0 |
|     glen[10].core_i         | uop_block_wrap__parameterized3__2 |          1 |          1 |       0 |    0 |  256 |      0 |      0 |    0 |          0 |
|       (glen[10].core_i)     | uop_block_wrap__parameterized3__2 |          0 |          0 |       0 |    0 |  128 |      0 |      0 |    0 |          0 |
|       core                  |      uop_block__parameterized3__2 |          1 |          1 |       0 |    0 |  128 |      0 |      0 |    0 |          0 |
|         (core)              |      uop_block__parameterized3__2 |          1 |          1 |       0 |    0 |    0 |      0 |      0 |    0 |          0 |
|         g[0].g_normal.alu_i |   microop_unit__parameterized1__6 |          0 |          0 |       0 |    0 |   64 |      0 |      0 |    0 |          0 |
|         g[1].g_normal.alu_i |   microop_unit__parameterized1__5 |          0 |          0 |       0 |    0 |   64 |      0 |      0 |    0 |          0 |
|     glen[11].core_i         | uop_block_wrap__parameterized0__5 |          1 |          1 |       0 |    0 |   75 |      0 |      0 |    0 |          0 |
|       (glen[11].core_i)     | uop_block_wrap__parameterized0__5 |          0 |          0 |       0 |    0 |   50 |      0 |      0 |    0 |          0 |
|       core                  |      uop_block__parameterized0__5 |          1 |          1 |       0 |    0 |   25 |      0 |      0 |    0 |          0 |
|         (core)              |      uop_block__parameterized0__5 |          1 |          1 |       0 |    0 |    0 |      0 |      0 |    0 |          0 |
|         g[0].g_normal.alu_i |                  microop_unit__12 |          0 |          0 |       0 |    0 |   25 |      0 |      0 |    0 |          0 |
|     glen[12].core_i         | uop_block_wrap__parameterized4__1 |          1 |          1 |       0 |    0 |    4 |      0 |      0 |    0 |          0 |
|       (glen[12].core_i)     | uop_block_wrap__parameterized4__1 |          0 |          0 |       0 |    0 |    2 |      0 |      0 |    0 |          0 |
|       core                  |      uop_block__parameterized4__1 |          1 |          1 |       0 |    0 |    2 |      0 |      0 |    0 |          0 |
|         (core)              |      uop_block__parameterized4__1 |          1 |          1 |       0 |    0 |    0 |      0 |      0 |    0 |          0 |
|         g[0].g_normal.alu_i |                  microop_unit__15 |          0 |          0 |       0 |    0 |    1 |      0 |      0 |    0 |          0 |
|         g[2].g_normal.alu_i |   microop_unit__parameterized0__8 |          0 |          0 |       0 |    0 |    1 |      0 |      0 |    0 |          0 |
|     glen[13].core_i         |    uop_block_wrap__parameterized5 |         65 |         65 |       0 |    0 |  384 |      0 |      0 |    0 |          0 |
|       (glen[13].core_i)     |    uop_block_wrap__parameterized5 |          0 |          0 |       0 |    0 |  192 |      0 |      0 |    0 |          0 |
|       core                  |         uop_block__parameterized5 |         65 |         65 |       0 |    0 |  192 |      0 |      0 |    0 |          0 |
|         (core)              |         uop_block__parameterized5 |          1 |          1 |       0 |    0 |   64 |      0 |      0 |    0 |          0 |
|         g[0].g_normal.alu_i |      microop_unit__parameterized2 |         64 |         64 |       0 |    0 |   64 |      0 |      0 |    0 |          0 |
|         g[1].g_normal.alu_i |      microop_unit__parameterized1 |          0 |          0 |       0 |    0 |   64 |      0 |      0 |    0 |          0 |
|     glen[14].core_i         |    uop_block_wrap__parameterized1 |          1 |          1 |       0 |    0 |    6 |      0 |      0 |    0 |          0 |
|       (glen[14].core_i)     |    uop_block_wrap__parameterized1 |          0 |          0 |       0 |    0 |    2 |      0 |      0 |    0 |          0 |
|       core                  |         uop_block__parameterized1 |          1 |          1 |       0 |    0 |    4 |      0 |      0 |    0 |          0 |
|         (core)              |         uop_block__parameterized1 |          1 |          1 |       0 |    0 |    1 |      0 |      0 |    0 |          0 |
|         g[0].g_normal.alu_i |                   microop_unit__3 |          0 |          0 |       0 |    0 |    1 |      0 |      0 |    0 |          0 |
|         g[2].g_normal.alu_i |   microop_unit__parameterized0__1 |          0 |          0 |       0 |    0 |    1 |      0 |      0 |    0 |          0 |
|         g[3].g_normal.alu_i |                   microop_unit__4 |          0 |          0 |       0 |    0 |    1 |      0 |      0 |    0 |          0 |
|     glen[15].core_i         | uop_block_wrap__parameterized0__6 |          1 |          1 |       0 |    0 |   75 |      0 |      0 |    0 |          0 |
|       (glen[15].core_i)     | uop_block_wrap__parameterized0__6 |          0 |          0 |       0 |    0 |   50 |      0 |      0 |    0 |          0 |
|       core                  |      uop_block__parameterized0__6 |          1 |          1 |       0 |    0 |   25 |      0 |      0 |    0 |          0 |
|         (core)              |      uop_block__parameterized0__6 |          1 |          1 |       0 |    0 |    0 |      0 |      0 |    0 |          0 |
|         g[0].g_normal.alu_i |                  microop_unit__13 |          0 |          0 |       0 |    0 |   25 |      0 |      0 |    0 |          0 |
|     glen[16].core_i         | uop_block_wrap__parameterized0__7 |          1 |          1 |       0 |    0 |   75 |      0 |      0 |    0 |          0 |
|       (glen[16].core_i)     | uop_block_wrap__parameterized0__7 |          0 |          0 |       0 |    0 |   50 |      0 |      0 |    0 |          0 |
|       core                  |      uop_block__parameterized0__7 |          1 |          1 |       0 |    0 |   25 |      0 |      0 |    0 |          0 |
|         (core)              |      uop_block__parameterized0__7 |          1 |          1 |       0 |    0 |    0 |      0 |      0 |    0 |          0 |
|         g[0].g_normal.alu_i |                  microop_unit__14 |          0 |          0 |       0 |    0 |   25 |      0 |      0 |    0 |          0 |
|     glen[17].core_i         |    uop_block_wrap__parameterized4 |          1 |          1 |       0 |    0 |    4 |      0 |      0 |    0 |          0 |
|       (glen[17].core_i)     |    uop_block_wrap__parameterized4 |          0 |          0 |       0 |    0 |    2 |      0 |      0 |    0 |          0 |
|       core                  |         uop_block__parameterized4 |          1 |          1 |       0 |    0 |    2 |      0 |      0 |    0 |          0 |
|         (core)              |         uop_block__parameterized4 |          1 |          1 |       0 |    0 |    0 |      0 |      0 |    0 |          0 |
|         g[0].g_normal.alu_i |                      microop_unit |          0 |          0 |       0 |    0 |    1 |      0 |      0 |    0 |          0 |
|         g[2].g_normal.alu_i |      microop_unit__parameterized0 |          0 |          0 |       0 |    0 |    1 |      0 |      0 |    0 |          0 |
|     glen[18].core_i         |    uop_block_wrap__parameterized0 |          1 |          1 |       0 |    0 |   75 |      0 |      0 |    0 |          0 |
|       (glen[18].core_i)     |    uop_block_wrap__parameterized0 |          0 |          0 |       0 |    0 |   50 |      0 |      0 |    0 |          0 |
|       core                  |         uop_block__parameterized0 |          1 |          1 |       0 |    0 |   25 |      0 |      0 |    0 |          0 |
|         (core)              |         uop_block__parameterized0 |          1 |          1 |       0 |    0 |    0 |      0 |      0 |    0 |          0 |
|         g[0].g_normal.alu_i |                   microop_unit__2 |          0 |          0 |       0 |    0 |   25 |      0 |      0 |    0 |          0 |
|     glen[19].core_i         | uop_block_wrap__parameterized3__3 |          1 |          1 |       0 |    0 |  256 |      0 |      0 |    0 |          0 |
|       (glen[19].core_i)     | uop_block_wrap__parameterized3__3 |          0 |          0 |       0 |    0 |  128 |      0 |      0 |    0 |          0 |
|       core                  |      uop_block__parameterized3__3 |          1 |          1 |       0 |    0 |  128 |      0 |      0 |    0 |          0 |
|         (core)              |      uop_block__parameterized3__3 |          1 |          1 |       0 |    0 |    0 |      0 |      0 |    0 |          0 |
|         g[0].g_normal.alu_i |   microop_unit__parameterized1__8 |          0 |          0 |       0 |    0 |   64 |      0 |      0 |    0 |          0 |
|         g[1].g_normal.alu_i |   microop_unit__parameterized1__7 |          0 |          0 |       0 |    0 |   64 |      0 |      0 |    0 |          0 |
|     glen[1].core_i          | uop_block_wrap__parameterized0__1 |          1 |          1 |       0 |    0 |   75 |      0 |      0 |    0 |          0 |
|       (glen[1].core_i)      | uop_block_wrap__parameterized0__1 |          0 |          0 |       0 |    0 |   50 |      0 |      0 |    0 |          0 |
|       core                  |      uop_block__parameterized0__1 |          1 |          1 |       0 |    0 |   25 |      0 |      0 |    0 |          0 |
|         (core)              |      uop_block__parameterized0__1 |          1 |          1 |       0 |    0 |    0 |      0 |      0 |    0 |          0 |
|         g[0].g_normal.alu_i |                   microop_unit__8 |          0 |          0 |       0 |    0 |   25 |      0 |      0 |    0 |          0 |
|     glen[20].core_i         |    uop_block_wrap__parameterized3 |          1 |          1 |       0 |    0 |  256 |      0 |      0 |    0 |          0 |
|       (glen[20].core_i)     |    uop_block_wrap__parameterized3 |          0 |          0 |       0 |    0 |  128 |      0 |      0 |    0 |          0 |
|       core                  |         uop_block__parameterized3 |          1 |          1 |       0 |    0 |  128 |      0 |      0 |    0 |          0 |
|         (core)              |         uop_block__parameterized3 |          1 |          1 |       0 |    0 |    0 |      0 |      0 |    0 |          0 |
|         g[0].g_normal.alu_i |   microop_unit__parameterized1__1 |          0 |          0 |       0 |    0 |   64 |      0 |      0 |    0 |          0 |
|         g[1].g_normal.alu_i |   microop_unit__parameterized1__2 |          0 |          0 |       0 |    0 |   64 |      0 |      0 |    0 |          0 |
|     glen[21].core_i         |    uop_block_wrap__parameterized2 |          1 |          1 |       0 |    0 |    6 |      0 |      0 |    0 |          0 |
|       (glen[21].core_i)     |    uop_block_wrap__parameterized2 |          0 |          0 |       0 |    0 |    2 |      0 |      0 |    0 |          0 |
|       core                  |         uop_block__parameterized2 |          1 |          1 |       0 |    0 |    4 |      0 |      0 |    0 |          0 |
|         (core)              |         uop_block__parameterized2 |          1 |          1 |       0 |    0 |    1 |      0 |      0 |    0 |          0 |
|         g[0].g_normal.alu_i |                   microop_unit__5 |          0 |          0 |       0 |    0 |    1 |      0 |      0 |    0 |          0 |
|         g[2].g_normal.alu_i |   microop_unit__parameterized0__2 |          0 |          0 |       0 |    0 |    1 |      0 |      0 |    0 |          0 |
|         g[3].g_normal.alu_i |   microop_unit__parameterized0__3 |          0 |          0 |       0 |    0 |    1 |      0 |      0 |    0 |          0 |
|     glen[2].core_i          | uop_block_wrap__parameterized1__1 |          1 |          1 |       0 |    0 |    6 |      0 |      0 |    0 |          0 |
|       (glen[2].core_i)      | uop_block_wrap__parameterized1__1 |          0 |          0 |       0 |    0 |    2 |      0 |      0 |    0 |          0 |
|       core                  |      uop_block__parameterized1__1 |          1 |          1 |       0 |    0 |    4 |      0 |      0 |    0 |          0 |
|         (core)              |      uop_block__parameterized1__1 |          1 |          1 |       0 |    0 |    1 |      0 |      0 |    0 |          0 |
|         g[0].g_normal.alu_i |                  microop_unit__17 |          0 |          0 |       0 |    0 |    1 |      0 |      0 |    0 |          0 |
|         g[2].g_normal.alu_i |   microop_unit__parameterized0__9 |          0 |          0 |       0 |    0 |    1 |      0 |      0 |    0 |          0 |
|         g[3].g_normal.alu_i |                  microop_unit__16 |          0 |          0 |       0 |    0 |    1 |      0 |      0 |    0 |          0 |
|     glen[3].core_i          | uop_block_wrap__parameterized0__2 |          1 |          1 |       0 |    0 |   75 |      0 |      0 |    0 |          0 |
|       (glen[3].core_i)      | uop_block_wrap__parameterized0__2 |          0 |          0 |       0 |    0 |   50 |      0 |      0 |    0 |          0 |
|       core                  |      uop_block__parameterized0__2 |          1 |          1 |       0 |    0 |   25 |      0 |      0 |    0 |          0 |
|         (core)              |      uop_block__parameterized0__2 |          1 |          1 |       0 |    0 |    0 |      0 |      0 |    0 |          0 |
|         g[0].g_normal.alu_i |                   microop_unit__9 |          0 |          0 |       0 |    0 |   25 |      0 |      0 |    0 |          0 |
|     glen[4].core_i          | uop_block_wrap__parameterized2__1 |          1 |          1 |       0 |    0 |    6 |      0 |      0 |    0 |          0 |
|       (glen[4].core_i)      | uop_block_wrap__parameterized2__1 |          0 |          0 |       0 |    0 |    2 |      0 |      0 |    0 |          0 |
|       core                  |      uop_block__parameterized2__1 |          1 |          1 |       0 |    0 |    4 |      0 |      0 |    0 |          0 |
|         (core)              |      uop_block__parameterized2__1 |          1 |          1 |       0 |    0 |    1 |      0 |      0 |    0 |          0 |
|         g[0].g_normal.alu_i |                   microop_unit__6 |          0 |          0 |       0 |    0 |    1 |      0 |      0 |    0 |          0 |
|         g[2].g_normal.alu_i |   microop_unit__parameterized0__5 |          0 |          0 |       0 |    0 |    1 |      0 |      0 |    0 |          0 |
|         g[3].g_normal.alu_i |   microop_unit__parameterized0__4 |          0 |          0 |       0 |    0 |    1 |      0 |      0 |    0 |          0 |
|     glen[5].core_i          | uop_block_wrap__parameterized0__3 |          1 |          1 |       0 |    0 |   75 |      0 |      0 |    0 |          0 |
|       (glen[5].core_i)      | uop_block_wrap__parameterized0__3 |          0 |          0 |       0 |    0 |   50 |      0 |      0 |    0 |          0 |
|       core                  |      uop_block__parameterized0__3 |          1 |          1 |       0 |    0 |   25 |      0 |      0 |    0 |          0 |
|         (core)              |      uop_block__parameterized0__3 |          1 |          1 |       0 |    0 |    0 |      0 |      0 |    0 |          0 |
|         g[0].g_normal.alu_i |                  microop_unit__10 |          0 |          0 |       0 |    0 |   25 |      0 |      0 |    0 |          0 |
|     glen[6].core_i          | uop_block_wrap__parameterized1__2 |          1 |          1 |       0 |    0 |    6 |      0 |      0 |    0 |          0 |
|       (glen[6].core_i)      | uop_block_wrap__parameterized1__2 |          0 |          0 |       0 |    0 |    2 |      0 |      0 |    0 |          0 |
|       core                  |      uop_block__parameterized1__2 |          1 |          1 |       0 |    0 |    4 |      0 |      0 |    0 |          0 |
|         (core)              |      uop_block__parameterized1__2 |          1 |          1 |       0 |    0 |    1 |      0 |      0 |    0 |          0 |
|         g[0].g_normal.alu_i |                  microop_unit__19 |          0 |          0 |       0 |    0 |    1 |      0 |      0 |    0 |          0 |
|         g[2].g_normal.alu_i |  microop_unit__parameterized0__10 |          0 |          0 |       0 |    0 |    1 |      0 |      0 |    0 |          0 |
|         g[3].g_normal.alu_i |                  microop_unit__18 |          0 |          0 |       0 |    0 |    1 |      0 |      0 |    0 |          0 |
|     glen[7].core_i          | uop_block_wrap__parameterized0__4 |          1 |          1 |       0 |    0 |   75 |      0 |      0 |    0 |          0 |
|       (glen[7].core_i)      | uop_block_wrap__parameterized0__4 |          0 |          0 |       0 |    0 |   50 |      0 |      0 |    0 |          0 |
|       core                  |      uop_block__parameterized0__4 |          1 |          1 |       0 |    0 |   25 |      0 |      0 |    0 |          0 |
|         (core)              |      uop_block__parameterized0__4 |          1 |          1 |       0 |    0 |    0 |      0 |      0 |    0 |          0 |
|         g[0].g_normal.alu_i |                  microop_unit__11 |          0 |          0 |       0 |    0 |   25 |      0 |      0 |    0 |          0 |
|     glen[8].core_i          | uop_block_wrap__parameterized2__2 |          1 |          1 |       0 |    0 |    6 |      0 |      0 |    0 |          0 |
|       (glen[8].core_i)      | uop_block_wrap__parameterized2__2 |          0 |          0 |       0 |    0 |    2 |      0 |      0 |    0 |          0 |
|       core                  |      uop_block__parameterized2__2 |          1 |          1 |       0 |    0 |    4 |      0 |      0 |    0 |          0 |
|         (core)              |      uop_block__parameterized2__2 |          1 |          1 |       0 |    0 |    1 |      0 |      0 |    0 |          0 |
|         g[0].g_normal.alu_i |                   microop_unit__7 |          0 |          0 |       0 |    0 |    1 |      0 |      0 |    0 |          0 |
|         g[2].g_normal.alu_i |   microop_unit__parameterized0__7 |          0 |          0 |       0 |    0 |    1 |      0 |      0 |    0 |          0 |
|         g[3].g_normal.alu_i |   microop_unit__parameterized0__6 |          0 |          0 |       0 |    0 |    1 |      0 |      0 |    0 |          0 |
|     glen[9].core_i          | uop_block_wrap__parameterized3__1 |          1 |          1 |       0 |    0 |  256 |      0 |      0 |    0 |          0 |
|       (glen[9].core_i)      | uop_block_wrap__parameterized3__1 |          0 |          0 |       0 |    0 |  128 |      0 |      0 |    0 |          0 |
|       core                  |      uop_block__parameterized3__1 |          1 |          1 |       0 |    0 |  128 |      0 |      0 |    0 |          0 |
|         (core)              |      uop_block__parameterized3__1 |          1 |          1 |       0 |    0 |    0 |      0 |      0 |    0 |          0 |
|         g[0].g_normal.alu_i |   microop_unit__parameterized1__4 |          0 |          0 |       0 |    0 |   64 |      0 |      0 |    0 |          0 |
|         g[1].g_normal.alu_i |   microop_unit__parameterized1__3 |          0 |          0 |       0 |    0 |   64 |      0 |      0 |    0 |          0 |
+-----------------------------+-----------------------------------+------------+------------+---------+------+------+--------+--------+------+------------+


