Copyright 1986-2020 Xilinx, Inc. All Rights Reserved.
-------------------------------------------------------------------------------------------------------------------------------------------------------
| Tool Version : Vivado v.2020.1 (lin64) Build 2902540 Wed May 27 19:54:35 MDT 2020
| Date         : Sun Sep 21 23:49:39 2025
| Host         : orthanc running 64-bit Ubuntu 22.04.4 LTS
| Command      : report_utilization -hierarchical -file /home/jyoo/custom_v_2/custom-core-tool/reports/alubase/benches/557_xz_r/557_xz_r_util_hier.rpt
| Design       : top_bench__557_xz_r
| Device       : xcu200fsgd2104-2
| Design State : Optimized
-------------------------------------------------------------------------------------------------------------------------------------------------------

Utilization Design Information

Table of Contents
-----------------
1. Utilization by Hierarchy

1. Utilization by Hierarchy
---------------------------

+----------------------------------------------+------------------------------------------------------+------------+------------+---------+------+------+--------+--------+------+------------+
|                   Instance                   |                        Module                        | Total LUTs | Logic LUTs | LUTRAMs | SRLs |  FFs | RAMB36 | RAMB18 | URAM | DSP Blocks |
+----------------------------------------------+------------------------------------------------------+------------+------------+---------+------+------+--------+--------+------+------------+
| top_bench__557_xz_r                          |                                                (top) |       1968 |       1968 |       0 |    0 | 6394 |      0 |      0 |    0 |          0 |
|   (top_bench__557_xz_r)                      |                                                (top) |          0 |          0 |       0 |    0 |    0 |      0 |      0 |    0 |          0 |
|   u_557_xz_r                                 |                                 bench_core__557_xz_r |       1968 |       1968 |       0 |    0 | 6394 |      0 |      0 |    0 |          0 |
|     (u_557_xz_r)                             |                                 bench_core__557_xz_r |        428 |        428 |       0 |    0 |    0 |      0 |      0 |    0 |          0 |
|     glen[0].core_i                           |                                    uop_block_wrap__1 |         33 |         33 |       0 |    0 |  160 |      0 |      0 |    0 |          0 |
|       (glen[0].core_i)                       |                                    uop_block_wrap__1 |          0 |          0 |       0 |    0 |   96 |      0 |      0 |    0 |          0 |
|       core                                   |                                         uop_block__1 |         33 |         33 |       0 |    0 |   64 |      0 |      0 |    0 |          0 |
|         (core)                               |                                         uop_block__1 |          1 |          1 |       0 |    0 |    0 |      0 |      0 |    0 |          0 |
|         g[0].g_normal.alu_i                  |                                      microop_unit__4 |         32 |         32 |       0 |    0 |   32 |      0 |      0 |    0 |          0 |
|         g[1].g_normal.alu_i                  |                     microop_unit__parameterized0__16 |          0 |          0 |       0 |    0 |   32 |      0 |      0 |    0 |          0 |
|     glen[10].core_i                          |                    uop_block_wrap__parameterized9__1 |         97 |         97 |       0 |    0 |  195 |      0 |      0 |    0 |          0 |
|       (glen[10].core_i)                      |                    uop_block_wrap__parameterized9__1 |          0 |          0 |       0 |    0 |   95 |      0 |      0 |    0 |          0 |
|       core                                   |                         uop_block__parameterized9__1 |         97 |         97 |       0 |    0 |  100 |      0 |      0 |    0 |          0 |
|         (core)                               |                         uop_block__parameterized9__1 |          1 |          1 |       0 |    0 |   33 |      0 |      0 |    0 |          0 |
|         g[1].g_normal.alu_i                  |                      microop_unit__parameterized3__3 |         32 |         32 |       0 |    0 |    1 |      0 |      0 |    0 |          0 |
|         g[2].g_normal.alu_i                  |                     microop_unit__parameterized0__11 |          0 |          0 |       0 |    0 |    1 |      0 |      0 |    0 |          0 |
|         g[3].g_normal.alu_i                  |                     microop_unit__parameterized0__10 |          0 |          0 |       0 |    0 |    1 |      0 |      0 |    0 |          0 |
|         g[5].g_normal.alu_i                  |                      microop_unit__parameterized2__3 |         32 |         32 |       0 |    0 |   32 |      0 |      0 |    0 |          0 |
|         g[6].g_normal.alu_i                  |                      microop_unit__parameterized4__2 |         32 |         32 |       0 |    0 |   32 |      0 |      0 |    0 |          0 |
|     glen[11].core_i                          |                    uop_block_wrap__parameterized3__2 |         57 |         57 |       0 |    0 |  278 |      0 |      0 |    0 |          0 |
|       (glen[11].core_i)                      |                    uop_block_wrap__parameterized3__2 |          0 |          0 |       0 |    0 |  168 |      0 |      0 |    0 |          0 |
|       core                                   |                         uop_block__parameterized3__2 |         57 |         57 |       0 |    0 |  110 |      0 |      0 |    0 |          0 |
|         (core)                               |                         uop_block__parameterized3__2 |          1 |          1 |       0 |    0 |   55 |      0 |      0 |    0 |          0 |
|         g[0].g_normal.alu_i                  |                      microop_unit__parameterized5__3 |         56 |         56 |       0 |    0 |   55 |      0 |      0 |    0 |          0 |
|     glen[12].core_i                          |           uop_block_wrap__parameterized10__xdcDup__1 |         65 |         65 |       0 |    0 |  311 |      0 |      0 |    0 |          0 |
|       (glen[12].core_i)                      |           uop_block_wrap__parameterized10__xdcDup__1 |          0 |          0 |       0 |    0 |  189 |      0 |      0 |    0 |          0 |
|       core                                   |                uop_block__parameterized10__xdcDup__1 |         65 |         65 |       0 |    0 |  122 |      0 |      0 |    0 |          0 |
|         (core)                               |                uop_block__parameterized10__xdcDup__1 |          1 |          1 |       0 |    0 |    0 |      0 |      0 |    0 |          0 |
|         g[0].g_normal.alu_i                  |              microop_unit__parameterized9__xdcDup__1 |         64 |         64 |       0 |    0 |  122 |      0 |      0 |    0 |          0 |
|           (g[0].g_normal.alu_i)              |              microop_unit__parameterized9__xdcDup__1 |          0 |          0 |       0 |    0 |   61 |      0 |      0 |    0 |          0 |
|           g_iadd.use_ip.int_addsub_i         |                                integer_addsub_HD1604 |         64 |         64 |       0 |    0 |   61 |      0 |      0 |    0 |          0 |
|             U0                               |               integer_addsubc_addsub_v12_0_14_HD1605 |         64 |         64 |       0 |    0 |   61 |      0 |      0 |    0 |          0 |
|               xst_addsub                     |           integer_addsubc_addsub_v12_0_14_viv_HD1606 |         64 |         64 |       0 |    0 |   61 |      0 |      0 |    0 |          0 |
|                 i_baseblox.i_baseblox_addsub |        integer_addsubc_addsub_v12_0_14_legacy_HD1607 |         64 |         64 |       0 |    0 |   61 |      0 |      0 |    0 |          0 |
|                   no_pipelining.the_addsub   | integer_addsubc_addsub_v12_0_14_fabric_legacy_HD1608 |         64 |         64 |       0 |    0 |   61 |      0 |      0 |    0 |          0 |
|                     i_lut6.i_lut6_addsub     |   integer_addsubc_addsub_v12_0_14_lut6_legacy_HD1609 |         64 |         64 |       0 |    0 |   61 |      0 |      0 |    0 |          0 |
|                       (i_lut6.i_lut6_addsub) |   integer_addsubc_addsub_v12_0_14_lut6_legacy_HD1609 |         64 |         64 |       0 |    0 |    0 |      0 |      0 |    0 |          0 |
|                       i_q.i_simple.qreg      |            integer_addsubc_reg_fd_v12_0_6_viv_HD1610 |          0 |          0 |       0 |    0 |   61 |      0 |      0 |    0 |          0 |
|     glen[13].core_i                          |                    uop_block_wrap__parameterized3__3 |         57 |         57 |       0 |    0 |  278 |      0 |      0 |    0 |          0 |
|       (glen[13].core_i)                      |                    uop_block_wrap__parameterized3__3 |          0 |          0 |       0 |    0 |  168 |      0 |      0 |    0 |          0 |
|       core                                   |                         uop_block__parameterized3__3 |         57 |         57 |       0 |    0 |  110 |      0 |      0 |    0 |          0 |
|         (core)                               |                         uop_block__parameterized3__3 |          1 |          1 |       0 |    0 |   55 |      0 |      0 |    0 |          0 |
|         g[0].g_normal.alu_i                  |                      microop_unit__parameterized5__4 |         56 |         56 |       0 |    0 |   55 |      0 |      0 |    0 |          0 |
|     glen[14].core_i                          |                                    uop_block_wrap__2 |         33 |         33 |       0 |    0 |  160 |      0 |      0 |    0 |          0 |
|       (glen[14].core_i)                      |                                    uop_block_wrap__2 |          0 |          0 |       0 |    0 |   96 |      0 |      0 |    0 |          0 |
|       core                                   |                                         uop_block__2 |         33 |         33 |       0 |    0 |   64 |      0 |      0 |    0 |          0 |
|         (core)                               |                                         uop_block__2 |          1 |          1 |       0 |    0 |    0 |      0 |      0 |    0 |          0 |
|         g[0].g_normal.alu_i                  |                                      microop_unit__5 |         32 |         32 |       0 |    0 |   32 |      0 |      0 |    0 |          0 |
|         g[1].g_normal.alu_i                  |                     microop_unit__parameterized0__17 |          0 |          0 |       0 |    0 |   32 |      0 |      0 |    0 |          0 |
|     glen[15].core_i                          |                    uop_block_wrap__parameterized1__2 |          8 |          8 |       0 |    0 |   48 |      0 |      0 |    0 |          0 |
|       (glen[15].core_i)                      |                    uop_block_wrap__parameterized1__2 |          0 |          0 |       0 |    0 |   24 |      0 |      0 |    0 |          0 |
|       core                                   |                         uop_block__parameterized1__2 |          8 |          8 |       0 |    0 |   24 |      0 |      0 |    0 |          0 |
|         (core)                               |                         uop_block__parameterized1__2 |          1 |          1 |       0 |    0 |    0 |      0 |      0 |    0 |          0 |
|         g[0].g_normal.alu_i                  |                                      microop_unit__3 |          7 |          7 |       0 |    0 |   12 |      0 |      0 |    0 |          0 |
|         g[1].g_normal.alu_i                  |                      microop_unit__parameterized2__7 |          0 |          0 |       0 |    0 |   12 |      0 |      0 |    0 |          0 |
|     glen[16].core_i                          |                    uop_block_wrap__parameterized4__2 |         33 |         33 |       0 |    0 |  160 |      0 |      0 |    0 |          0 |
|       (glen[16].core_i)                      |                    uop_block_wrap__parameterized4__2 |          0 |          0 |       0 |    0 |   96 |      0 |      0 |    0 |          0 |
|       core                                   |                         uop_block__parameterized4__2 |         33 |         33 |       0 |    0 |   64 |      0 |      0 |    0 |          0 |
|         (core)                               |                         uop_block__parameterized4__2 |          1 |          1 |       0 |    0 |    0 |      0 |      0 |    0 |          0 |
|         g[0].g_normal.alu_i                  |                      microop_unit__parameterized3__5 |         32 |         32 |       0 |    0 |   32 |      0 |      0 |    0 |          0 |
|         g[1].g_normal.alu_i                  |                     microop_unit__parameterized0__19 |          0 |          0 |       0 |    0 |   32 |      0 |      0 |    0 |          0 |
|     glen[17].core_i                          |                   uop_block_wrap__parameterized11__1 |          1 |          1 |       0 |    0 |  128 |      0 |      0 |    0 |          0 |
|       (glen[17].core_i)                      |                   uop_block_wrap__parameterized11__1 |          0 |          0 |       0 |    0 |   64 |      0 |      0 |    0 |          0 |
|       core                                   |                        uop_block__parameterized11__1 |          1 |          1 |       0 |    0 |   64 |      0 |      0 |    0 |          0 |
|         (core)                               |                        uop_block__parameterized11__1 |          1 |          1 |       0 |    0 |    0 |      0 |      0 |    0 |          0 |
|         g[0].g_normal.alu_i                  |                     microop_unit__parameterized0__15 |          0 |          0 |       0 |    0 |   32 |      0 |      0 |    0 |          0 |
|         g[1].g_normal.alu_i                  |                     microop_unit__parameterized0__14 |          0 |          0 |       0 |    0 |   32 |      0 |      0 |    0 |          0 |
|     glen[18].core_i                          |                    uop_block_wrap__parameterized5__2 |          1 |          1 |       0 |    0 |   16 |      0 |      0 |    0 |          0 |
|       (glen[18].core_i)                      |                    uop_block_wrap__parameterized5__2 |          0 |          0 |       0 |    0 |    8 |      0 |      0 |    0 |          0 |
|       core                                   |                         uop_block__parameterized5__2 |          1 |          1 |       0 |    0 |    8 |      0 |      0 |    0 |          0 |
|         (core)                               |                         uop_block__parameterized5__2 |          1 |          1 |       0 |    0 |    0 |      0 |      0 |    0 |          0 |
|         g[0].g_normal.alu_i                  |                     microop_unit__parameterized0__13 |          0 |          0 |       0 |    0 |    4 |      0 |      0 |    0 |          0 |
|         g[1].g_normal.alu_i                  |                      microop_unit__parameterized2__5 |          0 |          0 |       0 |    0 |    4 |      0 |      0 |    0 |          0 |
|     glen[19].core_i                          |            uop_block_wrap__parameterized8__xdcDup__2 |        129 |        129 |       0 |    0 |  384 |      0 |      0 |    0 |          0 |
|       (glen[19].core_i)                      |            uop_block_wrap__parameterized8__xdcDup__2 |          0 |          0 |       0 |    0 |  192 |      0 |      0 |    0 |          0 |
|       core                                   |                 uop_block__parameterized8__xdcDup__2 |        129 |        129 |       0 |    0 |  192 |      0 |      0 |    0 |          0 |
|         (core)                               |                 uop_block__parameterized8__xdcDup__2 |          1 |          1 |       0 |    0 |    0 |      0 |      0 |    0 |          0 |
|         g[0].g_normal.alu_i                  |                      microop_unit__parameterized8__4 |         64 |         64 |       0 |    0 |   64 |      0 |      0 |    0 |          0 |
|         g[1].g_normal.alu_i                  |              microop_unit__parameterized7__xdcDup__3 |         64 |         64 |       0 |    0 |  128 |      0 |      0 |    0 |          0 |
|           (g[1].g_normal.alu_i)              |              microop_unit__parameterized7__xdcDup__3 |          0 |          0 |       0 |    0 |   64 |      0 |      0 |    0 |          0 |
|           g_iadd.use_ip.int_addsub_i         |                                integer_addsub_HD1611 |         64 |         64 |       0 |    0 |   64 |      0 |      0 |    0 |          0 |
|             U0                               |               integer_addsubc_addsub_v12_0_14_HD1612 |         64 |         64 |       0 |    0 |   64 |      0 |      0 |    0 |          0 |
|               xst_addsub                     |           integer_addsubc_addsub_v12_0_14_viv_HD1613 |         64 |         64 |       0 |    0 |   64 |      0 |      0 |    0 |          0 |
|                 i_baseblox.i_baseblox_addsub |        integer_addsubc_addsub_v12_0_14_legacy_HD1614 |         64 |         64 |       0 |    0 |   64 |      0 |      0 |    0 |          0 |
|                   no_pipelining.the_addsub   | integer_addsubc_addsub_v12_0_14_fabric_legacy_HD1615 |         64 |         64 |       0 |    0 |   64 |      0 |      0 |    0 |          0 |
|                     i_lut6.i_lut6_addsub     |   integer_addsubc_addsub_v12_0_14_lut6_legacy_HD1616 |         64 |         64 |       0 |    0 |   64 |      0 |      0 |    0 |          0 |
|                       (i_lut6.i_lut6_addsub) |   integer_addsubc_addsub_v12_0_14_lut6_legacy_HD1616 |         64 |         64 |       0 |    0 |    0 |      0 |      0 |    0 |          0 |
|                       i_q.i_simple.qreg      |            integer_addsubc_reg_fd_v12_0_6_viv_HD1617 |          0 |          0 |       0 |    0 |   64 |      0 |      0 |    0 |          0 |
|     glen[1].core_i                           |                    uop_block_wrap__parameterized0__1 |          1 |          1 |       0 |    0 |   32 |      0 |      0 |    0 |          0 |
|       (glen[1].core_i)                       |                    uop_block_wrap__parameterized0__1 |          0 |          0 |       0 |    0 |   16 |      0 |      0 |    0 |          0 |
|       core                                   |                         uop_block__parameterized0__1 |          1 |          1 |       0 |    0 |   16 |      0 |      0 |    0 |          0 |
|         (core)                               |                         uop_block__parameterized0__1 |          1 |          1 |       0 |    0 |    0 |      0 |      0 |    0 |          0 |
|         g[0].g_normal.alu_i                  |                      microop_unit__parameterized1__1 |          0 |          0 |       0 |    0 |    8 |      0 |      0 |    0 |          0 |
|         g[1].g_normal.alu_i                  |                      microop_unit__parameterized0__9 |          0 |          0 |       0 |    0 |    8 |      0 |      0 |    0 |          0 |
|     glen[20].core_i                          |           uop_block_wrap__parameterized10__xdcDup__2 |         65 |         65 |       0 |    0 |  311 |      0 |      0 |    0 |          0 |
|       (glen[20].core_i)                      |           uop_block_wrap__parameterized10__xdcDup__2 |          0 |          0 |       0 |    0 |  189 |      0 |      0 |    0 |          0 |
|       core                                   |                uop_block__parameterized10__xdcDup__2 |         65 |         65 |       0 |    0 |  122 |      0 |      0 |    0 |          0 |
|         (core)                               |                uop_block__parameterized10__xdcDup__2 |          1 |          1 |       0 |    0 |    0 |      0 |      0 |    0 |          0 |
|         g[0].g_normal.alu_i                  |              microop_unit__parameterized9__xdcDup__2 |         64 |         64 |       0 |    0 |  122 |      0 |      0 |    0 |          0 |
|           (g[0].g_normal.alu_i)              |              microop_unit__parameterized9__xdcDup__2 |          0 |          0 |       0 |    0 |   61 |      0 |      0 |    0 |          0 |
|           g_iadd.use_ip.int_addsub_i         |                                integer_addsub_HD1618 |         64 |         64 |       0 |    0 |   61 |      0 |      0 |    0 |          0 |
|             U0                               |               integer_addsubc_addsub_v12_0_14_HD1619 |         64 |         64 |       0 |    0 |   61 |      0 |      0 |    0 |          0 |
|               xst_addsub                     |           integer_addsubc_addsub_v12_0_14_viv_HD1620 |         64 |         64 |       0 |    0 |   61 |      0 |      0 |    0 |          0 |
|                 i_baseblox.i_baseblox_addsub |        integer_addsubc_addsub_v12_0_14_legacy_HD1621 |         64 |         64 |       0 |    0 |   61 |      0 |      0 |    0 |          0 |
|                   no_pipelining.the_addsub   | integer_addsubc_addsub_v12_0_14_fabric_legacy_HD1622 |         64 |         64 |       0 |    0 |   61 |      0 |      0 |    0 |          0 |
|                     i_lut6.i_lut6_addsub     |   integer_addsubc_addsub_v12_0_14_lut6_legacy_HD1623 |         64 |         64 |       0 |    0 |   61 |      0 |      0 |    0 |          0 |
|                       (i_lut6.i_lut6_addsub) |   integer_addsubc_addsub_v12_0_14_lut6_legacy_HD1623 |         64 |         64 |       0 |    0 |    0 |      0 |      0 |    0 |          0 |
|                       i_q.i_simple.qreg      |            integer_addsubc_reg_fd_v12_0_6_viv_HD1624 |          0 |          0 |       0 |    0 |   61 |      0 |      0 |    0 |          0 |
|     glen[21].core_i                          |                    uop_block_wrap__parameterized3__4 |         57 |         57 |       0 |    0 |  278 |      0 |      0 |    0 |          0 |
|       (glen[21].core_i)                      |                    uop_block_wrap__parameterized3__4 |          0 |          0 |       0 |    0 |  168 |      0 |      0 |    0 |          0 |
|       core                                   |                         uop_block__parameterized3__4 |         57 |         57 |       0 |    0 |  110 |      0 |      0 |    0 |          0 |
|         (core)                               |                         uop_block__parameterized3__4 |          1 |          1 |       0 |    0 |   55 |      0 |      0 |    0 |          0 |
|         g[0].g_normal.alu_i                  |                      microop_unit__parameterized5__5 |         56 |         56 |       0 |    0 |   55 |      0 |      0 |    0 |          0 |
|     glen[22].core_i                          |                       uop_block_wrap__parameterized2 |         60 |         60 |       0 |    0 |  214 |      0 |      0 |    0 |          0 |
|       (glen[22].core_i)                      |                       uop_block_wrap__parameterized2 |          0 |          0 |       0 |    0 |   96 |      0 |      0 |    0 |          0 |
|       core                                   |                            uop_block__parameterized2 |         60 |         60 |       0 |    0 |  118 |      0 |      0 |    0 |          0 |
|         (core)                               |                            uop_block__parameterized2 |          1 |          1 |       0 |    0 |   27 |      0 |      0 |    0 |          0 |
|         g[0].g_normal.alu_i                  |                      microop_unit__parameterized0__3 |          0 |          0 |       0 |    0 |   32 |      0 |      0 |    0 |          0 |
|         g[1].g_normal.alu_i                  |                      microop_unit__parameterized3__1 |         32 |         32 |       0 |    0 |   27 |      0 |      0 |    0 |          0 |
|         g[3].g_normal.alu_i                  |                      microop_unit__parameterized4__1 |         27 |         27 |       0 |    0 |   32 |      0 |      0 |    0 |          0 |
|     glen[23].core_i                          |                       uop_block_wrap__parameterized4 |         33 |         33 |       0 |    0 |  160 |      0 |      0 |    0 |          0 |
|       (glen[23].core_i)                      |                       uop_block_wrap__parameterized4 |          0 |          0 |       0 |    0 |   96 |      0 |      0 |    0 |          0 |
|       core                                   |                            uop_block__parameterized4 |         33 |         33 |       0 |    0 |   64 |      0 |      0 |    0 |          0 |
|         (core)                               |                            uop_block__parameterized4 |          1 |          1 |       0 |    0 |    0 |      0 |      0 |    0 |          0 |
|         g[0].g_normal.alu_i                  |                      microop_unit__parameterized3__2 |         32 |         32 |       0 |    0 |   32 |      0 |      0 |    0 |          0 |
|         g[1].g_normal.alu_i                  |                      microop_unit__parameterized0__4 |          0 |          0 |       0 |    0 |   32 |      0 |      0 |    0 |          0 |
|     glen[24].core_i                          |                                       uop_block_wrap |         33 |         33 |       0 |    0 |  160 |      0 |      0 |    0 |          0 |
|       (glen[24].core_i)                      |                                       uop_block_wrap |          0 |          0 |       0 |    0 |   96 |      0 |      0 |    0 |          0 |
|       core                                   |                                            uop_block |         33 |         33 |       0 |    0 |   64 |      0 |      0 |    0 |          0 |
|         (core)                               |                                            uop_block |          1 |          1 |       0 |    0 |    0 |      0 |      0 |    0 |          0 |
|         g[0].g_normal.alu_i                  |                                      microop_unit__1 |         32 |         32 |       0 |    0 |   32 |      0 |      0 |    0 |          0 |
|         g[1].g_normal.alu_i                  |                      microop_unit__parameterized0__1 |          0 |          0 |       0 |    0 |   32 |      0 |      0 |    0 |          0 |
|     glen[25].core_i                          |                       uop_block_wrap__parameterized1 |          8 |          8 |       0 |    0 |   48 |      0 |      0 |    0 |          0 |
|       (glen[25].core_i)                      |                       uop_block_wrap__parameterized1 |          0 |          0 |       0 |    0 |   24 |      0 |      0 |    0 |          0 |
|       core                                   |                            uop_block__parameterized1 |          8 |          8 |       0 |    0 |   24 |      0 |      0 |    0 |          0 |
|         (core)                               |                            uop_block__parameterized1 |          1 |          1 |       0 |    0 |    0 |      0 |      0 |    0 |          0 |
|         g[0].g_normal.alu_i                  |                                         microop_unit |          7 |          7 |       0 |    0 |   12 |      0 |      0 |    0 |          0 |
|         g[1].g_normal.alu_i                  |                      microop_unit__parameterized2__1 |          0 |          0 |       0 |    0 |   12 |      0 |      0 |    0 |          0 |
|     glen[26].core_i                          |                      uop_block_wrap__parameterized11 |          1 |          1 |       0 |    0 |  128 |      0 |      0 |    0 |          0 |
|       (glen[26].core_i)                      |                      uop_block_wrap__parameterized11 |          0 |          0 |       0 |    0 |   64 |      0 |      0 |    0 |          0 |
|       core                                   |                           uop_block__parameterized11 |          1 |          1 |       0 |    0 |   64 |      0 |      0 |    0 |          0 |
|         (core)                               |                           uop_block__parameterized11 |          1 |          1 |       0 |    0 |    0 |      0 |      0 |    0 |          0 |
|         g[0].g_normal.alu_i                  |                      microop_unit__parameterized0__8 |          0 |          0 |       0 |    0 |   32 |      0 |      0 |    0 |          0 |
|         g[1].g_normal.alu_i                  |                         microop_unit__parameterized0 |          0 |          0 |       0 |    0 |   32 |      0 |      0 |    0 |          0 |
|     glen[27].core_i                          |                       uop_block_wrap__parameterized5 |          1 |          1 |       0 |    0 |   16 |      0 |      0 |    0 |          0 |
|       (glen[27].core_i)                      |                       uop_block_wrap__parameterized5 |          0 |          0 |       0 |    0 |    8 |      0 |      0 |    0 |          0 |
|       core                                   |                            uop_block__parameterized5 |          1 |          1 |       0 |    0 |    8 |      0 |      0 |    0 |          0 |
|         (core)                               |                            uop_block__parameterized5 |          1 |          1 |       0 |    0 |    0 |      0 |      0 |    0 |          0 |
|         g[0].g_normal.alu_i                  |                      microop_unit__parameterized0__5 |          0 |          0 |       0 |    0 |    4 |      0 |      0 |    0 |          0 |
|         g[1].g_normal.alu_i                  |                      microop_unit__parameterized2__2 |          0 |          0 |       0 |    0 |    4 |      0 |      0 |    0 |          0 |
|     glen[28].core_i                          |                       uop_block_wrap__parameterized8 |        129 |        129 |       0 |    0 |  384 |      0 |      0 |    0 |          0 |
|       (glen[28].core_i)                      |                       uop_block_wrap__parameterized8 |          0 |          0 |       0 |    0 |  192 |      0 |      0 |    0 |          0 |
|       core                                   |                            uop_block__parameterized8 |        129 |        129 |       0 |    0 |  192 |      0 |      0 |    0 |          0 |
|         (core)                               |                            uop_block__parameterized8 |          1 |          1 |       0 |    0 |    0 |      0 |      0 |    0 |          0 |
|         g[0].g_normal.alu_i                  |                         microop_unit__parameterized8 |         64 |         64 |       0 |    0 |   64 |      0 |      0 |    0 |          0 |
|         g[1].g_normal.alu_i                  |                         microop_unit__parameterized7 |         64 |         64 |       0 |    0 |  128 |      0 |      0 |    0 |          0 |
|           (g[1].g_normal.alu_i)              |                         microop_unit__parameterized7 |          0 |          0 |       0 |    0 |   64 |      0 |      0 |    0 |          0 |
|           g_iadd.use_ip.int_addsub_i         |                                integer_addsub_HD1625 |         64 |         64 |       0 |    0 |   64 |      0 |      0 |    0 |          0 |
|             U0                               |               integer_addsubc_addsub_v12_0_14_HD1626 |         64 |         64 |       0 |    0 |   64 |      0 |      0 |    0 |          0 |
|               xst_addsub                     |           integer_addsubc_addsub_v12_0_14_viv_HD1627 |         64 |         64 |       0 |    0 |   64 |      0 |      0 |    0 |          0 |
|                 i_baseblox.i_baseblox_addsub |        integer_addsubc_addsub_v12_0_14_legacy_HD1628 |         64 |         64 |       0 |    0 |   64 |      0 |      0 |    0 |          0 |
|                   no_pipelining.the_addsub   | integer_addsubc_addsub_v12_0_14_fabric_legacy_HD1629 |         64 |         64 |       0 |    0 |   64 |      0 |      0 |    0 |          0 |
|                     i_lut6.i_lut6_addsub     |   integer_addsubc_addsub_v12_0_14_lut6_legacy_HD1630 |         64 |         64 |       0 |    0 |   64 |      0 |      0 |    0 |          0 |
|                       (i_lut6.i_lut6_addsub) |   integer_addsubc_addsub_v12_0_14_lut6_legacy_HD1630 |         64 |         64 |       0 |    0 |    0 |      0 |      0 |    0 |          0 |
|                       i_q.i_simple.qreg      |            integer_addsubc_reg_fd_v12_0_6_viv_HD1631 |          0 |          0 |       0 |    0 |   64 |      0 |      0 |    0 |          0 |
|     glen[29].core_i                          |                       uop_block_wrap__parameterized3 |         57 |         57 |       0 |    0 |  278 |      0 |      0 |    0 |          0 |
|       (glen[29].core_i)                      |                       uop_block_wrap__parameterized3 |          0 |          0 |       0 |    0 |  168 |      0 |      0 |    0 |          0 |
|       core                                   |                            uop_block__parameterized3 |         57 |         57 |       0 |    0 |  110 |      0 |      0 |    0 |          0 |
|         (core)                               |                            uop_block__parameterized3 |          1 |          1 |       0 |    0 |   55 |      0 |      0 |    0 |          0 |
|         g[0].g_normal.alu_i                  |                      microop_unit__parameterized5__1 |         56 |         56 |       0 |    0 |   55 |      0 |      0 |    0 |          0 |
|     glen[2].core_i                           |                    uop_block_wrap__parameterized1__1 |          8 |          8 |       0 |    0 |   48 |      0 |      0 |    0 |          0 |
|       (glen[2].core_i)                       |                    uop_block_wrap__parameterized1__1 |          0 |          0 |       0 |    0 |   24 |      0 |      0 |    0 |          0 |
|       core                                   |                         uop_block__parameterized1__1 |          8 |          8 |       0 |    0 |   24 |      0 |      0 |    0 |          0 |
|         (core)                               |                         uop_block__parameterized1__1 |          1 |          1 |       0 |    0 |    0 |      0 |      0 |    0 |          0 |
|         g[0].g_normal.alu_i                  |                                      microop_unit__2 |          7 |          7 |       0 |    0 |   12 |      0 |      0 |    0 |          0 |
|         g[1].g_normal.alu_i                  |                      microop_unit__parameterized2__6 |          0 |          0 |       0 |    0 |   12 |      0 |      0 |    0 |          0 |
|     glen[30].core_i                          |                       uop_block_wrap__parameterized9 |         97 |         97 |       0 |    0 |  195 |      0 |      0 |    0 |          0 |
|       (glen[30].core_i)                      |                       uop_block_wrap__parameterized9 |          0 |          0 |       0 |    0 |   95 |      0 |      0 |    0 |          0 |
|       core                                   |                            uop_block__parameterized9 |         97 |         97 |       0 |    0 |  100 |      0 |      0 |    0 |          0 |
|         (core)                               |                            uop_block__parameterized9 |          1 |          1 |       0 |    0 |   33 |      0 |      0 |    0 |          0 |
|         g[1].g_normal.alu_i                  |                         microop_unit__parameterized3 |         32 |         32 |       0 |    0 |    1 |      0 |      0 |    0 |          0 |
|         g[2].g_normal.alu_i                  |                      microop_unit__parameterized0__6 |          0 |          0 |       0 |    0 |    1 |      0 |      0 |    0 |          0 |
|         g[3].g_normal.alu_i                  |                      microop_unit__parameterized0__7 |          0 |          0 |       0 |    0 |    1 |      0 |      0 |    0 |          0 |
|         g[5].g_normal.alu_i                  |                         microop_unit__parameterized2 |         32 |         32 |       0 |    0 |   32 |      0 |      0 |    0 |          0 |
|         g[6].g_normal.alu_i                  |                         microop_unit__parameterized4 |         32 |         32 |       0 |    0 |   32 |      0 |      0 |    0 |          0 |
|     glen[31].core_i                          |                       uop_block_wrap__parameterized0 |          1 |          1 |       0 |    0 |   32 |      0 |      0 |    0 |          0 |
|       (glen[31].core_i)                      |                       uop_block_wrap__parameterized0 |          0 |          0 |       0 |    0 |   16 |      0 |      0 |    0 |          0 |
|       core                                   |                            uop_block__parameterized0 |          1 |          1 |       0 |    0 |   16 |      0 |      0 |    0 |          0 |
|         (core)                               |                            uop_block__parameterized0 |          1 |          1 |       0 |    0 |    0 |      0 |      0 |    0 |          0 |
|         g[0].g_normal.alu_i                  |                         microop_unit__parameterized1 |          0 |          0 |       0 |    0 |    8 |      0 |      0 |    0 |          0 |
|         g[1].g_normal.alu_i                  |                      microop_unit__parameterized0__2 |          0 |          0 |       0 |    0 |    8 |      0 |      0 |    0 |          0 |
|     glen[32].core_i                          |                      uop_block_wrap__parameterized10 |         65 |         65 |       0 |    0 |  311 |      0 |      0 |    0 |          0 |
|       (glen[32].core_i)                      |                      uop_block_wrap__parameterized10 |          0 |          0 |       0 |    0 |  189 |      0 |      0 |    0 |          0 |
|       core                                   |                           uop_block__parameterized10 |         65 |         65 |       0 |    0 |  122 |      0 |      0 |    0 |          0 |
|         (core)                               |                           uop_block__parameterized10 |          1 |          1 |       0 |    0 |    0 |      0 |      0 |    0 |          0 |
|         g[0].g_normal.alu_i                  |                         microop_unit__parameterized9 |         64 |         64 |       0 |    0 |  122 |      0 |      0 |    0 |          0 |
|           (g[0].g_normal.alu_i)              |                         microop_unit__parameterized9 |          0 |          0 |       0 |    0 |   61 |      0 |      0 |    0 |          0 |
|           g_iadd.use_ip.int_addsub_i         |                                integer_addsub_HD1632 |         64 |         64 |       0 |    0 |   61 |      0 |      0 |    0 |          0 |
|             U0                               |               integer_addsubc_addsub_v12_0_14_HD1633 |         64 |         64 |       0 |    0 |   61 |      0 |      0 |    0 |          0 |
|               xst_addsub                     |           integer_addsubc_addsub_v12_0_14_viv_HD1634 |         64 |         64 |       0 |    0 |   61 |      0 |      0 |    0 |          0 |
|                 i_baseblox.i_baseblox_addsub |        integer_addsubc_addsub_v12_0_14_legacy_HD1635 |         64 |         64 |       0 |    0 |   61 |      0 |      0 |    0 |          0 |
|                   no_pipelining.the_addsub   | integer_addsubc_addsub_v12_0_14_fabric_legacy_HD1636 |         64 |         64 |       0 |    0 |   61 |      0 |      0 |    0 |          0 |
|                     i_lut6.i_lut6_addsub     |   integer_addsubc_addsub_v12_0_14_lut6_legacy_HD1637 |         64 |         64 |       0 |    0 |   61 |      0 |      0 |    0 |          0 |
|                       (i_lut6.i_lut6_addsub) |   integer_addsubc_addsub_v12_0_14_lut6_legacy_HD1637 |         64 |         64 |       0 |    0 |    0 |      0 |      0 |    0 |          0 |
|                       i_q.i_simple.qreg      |            integer_addsubc_reg_fd_v12_0_6_viv_HD1638 |          0 |          0 |       0 |    0 |   61 |      0 |      0 |    0 |          0 |
|     glen[3].core_i                           |                    uop_block_wrap__parameterized2__1 |         60 |         60 |       0 |    0 |  214 |      0 |      0 |    0 |          0 |
|       (glen[3].core_i)                       |                    uop_block_wrap__parameterized2__1 |          0 |          0 |       0 |    0 |   96 |      0 |      0 |    0 |          0 |
|       core                                   |                         uop_block__parameterized2__1 |         60 |         60 |       0 |    0 |  118 |      0 |      0 |    0 |          0 |
|         (core)                               |                         uop_block__parameterized2__1 |          1 |          1 |       0 |    0 |   27 |      0 |      0 |    0 |          0 |
|         g[0].g_normal.alu_i                  |                     microop_unit__parameterized0__20 |          0 |          0 |       0 |    0 |   32 |      0 |      0 |    0 |          0 |
|         g[1].g_normal.alu_i                  |                      microop_unit__parameterized3__6 |         32 |         32 |       0 |    0 |   27 |      0 |      0 |    0 |          0 |
|         g[3].g_normal.alu_i                  |                      microop_unit__parameterized4__3 |         27 |         27 |       0 |    0 |   32 |      0 |      0 |    0 |          0 |
|     glen[4].core_i                           |                    uop_block_wrap__parameterized3__1 |         57 |         57 |       0 |    0 |  278 |      0 |      0 |    0 |          0 |
|       (glen[4].core_i)                       |                    uop_block_wrap__parameterized3__1 |          0 |          0 |       0 |    0 |  168 |      0 |      0 |    0 |          0 |
|       core                                   |                         uop_block__parameterized3__1 |         57 |         57 |       0 |    0 |  110 |      0 |      0 |    0 |          0 |
|         (core)                               |                         uop_block__parameterized3__1 |          1 |          1 |       0 |    0 |   55 |      0 |      0 |    0 |          0 |
|         g[0].g_normal.alu_i                  |                      microop_unit__parameterized5__2 |         56 |         56 |       0 |    0 |   55 |      0 |      0 |    0 |          0 |
|     glen[5].core_i                           |                    uop_block_wrap__parameterized4__1 |         33 |         33 |       0 |    0 |  160 |      0 |      0 |    0 |          0 |
|       (glen[5].core_i)                       |                    uop_block_wrap__parameterized4__1 |          0 |          0 |       0 |    0 |   96 |      0 |      0 |    0 |          0 |
|       core                                   |                         uop_block__parameterized4__1 |         33 |         33 |       0 |    0 |   64 |      0 |      0 |    0 |          0 |
|         (core)                               |                         uop_block__parameterized4__1 |          1 |          1 |       0 |    0 |    0 |      0 |      0 |    0 |          0 |
|         g[0].g_normal.alu_i                  |                      microop_unit__parameterized3__4 |         32 |         32 |       0 |    0 |   32 |      0 |      0 |    0 |          0 |
|         g[1].g_normal.alu_i                  |                     microop_unit__parameterized0__18 |          0 |          0 |       0 |    0 |   32 |      0 |      0 |    0 |          0 |
|     glen[6].core_i                           |                    uop_block_wrap__parameterized5__1 |          1 |          1 |       0 |    0 |   16 |      0 |      0 |    0 |          0 |
|       (glen[6].core_i)                       |                    uop_block_wrap__parameterized5__1 |          0 |          0 |       0 |    0 |    8 |      0 |      0 |    0 |          0 |
|       core                                   |                         uop_block__parameterized5__1 |          1 |          1 |       0 |    0 |    8 |      0 |      0 |    0 |          0 |
|         (core)                               |                         uop_block__parameterized5__1 |          1 |          1 |       0 |    0 |    0 |      0 |      0 |    0 |          0 |
|         g[0].g_normal.alu_i                  |                     microop_unit__parameterized0__12 |          0 |          0 |       0 |    0 |    4 |      0 |      0 |    0 |          0 |
|         g[1].g_normal.alu_i                  |                      microop_unit__parameterized2__4 |          0 |          0 |       0 |    0 |    4 |      0 |      0 |    0 |          0 |
|     glen[7].core_i                           |                       uop_block_wrap__parameterized6 |          1 |          1 |       0 |    0 |  181 |      0 |      0 |    0 |          0 |
|       (glen[7].core_i)                       |                       uop_block_wrap__parameterized6 |          0 |          0 |       0 |    0 |  121 |      0 |      0 |    0 |          0 |
|       core                                   |                            uop_block__parameterized6 |          1 |          1 |       0 |    0 |   60 |      0 |      0 |    0 |          0 |
|         (core)                               |                            uop_block__parameterized6 |          1 |          1 |       0 |    0 |    0 |      0 |      0 |    0 |          0 |
|         g[0].g_normal.alu_i                  |                         microop_unit__parameterized6 |          0 |          0 |       0 |    0 |   60 |      0 |      0 |    0 |          0 |
|     glen[8].core_i                           |                       uop_block_wrap__parameterized7 |        129 |        129 |       0 |    0 |  448 |      0 |      0 |    0 |          0 |
|       (glen[8].core_i)                       |                       uop_block_wrap__parameterized7 |          0 |          0 |       0 |    0 |  192 |      0 |      0 |    0 |          0 |
|       core                                   |                            uop_block__parameterized7 |        129 |        129 |       0 |    0 |  256 |      0 |      0 |    0 |          0 |
|         (core)                               |                            uop_block__parameterized7 |          1 |          1 |       0 |    0 |   64 |      0 |      0 |    0 |          0 |
|         g[0].g_normal.alu_i                  |                         microop_unit__parameterized5 |         64 |         64 |       0 |    0 |   64 |      0 |      0 |    0 |          0 |
|         g[1].g_normal.alu_i                  |              microop_unit__parameterized7__xdcDup__1 |         64 |         64 |       0 |    0 |  128 |      0 |      0 |    0 |          0 |
|           (g[1].g_normal.alu_i)              |              microop_unit__parameterized7__xdcDup__1 |          0 |          0 |       0 |    0 |   64 |      0 |      0 |    0 |          0 |
|           g_iadd.use_ip.int_addsub_i         |                                       integer_addsub |         64 |         64 |       0 |    0 |   64 |      0 |      0 |    0 |          0 |
|             U0                               |                      integer_addsubc_addsub_v12_0_14 |         64 |         64 |       0 |    0 |   64 |      0 |      0 |    0 |          0 |
|               xst_addsub                     |                  integer_addsubc_addsub_v12_0_14_viv |         64 |         64 |       0 |    0 |   64 |      0 |      0 |    0 |          0 |
|                 i_baseblox.i_baseblox_addsub |               integer_addsubc_addsub_v12_0_14_legacy |         64 |         64 |       0 |    0 |   64 |      0 |      0 |    0 |          0 |
|                   no_pipelining.the_addsub   |        integer_addsubc_addsub_v12_0_14_fabric_legacy |         64 |         64 |       0 |    0 |   64 |      0 |      0 |    0 |          0 |
|                     i_lut6.i_lut6_addsub     |          integer_addsubc_addsub_v12_0_14_lut6_legacy |         64 |         64 |       0 |    0 |   64 |      0 |      0 |    0 |          0 |
|                       (i_lut6.i_lut6_addsub) |          integer_addsubc_addsub_v12_0_14_lut6_legacy |         64 |         64 |       0 |    0 |    0 |      0 |      0 |    0 |          0 |
|                       i_q.i_simple.qreg      |                   integer_addsubc_reg_fd_v12_0_6_viv |          0 |          0 |       0 |    0 |   64 |      0 |      0 |    0 |          0 |
|     glen[9].core_i                           |            uop_block_wrap__parameterized8__xdcDup__1 |        129 |        129 |       0 |    0 |  384 |      0 |      0 |    0 |          0 |
|       (glen[9].core_i)                       |            uop_block_wrap__parameterized8__xdcDup__1 |          0 |          0 |       0 |    0 |  192 |      0 |      0 |    0 |          0 |
|       core                                   |                 uop_block__parameterized8__xdcDup__1 |        129 |        129 |       0 |    0 |  192 |      0 |      0 |    0 |          0 |
|         (core)                               |                 uop_block__parameterized8__xdcDup__1 |          1 |          1 |       0 |    0 |    0 |      0 |      0 |    0 |          0 |
|         g[0].g_normal.alu_i                  |                      microop_unit__parameterized8__3 |         64 |         64 |       0 |    0 |   64 |      0 |      0 |    0 |          0 |
|         g[1].g_normal.alu_i                  |              microop_unit__parameterized7__xdcDup__2 |         64 |         64 |       0 |    0 |  128 |      0 |      0 |    0 |          0 |
|           (g[1].g_normal.alu_i)              |              microop_unit__parameterized7__xdcDup__2 |          0 |          0 |       0 |    0 |   64 |      0 |      0 |    0 |          0 |
|           g_iadd.use_ip.int_addsub_i         |                                integer_addsub_HD1597 |         64 |         64 |       0 |    0 |   64 |      0 |      0 |    0 |          0 |
|             U0                               |               integer_addsubc_addsub_v12_0_14_HD1598 |         64 |         64 |       0 |    0 |   64 |      0 |      0 |    0 |          0 |
|               xst_addsub                     |           integer_addsubc_addsub_v12_0_14_viv_HD1599 |         64 |         64 |       0 |    0 |   64 |      0 |      0 |    0 |          0 |
|                 i_baseblox.i_baseblox_addsub |        integer_addsubc_addsub_v12_0_14_legacy_HD1600 |         64 |         64 |       0 |    0 |   64 |      0 |      0 |    0 |          0 |
|                   no_pipelining.the_addsub   | integer_addsubc_addsub_v12_0_14_fabric_legacy_HD1601 |         64 |         64 |       0 |    0 |   64 |      0 |      0 |    0 |          0 |
|                     i_lut6.i_lut6_addsub     |   integer_addsubc_addsub_v12_0_14_lut6_legacy_HD1602 |         64 |         64 |       0 |    0 |   64 |      0 |      0 |    0 |          0 |
|                       (i_lut6.i_lut6_addsub) |   integer_addsubc_addsub_v12_0_14_lut6_legacy_HD1602 |         64 |         64 |       0 |    0 |    0 |      0 |      0 |    0 |          0 |
|                       i_q.i_simple.qreg      |            integer_addsubc_reg_fd_v12_0_6_viv_HD1603 |          0 |          0 |       0 |    0 |   64 |      0 |      0 |    0 |          0 |
+----------------------------------------------+------------------------------------------------------+------------+------------+---------+------+------+--------+--------+------+------------+


