Copyright 1986-2020 Xilinx, Inc. All Rights Reserved.
-------------------------------------------------------------------------------------------------------------------------------------------------------------
| Tool Version : Vivado v.2020.1 (lin64) Build 2902540 Wed May 27 19:54:35 MDT 2020
| Date         : Fri Sep 19 11:35:41 2025
| Host         : orthanc running 64-bit Ubuntu 22.04.4 LTS
| Command      : report_utilization -hierarchical -file /home/jyoo/custom_v_2/custom-core-tool/reports/benches/649_fotonik3d_s/649_fotonik3d_s_util_hier.rpt
| Design       : top_bench__649_fotonik3d_s
| Device       : xcu200fsgd2104-2
| Design State : Optimized
-------------------------------------------------------------------------------------------------------------------------------------------------------------

Utilization Design Information

Table of Contents
-----------------
1. Utilization by Hierarchy

1. Utilization by Hierarchy
---------------------------

+----------------------------------------------+------------------------------------------------------+------------+------------+---------+------+------+--------+--------+------+------------+
|                   Instance                   |                        Module                        | Total LUTs | Logic LUTs | LUTRAMs | SRLs |  FFs | RAMB36 | RAMB18 | URAM | DSP Blocks |
+----------------------------------------------+------------------------------------------------------+------------+------------+---------+------+------+--------+--------+------+------------+
| top_bench__649_fotonik3d_s                   |                                                (top) |        141 |        141 |       0 |    0 | 3042 |      0 |      0 |    0 |          0 |
|   (top_bench__649_fotonik3d_s)               |                                                (top) |          0 |          0 |       0 |    0 |    0 |      0 |      0 |    0 |          0 |
|   u_649_fotonik3d_s                          |                          bench_core__649_fotonik3d_s |        141 |        141 |       0 |    0 | 3042 |      0 |      0 |    0 |          0 |
|     (u_649_fotonik3d_s)                      |                          bench_core__649_fotonik3d_s |        128 |        128 |       0 |    0 |    0 |      0 |      0 |    0 |          0 |
|     glen[0].core_i                           |                                       uop_block_wrap |          1 |          1 |       0 |    0 |  192 |      0 |      0 |    0 |          0 |
|       (glen[0].core_i)                       |                                       uop_block_wrap |          0 |          0 |       0 |    0 |   96 |      0 |      0 |    0 |          0 |
|       core                                   |                                            uop_block |          1 |          1 |       0 |    0 |   96 |      0 |      0 |    0 |          0 |
|         (core)                               |                                            uop_block |          1 |          1 |       0 |    0 |   32 |      0 |      0 |    0 |          0 |
|         g[0].g_normal.alu_i                  |                                         microop_unit |          0 |          0 |       0 |    0 |   32 |      0 |      0 |    0 |          0 |
|         g[1].g_normal.alu_i                  |                      microop_unit__parameterized0__1 |          0 |          0 |       0 |    0 |   32 |      0 |      0 |    0 |          0 |
|     glen[10].core_i                          |                       uop_block_wrap__parameterized4 |          1 |          1 |       0 |    0 |  178 |      0 |      0 |    0 |          0 |
|       (glen[10].core_i)                      |                       uop_block_wrap__parameterized4 |          0 |          0 |       0 |    0 |  119 |      0 |      0 |    0 |          0 |
|       core                                   |                            uop_block__parameterized4 |          1 |          1 |       0 |    0 |   59 |      0 |      0 |    0 |          0 |
|         (core)                               |                            uop_block__parameterized4 |          1 |          1 |       0 |    0 |    0 |      0 |      0 |    0 |          0 |
|         g[0].g_normal.alu_i                  |                         microop_unit__parameterized3 |          0 |          0 |       0 |    0 |   59 |      0 |      0 |    0 |          0 |
|     glen[1].core_i                           |                       uop_block_wrap__parameterized0 |          1 |          1 |       0 |    0 |  384 |      0 |      0 |    0 |          0 |
|       (glen[1].core_i)                       |                       uop_block_wrap__parameterized0 |          0 |          0 |       0 |    0 |  128 |      0 |      0 |    0 |          0 |
|       core                                   |                            uop_block__parameterized0 |          1 |          1 |       0 |    0 |  256 |      0 |      0 |    0 |          0 |
|         (core)                               |                            uop_block__parameterized0 |          1 |          1 |       0 |    0 |   64 |      0 |      0 |    0 |          0 |
|         g[0].g_normal.alu_i                  |                         microop_unit__parameterized1 |          0 |          0 |       0 |    0 |   64 |      0 |      0 |    0 |          0 |
|         g[1].g_normal.alu_i                  |              microop_unit__parameterized2__xdcDup__1 |          0 |          0 |       0 |    0 |  128 |      0 |      0 |    0 |          0 |
|           (g[1].g_normal.alu_i)              |              microop_unit__parameterized2__xdcDup__1 |          0 |          0 |       0 |    0 |   64 |      0 |      0 |    0 |          0 |
|           g_iadd.use_ip.int_addsub_i         |                                       integer_addsub |          0 |          0 |       0 |    0 |   64 |      0 |      0 |    0 |          0 |
|             U0                               |                      integer_addsubc_addsub_v12_0_14 |          0 |          0 |       0 |    0 |   64 |      0 |      0 |    0 |          0 |
|               xst_addsub                     |                  integer_addsubc_addsub_v12_0_14_viv |          0 |          0 |       0 |    0 |   64 |      0 |      0 |    0 |          0 |
|                 i_baseblox.i_baseblox_addsub |               integer_addsubc_addsub_v12_0_14_legacy |          0 |          0 |       0 |    0 |   64 |      0 |      0 |    0 |          0 |
|                   no_pipelining.the_addsub   |        integer_addsubc_addsub_v12_0_14_fabric_legacy |          0 |          0 |       0 |    0 |   64 |      0 |      0 |    0 |          0 |
|                     i_lut6.i_lut6_addsub     |          integer_addsubc_addsub_v12_0_14_lut6_legacy |          0 |          0 |       0 |    0 |   64 |      0 |      0 |    0 |          0 |
|                       (i_lut6.i_lut6_addsub) |          integer_addsubc_addsub_v12_0_14_lut6_legacy |          0 |          0 |       0 |    0 |    0 |      0 |      0 |    0 |          0 |
|                       i_q.i_simple.qreg      |                   integer_addsubc_reg_fd_v12_0_6_viv |          0 |          0 |       0 |    0 |   64 |      0 |      0 |    0 |          0 |
|     glen[2].core_i                           |            uop_block_wrap__parameterized1__xdcDup__1 |          1 |          1 |       0 |    0 |  320 |      0 |      0 |    0 |          0 |
|       (glen[2].core_i)                       |            uop_block_wrap__parameterized1__xdcDup__1 |          0 |          0 |       0 |    0 |  128 |      0 |      0 |    0 |          0 |
|       core                                   |                 uop_block__parameterized1__xdcDup__1 |          1 |          1 |       0 |    0 |  192 |      0 |      0 |    0 |          0 |
|         (core)                               |                 uop_block__parameterized1__xdcDup__1 |          1 |          1 |       0 |    0 |    0 |      0 |      0 |    0 |          0 |
|         g[0].g_normal.alu_i                  |                      microop_unit__parameterized3__6 |          0 |          0 |       0 |    0 |   64 |      0 |      0 |    0 |          0 |
|         g[1].g_normal.alu_i                  |              microop_unit__parameterized2__xdcDup__2 |          0 |          0 |       0 |    0 |  128 |      0 |      0 |    0 |          0 |
|           (g[1].g_normal.alu_i)              |              microop_unit__parameterized2__xdcDup__2 |          0 |          0 |       0 |    0 |   64 |      0 |      0 |    0 |          0 |
|           g_iadd.use_ip.int_addsub_i         |                                integer_addsub_HD5669 |          0 |          0 |       0 |    0 |   64 |      0 |      0 |    0 |          0 |
|             U0                               |               integer_addsubc_addsub_v12_0_14_HD5670 |          0 |          0 |       0 |    0 |   64 |      0 |      0 |    0 |          0 |
|               xst_addsub                     |           integer_addsubc_addsub_v12_0_14_viv_HD5671 |          0 |          0 |       0 |    0 |   64 |      0 |      0 |    0 |          0 |
|                 i_baseblox.i_baseblox_addsub |        integer_addsubc_addsub_v12_0_14_legacy_HD5672 |          0 |          0 |       0 |    0 |   64 |      0 |      0 |    0 |          0 |
|                   no_pipelining.the_addsub   | integer_addsubc_addsub_v12_0_14_fabric_legacy_HD5673 |          0 |          0 |       0 |    0 |   64 |      0 |      0 |    0 |          0 |
|                     i_lut6.i_lut6_addsub     |   integer_addsubc_addsub_v12_0_14_lut6_legacy_HD5674 |          0 |          0 |       0 |    0 |   64 |      0 |      0 |    0 |          0 |
|                       (i_lut6.i_lut6_addsub) |   integer_addsubc_addsub_v12_0_14_lut6_legacy_HD5674 |          0 |          0 |       0 |    0 |    0 |      0 |      0 |    0 |          0 |
|                       i_q.i_simple.qreg      |            integer_addsubc_reg_fd_v12_0_6_viv_HD5675 |          0 |          0 |       0 |    0 |   64 |      0 |      0 |    0 |          0 |
|     glen[3].core_i                           |            uop_block_wrap__parameterized1__xdcDup__2 |          1 |          1 |       0 |    0 |  320 |      0 |      0 |    0 |          0 |
|       (glen[3].core_i)                       |            uop_block_wrap__parameterized1__xdcDup__2 |          0 |          0 |       0 |    0 |  128 |      0 |      0 |    0 |          0 |
|       core                                   |                 uop_block__parameterized1__xdcDup__2 |          1 |          1 |       0 |    0 |  192 |      0 |      0 |    0 |          0 |
|         (core)                               |                 uop_block__parameterized1__xdcDup__2 |          1 |          1 |       0 |    0 |    0 |      0 |      0 |    0 |          0 |
|         g[0].g_normal.alu_i                  |                      microop_unit__parameterized3__7 |          0 |          0 |       0 |    0 |   64 |      0 |      0 |    0 |          0 |
|         g[1].g_normal.alu_i                  |              microop_unit__parameterized2__xdcDup__3 |          0 |          0 |       0 |    0 |  128 |      0 |      0 |    0 |          0 |
|           (g[1].g_normal.alu_i)              |              microop_unit__parameterized2__xdcDup__3 |          0 |          0 |       0 |    0 |   64 |      0 |      0 |    0 |          0 |
|           g_iadd.use_ip.int_addsub_i         |                                integer_addsub_HD5676 |          0 |          0 |       0 |    0 |   64 |      0 |      0 |    0 |          0 |
|             U0                               |               integer_addsubc_addsub_v12_0_14_HD5677 |          0 |          0 |       0 |    0 |   64 |      0 |      0 |    0 |          0 |
|               xst_addsub                     |           integer_addsubc_addsub_v12_0_14_viv_HD5678 |          0 |          0 |       0 |    0 |   64 |      0 |      0 |    0 |          0 |
|                 i_baseblox.i_baseblox_addsub |        integer_addsubc_addsub_v12_0_14_legacy_HD5679 |          0 |          0 |       0 |    0 |   64 |      0 |      0 |    0 |          0 |
|                   no_pipelining.the_addsub   | integer_addsubc_addsub_v12_0_14_fabric_legacy_HD5680 |          0 |          0 |       0 |    0 |   64 |      0 |      0 |    0 |          0 |
|                     i_lut6.i_lut6_addsub     |   integer_addsubc_addsub_v12_0_14_lut6_legacy_HD5681 |          0 |          0 |       0 |    0 |   64 |      0 |      0 |    0 |          0 |
|                       (i_lut6.i_lut6_addsub) |   integer_addsubc_addsub_v12_0_14_lut6_legacy_HD5681 |          0 |          0 |       0 |    0 |    0 |      0 |      0 |    0 |          0 |
|                       i_q.i_simple.qreg      |            integer_addsubc_reg_fd_v12_0_6_viv_HD5682 |          0 |          0 |       0 |    0 |   64 |      0 |      0 |    0 |          0 |
|     glen[4].core_i                           |            uop_block_wrap__parameterized1__xdcDup__3 |          1 |          1 |       0 |    0 |  320 |      0 |      0 |    0 |          0 |
|       (glen[4].core_i)                       |            uop_block_wrap__parameterized1__xdcDup__3 |          0 |          0 |       0 |    0 |  128 |      0 |      0 |    0 |          0 |
|       core                                   |                 uop_block__parameterized1__xdcDup__3 |          1 |          1 |       0 |    0 |  192 |      0 |      0 |    0 |          0 |
|         (core)                               |                 uop_block__parameterized1__xdcDup__3 |          1 |          1 |       0 |    0 |    0 |      0 |      0 |    0 |          0 |
|         g[0].g_normal.alu_i                  |                      microop_unit__parameterized3__8 |          0 |          0 |       0 |    0 |   64 |      0 |      0 |    0 |          0 |
|         g[1].g_normal.alu_i                  |              microop_unit__parameterized2__xdcDup__4 |          0 |          0 |       0 |    0 |  128 |      0 |      0 |    0 |          0 |
|           (g[1].g_normal.alu_i)              |              microop_unit__parameterized2__xdcDup__4 |          0 |          0 |       0 |    0 |   64 |      0 |      0 |    0 |          0 |
|           g_iadd.use_ip.int_addsub_i         |                                integer_addsub_HD5683 |          0 |          0 |       0 |    0 |   64 |      0 |      0 |    0 |          0 |
|             U0                               |               integer_addsubc_addsub_v12_0_14_HD5684 |          0 |          0 |       0 |    0 |   64 |      0 |      0 |    0 |          0 |
|               xst_addsub                     |           integer_addsubc_addsub_v12_0_14_viv_HD5685 |          0 |          0 |       0 |    0 |   64 |      0 |      0 |    0 |          0 |
|                 i_baseblox.i_baseblox_addsub |        integer_addsubc_addsub_v12_0_14_legacy_HD5686 |          0 |          0 |       0 |    0 |   64 |      0 |      0 |    0 |          0 |
|                   no_pipelining.the_addsub   | integer_addsubc_addsub_v12_0_14_fabric_legacy_HD5687 |          0 |          0 |       0 |    0 |   64 |      0 |      0 |    0 |          0 |
|                     i_lut6.i_lut6_addsub     |   integer_addsubc_addsub_v12_0_14_lut6_legacy_HD5688 |          0 |          0 |       0 |    0 |   64 |      0 |      0 |    0 |          0 |
|                       (i_lut6.i_lut6_addsub) |   integer_addsubc_addsub_v12_0_14_lut6_legacy_HD5688 |          0 |          0 |       0 |    0 |    0 |      0 |      0 |    0 |          0 |
|                       i_q.i_simple.qreg      |            integer_addsubc_reg_fd_v12_0_6_viv_HD5689 |          0 |          0 |       0 |    0 |   64 |      0 |      0 |    0 |          0 |
|     glen[5].core_i                           |                       uop_block_wrap__parameterized2 |          1 |          1 |       0 |    0 |   80 |      0 |      0 |    0 |          0 |
|       (glen[5].core_i)                       |                       uop_block_wrap__parameterized2 |          0 |          0 |       0 |    0 |   40 |      0 |      0 |    0 |          0 |
|       core                                   |                            uop_block__parameterized2 |          1 |          1 |       0 |    0 |   40 |      0 |      0 |    0 |          0 |
|         (core)                               |                            uop_block__parameterized2 |          1 |          1 |       0 |    0 |    0 |      0 |      0 |    0 |          0 |
|         g[0].g_normal.alu_i                  |                         microop_unit__parameterized4 |          0 |          0 |       0 |    0 |    8 |      0 |      0 |    0 |          0 |
|         g[1].g_normal.alu_i                  |                         microop_unit__parameterized5 |          0 |          0 |       0 |    0 |   32 |      0 |      0 |    0 |          0 |
|     glen[6].core_i                           |                       uop_block_wrap__parameterized3 |          3 |          3 |       0 |    0 |  288 |      0 |      0 |    0 |          0 |
|       (glen[6].core_i)                       |                       uop_block_wrap__parameterized3 |          0 |          0 |       0 |    0 |   96 |      0 |      0 |    0 |          0 |
|       core                                   |                            uop_block__parameterized3 |          3 |          3 |       0 |    0 |  192 |      0 |      0 |    0 |          0 |
|         (core)                               |                            uop_block__parameterized3 |          1 |          1 |       0 |    0 |    0 |      0 |      0 |    0 |          0 |
|         g[0].g_normal.alu_i                  |                         microop_unit__parameterized6 |          1 |          1 |       0 |    0 |   32 |      0 |      0 |    0 |          0 |
|         g[1].g_normal.alu_i                  |                         microop_unit__parameterized0 |          0 |          0 |       0 |    0 |   32 |      0 |      0 |    0 |          0 |
|         g[2].g_normal.alu_i                  |              microop_unit__parameterized2__xdcDup__5 |          1 |          1 |       0 |    0 |  128 |      0 |      0 |    0 |          0 |
|           (g[2].g_normal.alu_i)              |              microop_unit__parameterized2__xdcDup__5 |          0 |          0 |       0 |    0 |   64 |      0 |      0 |    0 |          0 |
|           g_iadd.use_ip.int_addsub_i         |                                integer_addsub_HD5690 |          1 |          1 |       0 |    0 |   64 |      0 |      0 |    0 |          0 |
|             U0                               |               integer_addsubc_addsub_v12_0_14_HD5691 |          1 |          1 |       0 |    0 |   64 |      0 |      0 |    0 |          0 |
|               xst_addsub                     |           integer_addsubc_addsub_v12_0_14_viv_HD5692 |          1 |          1 |       0 |    0 |   64 |      0 |      0 |    0 |          0 |
|                 i_baseblox.i_baseblox_addsub |        integer_addsubc_addsub_v12_0_14_legacy_HD5693 |          1 |          1 |       0 |    0 |   64 |      0 |      0 |    0 |          0 |
|                   no_pipelining.the_addsub   | integer_addsubc_addsub_v12_0_14_fabric_legacy_HD5694 |          1 |          1 |       0 |    0 |   64 |      0 |      0 |    0 |          0 |
|                     i_lut6.i_lut6_addsub     |   integer_addsubc_addsub_v12_0_14_lut6_legacy_HD5695 |          1 |          1 |       0 |    0 |   64 |      0 |      0 |    0 |          0 |
|                       (i_lut6.i_lut6_addsub) |   integer_addsubc_addsub_v12_0_14_lut6_legacy_HD5695 |          1 |          1 |       0 |    0 |    0 |      0 |      0 |    0 |          0 |
|                       i_q.i_simple.qreg      |            integer_addsubc_reg_fd_v12_0_6_viv_HD5696 |          0 |          0 |       0 |    0 |   64 |      0 |      0 |    0 |          0 |
|     glen[7].core_i                           |            uop_block_wrap__parameterized1__xdcDup__4 |          1 |          1 |       0 |    0 |  320 |      0 |      0 |    0 |          0 |
|       (glen[7].core_i)                       |            uop_block_wrap__parameterized1__xdcDup__4 |          0 |          0 |       0 |    0 |  128 |      0 |      0 |    0 |          0 |
|       core                                   |                 uop_block__parameterized1__xdcDup__4 |          1 |          1 |       0 |    0 |  192 |      0 |      0 |    0 |          0 |
|         (core)                               |                 uop_block__parameterized1__xdcDup__4 |          1 |          1 |       0 |    0 |    0 |      0 |      0 |    0 |          0 |
|         g[0].g_normal.alu_i                  |                      microop_unit__parameterized3__9 |          0 |          0 |       0 |    0 |   64 |      0 |      0 |    0 |          0 |
|         g[1].g_normal.alu_i                  |              microop_unit__parameterized2__xdcDup__6 |          0 |          0 |       0 |    0 |  128 |      0 |      0 |    0 |          0 |
|           (g[1].g_normal.alu_i)              |              microop_unit__parameterized2__xdcDup__6 |          0 |          0 |       0 |    0 |   64 |      0 |      0 |    0 |          0 |
|           g_iadd.use_ip.int_addsub_i         |                                integer_addsub_HD5697 |          0 |          0 |       0 |    0 |   64 |      0 |      0 |    0 |          0 |
|             U0                               |               integer_addsubc_addsub_v12_0_14_HD5698 |          0 |          0 |       0 |    0 |   64 |      0 |      0 |    0 |          0 |
|               xst_addsub                     |           integer_addsubc_addsub_v12_0_14_viv_HD5699 |          0 |          0 |       0 |    0 |   64 |      0 |      0 |    0 |          0 |
|                 i_baseblox.i_baseblox_addsub |        integer_addsubc_addsub_v12_0_14_legacy_HD5700 |          0 |          0 |       0 |    0 |   64 |      0 |      0 |    0 |          0 |
|                   no_pipelining.the_addsub   | integer_addsubc_addsub_v12_0_14_fabric_legacy_HD5701 |          0 |          0 |       0 |    0 |   64 |      0 |      0 |    0 |          0 |
|                     i_lut6.i_lut6_addsub     |   integer_addsubc_addsub_v12_0_14_lut6_legacy_HD5702 |          0 |          0 |       0 |    0 |   64 |      0 |      0 |    0 |          0 |
|                       (i_lut6.i_lut6_addsub) |   integer_addsubc_addsub_v12_0_14_lut6_legacy_HD5702 |          0 |          0 |       0 |    0 |    0 |      0 |      0 |    0 |          0 |
|                       i_q.i_simple.qreg      |            integer_addsubc_reg_fd_v12_0_6_viv_HD5703 |          0 |          0 |       0 |    0 |   64 |      0 |      0 |    0 |          0 |
|     glen[8].core_i                           |            uop_block_wrap__parameterized1__xdcDup__5 |          1 |          1 |       0 |    0 |  320 |      0 |      0 |    0 |          0 |
|       (glen[8].core_i)                       |            uop_block_wrap__parameterized1__xdcDup__5 |          0 |          0 |       0 |    0 |  128 |      0 |      0 |    0 |          0 |
|       core                                   |                 uop_block__parameterized1__xdcDup__5 |          1 |          1 |       0 |    0 |  192 |      0 |      0 |    0 |          0 |
|         (core)                               |                 uop_block__parameterized1__xdcDup__5 |          1 |          1 |       0 |    0 |    0 |      0 |      0 |    0 |          0 |
|         g[0].g_normal.alu_i                  |                     microop_unit__parameterized3__10 |          0 |          0 |       0 |    0 |   64 |      0 |      0 |    0 |          0 |
|         g[1].g_normal.alu_i                  |              microop_unit__parameterized2__xdcDup__7 |          0 |          0 |       0 |    0 |  128 |      0 |      0 |    0 |          0 |
|           (g[1].g_normal.alu_i)              |              microop_unit__parameterized2__xdcDup__7 |          0 |          0 |       0 |    0 |   64 |      0 |      0 |    0 |          0 |
|           g_iadd.use_ip.int_addsub_i         |                                integer_addsub_HD5704 |          0 |          0 |       0 |    0 |   64 |      0 |      0 |    0 |          0 |
|             U0                               |               integer_addsubc_addsub_v12_0_14_HD5705 |          0 |          0 |       0 |    0 |   64 |      0 |      0 |    0 |          0 |
|               xst_addsub                     |           integer_addsubc_addsub_v12_0_14_viv_HD5706 |          0 |          0 |       0 |    0 |   64 |      0 |      0 |    0 |          0 |
|                 i_baseblox.i_baseblox_addsub |        integer_addsubc_addsub_v12_0_14_legacy_HD5707 |          0 |          0 |       0 |    0 |   64 |      0 |      0 |    0 |          0 |
|                   no_pipelining.the_addsub   | integer_addsubc_addsub_v12_0_14_fabric_legacy_HD5708 |          0 |          0 |       0 |    0 |   64 |      0 |      0 |    0 |          0 |
|                     i_lut6.i_lut6_addsub     |   integer_addsubc_addsub_v12_0_14_lut6_legacy_HD5709 |          0 |          0 |       0 |    0 |   64 |      0 |      0 |    0 |          0 |
|                       (i_lut6.i_lut6_addsub) |   integer_addsubc_addsub_v12_0_14_lut6_legacy_HD5709 |          0 |          0 |       0 |    0 |    0 |      0 |      0 |    0 |          0 |
|                       i_q.i_simple.qreg      |            integer_addsubc_reg_fd_v12_0_6_viv_HD5710 |          0 |          0 |       0 |    0 |   64 |      0 |      0 |    0 |          0 |
|     glen[9].core_i                           |                       uop_block_wrap__parameterized1 |          1 |          1 |       0 |    0 |  320 |      0 |      0 |    0 |          0 |
|       (glen[9].core_i)                       |                       uop_block_wrap__parameterized1 |          0 |          0 |       0 |    0 |  128 |      0 |      0 |    0 |          0 |
|       core                                   |                            uop_block__parameterized1 |          1 |          1 |       0 |    0 |  192 |      0 |      0 |    0 |          0 |
|         (core)                               |                            uop_block__parameterized1 |          1 |          1 |       0 |    0 |    0 |      0 |      0 |    0 |          0 |
|         g[0].g_normal.alu_i                  |                     microop_unit__parameterized3__11 |          0 |          0 |       0 |    0 |   64 |      0 |      0 |    0 |          0 |
|         g[1].g_normal.alu_i                  |                         microop_unit__parameterized2 |          0 |          0 |       0 |    0 |  128 |      0 |      0 |    0 |          0 |
|           (g[1].g_normal.alu_i)              |                         microop_unit__parameterized2 |          0 |          0 |       0 |    0 |   64 |      0 |      0 |    0 |          0 |
|           g_iadd.use_ip.int_addsub_i         |                                integer_addsub_HD5711 |          0 |          0 |       0 |    0 |   64 |      0 |      0 |    0 |          0 |
|             U0                               |               integer_addsubc_addsub_v12_0_14_HD5712 |          0 |          0 |       0 |    0 |   64 |      0 |      0 |    0 |          0 |
|               xst_addsub                     |           integer_addsubc_addsub_v12_0_14_viv_HD5713 |          0 |          0 |       0 |    0 |   64 |      0 |      0 |    0 |          0 |
|                 i_baseblox.i_baseblox_addsub |        integer_addsubc_addsub_v12_0_14_legacy_HD5714 |          0 |          0 |       0 |    0 |   64 |      0 |      0 |    0 |          0 |
|                   no_pipelining.the_addsub   | integer_addsubc_addsub_v12_0_14_fabric_legacy_HD5715 |          0 |          0 |       0 |    0 |   64 |      0 |      0 |    0 |          0 |
|                     i_lut6.i_lut6_addsub     |   integer_addsubc_addsub_v12_0_14_lut6_legacy_HD5716 |          0 |          0 |       0 |    0 |   64 |      0 |      0 |    0 |          0 |
|                       (i_lut6.i_lut6_addsub) |   integer_addsubc_addsub_v12_0_14_lut6_legacy_HD5716 |          0 |          0 |       0 |    0 |    0 |      0 |      0 |    0 |          0 |
|                       i_q.i_simple.qreg      |            integer_addsubc_reg_fd_v12_0_6_viv_HD5717 |          0 |          0 |       0 |    0 |   64 |      0 |      0 |    0 |          0 |
+----------------------------------------------+------------------------------------------------------+------------+------------+---------+------+------+--------+--------+------+------------+


