Copyright 1986-2020 Xilinx, Inc. All Rights Reserved.
-----------------------------------------------------------------------------------------------------------------------------------------------
| Tool Version      : Vivado v.2020.1 (lin64) Build 2902540 Wed May 27 19:54:35 MDT 2020
| Date              : Mon Sep 22 02:57:24 2025
| Host              : orthanc running 64-bit Ubuntu 22.04.4 LTS
| Command           : report_timing_summary -file /home/jyoo/custom_v_2/custom-core-tool/reports/alubase/single/657_xz_s/post_route_timing.rpt
| Design            : top_bench__657_xz_s
| Device            : xcu200-fsgd2104
| Speed File        : -2  PRODUCTION 1.27 02-28-2020
| Temperature Grade : E
-----------------------------------------------------------------------------------------------------------------------------------------------

Timing Summary Report

------------------------------------------------------------------------------------------------
| Timer Settings
| --------------
------------------------------------------------------------------------------------------------

  Enable Multi Corner Analysis               :  Yes
  Enable Pessimism Removal                   :  Yes
  Pessimism Removal Resolution               :  Nearest Common Node
  Enable Input Delay Default Clock           :  No
  Enable Preset / Clear Arcs                 :  No
  Disable Flight Delays                      :  No
  Ignore I/O Paths                           :  No
  Timing Early Launch at Borrowing Latches   :  No
  Borrow Time for Max Delay Exceptions       :  Yes
  Merge Timing Exceptions                    :  Yes

  Corner  Analyze    Analyze    
  Name    Max Paths  Min Paths  
  ------  ---------  ---------  
  Slow    Yes        Yes        
  Fast    Yes        Yes        



check_timing report

Table of Contents
-----------------
1. checking no_clock (0)
2. checking constant_clock (0)
3. checking pulse_width_clock (0)
4. checking unconstrained_internal_endpoints (0)
5. checking no_input_delay (64)
6. checking no_output_delay (64)
7. checking multiple_clock (0)
8. checking generated_clocks (0)
9. checking loops (0)
10. checking partial_input_delay (0)
11. checking partial_output_delay (0)
12. checking latch_loops (0)

1. checking no_clock (0)
------------------------
 There are 0 register/latch pins with no clock.


2. checking constant_clock (0)
------------------------------
 There are 0 register/latch pins with constant_clock.


3. checking pulse_width_clock (0)
---------------------------------
 There are 0 register/latch pins which need pulse_width check


4. checking unconstrained_internal_endpoints (0)
------------------------------------------------
 There are 0 pins that are not constrained for maximum delay.

 There are 0 pins that are not constrained for maximum delay due to constant clock.


5. checking no_input_delay (64)
-------------------------------
 There are 64 input ports with no input delay specified. (HIGH)

 There are 0 input ports with no input delay but user has a false path constraint.


6. checking no_output_delay (64)
--------------------------------
 There are 64 ports with no output delay specified. (HIGH)

 There are 0 ports with no output delay but user has a false path constraint

 There are 0 ports with no output delay but with a timing clock defined on it or propagating through it


7. checking multiple_clock (0)
------------------------------
 There are 0 register/latch pins with multiple clocks.


8. checking generated_clocks (0)
--------------------------------
 There are 0 generated clocks that are not connected to a clock source.


9. checking loops (0)
---------------------
 There are 0 combinational loops in the design.


10. checking partial_input_delay (0)
------------------------------------
 There are 0 input ports with partial input delay specified.


11. checking partial_output_delay (0)
-------------------------------------
 There are 0 ports with partial output delay specified.


12. checking latch_loops (0)
----------------------------
 There are 0 combinational latch loops in the design through latch input



------------------------------------------------------------------------------------------------
| Design Timing Summary
| ---------------------
------------------------------------------------------------------------------------------------

    WNS(ns)      TNS(ns)  TNS Failing Endpoints  TNS Total Endpoints      WHS(ns)      THS(ns)  THS Failing Endpoints  THS Total Endpoints     WPWS(ns)     TPWS(ns)  TPWS Failing Endpoints  TPWS Total Endpoints  
    -------      -------  ---------------------  -------------------      -------      -------  ---------------------  -------------------     --------     --------  ----------------------  --------------------  
      1.931        0.000                      0                 3064        0.003        0.000                      0                 3064        1.391        0.000                       0                  4739  


All user specified timing constraints are met.


------------------------------------------------------------------------------------------------
| Clock Summary
| -------------
------------------------------------------------------------------------------------------------

Clock     Waveform(ns)         Period(ns)      Frequency(MHz)
-----     ------------         ----------      --------------
host_clk  {0.000 1.666}        3.333           300.030         


------------------------------------------------------------------------------------------------
| Intra Clock Table
| -----------------
------------------------------------------------------------------------------------------------

Clock             WNS(ns)      TNS(ns)  TNS Failing Endpoints  TNS Total Endpoints      WHS(ns)      THS(ns)  THS Failing Endpoints  THS Total Endpoints     WPWS(ns)     TPWS(ns)  TPWS Failing Endpoints  TPWS Total Endpoints  
-----             -------      -------  ---------------------  -------------------      -------      -------  ---------------------  -------------------     --------     --------  ----------------------  --------------------  
host_clk            1.931        0.000                      0                 3064        0.003        0.000                      0                 3064        1.391        0.000                       0                  4739  


------------------------------------------------------------------------------------------------
| Inter Clock Table
| -----------------
------------------------------------------------------------------------------------------------

From Clock    To Clock          WNS(ns)      TNS(ns)  TNS Failing Endpoints  TNS Total Endpoints      WHS(ns)      THS(ns)  THS Failing Endpoints  THS Total Endpoints  
----------    --------          -------      -------  ---------------------  -------------------      -------      -------  ---------------------  -------------------  


------------------------------------------------------------------------------------------------
| Other Path Groups Table
| -----------------------
------------------------------------------------------------------------------------------------

Path Group    From Clock    To Clock          WNS(ns)      TNS(ns)  TNS Failing Endpoints  TNS Total Endpoints      WHS(ns)      THS(ns)  THS Failing Endpoints  THS Total Endpoints  
----------    ----------    --------          -------      -------  ---------------------  -------------------      -------      -------  ---------------------  -------------------  


------------------------------------------------------------------------------------------------
| Timing Details
| --------------
------------------------------------------------------------------------------------------------


---------------------------------------------------------------------------------------------------
From Clock:  host_clk
  To Clock:  host_clk

Setup :            0  Failing Endpoints,  Worst Slack        1.931ns,  Total Violation        0.000ns
Hold  :            0  Failing Endpoints,  Worst Slack        0.003ns,  Total Violation        0.000ns
PW    :            0  Failing Endpoints,  Worst Slack        1.391ns,  Total Violation        0.000ns
---------------------------------------------------------------------------------------------------


Max Delay Paths
--------------------------------------------------------------------------------------
Slack (MET) :             1.931ns  (required time - arrival time)
  Source:                 u_657_xz_s/glen[0].core_i/core/g[0].g_normal.alu_i/g_soft_only.y_reg[7]/C
                            (rising edge-triggered cell FDRE clocked by host_clk  {rise@0.000ns fall@1.666ns period=3.333ns})
  Destination:            u_657_xz_s/glen[0].core_i/core/g[1].g_normal.alu_i/g_iadd.use_ip.int_addsub_i/U0/xst_addsub/i_baseblox.i_baseblox_addsub/no_pipelining.the_addsub/i_lut6.i_lut6_addsub/i_q.i_simple.qreg/i_no_async_controls.output_reg[64]/D
                            (rising edge-triggered cell FDRE clocked by host_clk  {rise@0.000ns fall@1.666ns period=3.333ns})
  Path Group:             host_clk
  Path Type:              Setup (Max at Slow Process Corner)
  Requirement:            3.333ns  (host_clk rise@3.333ns - host_clk rise@0.000ns)
  Data Path Delay:        1.263ns  (logic 0.549ns (43.468%)  route 0.714ns (56.532%))
  Logic Levels:           9  (CARRY8=8 LUT2=1)
  Clock Path Skew:        -0.129ns (DCD - SCD + CPR)
    Destination Clock Delay (DCD):    2.168ns = ( 5.501 - 3.333 ) 
    Source Clock Delay      (SCD):    2.713ns
    Clock Pessimism Removal (CPR):    0.416ns
  Clock Uncertainty:      0.035ns  ((TSJ^2 + TIJ^2)^1/2 + DJ) / 2 + PE
    Total System Jitter     (TSJ):    0.071ns
    Total Input Jitter      (TIJ):    0.000ns
    Discrete Jitter          (DJ):    0.000ns
    Phase Error              (PE):    0.000ns
  Clock Net Delay (Source):      1.823ns (routing 0.985ns, distribution 0.838ns)
  Clock Net Delay (Destination): 1.571ns (routing 0.896ns, distribution 0.675ns)

    Location             Delay type                Incr(ns)  Path(ns)    Netlist Resource(s)
  -------------------------------------------------------------------    -------------------
                         (clock host_clk rise edge)
                                                      0.000     0.000 r  
    H17                                               0.000     0.000 r  clk (IN)
                         net (fo=0)                   0.000     0.000    clk_IBUF_inst/I
    H17                  INBUF (Prop_INBUF_HPIOB_M_PAD_O)
                                                      0.514     0.514 r  clk_IBUF_inst/INBUF_INST/O
                         net (fo=1, routed)           0.000     0.514    clk_IBUF_inst/OUT
    H17                  IBUFCTRL (Prop_IBUFCTRL_HPIOB_M_I_O)
                                                      0.000     0.514 r  clk_IBUF_inst/IBUFCTRL_INST/O
                         net (fo=1, routed)           0.348     0.862    clk_IBUF
    BUFGCE_X1Y290        BUFGCE (Prop_BUFCE_BUFGCE_I_O)
                                                      0.028     0.890 r  clk_IBUF_BUFG_inst/O
    X5Y14 (CLOCK_ROOT)   net (fo=4738, routed)        1.823     2.713    u_657_xz_s/glen[0].core_i/core/g[0].g_normal.alu_i/clk
    SLICE_X153Y844       FDRE                                         r  u_657_xz_s/glen[0].core_i/core/g[0].g_normal.alu_i/g_soft_only.y_reg[7]/C
  -------------------------------------------------------------------    -------------------
    SLICE_X153Y844       FDRE (Prop_DFF_SLICEM_C_Q)
                                                      0.078     2.791 r  u_657_xz_s/glen[0].core_i/core/g[0].g_normal.alu_i/g_soft_only.y_reg[7]/Q
                         net (fo=2, routed)           0.470     3.261    u_657_xz_s/glen[0].core_i/core/g[1].g_normal.alu_i/g_iadd.use_ip.int_addsub_i/U0/xst_addsub/i_baseblox.i_baseblox_addsub/no_pipelining.the_addsub/i_lut6.i_lut6_addsub/A[7]
    SLICE_X147Y865       LUT2 (Prop_H6LUT_SLICEL_I1_O)
                                                      0.150     3.411 r  u_657_xz_s/glen[0].core_i/core/g[1].g_normal.alu_i/g_iadd.use_ip.int_addsub_i/U0/xst_addsub/i_baseblox.i_baseblox_addsub/no_pipelining.the_addsub/i_lut6.i_lut6_addsub/i_simple_model.i_gt_1.carrychaingen[7].carrymux_i_1/O
                         net (fo=1, routed)           0.010     3.421    u_657_xz_s/glen[0].core_i/core/g[1].g_normal.alu_i/g_iadd.use_ip.int_addsub_i/U0/xst_addsub/i_baseblox.i_baseblox_addsub/no_pipelining.the_addsub/i_lut6.i_lut6_addsub/i_simple_model.i_gt_1.carrychaingen[7].carrymux_i_1_n_0
    SLICE_X147Y865       CARRY8 (Prop_CARRY8_SLICEL_S[7]_CO[7])
                                                      0.115     3.536 r  u_657_xz_s/glen[0].core_i/core/g[1].g_normal.alu_i/g_iadd.use_ip.int_addsub_i/U0/xst_addsub/i_baseblox.i_baseblox_addsub/no_pipelining.the_addsub/i_lut6.i_lut6_addsub/i_simple_model.carrymux0_CARRY4_CARRY8/CO[7]
                         net (fo=1, routed)           0.026     3.562    u_657_xz_s/glen[0].core_i/core/g[1].g_normal.alu_i/g_iadd.use_ip.int_addsub_i/U0/xst_addsub/i_baseblox.i_baseblox_addsub/no_pipelining.the_addsub/i_lut6.i_lut6_addsub/carry_simple_7
    SLICE_X147Y866       CARRY8 (Prop_CARRY8_SLICEL_CI_CO[7])
                                                      0.015     3.577 r  u_657_xz_s/glen[0].core_i/core/g[1].g_normal.alu_i/g_iadd.use_ip.int_addsub_i/U0/xst_addsub/i_baseblox.i_baseblox_addsub/no_pipelining.the_addsub/i_lut6.i_lut6_addsub/i_simple_model.i_gt_1.carrychaingen[8].carrymux_CARRY4_CARRY8/CO[7]
                         net (fo=1, routed)           0.026     3.603    u_657_xz_s/glen[0].core_i/core/g[1].g_normal.alu_i/g_iadd.use_ip.int_addsub_i/U0/xst_addsub/i_baseblox.i_baseblox_addsub/no_pipelining.the_addsub/i_lut6.i_lut6_addsub/carry_simple_15
    SLICE_X147Y867       CARRY8 (Prop_CARRY8_SLICEL_CI_CO[7])
                                                      0.015     3.618 r  u_657_xz_s/glen[0].core_i/core/g[1].g_normal.alu_i/g_iadd.use_ip.int_addsub_i/U0/xst_addsub/i_baseblox.i_baseblox_addsub/no_pipelining.the_addsub/i_lut6.i_lut6_addsub/i_simple_model.i_gt_1.carrychaingen[16].carrymux_CARRY4_CARRY8/CO[7]
                         net (fo=1, routed)           0.026     3.644    u_657_xz_s/glen[0].core_i/core/g[1].g_normal.alu_i/g_iadd.use_ip.int_addsub_i/U0/xst_addsub/i_baseblox.i_baseblox_addsub/no_pipelining.the_addsub/i_lut6.i_lut6_addsub/carry_simple_23
    SLICE_X147Y868       CARRY8 (Prop_CARRY8_SLICEL_CI_CO[7])
                                                      0.015     3.659 r  u_657_xz_s/glen[0].core_i/core/g[1].g_normal.alu_i/g_iadd.use_ip.int_addsub_i/U0/xst_addsub/i_baseblox.i_baseblox_addsub/no_pipelining.the_addsub/i_lut6.i_lut6_addsub/i_simple_model.i_gt_1.carrychaingen[24].carrymux_CARRY4_CARRY8/CO[7]
                         net (fo=1, routed)           0.026     3.685    u_657_xz_s/glen[0].core_i/core/g[1].g_normal.alu_i/g_iadd.use_ip.int_addsub_i/U0/xst_addsub/i_baseblox.i_baseblox_addsub/no_pipelining.the_addsub/i_lut6.i_lut6_addsub/carry_simple_31
    SLICE_X147Y869       CARRY8 (Prop_CARRY8_SLICEL_CI_CO[7])
                                                      0.015     3.700 r  u_657_xz_s/glen[0].core_i/core/g[1].g_normal.alu_i/g_iadd.use_ip.int_addsub_i/U0/xst_addsub/i_baseblox.i_baseblox_addsub/no_pipelining.the_addsub/i_lut6.i_lut6_addsub/i_simple_model.i_gt_1.carrychaingen[32].carrymux_CARRY4_CARRY8/CO[7]
                         net (fo=1, routed)           0.052     3.752    u_657_xz_s/glen[0].core_i/core/g[1].g_normal.alu_i/g_iadd.use_ip.int_addsub_i/U0/xst_addsub/i_baseblox.i_baseblox_addsub/no_pipelining.the_addsub/i_lut6.i_lut6_addsub/carry_simple_39
    SLICE_X147Y870       CARRY8 (Prop_CARRY8_SLICEL_CI_CO[7])
                                                      0.015     3.767 r  u_657_xz_s/glen[0].core_i/core/g[1].g_normal.alu_i/g_iadd.use_ip.int_addsub_i/U0/xst_addsub/i_baseblox.i_baseblox_addsub/no_pipelining.the_addsub/i_lut6.i_lut6_addsub/i_simple_model.i_gt_1.carrychaingen[40].carrymux_CARRY4_CARRY8/CO[7]
                         net (fo=1, routed)           0.026     3.793    u_657_xz_s/glen[0].core_i/core/g[1].g_normal.alu_i/g_iadd.use_ip.int_addsub_i/U0/xst_addsub/i_baseblox.i_baseblox_addsub/no_pipelining.the_addsub/i_lut6.i_lut6_addsub/carry_simple_47
    SLICE_X147Y871       CARRY8 (Prop_CARRY8_SLICEL_CI_CO[7])
                                                      0.015     3.808 r  u_657_xz_s/glen[0].core_i/core/g[1].g_normal.alu_i/g_iadd.use_ip.int_addsub_i/U0/xst_addsub/i_baseblox.i_baseblox_addsub/no_pipelining.the_addsub/i_lut6.i_lut6_addsub/i_simple_model.i_gt_1.carrychaingen[48].carrymux_CARRY4_CARRY8/CO[7]
                         net (fo=1, routed)           0.026     3.834    u_657_xz_s/glen[0].core_i/core/g[1].g_normal.alu_i/g_iadd.use_ip.int_addsub_i/U0/xst_addsub/i_baseblox.i_baseblox_addsub/no_pipelining.the_addsub/i_lut6.i_lut6_addsub/carry_simple_55
    SLICE_X147Y872       CARRY8 (Prop_CARRY8_SLICEL_CI_O[7])
                                                      0.116     3.950 r  u_657_xz_s/glen[0].core_i/core/g[1].g_normal.alu_i/g_iadd.use_ip.int_addsub_i/U0/xst_addsub/i_baseblox.i_baseblox_addsub/no_pipelining.the_addsub/i_lut6.i_lut6_addsub/i_simple_model.i_gt_1.carrychaingen[56].carrymux_CARRY4_CARRY8/O[7]
                         net (fo=1, routed)           0.026     3.976    u_657_xz_s/glen[0].core_i/core/g[1].g_normal.alu_i/g_iadd.use_ip.int_addsub_i/U0/xst_addsub/i_baseblox.i_baseblox_addsub/no_pipelining.the_addsub/i_lut6.i_lut6_addsub/i_q.i_simple.qreg/D[63]
    SLICE_X147Y872       FDRE                                         r  u_657_xz_s/glen[0].core_i/core/g[1].g_normal.alu_i/g_iadd.use_ip.int_addsub_i/U0/xst_addsub/i_baseblox.i_baseblox_addsub/no_pipelining.the_addsub/i_lut6.i_lut6_addsub/i_q.i_simple.qreg/i_no_async_controls.output_reg[64]/D
  -------------------------------------------------------------------    -------------------

                         (clock host_clk rise edge)
                                                      3.333     3.333 r  
    H17                                               0.000     3.333 r  clk (IN)
                         net (fo=0)                   0.000     3.333    clk_IBUF_inst/I
    H17                  INBUF (Prop_INBUF_HPIOB_M_PAD_O)
                                                      0.264     3.597 r  clk_IBUF_inst/INBUF_INST/O
                         net (fo=1, routed)           0.000     3.597    clk_IBUF_inst/OUT
    H17                  IBUFCTRL (Prop_IBUFCTRL_HPIOB_M_I_O)
                                                      0.000     3.597 r  clk_IBUF_inst/IBUFCTRL_INST/O
                         net (fo=1, routed)           0.309     3.906    clk_IBUF
    BUFGCE_X1Y290        BUFGCE (Prop_BUFCE_BUFGCE_I_O)
                                                      0.024     3.930 r  clk_IBUF_BUFG_inst/O
    X5Y14 (CLOCK_ROOT)   net (fo=4738, routed)        1.571     5.501    u_657_xz_s/glen[0].core_i/core/g[1].g_normal.alu_i/g_iadd.use_ip.int_addsub_i/U0/xst_addsub/i_baseblox.i_baseblox_addsub/no_pipelining.the_addsub/i_lut6.i_lut6_addsub/i_q.i_simple.qreg/CLK
    SLICE_X147Y872       FDRE                                         r  u_657_xz_s/glen[0].core_i/core/g[1].g_normal.alu_i/g_iadd.use_ip.int_addsub_i/U0/xst_addsub/i_baseblox.i_baseblox_addsub/no_pipelining.the_addsub/i_lut6.i_lut6_addsub/i_q.i_simple.qreg/i_no_async_controls.output_reg[64]/C
                         clock pessimism              0.416     5.917    
                         clock uncertainty           -0.035     5.882    
    SLICE_X147Y872       FDRE (Setup_HFF_SLICEL_C_D)
                                                      0.025     5.907    u_657_xz_s/glen[0].core_i/core/g[1].g_normal.alu_i/g_iadd.use_ip.int_addsub_i/U0/xst_addsub/i_baseblox.i_baseblox_addsub/no_pipelining.the_addsub/i_lut6.i_lut6_addsub/i_q.i_simple.qreg/i_no_async_controls.output_reg[64]
  -------------------------------------------------------------------
                         required time                          5.907    
                         arrival time                          -3.976    
  -------------------------------------------------------------------
                         slack                                  1.931    





Min Delay Paths
--------------------------------------------------------------------------------------
Slack (MET) :             0.003ns  (arrival time - required time)
  Source:                 u_657_xz_s/glen[3].core_i/core/g[0].g_normal.alu_i/g_soft_only.y_reg[29]/C
                            (rising edge-triggered cell FDRE clocked by host_clk  {rise@0.000ns fall@1.666ns period=3.333ns})
  Destination:            u_657_xz_s/glen[3].core_i/core/g[0].g_ff.stage_reg[1][29]/D
                            (rising edge-triggered cell FDRE clocked by host_clk  {rise@0.000ns fall@1.666ns period=3.333ns})
  Path Group:             host_clk
  Path Type:              Hold (Min at Slow Process Corner)
  Requirement:            0.000ns  (host_clk rise@0.000ns - host_clk rise@0.000ns)
  Data Path Delay:        0.162ns  (logic 0.058ns (35.802%)  route 0.104ns (64.198%))
  Logic Levels:           0  
  Clock Path Skew:        0.097ns (DCD - SCD - CPR)
    Destination Clock Delay (DCD):    2.683ns
    Source Clock Delay      (SCD):    2.170ns
    Clock Pessimism Removal (CPR):    0.416ns
  Clock Net Delay (Source):      1.573ns (routing 0.896ns, distribution 0.677ns)
  Clock Net Delay (Destination): 1.793ns (routing 0.985ns, distribution 0.808ns)

    Location             Delay type                Incr(ns)  Path(ns)    Netlist Resource(s)
  -------------------------------------------------------------------    -------------------
                         (clock host_clk rise edge)
                                                      0.000     0.000 r  
    H17                                               0.000     0.000 r  clk (IN)
                         net (fo=0)                   0.000     0.000    clk_IBUF_inst/I
    H17                  INBUF (Prop_INBUF_HPIOB_M_PAD_O)
                                                      0.264     0.264 r  clk_IBUF_inst/INBUF_INST/O
                         net (fo=1, routed)           0.000     0.264    clk_IBUF_inst/OUT
    H17                  IBUFCTRL (Prop_IBUFCTRL_HPIOB_M_I_O)
                                                      0.000     0.264 r  clk_IBUF_inst/IBUFCTRL_INST/O
                         net (fo=1, routed)           0.309     0.573    clk_IBUF
    BUFGCE_X1Y290        BUFGCE (Prop_BUFCE_BUFGCE_I_O)
                                                      0.024     0.597 r  clk_IBUF_BUFG_inst/O
    X5Y14 (CLOCK_ROOT)   net (fo=4738, routed)        1.573     2.170    u_657_xz_s/glen[3].core_i/core/g[0].g_normal.alu_i/clk
    SLICE_X149Y872       FDRE                                         r  u_657_xz_s/glen[3].core_i/core/g[0].g_normal.alu_i/g_soft_only.y_reg[29]/C
  -------------------------------------------------------------------    -------------------
    SLICE_X149Y872       FDRE (Prop_FFF_SLICEL_C_Q)
                                                      0.058     2.228 r  u_657_xz_s/glen[3].core_i/core/g[0].g_normal.alu_i/g_soft_only.y_reg[29]/Q
                         net (fo=1, routed)           0.104     2.332    u_657_xz_s/glen[3].core_i/core/g[0].y_eff[29]
    SLICE_X147Y873       FDRE                                         r  u_657_xz_s/glen[3].core_i/core/g[0].g_ff.stage_reg[1][29]/D
  -------------------------------------------------------------------    -------------------

                         (clock host_clk rise edge)
                                                      0.000     0.000 r  
    H17                                               0.000     0.000 r  clk (IN)
                         net (fo=0)                   0.000     0.000    clk_IBUF_inst/I
    H17                  INBUF (Prop_INBUF_HPIOB_M_PAD_O)
                                                      0.514     0.514 r  clk_IBUF_inst/INBUF_INST/O
                         net (fo=1, routed)           0.000     0.514    clk_IBUF_inst/OUT
    H17                  IBUFCTRL (Prop_IBUFCTRL_HPIOB_M_I_O)
                                                      0.000     0.514 r  clk_IBUF_inst/IBUFCTRL_INST/O
                         net (fo=1, routed)           0.348     0.862    clk_IBUF
    BUFGCE_X1Y290        BUFGCE (Prop_BUFCE_BUFGCE_I_O)
                                                      0.028     0.890 r  clk_IBUF_BUFG_inst/O
    X5Y14 (CLOCK_ROOT)   net (fo=4738, routed)        1.793     2.683    u_657_xz_s/glen[3].core_i/core/clk
    SLICE_X147Y873       FDRE                                         r  u_657_xz_s/glen[3].core_i/core/g[0].g_ff.stage_reg[1][29]/C
                         clock pessimism             -0.416     2.267    
    SLICE_X147Y873       FDRE (Hold_GFF2_SLICEL_C_D)
                                                      0.062     2.329    u_657_xz_s/glen[3].core_i/core/g[0].g_ff.stage_reg[1][29]
  -------------------------------------------------------------------
                         required time                         -2.329    
                         arrival time                           2.332    
  -------------------------------------------------------------------
                         slack                                  0.003    





Pulse Width Checks
--------------------------------------------------------------------------------------
Clock Name:         host_clk
Waveform(ns):       { 0.000 1.666 }
Period(ns):         3.333
Sources:            { clk }

Check Type        Corner  Lib Pin   Reference Pin  Required(ns)  Actual(ns)  Slack(ns)  Location        Pin
Min Period        n/a     BUFGCE/I  n/a            1.290         3.333       2.043      BUFGCE_X1Y290   clk_IBUF_BUFG_inst/I
Low Pulse Width   Slow    FDRE/C    n/a            0.275         1.666       1.391      SLICE_X142Y853  u_657_xz_s/glen[12].core_i/g_out_ff.dst_o_reg[8]/C
High Pulse Width  Fast    FDRE/C    n/a            0.275         1.666       1.391      SLICE_X153Y858  u_657_xz_s/glen[10].core_i/core/g[3].g_normal.alu_i/g_iadd.y_reg[2]/C



