Copyright 1986-2020 Xilinx, Inc. All Rights Reserved.
---------------------------------------------------------------------------------------------------------------------------------------------------------------------
| Tool Version : Vivado v.2020.1 (lin64) Build 2902540 Wed May 27 19:54:35 MDT 2020
| Date         : Sun Sep 21 23:47:30 2025
| Host         : orthanc running 64-bit Ubuntu 22.04.4 LTS
| Command      : report_utilization -hierarchical -file /home/jyoo/custom_v_2/custom-core-tool/reports/alubase/benches/548_exchange2_r/548_exchange2_r_util_hier.rpt
| Design       : top_bench__548_exchange2_r
| Device       : xcu200fsgd2104-2
| Design State : Optimized
---------------------------------------------------------------------------------------------------------------------------------------------------------------------

Utilization Design Information

Table of Contents
-----------------
1. Utilization by Hierarchy

1. Utilization by Hierarchy
---------------------------

+-----------------------------------------------------------------------------------+------------------------------------------------+------------+------------+---------+------+------+--------+--------+------+------------+
|                                      Instance                                     |                     Module                     | Total LUTs | Logic LUTs | LUTRAMs | SRLs |  FFs | RAMB36 | RAMB18 | URAM | DSP Blocks |
+-----------------------------------------------------------------------------------+------------------------------------------------+------------+------------+---------+------+------+--------+--------+------+------------+
| top_bench__548_exchange2_r                                                        |                                          (top) |        982 |        327 |       0 |  655 | 3586 |      0 |      0 |    0 |         50 |
|   (top_bench__548_exchange2_r)                                                    |                                          (top) |          0 |          0 |       0 |    0 |    0 |      0 |      0 |    0 |          0 |
|   u_548_exchange2_r                                                               |                    bench_core__548_exchange2_r |        982 |        327 |       0 |  655 | 3586 |      0 |      0 |    0 |         50 |
|     (u_548_exchange2_r)                                                           |                    bench_core__548_exchange2_r |        192 |        192 |       0 |    0 |    0 |      0 |      0 |    0 |          0 |
|     glen[0].core_i                                                                |                              uop_block_wrap__1 |         65 |         65 |       0 |    0 |  160 |      0 |      0 |    0 |          0 |
|       (glen[0].core_i)                                                            |                              uop_block_wrap__1 |          0 |          0 |       0 |    0 |   96 |      0 |      0 |    0 |          0 |
|       core                                                                        |                                   uop_block__1 |         65 |         65 |       0 |    0 |   64 |      0 |      0 |    0 |          0 |
|         (core)                                                                    |                                   uop_block__1 |          1 |          1 |       0 |    0 |    0 |      0 |      0 |    0 |          0 |
|         g[0].g_normal.alu_i                                                       |                                microop_unit__1 |         32 |         32 |       0 |    0 |   32 |      0 |      0 |    0 |          0 |
|         g[1].g_normal.alu_i                                                       |                microop_unit__parameterized0__1 |         32 |         32 |       0 |    0 |   32 |      0 |      0 |    0 |          0 |
|     glen[1].core_i                                                                |                                 uop_block_wrap |         65 |         65 |       0 |    0 |  160 |      0 |      0 |    0 |          0 |
|       (glen[1].core_i)                                                            |                                 uop_block_wrap |          0 |          0 |       0 |    0 |   96 |      0 |      0 |    0 |          0 |
|       core                                                                        |                                      uop_block |         65 |         65 |       0 |    0 |   64 |      0 |      0 |    0 |          0 |
|         (core)                                                                    |                                      uop_block |          1 |          1 |       0 |    0 |    0 |      0 |      0 |    0 |          0 |
|         g[0].g_normal.alu_i                                                       |                                   microop_unit |         32 |         32 |       0 |    0 |   32 |      0 |      0 |    0 |          0 |
|         g[1].g_normal.alu_i                                                       |                   microop_unit__parameterized0 |         32 |         32 |       0 |    0 |   32 |      0 |      0 |    0 |          0 |
|     glen[2].core_i                                                                |      uop_block_wrap__parameterized0__xdcDup__1 |        132 |          1 |       0 |  131 |  666 |      0 |      0 |    0 |         10 |
|       (glen[2].core_i)                                                            |      uop_block_wrap__parameterized0__xdcDup__1 |          0 |          0 |       0 |    0 |  160 |      0 |      0 |    0 |          0 |
|       core                                                                        |           uop_block__parameterized0__xdcDup__1 |        132 |          1 |       0 |  131 |  506 |      0 |      0 |    0 |         10 |
|         (core)                                                                    |           uop_block__parameterized0__xdcDup__1 |          1 |          1 |       0 |    0 |   64 |      0 |      0 |    0 |          0 |
|         g[0].g_normal.alu_i                                                       |                microop_unit__parameterized1__2 |          0 |          0 |       0 |    0 |   32 |      0 |      0 |    0 |          0 |
|         g[1].g_normal.alu_i                                                       |                microop_unit__parameterized2__2 |          0 |          0 |       0 |    0 |   64 |      0 |      0 |    0 |          0 |
|         g[2].g_normal.alu_i                                                       |        microop_unit__parameterized3__xdcDup__1 |        131 |          0 |       0 |  131 |  346 |      0 |      0 |    0 |         10 |
|           (g[2].g_normal.alu_i)                                                   |        microop_unit__parameterized3__xdcDup__1 |          0 |          0 |       0 |    0 |   64 |      0 |      0 |    0 |          0 |
|           g_imul.mul64_ip.mul_i                                                   |                                    integer_mul |        131 |          0 |       0 |  131 |  282 |      0 |      0 |    0 |         10 |
|             U0                                                                    |                   integer_mulmult_gen_v12_0_16 |        131 |          0 |       0 |  131 |  282 |      0 |      0 |    0 |         10 |
|               i_mult                                                              |               integer_mulmult_gen_v12_0_16_viv |        131 |          0 |       0 |  131 |  282 |      0 |      0 |    0 |         10 |
|                 gDSP.gDSP_only.iDSP                                               |                                 integer_muldsp |        131 |          0 |       0 |  131 |  282 |      0 |      0 |    0 |         10 |
|                   (gDSP.gDSP_only.iDSP)                                           |                                 integer_muldsp |          0 |          0 |       0 |    0 |    0 |      0 |      0 |    0 |         10 |
|                   use_prim.appDSP48[0].bppDSP48[0].need_output_delay.output_delay |         integer_muldelay_line__parameterized16 |          9 |          0 |       0 |    9 |   17 |      0 |      0 |    0 |          0 |
|                   use_prim.appDSP48[0].bppDSP48[2].need_output_delay.output_delay |         integer_muldelay_line__parameterized18 |          9 |          0 |       0 |    9 |   17 |      0 |      0 |    0 |          0 |
|                   use_prim.appDSP48[1].bppDSP48[0].need_output_delay.output_delay |         integer_muldelay_line__parameterized19 |          9 |          0 |       0 |    9 |   17 |      0 |      0 |    0 |          0 |
|                   use_prim.appDSP48[3].bppDSP48[0].need_output_delay.output_delay |         integer_muldelay_line__parameterized21 |          7 |          0 |       0 |    7 |   13 |      0 |      0 |    0 |          0 |
|                   use_prim.iAdelx[0].iAdely[2].use_delay_line.Adelay              |          integer_muldelay_line__parameterized0 |          9 |          0 |       0 |    9 |   17 |      0 |      0 |    0 |          0 |
|                   use_prim.iAdelx[1].iAdely[1].use_delay_line.Adelay              |          integer_muldelay_line__parameterized1 |          9 |          0 |       0 |    9 |   17 |      0 |      0 |    0 |          0 |
|                   use_prim.iAdelx[1].iAdely[2].use_delay_line.Adelay              |          integer_muldelay_line__parameterized2 |          9 |          0 |       0 |    9 |   17 |      0 |      0 |    0 |          0 |
|                   use_prim.iAdelx[2].iAdely[0].use_delay_line.Adelay              |          integer_muldelay_line__parameterized4 |          0 |          0 |       0 |    0 |   17 |      0 |      0 |    0 |          0 |
|                   use_prim.iAdelx[2].iAdely[1].use_delay_line.Adelay              |          integer_muldelay_line__parameterized5 |          9 |          0 |       0 |    9 |   17 |      0 |      0 |    0 |          0 |
|                   use_prim.iAdelx[3].iAdely[0].use_delay_line.Adelay              |          integer_muldelay_line__parameterized8 |          7 |          0 |       0 |    7 |   13 |      0 |      0 |    0 |          0 |
|                   use_prim.iBdelx[0].iBdely[2].need_delay_line.Bdelay             |        integer_muldelay_line__parameterized0_0 |          9 |          0 |       0 |    9 |   17 |      0 |      0 |    0 |          0 |
|                   use_prim.iBdelx[0].iBdely[3].need_delay_line.Bdelay             |         integer_muldelay_line__parameterized10 |          9 |          0 |       0 |    9 |   18 |      0 |      0 |    0 |          0 |
|                   use_prim.iBdelx[1].iBdely[0].need_delay_line.Bdelay             |        integer_muldelay_line__parameterized4_1 |          0 |          0 |       0 |    0 |   17 |      0 |      0 |    0 |          0 |
|                   use_prim.iBdelx[1].iBdely[1].need_delay_line.Bdelay             |        integer_muldelay_line__parameterized1_2 |          9 |          0 |       0 |    9 |   17 |      0 |      0 |    0 |          0 |
|                   use_prim.iBdelx[1].iBdely[2].need_delay_line.Bdelay             |        integer_muldelay_line__parameterized2_3 |          9 |          0 |       0 |    9 |   17 |      0 |      0 |    0 |          0 |
|                   use_prim.iBdelx[2].iBdely[1].need_delay_line.Bdelay             |        integer_muldelay_line__parameterized5_5 |          9 |          0 |       0 |    9 |   17 |      0 |      0 |    0 |          0 |
|                   use_prim.iBdelx[3].iBdely[0].need_delay_line.Bdelay             |         integer_muldelay_line__parameterized11 |          9 |          0 |       0 |    9 |   17 |      0 |      0 |    0 |          0 |
|     glen[3].core_i                                                                |                 uop_block_wrap__parameterized1 |        132 |          1 |       0 |  131 |  666 |      0 |      0 |    0 |         10 |
|       (glen[3].core_i)                                                            |                 uop_block_wrap__parameterized1 |          0 |          0 |       0 |    0 |  160 |      0 |      0 |    0 |          0 |
|       core                                                                        |                      uop_block__parameterized1 |        132 |          1 |       0 |  131 |  506 |      0 |      0 |    0 |         10 |
|         (core)                                                                    |                      uop_block__parameterized1 |          1 |          1 |       0 |    0 |   64 |      0 |      0 |    0 |          0 |
|         g[0].g_normal.alu_i                                                       |                microop_unit__parameterized4__1 |          0 |          0 |       0 |    0 |   32 |      0 |      0 |    0 |          0 |
|         g[1].g_normal.alu_i                                                       |                microop_unit__parameterized2__3 |          0 |          0 |       0 |    0 |   64 |      0 |      0 |    0 |          0 |
|         g[2].g_normal.alu_i                                                       |        microop_unit__parameterized3__xdcDup__2 |        131 |          0 |       0 |  131 |  346 |      0 |      0 |    0 |         10 |
|           (g[2].g_normal.alu_i)                                                   |        microop_unit__parameterized3__xdcDup__2 |          0 |          0 |       0 |    0 |   64 |      0 |      0 |    0 |          0 |
|           g_imul.mul64_ip.mul_i                                                   |                              integer_mul_HD956 |        131 |          0 |       0 |  131 |  282 |      0 |      0 |    0 |         10 |
|             U0                                                                    |             integer_mulmult_gen_v12_0_16_HD957 |        131 |          0 |       0 |  131 |  282 |      0 |      0 |    0 |         10 |
|               i_mult                                                              |         integer_mulmult_gen_v12_0_16_viv_HD958 |        131 |          0 |       0 |  131 |  282 |      0 |      0 |    0 |         10 |
|                 gDSP.gDSP_only.iDSP                                               |                           integer_muldsp_HD959 |        131 |          0 |       0 |  131 |  282 |      0 |      0 |    0 |         10 |
|                   (gDSP.gDSP_only.iDSP)                                           |                           integer_muldsp_HD959 |          0 |          0 |       0 |    0 |    0 |      0 |      0 |    0 |         10 |
|                   use_prim.appDSP48[0].bppDSP48[0].need_output_delay.output_delay |   integer_muldelay_line__parameterized16_HD960 |          9 |          0 |       0 |    9 |   17 |      0 |      0 |    0 |          0 |
|                   use_prim.appDSP48[0].bppDSP48[2].need_output_delay.output_delay |   integer_muldelay_line__parameterized18_HD961 |          9 |          0 |       0 |    9 |   17 |      0 |      0 |    0 |          0 |
|                   use_prim.appDSP48[1].bppDSP48[0].need_output_delay.output_delay |   integer_muldelay_line__parameterized19_HD962 |          9 |          0 |       0 |    9 |   17 |      0 |      0 |    0 |          0 |
|                   use_prim.appDSP48[3].bppDSP48[0].need_output_delay.output_delay |   integer_muldelay_line__parameterized21_HD964 |          7 |          0 |       0 |    7 |   13 |      0 |      0 |    0 |          0 |
|                   use_prim.iAdelx[0].iAdely[2].use_delay_line.Adelay              |    integer_muldelay_line__parameterized0_HD966 |          9 |          0 |       0 |    9 |   17 |      0 |      0 |    0 |          0 |
|                   use_prim.iAdelx[1].iAdely[1].use_delay_line.Adelay              |    integer_muldelay_line__parameterized1_HD967 |          9 |          0 |       0 |    9 |   17 |      0 |      0 |    0 |          0 |
|                   use_prim.iAdelx[1].iAdely[2].use_delay_line.Adelay              |    integer_muldelay_line__parameterized2_HD968 |          9 |          0 |       0 |    9 |   17 |      0 |      0 |    0 |          0 |
|                   use_prim.iAdelx[2].iAdely[0].use_delay_line.Adelay              |    integer_muldelay_line__parameterized4_HD970 |          0 |          0 |       0 |    0 |   17 |      0 |      0 |    0 |          0 |
|                   use_prim.iAdelx[2].iAdely[1].use_delay_line.Adelay              |    integer_muldelay_line__parameterized5_HD971 |          9 |          0 |       0 |    9 |   17 |      0 |      0 |    0 |          0 |
|                   use_prim.iAdelx[3].iAdely[0].use_delay_line.Adelay              |    integer_muldelay_line__parameterized8_HD974 |          7 |          0 |       0 |    7 |   13 |      0 |      0 |    0 |          0 |
|                   use_prim.iBdelx[0].iBdely[2].need_delay_line.Bdelay             |  integer_muldelay_line__parameterized0_0_HD976 |          9 |          0 |       0 |    9 |   17 |      0 |      0 |    0 |          0 |
|                   use_prim.iBdelx[0].iBdely[3].need_delay_line.Bdelay             |   integer_muldelay_line__parameterized10_HD977 |          9 |          0 |       0 |    9 |   18 |      0 |      0 |    0 |          0 |
|                   use_prim.iBdelx[1].iBdely[0].need_delay_line.Bdelay             |  integer_muldelay_line__parameterized4_1_HD978 |          0 |          0 |       0 |    0 |   17 |      0 |      0 |    0 |          0 |
|                   use_prim.iBdelx[1].iBdely[1].need_delay_line.Bdelay             |  integer_muldelay_line__parameterized1_2_HD979 |          9 |          0 |       0 |    9 |   17 |      0 |      0 |    0 |          0 |
|                   use_prim.iBdelx[1].iBdely[2].need_delay_line.Bdelay             |  integer_muldelay_line__parameterized2_3_HD980 |          9 |          0 |       0 |    9 |   17 |      0 |      0 |    0 |          0 |
|                   use_prim.iBdelx[2].iBdely[1].need_delay_line.Bdelay             |  integer_muldelay_line__parameterized5_5_HD982 |          9 |          0 |       0 |    9 |   17 |      0 |      0 |    0 |          0 |
|                   use_prim.iBdelx[3].iBdely[0].need_delay_line.Bdelay             |   integer_muldelay_line__parameterized11_HD984 |          9 |          0 |       0 |    9 |   17 |      0 |      0 |    0 |          0 |
|     glen[4].core_i                                                                |                 uop_block_wrap__parameterized2 |        132 |          1 |       0 |  131 |  602 |      0 |      0 |    0 |         10 |
|       (glen[4].core_i)                                                            |                 uop_block_wrap__parameterized2 |          0 |          0 |       0 |    0 |  160 |      0 |      0 |    0 |          0 |
|       core                                                                        |                      uop_block__parameterized2 |        132 |          1 |       0 |  131 |  442 |      0 |      0 |    0 |         10 |
|         (core)                                                                    |                      uop_block__parameterized2 |          1 |          1 |       0 |    0 |   64 |      0 |      0 |    0 |          0 |
|         g[0].g_normal.alu_i                                                       |                   microop_unit__parameterized4 |          0 |          0 |       0 |    0 |   32 |      0 |      0 |    0 |          0 |
|         g[1].g_normal.alu_i                                                       |        microop_unit__parameterized3__xdcDup__3 |        131 |          0 |       0 |  131 |  346 |      0 |      0 |    0 |         10 |
|           (g[1].g_normal.alu_i)                                                   |        microop_unit__parameterized3__xdcDup__3 |          0 |          0 |       0 |    0 |   64 |      0 |      0 |    0 |          0 |
|           g_imul.mul64_ip.mul_i                                                   |                              integer_mul_HD988 |        131 |          0 |       0 |  131 |  282 |      0 |      0 |    0 |         10 |
|             U0                                                                    |             integer_mulmult_gen_v12_0_16_HD989 |        131 |          0 |       0 |  131 |  282 |      0 |      0 |    0 |         10 |
|               i_mult                                                              |         integer_mulmult_gen_v12_0_16_viv_HD990 |        131 |          0 |       0 |  131 |  282 |      0 |      0 |    0 |         10 |
|                 gDSP.gDSP_only.iDSP                                               |                           integer_muldsp_HD991 |        131 |          0 |       0 |  131 |  282 |      0 |      0 |    0 |         10 |
|                   (gDSP.gDSP_only.iDSP)                                           |                           integer_muldsp_HD991 |          0 |          0 |       0 |    0 |    0 |      0 |      0 |    0 |         10 |
|                   use_prim.appDSP48[0].bppDSP48[0].need_output_delay.output_delay |   integer_muldelay_line__parameterized16_HD992 |          9 |          0 |       0 |    9 |   17 |      0 |      0 |    0 |          0 |
|                   use_prim.appDSP48[0].bppDSP48[2].need_output_delay.output_delay |   integer_muldelay_line__parameterized18_HD993 |          9 |          0 |       0 |    9 |   17 |      0 |      0 |    0 |          0 |
|                   use_prim.appDSP48[1].bppDSP48[0].need_output_delay.output_delay |   integer_muldelay_line__parameterized19_HD994 |          9 |          0 |       0 |    9 |   17 |      0 |      0 |    0 |          0 |
|                   use_prim.appDSP48[3].bppDSP48[0].need_output_delay.output_delay |   integer_muldelay_line__parameterized21_HD996 |          7 |          0 |       0 |    7 |   13 |      0 |      0 |    0 |          0 |
|                   use_prim.iAdelx[0].iAdely[2].use_delay_line.Adelay              |    integer_muldelay_line__parameterized0_HD998 |          9 |          0 |       0 |    9 |   17 |      0 |      0 |    0 |          0 |
|                   use_prim.iAdelx[1].iAdely[1].use_delay_line.Adelay              |    integer_muldelay_line__parameterized1_HD999 |          9 |          0 |       0 |    9 |   17 |      0 |      0 |    0 |          0 |
|                   use_prim.iAdelx[1].iAdely[2].use_delay_line.Adelay              |   integer_muldelay_line__parameterized2_HD1000 |          9 |          0 |       0 |    9 |   17 |      0 |      0 |    0 |          0 |
|                   use_prim.iAdelx[2].iAdely[0].use_delay_line.Adelay              |   integer_muldelay_line__parameterized4_HD1002 |          0 |          0 |       0 |    0 |   17 |      0 |      0 |    0 |          0 |
|                   use_prim.iAdelx[2].iAdely[1].use_delay_line.Adelay              |   integer_muldelay_line__parameterized5_HD1003 |          9 |          0 |       0 |    9 |   17 |      0 |      0 |    0 |          0 |
|                   use_prim.iAdelx[3].iAdely[0].use_delay_line.Adelay              |   integer_muldelay_line__parameterized8_HD1006 |          7 |          0 |       0 |    7 |   13 |      0 |      0 |    0 |          0 |
|                   use_prim.iBdelx[0].iBdely[2].need_delay_line.Bdelay             | integer_muldelay_line__parameterized0_0_HD1008 |          9 |          0 |       0 |    9 |   17 |      0 |      0 |    0 |          0 |
|                   use_prim.iBdelx[0].iBdely[3].need_delay_line.Bdelay             |  integer_muldelay_line__parameterized10_HD1009 |          9 |          0 |       0 |    9 |   18 |      0 |      0 |    0 |          0 |
|                   use_prim.iBdelx[1].iBdely[0].need_delay_line.Bdelay             | integer_muldelay_line__parameterized4_1_HD1010 |          0 |          0 |       0 |    0 |   17 |      0 |      0 |    0 |          0 |
|                   use_prim.iBdelx[1].iBdely[1].need_delay_line.Bdelay             | integer_muldelay_line__parameterized1_2_HD1011 |          9 |          0 |       0 |    9 |   17 |      0 |      0 |    0 |          0 |
|                   use_prim.iBdelx[1].iBdely[2].need_delay_line.Bdelay             | integer_muldelay_line__parameterized2_3_HD1012 |          9 |          0 |       0 |    9 |   17 |      0 |      0 |    0 |          0 |
|                   use_prim.iBdelx[2].iBdely[1].need_delay_line.Bdelay             | integer_muldelay_line__parameterized5_5_HD1014 |          9 |          0 |       0 |    9 |   17 |      0 |      0 |    0 |          0 |
|                   use_prim.iBdelx[3].iBdely[0].need_delay_line.Bdelay             |  integer_muldelay_line__parameterized11_HD1016 |          9 |          0 |       0 |    9 |   17 |      0 |      0 |    0 |          0 |
|     glen[5].core_i                                                                |                 uop_block_wrap__parameterized3 |        132 |          1 |       0 |  131 |  666 |      0 |      0 |    0 |         10 |
|       (glen[5].core_i)                                                            |                 uop_block_wrap__parameterized3 |          0 |          0 |       0 |    0 |  192 |      0 |      0 |    0 |          0 |
|       core                                                                        |                      uop_block__parameterized3 |        132 |          1 |       0 |  131 |  474 |      0 |      0 |    0 |         10 |
|         (core)                                                                    |                      uop_block__parameterized3 |          1 |          1 |       0 |    0 |   64 |      0 |      0 |    0 |          0 |
|         g[0].g_normal.alu_i                                                       |                microop_unit__parameterized2__4 |          0 |          0 |       0 |    0 |   64 |      0 |      0 |    0 |          0 |
|         g[1].g_normal.alu_i                                                       |        microop_unit__parameterized3__xdcDup__4 |        131 |          0 |       0 |  131 |  346 |      0 |      0 |    0 |         10 |
|           (g[1].g_normal.alu_i)                                                   |        microop_unit__parameterized3__xdcDup__4 |          0 |          0 |       0 |    0 |   64 |      0 |      0 |    0 |          0 |
|           g_imul.mul64_ip.mul_i                                                   |                             integer_mul_HD1020 |        131 |          0 |       0 |  131 |  282 |      0 |      0 |    0 |         10 |
|             U0                                                                    |            integer_mulmult_gen_v12_0_16_HD1021 |        131 |          0 |       0 |  131 |  282 |      0 |      0 |    0 |         10 |
|               i_mult                                                              |        integer_mulmult_gen_v12_0_16_viv_HD1022 |        131 |          0 |       0 |  131 |  282 |      0 |      0 |    0 |         10 |
|                 gDSP.gDSP_only.iDSP                                               |                          integer_muldsp_HD1023 |        131 |          0 |       0 |  131 |  282 |      0 |      0 |    0 |         10 |
|                   (gDSP.gDSP_only.iDSP)                                           |                          integer_muldsp_HD1023 |          0 |          0 |       0 |    0 |    0 |      0 |      0 |    0 |         10 |
|                   use_prim.appDSP48[0].bppDSP48[0].need_output_delay.output_delay |  integer_muldelay_line__parameterized16_HD1024 |          9 |          0 |       0 |    9 |   17 |      0 |      0 |    0 |          0 |
|                   use_prim.appDSP48[0].bppDSP48[2].need_output_delay.output_delay |  integer_muldelay_line__parameterized18_HD1025 |          9 |          0 |       0 |    9 |   17 |      0 |      0 |    0 |          0 |
|                   use_prim.appDSP48[1].bppDSP48[0].need_output_delay.output_delay |  integer_muldelay_line__parameterized19_HD1026 |          9 |          0 |       0 |    9 |   17 |      0 |      0 |    0 |          0 |
|                   use_prim.appDSP48[3].bppDSP48[0].need_output_delay.output_delay |  integer_muldelay_line__parameterized21_HD1028 |          7 |          0 |       0 |    7 |   13 |      0 |      0 |    0 |          0 |
|                   use_prim.iAdelx[0].iAdely[2].use_delay_line.Adelay              |   integer_muldelay_line__parameterized0_HD1030 |          9 |          0 |       0 |    9 |   17 |      0 |      0 |    0 |          0 |
|                   use_prim.iAdelx[1].iAdely[1].use_delay_line.Adelay              |   integer_muldelay_line__parameterized1_HD1031 |          9 |          0 |       0 |    9 |   17 |      0 |      0 |    0 |          0 |
|                   use_prim.iAdelx[1].iAdely[2].use_delay_line.Adelay              |   integer_muldelay_line__parameterized2_HD1032 |          9 |          0 |       0 |    9 |   17 |      0 |      0 |    0 |          0 |
|                   use_prim.iAdelx[2].iAdely[0].use_delay_line.Adelay              |   integer_muldelay_line__parameterized4_HD1034 |          0 |          0 |       0 |    0 |   17 |      0 |      0 |    0 |          0 |
|                   use_prim.iAdelx[2].iAdely[1].use_delay_line.Adelay              |   integer_muldelay_line__parameterized5_HD1035 |          9 |          0 |       0 |    9 |   17 |      0 |      0 |    0 |          0 |
|                   use_prim.iAdelx[3].iAdely[0].use_delay_line.Adelay              |   integer_muldelay_line__parameterized8_HD1038 |          7 |          0 |       0 |    7 |   13 |      0 |      0 |    0 |          0 |
|                   use_prim.iBdelx[0].iBdely[2].need_delay_line.Bdelay             | integer_muldelay_line__parameterized0_0_HD1040 |          9 |          0 |       0 |    9 |   17 |      0 |      0 |    0 |          0 |
|                   use_prim.iBdelx[0].iBdely[3].need_delay_line.Bdelay             |  integer_muldelay_line__parameterized10_HD1041 |          9 |          0 |       0 |    9 |   18 |      0 |      0 |    0 |          0 |
|                   use_prim.iBdelx[1].iBdely[0].need_delay_line.Bdelay             | integer_muldelay_line__parameterized4_1_HD1042 |          0 |          0 |       0 |    0 |   17 |      0 |      0 |    0 |          0 |
|                   use_prim.iBdelx[1].iBdely[1].need_delay_line.Bdelay             | integer_muldelay_line__parameterized1_2_HD1043 |          9 |          0 |       0 |    9 |   17 |      0 |      0 |    0 |          0 |
|                   use_prim.iBdelx[1].iBdely[2].need_delay_line.Bdelay             | integer_muldelay_line__parameterized2_3_HD1044 |          9 |          0 |       0 |    9 |   17 |      0 |      0 |    0 |          0 |
|                   use_prim.iBdelx[2].iBdely[1].need_delay_line.Bdelay             | integer_muldelay_line__parameterized5_5_HD1046 |          9 |          0 |       0 |    9 |   17 |      0 |      0 |    0 |          0 |
|                   use_prim.iBdelx[3].iBdely[0].need_delay_line.Bdelay             |  integer_muldelay_line__parameterized11_HD1048 |          9 |          0 |       0 |    9 |   17 |      0 |      0 |    0 |          0 |
|     glen[6].core_i                                                                |                 uop_block_wrap__parameterized0 |        132 |          1 |       0 |  131 |  666 |      0 |      0 |    0 |         10 |
|       (glen[6].core_i)                                                            |                 uop_block_wrap__parameterized0 |          0 |          0 |       0 |    0 |  160 |      0 |      0 |    0 |          0 |
|       core                                                                        |                      uop_block__parameterized0 |        132 |          1 |       0 |  131 |  506 |      0 |      0 |    0 |         10 |
|         (core)                                                                    |                      uop_block__parameterized0 |          1 |          1 |       0 |    0 |   64 |      0 |      0 |    0 |          0 |
|         g[0].g_normal.alu_i                                                       |                   microop_unit__parameterized1 |          0 |          0 |       0 |    0 |   32 |      0 |      0 |    0 |          0 |
|         g[1].g_normal.alu_i                                                       |                   microop_unit__parameterized2 |          0 |          0 |       0 |    0 |   64 |      0 |      0 |    0 |          0 |
|         g[2].g_normal.alu_i                                                       |                   microop_unit__parameterized3 |        131 |          0 |       0 |  131 |  346 |      0 |      0 |    0 |         10 |
|           (g[2].g_normal.alu_i)                                                   |                   microop_unit__parameterized3 |          0 |          0 |       0 |    0 |   64 |      0 |      0 |    0 |          0 |
|           g_imul.mul64_ip.mul_i                                                   |                             integer_mul_HD1052 |        131 |          0 |       0 |  131 |  282 |      0 |      0 |    0 |         10 |
|             U0                                                                    |            integer_mulmult_gen_v12_0_16_HD1053 |        131 |          0 |       0 |  131 |  282 |      0 |      0 |    0 |         10 |
|               i_mult                                                              |        integer_mulmult_gen_v12_0_16_viv_HD1054 |        131 |          0 |       0 |  131 |  282 |      0 |      0 |    0 |         10 |
|                 gDSP.gDSP_only.iDSP                                               |                          integer_muldsp_HD1055 |        131 |          0 |       0 |  131 |  282 |      0 |      0 |    0 |         10 |
|                   (gDSP.gDSP_only.iDSP)                                           |                          integer_muldsp_HD1055 |          0 |          0 |       0 |    0 |    0 |      0 |      0 |    0 |         10 |
|                   use_prim.appDSP48[0].bppDSP48[0].need_output_delay.output_delay |  integer_muldelay_line__parameterized16_HD1056 |          9 |          0 |       0 |    9 |   17 |      0 |      0 |    0 |          0 |
|                   use_prim.appDSP48[0].bppDSP48[2].need_output_delay.output_delay |  integer_muldelay_line__parameterized18_HD1057 |          9 |          0 |       0 |    9 |   17 |      0 |      0 |    0 |          0 |
|                   use_prim.appDSP48[1].bppDSP48[0].need_output_delay.output_delay |  integer_muldelay_line__parameterized19_HD1058 |          9 |          0 |       0 |    9 |   17 |      0 |      0 |    0 |          0 |
|                   use_prim.appDSP48[3].bppDSP48[0].need_output_delay.output_delay |  integer_muldelay_line__parameterized21_HD1060 |          7 |          0 |       0 |    7 |   13 |      0 |      0 |    0 |          0 |
|                   use_prim.iAdelx[0].iAdely[2].use_delay_line.Adelay              |   integer_muldelay_line__parameterized0_HD1062 |          9 |          0 |       0 |    9 |   17 |      0 |      0 |    0 |          0 |
|                   use_prim.iAdelx[1].iAdely[1].use_delay_line.Adelay              |   integer_muldelay_line__parameterized1_HD1063 |          9 |          0 |       0 |    9 |   17 |      0 |      0 |    0 |          0 |
|                   use_prim.iAdelx[1].iAdely[2].use_delay_line.Adelay              |   integer_muldelay_line__parameterized2_HD1064 |          9 |          0 |       0 |    9 |   17 |      0 |      0 |    0 |          0 |
|                   use_prim.iAdelx[2].iAdely[0].use_delay_line.Adelay              |   integer_muldelay_line__parameterized4_HD1066 |          0 |          0 |       0 |    0 |   17 |      0 |      0 |    0 |          0 |
|                   use_prim.iAdelx[2].iAdely[1].use_delay_line.Adelay              |   integer_muldelay_line__parameterized5_HD1067 |          9 |          0 |       0 |    9 |   17 |      0 |      0 |    0 |          0 |
|                   use_prim.iAdelx[3].iAdely[0].use_delay_line.Adelay              |   integer_muldelay_line__parameterized8_HD1070 |          7 |          0 |       0 |    7 |   13 |      0 |      0 |    0 |          0 |
|                   use_prim.iBdelx[0].iBdely[2].need_delay_line.Bdelay             | integer_muldelay_line__parameterized0_0_HD1072 |          9 |          0 |       0 |    9 |   17 |      0 |      0 |    0 |          0 |
|                   use_prim.iBdelx[0].iBdely[3].need_delay_line.Bdelay             |  integer_muldelay_line__parameterized10_HD1073 |          9 |          0 |       0 |    9 |   18 |      0 |      0 |    0 |          0 |
|                   use_prim.iBdelx[1].iBdely[0].need_delay_line.Bdelay             | integer_muldelay_line__parameterized4_1_HD1074 |          0 |          0 |       0 |    0 |   17 |      0 |      0 |    0 |          0 |
|                   use_prim.iBdelx[1].iBdely[1].need_delay_line.Bdelay             | integer_muldelay_line__parameterized1_2_HD1075 |          9 |          0 |       0 |    9 |   17 |      0 |      0 |    0 |          0 |
|                   use_prim.iBdelx[1].iBdely[2].need_delay_line.Bdelay             | integer_muldelay_line__parameterized2_3_HD1076 |          9 |          0 |       0 |    9 |   17 |      0 |      0 |    0 |          0 |
|                   use_prim.iBdelx[2].iBdely[1].need_delay_line.Bdelay             | integer_muldelay_line__parameterized5_5_HD1078 |          9 |          0 |       0 |    9 |   17 |      0 |      0 |    0 |          0 |
|                   use_prim.iBdelx[3].iBdely[0].need_delay_line.Bdelay             |  integer_muldelay_line__parameterized11_HD1080 |          9 |          0 |       0 |    9 |   17 |      0 |      0 |    0 |          0 |
+-----------------------------------------------------------------------------------+------------------------------------------------+------------+------------+---------+------+------+--------+--------+------+------------+


