Copyright 1986-2020 Xilinx, Inc. All Rights Reserved.
---------------------------------------------------------------------------------------------------------------------------------------------------
| Tool Version     : Vivado v.2020.1 (lin64) Build 2902540 Wed May 27 19:54:35 MDT 2020
| Date             : Fri Oct  3 11:51:38 2025
| Host             : orthanc running 64-bit Ubuntu 22.04.4 LTS
| Command          : report_power -file /home/jyoo/custom_v_2/custom-core-tool/reports/memory_wo_simd/single/557_xz_r/post_route_power.rpt
| Design           : top_multi_len
| Device           : xcu200-fsgd2104-2-e
| Design State     : routed
| Grade            : extended
| Process          : typical
| Characterization : Production
---------------------------------------------------------------------------------------------------------------------------------------------------

Power Report

Table of Contents
-----------------
1. Summary
1.1 On-Chip Components
1.2 Power Supply Summary
1.3 Confidence Level
2. Settings
2.1 Environment
2.2 Clock Constraints
3. Detailed Reports
3.1 By Hierarchy

1. Summary
----------

+--------------------------+--------------+
| Total On-Chip Power (W)  | 3.429        |
| Design Power Budget (W)  | Unspecified* |
| Power Budget Margin (W)  | NA           |
| Dynamic (W)              | 0.948        |
| Device Static (W)        | 2.481        |
| Effective TJA (C/W)      | 0.5          |
| Max Ambient (C)          | 98.2         |
| Junction Temperature (C) | 26.8         |
| Confidence Level         | Low          |
| Setting File             | ---          |
| Simulation Activity File | ---          |
| Design Nets Matched      | NA           |
+--------------------------+--------------+
* Specify Design Power Budget using, set_operating_conditions -design_power_budget <value in Watts>


1.1 On-Chip Components
----------------------

+-------------------------+-----------+----------+-----------+-----------------+
| On-Chip                 | Power (W) | Used     | Available | Utilization (%) |
+-------------------------+-----------+----------+-----------+-----------------+
| Clocks                  |     0.413 |        3 |       --- |             --- |
| CLB Logic               |     0.153 |   106326 |       --- |             --- |
|   LUT as Logic          |     0.088 |    25040 |   1182240 |            2.12 |
|   LUT as Shift Register |     0.039 |     2409 |    591840 |            0.41 |
|   Register              |     0.023 |    63813 |   2364480 |            2.70 |
|   CARRY8                |     0.004 |     1380 |    147780 |            0.93 |
|   Others                |     0.000 |     3657 |       --- |             --- |
|   F7/F8 Muxes           |     0.000 |     1766 |   1182240 |            0.15 |
| Signals                 |     0.219 |    52998 |       --- |             --- |
| Block RAM               |     0.051 |        8 |      2160 |            0.37 |
| DSPs                    |     0.090 |      194 |      6840 |            2.84 |
| I/O                     |     0.021 |      138 |       676 |           20.41 |
| Static Power            |     2.481 |          |           |                 |
| Total                   |     3.429 |          |           |                 |
+-------------------------+-----------+----------+-----------+-----------------+


1.2 Power Supply Summary
------------------------

+------------+-------------+-----------+-------------+------------+-------------+-------------+------------+
| Source     | Voltage (V) | Total (A) | Dynamic (A) | Static (A) | Powerup (A) | Budget (A)  | Margin (A) |
+------------+-------------+-----------+-------------+------------+-------------+-------------+------------+
| Vccint     |       0.850 |     1.910 |       1.087 |      0.823 |       NA    | Unspecified | NA         |
| Vccint_io  |       0.850 |     0.264 |       0.001 |      0.263 |       NA    | Unspecified | NA         |
| Vccbram    |       0.850 |     0.019 |       0.003 |      0.015 |       NA    | Unspecified | NA         |
| Vccaux     |       1.800 |     0.650 |       0.000 |      0.650 |       NA    | Unspecified | NA         |
| Vccaux_io  |       1.800 |     0.195 |       0.011 |      0.185 |       NA    | Unspecified | NA         |
| Vcco33     |       3.300 |     0.000 |       0.000 |      0.000 |       NA    | Unspecified | NA         |
| Vcco25     |       2.500 |     0.000 |       0.000 |      0.000 |       NA    | Unspecified | NA         |
| Vcco18     |       1.800 |     0.000 |       0.000 |      0.000 |       NA    | Unspecified | NA         |
| Vcco15     |       1.500 |     0.000 |       0.000 |      0.000 |       NA    | Unspecified | NA         |
| Vcco135    |       1.350 |     0.000 |       0.000 |      0.000 |       NA    | Unspecified | NA         |
| Vcco12     |       1.200 |     0.000 |       0.000 |      0.000 |       NA    | Unspecified | NA         |
| Vcco10     |       1.000 |     0.000 |       0.000 |      0.000 |       NA    | Unspecified | NA         |
| Vccadc     |       1.800 |     0.024 |       0.000 |      0.024 |       NA    | Unspecified | NA         |
| MGTYAVcc   |       0.900 |     0.000 |       0.000 |      0.000 |       NA    | Unspecified | NA         |
| MGTYAVtt   |       1.200 |     0.000 |       0.000 |      0.000 |       NA    | Unspecified | NA         |
| MGTYVccaux |       1.800 |     0.000 |       0.000 |      0.000 |       NA    | Unspecified | NA         |
+------------+-------------+-----------+-------------+------------+-------------+-------------+------------+


1.3 Confidence Level
--------------------

+-----------------------------+------------+--------------------------------------------------------+------------------------------------------------------------------------------------------------------------+
| User Input Data             | Confidence | Details                                                | Action                                                                                                     |
+-----------------------------+------------+--------------------------------------------------------+------------------------------------------------------------------------------------------------------------+
| Design implementation state | High       | Design is routed                                       |                                                                                                            |
| Clock nodes activity        | High       | User specified more than 95% of clocks                 |                                                                                                            |
| I/O nodes activity          | Low        | More than 75% of inputs are missing user specification | Provide missing input activity with simulation results or by editing the "By Resource Type -> I/Os" view   |
| Internal nodes activity     | Medium     | User specified less than 25% of internal nodes         | Provide missing internal nodes activity with simulation results or by editing the "By Resource Type" views |
| Device models               | High       | Device models are Production                           |                                                                                                            |
|                             |            |                                                        |                                                                                                            |
| Overall confidence level    | Low        |                                                        |                                                                                                            |
+-----------------------------+------------+--------------------------------------------------------+------------------------------------------------------------------------------------------------------------+


2. Settings
-----------

2.1 Environment
---------------

+-----------------------+--------------------------+
| Ambient Temp (C)      | 25.0                     |
| ThetaJA (C/W)         | 0.5                      |
| Airflow (LFM)         | 250                      |
| Heat Sink             | medium (Medium Profile)  |
| ThetaSA (C/W)         | 0.7                      |
| Board Selection       | medium (10"x10")         |
| # of Board Layers     | 12to15 (12 to 15 Layers) |
| Board Temperature (C) | 25.0                     |
+-----------------------+--------------------------+


2.2 Clock Constraints
---------------------

+----------+--------+-----------------+
| Clock    | Domain | Constraint (ns) |
+----------+--------+-----------------+
| host_clk | clk    |             3.3 |
+----------+--------+-----------------+


3. Detailed Reports
-------------------

3.1 By Hierarchy
----------------

+---------------------------------+-----------+
| Name                            | Power (W) |
+---------------------------------+-----------+
| top_multi_len                   |     0.948 |
|   g_has_mem.glen_mem[0].blk_i   |     0.002 |
|     core                        |     0.001 |
|   g_has_mem.glen_mem[100].blk_i |     0.001 |
|   g_has_mem.glen_mem[101].blk_i |     0.003 |
|     core                        |     0.002 |
|   g_has_mem.glen_mem[102].blk_i |     0.001 |
|     core                        |     0.001 |
|   g_has_mem.glen_mem[103].blk_i |     0.015 |
|     core                        |     0.015 |
|       g[1].g_normal.alu_i       |     0.013 |
|   g_has_mem.glen_mem[105].blk_i |     0.003 |
|     core                        |     0.002 |
|   g_has_mem.glen_mem[106].blk_i |     0.002 |
|     core                        |     0.002 |
|   g_has_mem.glen_mem[107].blk_i |     0.003 |
|     core                        |     0.002 |
|   g_has_mem.glen_mem[109].blk_i |     0.002 |
|     core                        |     0.001 |
|   g_has_mem.glen_mem[10].blk_i  |     0.003 |
|     core                        |     0.002 |
|   g_has_mem.glen_mem[111].blk_i |     0.002 |
|     core                        |     0.001 |
|   g_has_mem.glen_mem[112].blk_i |     0.001 |
|   g_has_mem.glen_mem[113].blk_i |     0.001 |
|   g_has_mem.glen_mem[115].blk_i |     0.001 |
|   g_has_mem.glen_mem[117].blk_i |     0.001 |
|     core                        |     0.001 |
|   g_has_mem.glen_mem[118].blk_i |     0.002 |
|     core                        |     0.001 |
|   g_has_mem.glen_mem[119].blk_i |     0.023 |
|     core                        |     0.023 |
|       g[0].g_normal.alu_i       |     0.021 |
|   g_has_mem.glen_mem[11].blk_i  |     0.001 |
|   g_has_mem.glen_mem[120].blk_i |     0.003 |
|     core                        |     0.002 |
|   g_has_mem.glen_mem[121].blk_i |     0.002 |
|     core                        |     0.001 |
|   g_has_mem.glen_mem[122].blk_i |     0.001 |
|   g_has_mem.glen_mem[123].blk_i |     0.001 |
|   g_has_mem.glen_mem[126].blk_i |     0.001 |
|   g_has_mem.glen_mem[127].blk_i |     0.001 |
|   g_has_mem.glen_mem[129].blk_i |     0.002 |
|     core                        |     0.002 |
|   g_has_mem.glen_mem[12].blk_i  |     0.015 |
|     core                        |     0.014 |
|       g[1].g_normal.alu_i       |     0.013 |
|   g_has_mem.glen_mem[130].blk_i |     0.002 |
|     core                        |     0.001 |
|   g_has_mem.glen_mem[131].blk_i |     0.002 |
|     core                        |     0.001 |
|   g_has_mem.glen_mem[133].blk_i |     0.002 |
|     core                        |     0.001 |
|   g_has_mem.glen_mem[134].blk_i |     0.001 |
|   g_has_mem.glen_mem[135].blk_i |     0.003 |
|     core                        |     0.002 |
|   g_has_mem.glen_mem[137].blk_i |     0.003 |
|     core                        |     0.002 |
|       g[0].g_normal.alu_i       |     0.001 |
|   g_has_mem.glen_mem[139].blk_i |     0.002 |
|     core                        |     0.001 |
|   g_has_mem.glen_mem[140].blk_i |     0.001 |
|   g_has_mem.glen_mem[142].blk_i |     0.003 |
|     core                        |     0.002 |
|   g_has_mem.glen_mem[144].blk_i |     0.001 |
|   g_has_mem.glen_mem[145].blk_i |     0.002 |
|     core                        |     0.002 |
|   g_has_mem.glen_mem[146].blk_i |     0.004 |
|     core                        |     0.003 |
|       g[3].g_normal.alu_i       |     0.001 |
|   g_has_mem.glen_mem[147].blk_i |     0.004 |
|     core                        |     0.003 |
|       g[5].g_normal.alu_i       |     0.001 |
|   g_has_mem.glen_mem[148].blk_i |     0.002 |
|     core                        |     0.001 |
|   g_has_mem.glen_mem[149].blk_i |     0.001 |
|     core                        |     0.001 |
|   g_has_mem.glen_mem[14].blk_i  |     0.003 |
|     core                        |     0.002 |
|   g_has_mem.glen_mem[150].blk_i |     0.004 |
|     core                        |     0.004 |
|       g[0].g_normal.alu_i       |     0.001 |
|   g_has_mem.glen_mem[151].blk_i |     0.003 |
|     core                        |     0.002 |
|       g[0].g_normal.alu_i       |     0.002 |
|   g_has_mem.glen_mem[152].blk_i |     0.002 |
|     core                        |     0.002 |
|   g_has_mem.glen_mem[153].blk_i |     0.004 |
|     core                        |     0.003 |
|   g_has_mem.glen_mem[154].blk_i |     0.002 |
|   g_has_mem.glen_mem[155].blk_i |     0.002 |
|     core                        |     0.002 |
|   g_has_mem.glen_mem[156].blk_i |     0.004 |
|     core                        |     0.003 |
|   g_has_mem.glen_mem[157].blk_i |     0.001 |
|   g_has_mem.glen_mem[15].blk_i  |     0.001 |
|   g_has_mem.glen_mem[160].blk_i |     0.007 |
|     core                        |     0.005 |
|       g[3].g_normal.alu_i       |     0.001 |
|   g_has_mem.glen_mem[161].blk_i |     0.002 |
|     core                        |     0.001 |
|   g_has_mem.glen_mem[162].blk_i |     0.003 |
|     core                        |     0.002 |
|   g_has_mem.glen_mem[163].blk_i |     0.002 |
|     core                        |     0.001 |
|   g_has_mem.glen_mem[165].blk_i |     0.002 |
|     core                        |     0.001 |
|   g_has_mem.glen_mem[166].blk_i |     0.002 |
|     core                        |     0.002 |
|   g_has_mem.glen_mem[167].blk_i |     0.002 |
|     core                        |     0.001 |
|   g_has_mem.glen_mem[168].blk_i |     0.003 |
|     core                        |     0.003 |
|   g_has_mem.glen_mem[169].blk_i |     0.004 |
|     core                        |     0.003 |
|   g_has_mem.glen_mem[16].blk_i  |     0.001 |
|   g_has_mem.glen_mem[172].blk_i |     0.002 |
|   g_has_mem.glen_mem[173].blk_i |     0.023 |
|     core                        |     0.022 |
|       g[0].g_normal.alu_i       |     0.021 |
|   g_has_mem.glen_mem[175].blk_i |     0.002 |
|     core                        |     0.001 |
|   g_has_mem.glen_mem[177].blk_i |     0.001 |
|   g_has_mem.glen_mem[178].blk_i |     0.001 |
|   g_has_mem.glen_mem[179].blk_i |     0.001 |
|   g_has_mem.glen_mem[17].blk_i  |     0.002 |
|     core                        |     0.001 |
|   g_has_mem.glen_mem[180].blk_i |     0.002 |
|     core                        |     0.002 |
|   g_has_mem.glen_mem[181].blk_i |     0.003 |
|     core                        |     0.002 |
|   g_has_mem.glen_mem[182].blk_i |     0.001 |
|     core                        |     0.001 |
|   g_has_mem.glen_mem[183].blk_i |     0.015 |
|     core                        |     0.015 |
|       g[1].g_normal.alu_i       |     0.013 |
|   g_has_mem.glen_mem[185].blk_i |     0.003 |
|     core                        |     0.002 |
|   g_has_mem.glen_mem[188].blk_i |     0.002 |
|     core                        |     0.001 |
|   g_has_mem.glen_mem[18].blk_i  |     0.001 |
|   g_has_mem.glen_mem[190].blk_i |     0.002 |
|     core                        |     0.001 |
|   g_has_mem.glen_mem[191].blk_i |     0.001 |
|   g_has_mem.glen_mem[192].blk_i |     0.001 |
|   g_has_mem.glen_mem[193].blk_i |     0.001 |
|   g_has_mem.glen_mem[194].blk_i |     0.001 |
|   g_has_mem.glen_mem[195].blk_i |     0.001 |
|     core                        |     0.001 |
|   g_has_mem.glen_mem[196].blk_i |     0.002 |
|     core                        |     0.001 |
|   g_has_mem.glen_mem[197].blk_i |     0.023 |
|     core                        |     0.023 |
|       g[0].g_normal.alu_i       |     0.021 |
|   g_has_mem.glen_mem[198].blk_i |     0.003 |
|     core                        |     0.002 |
|   g_has_mem.glen_mem[199].blk_i |     0.001 |
|   g_has_mem.glen_mem[19].blk_i  |     0.001 |
|     core                        |     0.001 |
|   g_has_mem.glen_mem[1].blk_i   |     0.002 |
|     core                        |     0.001 |
|   g_has_mem.glen_mem[200].blk_i |     0.002 |
|     core                        |     0.001 |
|   g_has_mem.glen_mem[201].blk_i |     0.001 |
|   g_has_mem.glen_mem[202].blk_i |     0.001 |
|   g_has_mem.glen_mem[204].blk_i |     0.002 |
|     core                        |     0.001 |
|   g_has_mem.glen_mem[206].blk_i |     0.002 |
|     core                        |     0.002 |
|   g_has_mem.glen_mem[207].blk_i |     0.018 |
|     core                        |     0.018 |
|       g[0].g_normal.alu_i       |     0.017 |
|   g_has_mem.glen_mem[208].blk_i |     0.001 |
|   g_has_mem.glen_mem[209].blk_i |     0.003 |
|     core                        |     0.002 |
|       g[0].g_normal.alu_i       |     0.001 |
|   g_has_mem.glen_mem[20].blk_i  |     0.002 |
|     core                        |     0.001 |
|   g_has_mem.glen_mem[210].blk_i |     0.001 |
|   g_has_mem.glen_mem[212].blk_i |     0.002 |
|     core                        |     0.001 |
|   g_has_mem.glen_mem[213].blk_i |     0.002 |
|     core                        |     0.001 |
|   g_has_mem.glen_mem[214].blk_i |     0.001 |
|     core                        |     0.001 |
|   g_has_mem.glen_mem[217].blk_i |     0.002 |
|     core                        |     0.001 |
|   g_has_mem.glen_mem[218].blk_i |     0.001 |
|   g_has_mem.glen_mem[219].blk_i |     0.002 |
|     core                        |     0.002 |
|   g_has_mem.glen_mem[21].blk_i  |     0.024 |
|     core                        |     0.023 |
|       g[0].g_normal.alu_i       |     0.021 |
|   g_has_mem.glen_mem[220].blk_i |     0.003 |
|     core                        |     0.002 |
|   g_has_mem.glen_mem[222].blk_i |     0.002 |
|     core                        |     0.001 |
|   g_has_mem.glen_mem[223].blk_i |     0.001 |
|     core                        |     0.001 |
|   g_has_mem.glen_mem[225].blk_i |     0.001 |
|   g_has_mem.glen_mem[226].blk_i |     0.004 |
|     core                        |     0.003 |
|       g[3].g_normal.alu_i       |     0.001 |
|   g_has_mem.glen_mem[227].blk_i |     0.002 |
|     core                        |     0.001 |
|   g_has_mem.glen_mem[228].blk_i |     0.004 |
|     core                        |     0.003 |
|       g[5].g_normal.alu_i       |     0.001 |
|   g_has_mem.glen_mem[22].blk_i  |     0.003 |
|     core                        |     0.002 |
|   g_has_mem.glen_mem[230].blk_i |     0.004 |
|     core                        |     0.003 |
|   g_has_mem.glen_mem[231].blk_i |     0.002 |
|   g_has_mem.glen_mem[232].blk_i |     0.003 |
|     core                        |     0.002 |
|   g_has_mem.glen_mem[234].blk_i |     0.002 |
|     core                        |     0.002 |
|   g_has_mem.glen_mem[235].blk_i |     0.002 |
|     core                        |     0.001 |
|   g_has_mem.glen_mem[237].blk_i |     0.001 |
|     core                        |     0.001 |
|   g_has_mem.glen_mem[238].blk_i |     0.003 |
|     core                        |     0.002 |
|   g_has_mem.glen_mem[239].blk_i |     0.001 |
|   g_has_mem.glen_mem[23].blk_i  |     0.002 |
|     core                        |     0.002 |
|   g_has_mem.glen_mem[240].blk_i |     0.004 |
|     core                        |     0.004 |
|       g[0].g_normal.alu_i       |     0.001 |
|   g_has_mem.glen_mem[241].blk_i |     0.002 |
|     core                        |     0.002 |
|       g[0].g_normal.alu_i       |     0.002 |
|   g_has_mem.glen_mem[242].blk_i |     0.002 |
|     core                        |     0.002 |
|   g_has_mem.glen_mem[24].blk_i  |     0.018 |
|     core                        |     0.018 |
|       g[0].g_normal.alu_i       |     0.017 |
|   g_has_mem.glen_mem[25].blk_i  |     0.001 |
|   g_has_mem.glen_mem[27].blk_i  |     0.001 |
|     core                        |     0.001 |
|   g_has_mem.glen_mem[28].blk_i  |     0.003 |
|     core                        |     0.002 |
|   g_has_mem.glen_mem[29].blk_i  |     0.002 |
|     core                        |     0.001 |
|   g_has_mem.glen_mem[2].blk_i   |     0.002 |
|     core                        |     0.001 |
|   g_has_mem.glen_mem[30].blk_i  |     0.002 |
|     core                        |     0.001 |
|   g_has_mem.glen_mem[33].blk_i  |     0.003 |
|     core                        |     0.002 |
|   g_has_mem.glen_mem[34].blk_i  |     0.003 |
|     core                        |     0.002 |
|   g_has_mem.glen_mem[35].blk_i  |     0.002 |
|     core                        |     0.001 |
|   g_has_mem.glen_mem[36].blk_i  |     0.002 |
|     core                        |     0.002 |
|   g_has_mem.glen_mem[37].blk_i  |     0.004 |
|     core                        |     0.003 |
|   g_has_mem.glen_mem[3].blk_i   |     0.002 |
|     core                        |     0.002 |
|   g_has_mem.glen_mem[41].blk_i  |     0.006 |
|     core                        |     0.005 |
|       g[3].g_normal.alu_i       |     0.001 |
|   g_has_mem.glen_mem[42].blk_i  |     0.002 |
|   g_has_mem.glen_mem[43].blk_i  |     0.003 |
|     core                        |     0.002 |
|   g_has_mem.glen_mem[44].blk_i  |     0.002 |
|     core                        |     0.001 |
|   g_has_mem.glen_mem[45].blk_i  |     0.001 |
|   g_has_mem.glen_mem[46].blk_i  |     0.001 |
|   g_has_mem.glen_mem[48].blk_i  |     0.001 |
|   g_has_mem.glen_mem[4].blk_i   |     0.002 |
|     core                        |     0.001 |
|   g_has_mem.glen_mem[51].blk_i  |     0.001 |
|   g_has_mem.glen_mem[52].blk_i  |     0.001 |
|   g_has_mem.glen_mem[53].blk_i  |     0.002 |
|     core                        |     0.002 |
|   g_has_mem.glen_mem[54].blk_i  |     0.002 |
|     core                        |     0.002 |
|   g_has_mem.glen_mem[55].blk_i  |     0.003 |
|     core                        |     0.002 |
|       g[0].g_normal.alu_i       |     0.001 |
|   g_has_mem.glen_mem[56].blk_i  |     0.001 |
|   g_has_mem.glen_mem[57].blk_i  |     0.001 |
|   g_has_mem.glen_mem[58].blk_i  |     0.002 |
|     core                        |     0.001 |
|   g_has_mem.glen_mem[5].blk_i   |     0.004 |
|     core                        |     0.003 |
|   g_has_mem.glen_mem[60].blk_i  |     0.001 |
|     core                        |     0.001 |
|   g_has_mem.glen_mem[62].blk_i  |     0.004 |
|     core                        |     0.003 |
|       g[3].g_normal.alu_i       |     0.001 |
|   g_has_mem.glen_mem[63].blk_i  |     0.002 |
|     core                        |     0.001 |
|   g_has_mem.glen_mem[65].blk_i  |     0.001 |
|     core                        |     0.001 |
|   g_has_mem.glen_mem[66].blk_i  |     0.004 |
|     core                        |     0.003 |
|       g[5].g_normal.alu_i       |     0.001 |
|   g_has_mem.glen_mem[67].blk_i  |     0.002 |
|     core                        |     0.002 |
|   g_has_mem.glen_mem[68].blk_i  |     0.001 |
|   g_has_mem.glen_mem[69].blk_i  |     0.002 |
|     core                        |     0.001 |
|   g_has_mem.glen_mem[6].blk_i   |     0.024 |
|     core                        |     0.023 |
|       g[0].g_normal.alu_i       |     0.021 |
|   g_has_mem.glen_mem[71].blk_i  |     0.004 |
|     core                        |     0.003 |
|   g_has_mem.glen_mem[72].blk_i  |     0.002 |
|   g_has_mem.glen_mem[73].blk_i  |     0.001 |
|   g_has_mem.glen_mem[74].blk_i  |     0.004 |
|     core                        |     0.004 |
|       g[0].g_normal.alu_i       |     0.001 |
|   g_has_mem.glen_mem[75].blk_i  |     0.003 |
|     core                        |     0.002 |
|   g_has_mem.glen_mem[76].blk_i  |     0.002 |
|     core                        |     0.002 |
|   g_has_mem.glen_mem[77].blk_i  |     0.002 |
|     core                        |     0.002 |
|       g[0].g_normal.alu_i       |     0.002 |
|   g_has_mem.glen_mem[78].blk_i  |     0.004 |
|     core                        |     0.003 |
|   g_has_mem.glen_mem[7].blk_i   |     0.001 |
|   g_has_mem.glen_mem[81].blk_i  |     0.001 |
|   g_has_mem.glen_mem[83].blk_i  |     0.002 |
|   g_has_mem.glen_mem[84].blk_i  |     0.002 |
|     core                        |     0.002 |
|   g_has_mem.glen_mem[85].blk_i  |     0.004 |
|     core                        |     0.003 |
|   g_has_mem.glen_mem[88].blk_i  |     0.023 |
|     core                        |     0.022 |
|       g[0].g_normal.alu_i       |     0.021 |
|   g_has_mem.glen_mem[89].blk_i  |     0.002 |
|     core                        |     0.001 |
|   g_has_mem.glen_mem[8].blk_i   |     0.002 |
|     core                        |     0.002 |
|   g_has_mem.glen_mem[90].blk_i  |     0.002 |
|     core                        |     0.002 |
|   g_has_mem.glen_mem[91].blk_i  |     0.002 |
|     core                        |     0.001 |
|   g_has_mem.glen_mem[92].blk_i  |     0.004 |
|     core                        |     0.003 |
|   g_has_mem.glen_mem[93].blk_i  |     0.002 |
|     core                        |     0.001 |
|   g_has_mem.glen_mem[95].blk_i  |     0.001 |
|   g_has_mem.glen_mem[97].blk_i  |     0.002 |
|     core                        |     0.001 |
|   g_has_mem.glen_mem[98].blk_i  |     0.009 |
|   g_has_mem.glen_mem[99].blk_i  |     0.002 |
|     core                        |     0.002 |
|   g_has_mem.u_pool              |     0.195 |
|     g_banks.gb[0].u_bank64      |     0.006 |
|       u_mem                     |     0.006 |
|     g_banks.gb[1].u_bank64      |     0.006 |
|       u_mem                     |     0.006 |
|     g_banks.gb[2].u_bank64      |     0.006 |
|       u_mem                     |     0.006 |
|     g_banks.gb[3].u_bank64      |     0.006 |
|       u_mem                     |     0.006 |
|     g_banks.gb[4].u_bank64      |     0.006 |
|       u_mem                     |     0.006 |
|     g_banks.gb[5].u_bank64      |     0.006 |
|       u_mem                     |     0.006 |
|     g_banks.gb[6].u_bank64      |     0.006 |
|       u_mem                     |     0.006 |
|     g_banks.gb[7].u_bank64      |     0.006 |
|       u_mem                     |     0.006 |
|   src_val_IBUF[13]_inst         |     0.001 |
+---------------------------------+-----------+


