Copyright 1986-2020 Xilinx, Inc. All Rights Reserved.
-----------------------------------------------------------------------------------------------------------------------------------------------------------------
| Tool Version : Vivado v.2020.1 (lin64) Build 2902540 Wed May 27 19:54:35 MDT 2020
| Date         : Mon Oct 27 20:58:38 2025
| Host         : orthanc running 64-bit Ubuntu 22.04.4 LTS
| Command      : report_utilization -hierarchical -file /home/jyoo/custom_v_2/custom-core-tool/reports/synth_2p0pct/benches/620_omnetpp_s/pre_impl_util_hier.rpt
| Design       : top_multi_len
| Device       : xcu200fsgd2104-2
| Design State : Synthesized
-----------------------------------------------------------------------------------------------------------------------------------------------------------------

Utilization Design Information

Table of Contents
-----------------
1. Utilization by Hierarchy

1. Utilization by Hierarchy
---------------------------

+--------------------------------------------+-------------------------------------------------------+------------+------------+---------+------+------+--------+--------+------+------------+
|                  Instance                  |                         Module                        | Total LUTs | Logic LUTs | LUTRAMs | SRLs |  FFs | RAMB36 | RAMB18 | URAM | DSP Blocks |
+--------------------------------------------+-------------------------------------------------------+------------+------------+---------+------+------+--------+--------+------+------------+
| top_multi_len                              |                                                 (top) |       2867 |       2867 |       0 |    0 | 7755 |      8 |      0 |    0 |          0 |
|   (top_multi_len)                          |                                                 (top) |        425 |        425 |       0 |    0 | 1085 |      0 |      0 |    0 |          0 |
|   g_has_mem.glen_mem[0].blk_i              |                                        uop_block_wrap |          0 |          0 |       0 |    0 |  102 |      0 |      0 |    0 |          0 |
|     (g_has_mem.glen_mem[0].blk_i)          |                                        uop_block_wrap |          0 |          0 |       0 |    0 |   70 |      0 |      0 |    0 |          0 |
|     core                                   |                                             uop_block |          0 |          0 |       0 |    0 |   32 |      0 |      0 |    0 |          0 |
|       (core)                               |                                             uop_block |          0 |          0 |       0 |    0 |    0 |      0 |      0 |    0 |          0 |
|       g[0].g_normal.alu_i                  |                                       microop_unit__1 |          0 |          0 |       0 |    0 |   32 |      0 |      0 |    0 |          0 |
|   g_has_mem.glen_mem[10].blk_i             |                        uop_block_wrap__parameterized1 |          4 |          4 |       0 |    0 |  206 |      0 |      0 |    0 |          0 |
|     (g_has_mem.glen_mem[10].blk_i)         |                        uop_block_wrap__parameterized1 |          1 |          1 |       0 |    0 |   77 |      0 |      0 |    0 |          0 |
|     core                                   |                          uop_block__parameterized1_11 |          3 |          3 |       0 |    0 |  129 |      0 |      0 |    0 |          0 |
|       (core)                               |                          uop_block__parameterized1_11 |          3 |          3 |       0 |    0 |    1 |      0 |      0 |    0 |          0 |
|       g[0].g_normal.alu_i                  |                      microop_unit__parameterized1__32 |          0 |          0 |       0 |    0 |   64 |      0 |      0 |    0 |          0 |
|       g[1].g_normal.alu_i                  |                      microop_unit__parameterized1__31 |          0 |          0 |       0 |    0 |   64 |      0 |      0 |    0 |          0 |
|   g_has_mem.glen_mem[11].blk_i             |                      uop_block_wrap__parameterized1_0 |          6 |          6 |       0 |    0 |  207 |      0 |      0 |    0 |          0 |
|     (g_has_mem.glen_mem[11].blk_i)         |                      uop_block_wrap__parameterized1_0 |          3 |          3 |       0 |    0 |   78 |      0 |      0 |    0 |          0 |
|     core                                   |                          uop_block__parameterized1_10 |          3 |          3 |       0 |    0 |  129 |      0 |      0 |    0 |          0 |
|       (core)                               |                          uop_block__parameterized1_10 |          3 |          3 |       0 |    0 |    1 |      0 |      0 |    0 |          0 |
|       g[0].g_normal.alu_i                  |                       microop_unit__parameterized1__3 |          0 |          0 |       0 |    0 |   64 |      0 |      0 |    0 |          0 |
|       g[1].g_normal.alu_i                  |                       microop_unit__parameterized1__4 |          0 |          0 |       0 |    0 |   64 |      0 |      0 |    0 |          0 |
|   g_has_mem.glen_mem[12].blk_i             |                        uop_block_wrap__parameterized7 |         64 |         64 |       0 |    0 |  262 |      0 |      0 |    0 |          0 |
|     (g_has_mem.glen_mem[12].blk_i)         |                        uop_block_wrap__parameterized7 |          0 |          0 |       0 |    0 |   70 |      0 |      0 |    0 |          0 |
|     core                                   |                             uop_block__parameterized7 |         64 |         64 |       0 |    0 |  192 |      0 |      0 |    0 |          0 |
|       (core)                               |                             uop_block__parameterized7 |          0 |          0 |       0 |    0 |    0 |      0 |      0 |    0 |          0 |
|       g[0].g_normal.alu_i                  |                          microop_unit__parameterized5 |         64 |         64 |       0 |    0 |  128 |      0 |      0 |    0 |          0 |
|         (g[0].g_normal.alu_i)              |                          microop_unit__parameterized5 |          0 |          0 |       0 |    0 |   64 |      0 |      0 |    0 |          0 |
|         g_iadd.use_ip.u_addsub             |                                        integer_addsub |         64 |         64 |       0 |    0 |   64 |      0 |      0 |    0 |          0 |
|           (g_iadd.use_ip.u_addsub)         |                                        integer_addsub |          0 |          0 |       0 |    0 |    0 |      0 |      0 |    0 |          0 |
|           U0                               |                       integer_addsubc_addsub_v12_0_14 |         64 |         64 |       0 |    0 |   64 |      0 |      0 |    0 |          0 |
|             (U0)                           |                       integer_addsubc_addsub_v12_0_14 |          0 |          0 |       0 |    0 |    0 |      0 |      0 |    0 |          0 |
|             xst_addsub                     |                   integer_addsubc_addsub_v12_0_14_viv |         64 |         64 |       0 |    0 |   64 |      0 |      0 |    0 |          0 |
|               (xst_addsub)                 |                   integer_addsubc_addsub_v12_0_14_viv |          0 |          0 |       0 |    0 |    0 |      0 |      0 |    0 |          0 |
|               i_baseblox.i_baseblox_addsub |                integer_addsubc_addsub_v12_0_14_legacy |         64 |         64 |       0 |    0 |   64 |      0 |      0 |    0 |          0 |
|                 no_pipelining.the_addsub   |         integer_addsubc_addsub_v12_0_14_fabric_legacy |         64 |         64 |       0 |    0 |   64 |      0 |      0 |    0 |          0 |
|                   i_lut6.i_lut6_addsub     |           integer_addsubc_addsub_v12_0_14_lut6_legacy |         64 |         64 |       0 |    0 |   64 |      0 |      0 |    0 |          0 |
|                     (i_lut6.i_lut6_addsub) |           integer_addsubc_addsub_v12_0_14_lut6_legacy |         64 |         64 |       0 |    0 |    0 |      0 |      0 |    0 |          0 |
|                     i_q.i_simple.qreg      |                    integer_addsubc_reg_fd_v12_0_6_viv |          0 |          0 |       0 |    0 |   64 |      0 |      0 |    0 |          0 |
|       g[1].g_normal.alu_i                  |                      microop_unit__parameterized1__11 |          0 |          0 |       0 |    0 |   64 |      0 |      0 |    0 |          0 |
|   g_has_mem.glen_mem[13].blk_i             |                        uop_block_wrap__parameterized4 |         13 |         13 |       0 |    0 |   33 |      0 |      0 |    0 |          0 |
|     (g_has_mem.glen_mem[13].blk_i)         |                        uop_block_wrap__parameterized4 |          2 |          2 |       0 |    0 |   23 |      0 |      0 |    0 |          0 |
|     core                                   |                           uop_block__parameterized4_9 |         11 |         11 |       0 |    0 |   10 |      0 |      0 |    0 |          0 |
|       (core)                               |                           uop_block__parameterized4_9 |          3 |          3 |       0 |    0 |    1 |      0 |      0 |    0 |          0 |
|       g[0].g_normal.alu_i                  |                          microop_unit__parameterized3 |          8 |          8 |       0 |    0 |    8 |      0 |      0 |    0 |          0 |
|       g[1].g_normal.alu_i                  |                          microop_unit__parameterized4 |          0 |          0 |       0 |    0 |    1 |      0 |      0 |    0 |          0 |
|   g_has_mem.glen_mem[14].blk_i             |                        uop_block_wrap__parameterized8 |        136 |        136 |       0 |    0 |  301 |      0 |      0 |    0 |          0 |
|     (g_has_mem.glen_mem[14].blk_i)         |                        uop_block_wrap__parameterized8 |          1 |          1 |       0 |    0 |   75 |      0 |      0 |    0 |          0 |
|     core                                   |                             uop_block__parameterized8 |        135 |        135 |       0 |    0 |  226 |      0 |      0 |    0 |          0 |
|       (core)                               |                             uop_block__parameterized8 |          7 |          7 |       0 |    0 |    2 |      0 |      0 |    0 |          0 |
|       g[0].g_normal.alu_i                  |                       microop_unit__parameterized0__3 |         64 |         64 |       0 |    0 |   64 |      0 |      0 |    0 |          0 |
|       g[1].g_normal.alu_i                  |                                          microop_unit |          0 |          0 |       0 |    0 |   32 |      0 |      0 |    0 |          0 |
|       g[2].g_normal.alu_i                  |                          microop_unit__parameterized6 |         64 |         64 |       0 |    0 |  128 |      0 |      0 |    0 |          0 |
|         (g[2].g_normal.alu_i)              |                          microop_unit__parameterized6 |          0 |          0 |       0 |    0 |   64 |      0 |      0 |    0 |          0 |
|         g_iadd.use_ip.u_addsub             |                                integer_addsub_HD14674 |         64 |         64 |       0 |    0 |   64 |      0 |      0 |    0 |          0 |
|           (g_iadd.use_ip.u_addsub)         |                                integer_addsub_HD14674 |          0 |          0 |       0 |    0 |    0 |      0 |      0 |    0 |          0 |
|           U0                               |               integer_addsubc_addsub_v12_0_14_HD14675 |         64 |         64 |       0 |    0 |   64 |      0 |      0 |    0 |          0 |
|             (U0)                           |               integer_addsubc_addsub_v12_0_14_HD14675 |          0 |          0 |       0 |    0 |    0 |      0 |      0 |    0 |          0 |
|             xst_addsub                     |           integer_addsubc_addsub_v12_0_14_viv_HD14676 |         64 |         64 |       0 |    0 |   64 |      0 |      0 |    0 |          0 |
|               (xst_addsub)                 |           integer_addsubc_addsub_v12_0_14_viv_HD14676 |          0 |          0 |       0 |    0 |    0 |      0 |      0 |    0 |          0 |
|               i_baseblox.i_baseblox_addsub |        integer_addsubc_addsub_v12_0_14_legacy_HD14677 |         64 |         64 |       0 |    0 |   64 |      0 |      0 |    0 |          0 |
|                 no_pipelining.the_addsub   | integer_addsubc_addsub_v12_0_14_fabric_legacy_HD14678 |         64 |         64 |       0 |    0 |   64 |      0 |      0 |    0 |          0 |
|                   i_lut6.i_lut6_addsub     |   integer_addsubc_addsub_v12_0_14_lut6_legacy_HD14679 |         64 |         64 |       0 |    0 |   64 |      0 |      0 |    0 |          0 |
|                     (i_lut6.i_lut6_addsub) |   integer_addsubc_addsub_v12_0_14_lut6_legacy_HD14679 |         64 |         64 |       0 |    0 |    0 |      0 |      0 |    0 |          0 |
|                     i_q.i_simple.qreg      |            integer_addsubc_reg_fd_v12_0_6_viv_HD14680 |          0 |          0 |       0 |    0 |   64 |      0 |      0 |    0 |          0 |
|   g_has_mem.glen_mem[15].blk_i             |                        uop_block_wrap__parameterized9 |          5 |          5 |       0 |    0 |  149 |      0 |      0 |    0 |          0 |
|     (g_has_mem.glen_mem[15].blk_i)         |                        uop_block_wrap__parameterized9 |          2 |          2 |       0 |    0 |   76 |      0 |      0 |    0 |          0 |
|     core                                   |                             uop_block__parameterized9 |          3 |          3 |       0 |    0 |   73 |      0 |      0 |    0 |          0 |
|       (core)                               |                             uop_block__parameterized9 |          3 |          3 |       0 |    0 |    1 |      0 |      0 |    0 |          0 |
|       g[0].g_normal.alu_i                  |                      microop_unit__parameterized1__12 |          0 |          0 |       0 |    0 |   64 |      0 |      0 |    0 |          0 |
|       g[1].g_normal.alu_i                  |                       microop_unit__parameterized7__1 |          0 |          0 |       0 |    0 |    8 |      0 |      0 |    0 |          0 |
|   g_has_mem.glen_mem[16].blk_i             |                       uop_block_wrap__parameterized10 |          4 |          4 |       0 |    0 |  206 |      0 |      0 |    0 |          0 |
|     (g_has_mem.glen_mem[16].blk_i)         |                       uop_block_wrap__parameterized10 |          1 |          1 |       0 |    0 |   77 |      0 |      0 |    0 |          0 |
|     core                                   |                            uop_block__parameterized10 |          3 |          3 |       0 |    0 |  129 |      0 |      0 |    0 |          0 |
|       (core)                               |                            uop_block__parameterized10 |          3 |          3 |       0 |    0 |    1 |      0 |      0 |    0 |          0 |
|       g[0].g_normal.alu_i                  |                      microop_unit__parameterized1__13 |          0 |          0 |       0 |    0 |   64 |      0 |      0 |    0 |          0 |
|       g[1].g_normal.alu_i                  |                      microop_unit__parameterized1__14 |          0 |          0 |       0 |    0 |   64 |      0 |      0 |    0 |          0 |
|   g_has_mem.glen_mem[17].blk_i             |                       uop_block_wrap__parameterized11 |          0 |          0 |       0 |    0 |  198 |      0 |      0 |    0 |          0 |
|     (g_has_mem.glen_mem[17].blk_i)         |                       uop_block_wrap__parameterized11 |          0 |          0 |       0 |    0 |   70 |      0 |      0 |    0 |          0 |
|     core                                   |                          uop_block__parameterized11_8 |          0 |          0 |       0 |    0 |  128 |      0 |      0 |    0 |          0 |
|       (core)                               |                          uop_block__parameterized11_8 |          0 |          0 |       0 |    0 |    0 |      0 |      0 |    0 |          0 |
|       g[0].g_normal.alu_i                  |                      microop_unit__parameterized1__24 |          0 |          0 |       0 |    0 |   64 |      0 |      0 |    0 |          0 |
|       g[1].g_normal.alu_i                  |                      microop_unit__parameterized1__23 |          0 |          0 |       0 |    0 |   64 |      0 |      0 |    0 |          0 |
|   g_has_mem.glen_mem[18].blk_i             |                     uop_block_wrap__parameterized11_1 |          0 |          0 |       0 |    0 |  198 |      0 |      0 |    0 |          0 |
|     (g_has_mem.glen_mem[18].blk_i)         |                     uop_block_wrap__parameterized11_1 |          0 |          0 |       0 |    0 |   70 |      0 |      0 |    0 |          0 |
|     core                                   |                            uop_block__parameterized11 |          0 |          0 |       0 |    0 |  128 |      0 |      0 |    0 |          0 |
|       (core)                               |                            uop_block__parameterized11 |          0 |          0 |       0 |    0 |    0 |      0 |      0 |    0 |          0 |
|       g[0].g_normal.alu_i                  |                      microop_unit__parameterized1__15 |          0 |          0 |       0 |    0 |   64 |      0 |      0 |    0 |          0 |
|       g[1].g_normal.alu_i                  |                      microop_unit__parameterized1__16 |          0 |          0 |       0 |    0 |   64 |      0 |      0 |    0 |          0 |
|   g_has_mem.glen_mem[19].blk_i             |                       uop_block_wrap__parameterized12 |         37 |         37 |       0 |    0 |  115 |      0 |      0 |    0 |          0 |
|     (g_has_mem.glen_mem[19].blk_i)         |                       uop_block_wrap__parameterized12 |          2 |          2 |       0 |    0 |   50 |      0 |      0 |    0 |          0 |
|     core                                   |                            uop_block__parameterized12 |         35 |         35 |       0 |    0 |   65 |      0 |      0 |    0 |          0 |
|       (core)                               |                            uop_block__parameterized12 |          3 |          3 |       0 |    0 |    1 |      0 |      0 |    0 |          0 |
|       g[0].g_normal.alu_i                  |                          microop_unit__parameterized8 |         32 |         32 |       0 |    0 |   32 |      0 |      0 |    0 |          0 |
|       g[1].g_normal.alu_i                  |                       microop_unit__parameterized2__2 |          0 |          0 |       0 |    0 |   32 |      0 |      0 |    0 |          0 |
|   g_has_mem.glen_mem[1].blk_i              |                        uop_block_wrap__parameterized0 |         71 |         71 |       0 |    0 |  270 |      0 |      0 |    0 |          0 |
|     (g_has_mem.glen_mem[1].blk_i)          |                        uop_block_wrap__parameterized0 |          1 |          1 |       0 |    0 |   76 |      0 |      0 |    0 |          0 |
|     core                                   |                             uop_block__parameterized0 |         70 |         70 |       0 |    0 |  194 |      0 |      0 |    0 |          0 |
|       (core)                               |                             uop_block__parameterized0 |          6 |          6 |       0 |    0 |    2 |      0 |      0 |    0 |          0 |
|       g[0].g_normal.alu_i                  |                       microop_unit__parameterized0__1 |         64 |         64 |       0 |    0 |   64 |      0 |      0 |    0 |          0 |
|       g[1].g_normal.alu_i                  |                       microop_unit__parameterized1__1 |          0 |          0 |       0 |    0 |   64 |      0 |      0 |    0 |          0 |
|       g[2].g_normal.alu_i                  |                       microop_unit__parameterized1__2 |          0 |          0 |       0 |    0 |   64 |      0 |      0 |    0 |          0 |
|   g_has_mem.glen_mem[20].blk_i             |                       uop_block_wrap__parameterized13 |         96 |         96 |       0 |    0 |  326 |      0 |      0 |    0 |          0 |
|     (g_has_mem.glen_mem[20].blk_i)         |                       uop_block_wrap__parameterized13 |          0 |          0 |       0 |    0 |   70 |      0 |      0 |    0 |          0 |
|     core                                   |                            uop_block__parameterized13 |         96 |         96 |       0 |    0 |  256 |      0 |      0 |    0 |          0 |
|       (core)                               |                            uop_block__parameterized13 |          0 |          0 |       0 |    0 |    0 |      0 |      0 |    0 |          0 |
|       g[0].g_normal.alu_i                  |                          microop_unit__parameterized9 |         64 |         64 |       0 |    0 |   64 |      0 |      0 |    0 |          0 |
|       g[1].g_normal.alu_i                  |                         microop_unit__parameterized10 |         32 |         32 |       0 |    0 |   64 |      0 |      0 |    0 |          0 |
|       g[2].g_normal.alu_i                  |                      microop_unit__parameterized1__17 |          0 |          0 |       0 |    0 |   64 |      0 |      0 |    0 |          0 |
|       g[3].g_normal.alu_i                  |                      microop_unit__parameterized1__18 |          0 |          0 |       0 |    0 |   64 |      0 |      0 |    0 |          0 |
|   g_has_mem.glen_mem[21].blk_i             |                       uop_block_wrap__parameterized14 |         64 |         64 |       0 |    0 |  134 |      0 |      0 |    0 |          0 |
|     (g_has_mem.glen_mem[21].blk_i)         |                       uop_block_wrap__parameterized14 |          0 |          0 |       0 |    0 |   70 |      0 |      0 |    0 |          0 |
|     core                                   |                            uop_block__parameterized14 |         64 |         64 |       0 |    0 |   64 |      0 |      0 |    0 |          0 |
|       (core)                               |                            uop_block__parameterized14 |          0 |          0 |       0 |    0 |    0 |      0 |      0 |    0 |          0 |
|       g[0].g_normal.alu_i                  |                       microop_unit__parameterized0__4 |         64 |         64 |       0 |    0 |   64 |      0 |      0 |    0 |          0 |
|   g_has_mem.glen_mem[22].blk_i             |                       uop_block_wrap__parameterized15 |         39 |         39 |       0 |    0 |   99 |      0 |      0 |    0 |          0 |
|     (g_has_mem.glen_mem[22].blk_i)         |                       uop_block_wrap__parameterized15 |          2 |          2 |       0 |    0 |   49 |      0 |      0 |    0 |          0 |
|     core                                   |                            uop_block__parameterized15 |         37 |         37 |       0 |    0 |   50 |      0 |      0 |    0 |          0 |
|       (core)                               |                            uop_block__parameterized15 |          5 |          5 |       0 |    0 |    2 |      0 |      0 |    0 |          0 |
|       g[0].g_normal.alu_i                  |                       microop_unit__parameterized7__2 |          0 |          0 |       0 |    0 |    8 |      0 |      0 |    0 |          0 |
|       g[1].g_normal.alu_i                  |                          microop_unit__parameterized7 |          0 |          0 |       0 |    0 |    8 |      0 |      0 |    0 |          0 |
|       g[2].g_normal.alu_i                  |                         microop_unit__parameterized11 |         32 |         32 |       0 |    0 |   32 |      0 |      0 |    0 |          0 |
|   g_has_mem.glen_mem[23].blk_i             |                       uop_block_wrap__parameterized16 |         69 |         69 |       0 |    0 |  208 |      0 |      0 |    0 |          0 |
|     (g_has_mem.glen_mem[23].blk_i)         |                       uop_block_wrap__parameterized16 |          3 |          3 |       0 |    0 |   79 |      0 |      0 |    0 |          0 |
|     core                                   |                            uop_block__parameterized16 |         66 |         66 |       0 |    0 |  129 |      0 |      0 |    0 |          0 |
|       (core)                               |                            uop_block__parameterized16 |          2 |          2 |       0 |    0 |    1 |      0 |      0 |    0 |          0 |
|       g[0].g_normal.alu_i                  |                          microop_unit__parameterized0 |         64 |         64 |       0 |    0 |   64 |      0 |      0 |    0 |          0 |
|       g[1].g_normal.alu_i                  |                      microop_unit__parameterized1__19 |          0 |          0 |       0 |    0 |   64 |      0 |      0 |    0 |          0 |
|   g_has_mem.glen_mem[24].blk_i             |                       uop_block_wrap__parameterized17 |         74 |         74 |       0 |    0 |  271 |      0 |      0 |    0 |          0 |
|     (g_has_mem.glen_mem[24].blk_i)         |                       uop_block_wrap__parameterized17 |          5 |          5 |       0 |    0 |   77 |      0 |      0 |    0 |          0 |
|     core                                   |                            uop_block__parameterized17 |         69 |         69 |       0 |    0 |  194 |      0 |      0 |    0 |          0 |
|       (core)                               |                            uop_block__parameterized17 |          5 |          5 |       0 |    0 |    2 |      0 |      0 |    0 |          0 |
|       g[0].g_normal.alu_i                  |                      microop_unit__parameterized1__20 |          0 |          0 |       0 |    0 |   64 |      0 |      0 |    0 |          0 |
|       g[2].g_normal.alu_i                  |                         microop_unit__parameterized12 |         64 |         64 |       0 |    0 |   64 |      0 |      0 |    0 |          0 |
|       g[3].g_normal.alu_i                  |                      microop_unit__parameterized1__21 |          0 |          0 |       0 |    0 |   64 |      0 |      0 |    0 |          0 |
|   g_has_mem.glen_mem[25].blk_i             |                       uop_block_wrap__parameterized18 |         53 |         53 |       0 |    0 |  310 |      0 |      0 |    0 |          0 |
|     (g_has_mem.glen_mem[25].blk_i)         |                       uop_block_wrap__parameterized18 |         12 |         12 |       0 |    0 |   51 |      0 |      0 |    0 |          0 |
|     core                                   |                            uop_block__parameterized18 |         41 |         41 |       0 |    0 |  259 |      0 |      0 |    0 |          0 |
|       (core)                               |                            uop_block__parameterized18 |          9 |          9 |       0 |    0 |    3 |      0 |      0 |    0 |          0 |
|       g[0].g_normal.alu_i                  |                       microop_unit__parameterized2__3 |          0 |          0 |       0 |    0 |   32 |      0 |      0 |    0 |          0 |
|       g[1].g_normal.alu_i                  |                         microop_unit__parameterized13 |         32 |         32 |       0 |    0 |   32 |      0 |      0 |    0 |          0 |
|       g[2].g_normal.alu_i                  |                          microop_unit__parameterized2 |          0 |          0 |       0 |    0 |   32 |      0 |      0 |    0 |          0 |
|       g[3].g_normal.alu_i                  |                         microop_unit__parameterized14 |          0 |          0 |       0 |    0 |   32 |      0 |      0 |    0 |          0 |
|       g[4].g_normal.alu_i                  |                      microop_unit__parameterized1__22 |          0 |          0 |       0 |    0 |   64 |      0 |      0 |    0 |          0 |
|       g[5].g_normal.alu_i                  |                          microop_unit__parameterized1 |          0 |          0 |       0 |    0 |   64 |      0 |      0 |    0 |          0 |
|   g_has_mem.glen_mem[2].blk_i              |                      uop_block_wrap__parameterized1_2 |          8 |          8 |       0 |    0 |  209 |      0 |      0 |    0 |          0 |
|     (g_has_mem.glen_mem[2].blk_i)          |                      uop_block_wrap__parameterized1_2 |          4 |          4 |       0 |    0 |   80 |      0 |      0 |    0 |          0 |
|     core                                   |                           uop_block__parameterized1_7 |          4 |          4 |       0 |    0 |  129 |      0 |      0 |    0 |          0 |
|       (core)                               |                           uop_block__parameterized1_7 |          4 |          4 |       0 |    0 |    1 |      0 |      0 |    0 |          0 |
|       g[0].g_normal.alu_i                  |                      microop_unit__parameterized1__26 |          0 |          0 |       0 |    0 |   64 |      0 |      0 |    0 |          0 |
|       g[1].g_normal.alu_i                  |                      microop_unit__parameterized1__25 |          0 |          0 |       0 |    0 |   64 |      0 |      0 |    0 |          0 |
|   g_has_mem.glen_mem[3].blk_i              |                        uop_block_wrap__parameterized2 |         69 |         69 |       0 |    0 |  207 |      0 |      0 |    0 |          0 |
|     (g_has_mem.glen_mem[3].blk_i)          |                        uop_block_wrap__parameterized2 |          2 |          2 |       0 |    0 |   78 |      0 |      0 |    0 |          0 |
|     core                                   |                             uop_block__parameterized2 |         67 |         67 |       0 |    0 |  129 |      0 |      0 |    0 |          0 |
|       (core)                               |                             uop_block__parameterized2 |          3 |          3 |       0 |    0 |    1 |      0 |      0 |    0 |          0 |
|       g[0].g_normal.alu_i                  |                       microop_unit__parameterized0__2 |         64 |         64 |       0 |    0 |   64 |      0 |      0 |    0 |          0 |
|       g[1].g_normal.alu_i                  |                       microop_unit__parameterized1__5 |          0 |          0 |       0 |    0 |   64 |      0 |      0 |    0 |          0 |
|   g_has_mem.glen_mem[4].blk_i              |                      uop_block_wrap__parameterized1_3 |          4 |          4 |       0 |    0 |  204 |      0 |      0 |    0 |          0 |
|     (g_has_mem.glen_mem[4].blk_i)          |                      uop_block_wrap__parameterized1_3 |          1 |          1 |       0 |    0 |   75 |      0 |      0 |    0 |          0 |
|     core                                   |                           uop_block__parameterized1_6 |          3 |          3 |       0 |    0 |  129 |      0 |      0 |    0 |          0 |
|       (core)                               |                           uop_block__parameterized1_6 |          3 |          3 |       0 |    0 |    1 |      0 |      0 |    0 |          0 |
|       g[0].g_normal.alu_i                  |                      microop_unit__parameterized1__28 |          0 |          0 |       0 |    0 |   64 |      0 |      0 |    0 |          0 |
|       g[1].g_normal.alu_i                  |                      microop_unit__parameterized1__27 |          0 |          0 |       0 |    0 |   64 |      0 |      0 |    0 |          0 |
|   g_has_mem.glen_mem[5].blk_i              |                        uop_block_wrap__parameterized3 |          0 |          0 |       0 |    0 |  102 |      0 |      0 |    0 |          0 |
|     (g_has_mem.glen_mem[5].blk_i)          |                        uop_block_wrap__parameterized3 |          0 |          0 |       0 |    0 |   38 |      0 |      0 |    0 |          0 |
|     core                                   |                             uop_block__parameterized3 |          0 |          0 |       0 |    0 |   64 |      0 |      0 |    0 |          0 |
|       (core)                               |                             uop_block__parameterized3 |          0 |          0 |       0 |    0 |    0 |      0 |      0 |    0 |          0 |
|       g[0].g_normal.alu_i                  |                       microop_unit__parameterized2__1 |          0 |          0 |       0 |    0 |   32 |      0 |      0 |    0 |          0 |
|       g[2].g_normal.alu_i                  |                                       microop_unit__2 |          0 |          0 |       0 |    0 |   32 |      0 |      0 |    0 |          0 |
|   g_has_mem.glen_mem[6].blk_i              |                      uop_block_wrap__parameterized1_4 |          5 |          5 |       0 |    0 |  205 |      0 |      0 |    0 |          0 |
|     (g_has_mem.glen_mem[6].blk_i)          |                      uop_block_wrap__parameterized1_4 |          2 |          2 |       0 |    0 |   76 |      0 |      0 |    0 |          0 |
|     core                                   |                             uop_block__parameterized1 |          3 |          3 |       0 |    0 |  129 |      0 |      0 |    0 |          0 |
|       (core)                               |                             uop_block__parameterized1 |          3 |          3 |       0 |    0 |    1 |      0 |      0 |    0 |          0 |
|       g[0].g_normal.alu_i                  |                      microop_unit__parameterized1__30 |          0 |          0 |       0 |    0 |   64 |      0 |      0 |    0 |          0 |
|       g[1].g_normal.alu_i                  |                      microop_unit__parameterized1__29 |          0 |          0 |       0 |    0 |   64 |      0 |      0 |    0 |          0 |
|   g_has_mem.glen_mem[7].blk_i              |                      uop_block_wrap__parameterized4_5 |         13 |         13 |       0 |    0 |   33 |      0 |      0 |    0 |          0 |
|     (g_has_mem.glen_mem[7].blk_i)          |                      uop_block_wrap__parameterized4_5 |          2 |          2 |       0 |    0 |   23 |      0 |      0 |    0 |          0 |
|     core                                   |                             uop_block__parameterized4 |         11 |         11 |       0 |    0 |   10 |      0 |      0 |    0 |          0 |
|       (core)                               |                             uop_block__parameterized4 |          3 |          3 |       0 |    0 |    1 |      0 |      0 |    0 |          0 |
|       g[0].g_normal.alu_i                  |                       microop_unit__parameterized3__1 |          8 |          8 |       0 |    0 |    8 |      0 |      0 |    0 |          0 |
|       g[1].g_normal.alu_i                  |                       microop_unit__parameterized4__1 |          0 |          0 |       0 |    0 |    1 |      0 |      0 |    0 |          0 |
|   g_has_mem.glen_mem[8].blk_i              |                        uop_block_wrap__parameterized5 |         11 |         11 |       0 |    0 |  271 |      0 |      0 |    0 |          0 |
|     (g_has_mem.glen_mem[8].blk_i)          |                        uop_block_wrap__parameterized5 |          3 |          3 |       0 |    0 |   77 |      0 |      0 |    0 |          0 |
|     core                                   |                             uop_block__parameterized5 |          8 |          8 |       0 |    0 |  194 |      0 |      0 |    0 |          0 |
|       (core)                               |                             uop_block__parameterized5 |          8 |          8 |       0 |    0 |    2 |      0 |      0 |    0 |          0 |
|       g[0].g_normal.alu_i                  |                       microop_unit__parameterized1__6 |          0 |          0 |       0 |    0 |   64 |      0 |      0 |    0 |          0 |
|       g[1].g_normal.alu_i                  |                       microop_unit__parameterized1__7 |          0 |          0 |       0 |    0 |   64 |      0 |      0 |    0 |          0 |
|       g[2].g_normal.alu_i                  |                       microop_unit__parameterized1__8 |          0 |          0 |       0 |    0 |   64 |      0 |      0 |    0 |          0 |
|   g_has_mem.glen_mem[9].blk_i              |                        uop_block_wrap__parameterized6 |          2 |          2 |       0 |    0 |  202 |      0 |      0 |    0 |          0 |
|     (g_has_mem.glen_mem[9].blk_i)          |                        uop_block_wrap__parameterized6 |          0 |          0 |       0 |    0 |   73 |      0 |      0 |    0 |          0 |
|     core                                   |                             uop_block__parameterized6 |          2 |          2 |       0 |    0 |  129 |      0 |      0 |    0 |          0 |
|       (core)                               |                             uop_block__parameterized6 |          2 |          2 |       0 |    0 |    1 |      0 |      0 |    0 |          0 |
|       g[0].g_normal.alu_i                  |                       microop_unit__parameterized1__9 |          0 |          0 |       0 |    0 |   64 |      0 |      0 |    0 |          0 |
|       g[1].g_normal.alu_i                  |                      microop_unit__parameterized1__10 |          0 |          0 |       0 |    0 |   64 |      0 |      0 |    0 |          0 |
|   g_has_mem.u_pool                         |                                              spm_pool |       1595 |       1595 |       0 |    0 | 1642 |      8 |      0 |    0 |          0 |
|     (g_has_mem.u_pool)                     |                                              spm_pool |       1403 |       1403 |       0 |    0 | 1578 |      0 |      0 |    0 |          0 |
|     g_banks.gb[0].u_bank64                 |                                           spm_bank__1 |          5 |          5 |       0 |    0 |    2 |      1 |      0 |    0 |          0 |
|       (g_banks.gb[0].u_bank64)             |                                           spm_bank__1 |          1 |          1 |       0 |    0 |    2 |      0 |      0 |    0 |          0 |
|       u_mem                                |                                  xpm_memory_sdpram_18 |          4 |          4 |       0 |    0 |    0 |      1 |      0 |    0 |          0 |
|         (u_mem)                            |                                  xpm_memory_sdpram_18 |          4 |          4 |       0 |    0 |    0 |      0 |      0 |    0 |          0 |
|         xpm_memory_base_inst               |                                    xpm_memory_base__1 |          0 |          0 |       0 |    0 |    0 |      1 |      0 |    0 |          0 |
|     g_banks.gb[1].u_bank64                 |                                           spm_bank__2 |          5 |          5 |       0 |    0 |    2 |      1 |      0 |    0 |          0 |
|       (g_banks.gb[1].u_bank64)             |                                           spm_bank__2 |          1 |          1 |       0 |    0 |    2 |      0 |      0 |    0 |          0 |
|       u_mem                                |                                  xpm_memory_sdpram_17 |          4 |          4 |       0 |    0 |    0 |      1 |      0 |    0 |          0 |
|         (u_mem)                            |                                  xpm_memory_sdpram_17 |          4 |          4 |       0 |    0 |    0 |      0 |      0 |    0 |          0 |
|         xpm_memory_base_inst               |                                    xpm_memory_base__2 |          0 |          0 |       0 |    0 |    0 |      1 |      0 |    0 |          0 |
|     g_banks.gb[2].u_bank64                 |                                           spm_bank__3 |          5 |          5 |       0 |    0 |    2 |      1 |      0 |    0 |          0 |
|       (g_banks.gb[2].u_bank64)             |                                           spm_bank__3 |          1 |          1 |       0 |    0 |    2 |      0 |      0 |    0 |          0 |
|       u_mem                                |                                  xpm_memory_sdpram_16 |          4 |          4 |       0 |    0 |    0 |      1 |      0 |    0 |          0 |
|         (u_mem)                            |                                  xpm_memory_sdpram_16 |          4 |          4 |       0 |    0 |    0 |      0 |      0 |    0 |          0 |
|         xpm_memory_base_inst               |                                    xpm_memory_base__3 |          0 |          0 |       0 |    0 |    0 |      1 |      0 |    0 |          0 |
|     g_banks.gb[3].u_bank64                 |                                           spm_bank__4 |          5 |          5 |       0 |    0 |    2 |      1 |      0 |    0 |          0 |
|       (g_banks.gb[3].u_bank64)             |                                           spm_bank__4 |          1 |          1 |       0 |    0 |    2 |      0 |      0 |    0 |          0 |
|       u_mem                                |                                  xpm_memory_sdpram_15 |          4 |          4 |       0 |    0 |    0 |      1 |      0 |    0 |          0 |
|         (u_mem)                            |                                  xpm_memory_sdpram_15 |          4 |          4 |       0 |    0 |    0 |      0 |      0 |    0 |          0 |
|         xpm_memory_base_inst               |                                    xpm_memory_base__4 |          0 |          0 |       0 |    0 |    0 |      1 |      0 |    0 |          0 |
|     g_banks.gb[4].u_bank64                 |                                           spm_bank__5 |          5 |          5 |       0 |    0 |    2 |      1 |      0 |    0 |          0 |
|       (g_banks.gb[4].u_bank64)             |                                           spm_bank__5 |          1 |          1 |       0 |    0 |    2 |      0 |      0 |    0 |          0 |
|       u_mem                                |                                  xpm_memory_sdpram_14 |          4 |          4 |       0 |    0 |    0 |      1 |      0 |    0 |          0 |
|         (u_mem)                            |                                  xpm_memory_sdpram_14 |          4 |          4 |       0 |    0 |    0 |      0 |      0 |    0 |          0 |
|         xpm_memory_base_inst               |                                    xpm_memory_base__5 |          0 |          0 |       0 |    0 |    0 |      1 |      0 |    0 |          0 |
|     g_banks.gb[5].u_bank64                 |                                           spm_bank__6 |          5 |          5 |       0 |    0 |    2 |      1 |      0 |    0 |          0 |
|       (g_banks.gb[5].u_bank64)             |                                           spm_bank__6 |          1 |          1 |       0 |    0 |    2 |      0 |      0 |    0 |          0 |
|       u_mem                                |                                  xpm_memory_sdpram_13 |          4 |          4 |       0 |    0 |    0 |      1 |      0 |    0 |          0 |
|         (u_mem)                            |                                  xpm_memory_sdpram_13 |          4 |          4 |       0 |    0 |    0 |      0 |      0 |    0 |          0 |
|         xpm_memory_base_inst               |                                    xpm_memory_base__6 |          0 |          0 |       0 |    0 |    0 |      1 |      0 |    0 |          0 |
|     g_banks.gb[6].u_bank64                 |                                           spm_bank__7 |          5 |          5 |       0 |    0 |    2 |      1 |      0 |    0 |          0 |
|       (g_banks.gb[6].u_bank64)             |                                           spm_bank__7 |          1 |          1 |       0 |    0 |    2 |      0 |      0 |    0 |          0 |
|       u_mem                                |                                  xpm_memory_sdpram_12 |          4 |          4 |       0 |    0 |    0 |      1 |      0 |    0 |          0 |
|         (u_mem)                            |                                  xpm_memory_sdpram_12 |          4 |          4 |       0 |    0 |    0 |      0 |      0 |    0 |          0 |
|         xpm_memory_base_inst               |                                    xpm_memory_base__7 |          0 |          0 |       0 |    0 |    0 |      1 |      0 |    0 |          0 |
|     g_banks.gb[7].u_bank64                 |                                              spm_bank |          5 |          5 |       0 |    0 |    2 |      1 |      0 |    0 |          0 |
|       (g_banks.gb[7].u_bank64)             |                                              spm_bank |          1 |          1 |       0 |    0 |    2 |      0 |      0 |    0 |          0 |
|       u_mem                                |                                     xpm_memory_sdpram |          4 |          4 |       0 |    0 |    0 |      1 |      0 |    0 |          0 |
|         (u_mem)                            |                                     xpm_memory_sdpram |          4 |          4 |       0 |    0 |    0 |      0 |      0 |    0 |          0 |
|         xpm_memory_base_inst               |                                       xpm_memory_base |          0 |          0 |       0 |    0 |    0 |      1 |      0 |    0 |          0 |
|     u_rrA                                  |                                         rr_arbiter__1 |         76 |         76 |       0 |    0 |   24 |      0 |      0 |    0 |          0 |
|     u_rrB                                  |                                            rr_arbiter |         76 |         76 |       0 |    0 |   24 |      0 |      0 |    0 |          0 |
+--------------------------------------------+-------------------------------------------------------+------------+------------+---------+------+------+--------+--------+------+------------+


