Copyright 1986-2020 Xilinx, Inc. All Rights Reserved.
----------------------------------------------------------------------------------------------------------------------------------------------------------------
| Tool Version : Vivado v.2020.1 (lin64) Build 2902540 Wed May 27 19:54:35 MDT 2020
| Date         : Mon Sep 22 16:31:53 2025
| Host         : orthanc running 64-bit Ubuntu 22.04.4 LTS
| Command      : report_utilization -hierarchical -file /home/jyoo/custom_v_2/custom-core-tool/reports/memory_wo_simd/benches/544_nab_r/544_nab_r_util_hier.rpt
| Design       : top_bench__544_nab_r
| Device       : xcu200fsgd2104-2
| Design State : Optimized
----------------------------------------------------------------------------------------------------------------------------------------------------------------

Utilization Design Information

Table of Contents
-----------------
1. Utilization by Hierarchy

1. Utilization by Hierarchy
---------------------------

+-----------------------------+-----------------------------------+------------+------------+---------+------+------+--------+--------+------+------------+
|           Instance          |               Module              | Total LUTs | Logic LUTs | LUTRAMs | SRLs |  FFs | RAMB36 | RAMB18 | URAM | DSP Blocks |
+-----------------------------+-----------------------------------+------------+------------+---------+------+------+--------+--------+------+------------+
| top_bench__544_nab_r        |                             (top) |        902 |        902 |       0 |    0 | 5041 |      0 |      0 |    0 |          3 |
|   (top_bench__544_nab_r)    |                             (top) |          0 |          0 |       0 |    0 |    0 |      0 |      0 |    0 |          0 |
|   u_544_nab_r               |             bench_core__544_nab_r |        902 |        902 |       0 |    0 | 5041 |      0 |      0 |    0 |          3 |
|     (u_544_nab_r)           |             bench_core__544_nab_r |        320 |        320 |       0 |    0 |    0 |      0 |      0 |    0 |          0 |
|     glen[0].core_i          |                    uop_block_wrap |         33 |         33 |       0 |    0 |  192 |      0 |      0 |    0 |          0 |
|       (glen[0].core_i)      |                    uop_block_wrap |          0 |          0 |       0 |    0 |   96 |      0 |      0 |    0 |          0 |
|       core                  |                         uop_block |         33 |         33 |       0 |    0 |   96 |      0 |      0 |    0 |          0 |
|         (core)              |                         uop_block |          1 |          1 |       0 |    0 |   32 |      0 |      0 |    0 |          0 |
|         g[0].g_normal.alu_i |                   microop_unit__1 |          0 |          0 |       0 |    0 |   32 |      0 |      0 |    0 |          0 |
|         g[1].g_normal.alu_i |      microop_unit__parameterized0 |         32 |         32 |       0 |    0 |   32 |      0 |      0 |    0 |          0 |
|     glen[10].core_i         |    uop_block_wrap__parameterized4 |          2 |          2 |       0 |    0 |  160 |      0 |      0 |    0 |          0 |
|       (glen[10].core_i)     |    uop_block_wrap__parameterized4 |          0 |          0 |       0 |    0 |   96 |      0 |      0 |    0 |          0 |
|       core                  |         uop_block__parameterized4 |          2 |          2 |       0 |    0 |   64 |      0 |      0 |    0 |          0 |
|         (core)              |         uop_block__parameterized4 |          1 |          1 |       0 |    0 |    0 |      0 |      0 |    0 |          0 |
|         g[0].g_normal.alu_i |      microop_unit__parameterized4 |          1 |          1 |       0 |    0 |   32 |      0 |      0 |    0 |          0 |
|         g[1].g_normal.alu_i |   microop_unit__parameterized3__2 |          0 |          0 |       0 |    0 |   32 |      0 |      0 |    0 |          0 |
|     glen[11].core_i         | uop_block_wrap__parameterized7__1 |         65 |         65 |       0 |    0 |  384 |      0 |      0 |    0 |          0 |
|       (glen[11].core_i)     | uop_block_wrap__parameterized7__1 |          0 |          0 |       0 |    0 |  192 |      0 |      0 |    0 |          0 |
|       core                  |      uop_block__parameterized7__1 |         65 |         65 |       0 |    0 |  192 |      0 |      0 |    0 |          0 |
|         (core)              |      uop_block__parameterized7__1 |          1 |          1 |       0 |    0 |   64 |      0 |      0 |    0 |          0 |
|         g[0].g_normal.alu_i |   microop_unit__parameterized1__2 |         64 |         64 |       0 |    0 |   64 |      0 |      0 |    0 |          0 |
|         g[1].g_normal.alu_i |   microop_unit__parameterized5__5 |          0 |          0 |       0 |    0 |   64 |      0 |      0 |    0 |          0 |
|     glen[12].core_i         | uop_block_wrap__parameterized7__2 |         65 |         65 |       0 |    0 |  384 |      0 |      0 |    0 |          0 |
|       (glen[12].core_i)     | uop_block_wrap__parameterized7__2 |          0 |          0 |       0 |    0 |  192 |      0 |      0 |    0 |          0 |
|       core                  |      uop_block__parameterized7__2 |         65 |         65 |       0 |    0 |  192 |      0 |      0 |    0 |          0 |
|         (core)              |      uop_block__parameterized7__2 |          1 |          1 |       0 |    0 |   64 |      0 |      0 |    0 |          0 |
|         g[0].g_normal.alu_i |   microop_unit__parameterized1__3 |         64 |         64 |       0 |    0 |   64 |      0 |      0 |    0 |          0 |
|         g[1].g_normal.alu_i |   microop_unit__parameterized5__6 |          0 |          0 |       0 |    0 |   64 |      0 |      0 |    0 |          0 |
|     glen[13].core_i         |    uop_block_wrap__parameterized8 |          1 |          1 |       0 |    0 |  320 |      0 |      0 |    0 |          0 |
|       (glen[13].core_i)     |    uop_block_wrap__parameterized8 |          0 |          0 |       0 |    0 |  128 |      0 |      0 |    0 |          0 |
|       core                  |         uop_block__parameterized8 |          1 |          1 |       0 |    0 |  192 |      0 |      0 |    0 |          0 |
|         (core)              |         uop_block__parameterized8 |          1 |          1 |       0 |    0 |   64 |      0 |      0 |    0 |          0 |
|         g[0].g_normal.alu_i |   microop_unit__parameterized5__3 |          0 |          0 |       0 |    0 |   64 |      0 |      0 |    0 |          0 |
|         g[1].g_normal.alu_i |   microop_unit__parameterized5__4 |          0 |          0 |       0 |    0 |   64 |      0 |      0 |    0 |          0 |
|     glen[14].core_i         |    uop_block_wrap__parameterized9 |          1 |          1 |       0 |    0 |  192 |      0 |      0 |    0 |          0 |
|       (glen[14].core_i)     |    uop_block_wrap__parameterized9 |          0 |          0 |       0 |    0 |   96 |      0 |      0 |    0 |          0 |
|       core                  |         uop_block__parameterized9 |          1 |          1 |       0 |    0 |   96 |      0 |      0 |    0 |          0 |
|         (core)              |         uop_block__parameterized9 |          1 |          1 |       0 |    0 |    0 |      0 |      0 |    0 |          0 |
|         g[0].g_normal.alu_i |      microop_unit__parameterized3 |          0 |          0 |       0 |    0 |   32 |      0 |      0 |    0 |          0 |
|         g[1].g_normal.alu_i |      microop_unit__parameterized5 |          0 |          0 |       0 |    0 |   64 |      0 |      0 |    0 |          0 |
|     glen[15].core_i         | uop_block_wrap__parameterized7__3 |         65 |         65 |       0 |    0 |  384 |      0 |      0 |    0 |          0 |
|       (glen[15].core_i)     | uop_block_wrap__parameterized7__3 |          0 |          0 |       0 |    0 |  192 |      0 |      0 |    0 |          0 |
|       core                  |      uop_block__parameterized7__3 |         65 |         65 |       0 |    0 |  192 |      0 |      0 |    0 |          0 |
|         (core)              |      uop_block__parameterized7__3 |          1 |          1 |       0 |    0 |   64 |      0 |      0 |    0 |          0 |
|         g[0].g_normal.alu_i |   microop_unit__parameterized1__4 |         64 |         64 |       0 |    0 |   64 |      0 |      0 |    0 |          0 |
|         g[1].g_normal.alu_i |   microop_unit__parameterized5__7 |          0 |          0 |       0 |    0 |   64 |      0 |      0 |    0 |          0 |
|     glen[16].core_i         | uop_block_wrap__parameterized7__4 |         65 |         65 |       0 |    0 |  384 |      0 |      0 |    0 |          0 |
|       (glen[16].core_i)     | uop_block_wrap__parameterized7__4 |          0 |          0 |       0 |    0 |  192 |      0 |      0 |    0 |          0 |
|       core                  |      uop_block__parameterized7__4 |         65 |         65 |       0 |    0 |  192 |      0 |      0 |    0 |          0 |
|         (core)              |      uop_block__parameterized7__4 |          1 |          1 |       0 |    0 |   64 |      0 |      0 |    0 |          0 |
|         g[0].g_normal.alu_i |   microop_unit__parameterized1__5 |         64 |         64 |       0 |    0 |   64 |      0 |      0 |    0 |          0 |
|         g[1].g_normal.alu_i |   microop_unit__parameterized5__8 |          0 |          0 |       0 |    0 |   64 |      0 |      0 |    0 |          0 |
|     glen[17].core_i         | uop_block_wrap__parameterized7__5 |         65 |         65 |       0 |    0 |  384 |      0 |      0 |    0 |          0 |
|       (glen[17].core_i)     | uop_block_wrap__parameterized7__5 |          0 |          0 |       0 |    0 |  192 |      0 |      0 |    0 |          0 |
|       core                  |      uop_block__parameterized7__5 |         65 |         65 |       0 |    0 |  192 |      0 |      0 |    0 |          0 |
|         (core)              |      uop_block__parameterized7__5 |          1 |          1 |       0 |    0 |   64 |      0 |      0 |    0 |          0 |
|         g[0].g_normal.alu_i |   microop_unit__parameterized1__6 |         64 |         64 |       0 |    0 |   64 |      0 |      0 |    0 |          0 |
|         g[1].g_normal.alu_i |   microop_unit__parameterized5__9 |          0 |          0 |       0 |    0 |   64 |      0 |      0 |    0 |          0 |
|     glen[18].core_i         |    uop_block_wrap__parameterized7 |         65 |         65 |       0 |    0 |  384 |      0 |      0 |    0 |          0 |
|       (glen[18].core_i)     |    uop_block_wrap__parameterized7 |          0 |          0 |       0 |    0 |  192 |      0 |      0 |    0 |          0 |
|       core                  |         uop_block__parameterized7 |         65 |         65 |       0 |    0 |  192 |      0 |      0 |    0 |          0 |
|         (core)              |         uop_block__parameterized7 |          1 |          1 |       0 |    0 |   64 |      0 |      0 |    0 |          0 |
|         g[0].g_normal.alu_i |      microop_unit__parameterized1 |         64 |         64 |       0 |    0 |   64 |      0 |      0 |    0 |          0 |
|         g[1].g_normal.alu_i |   microop_unit__parameterized5__2 |          0 |          0 |       0 |    0 |   64 |      0 |      0 |    0 |          0 |
|     glen[19].core_i         |   uop_block_wrap__parameterized10 |         33 |         33 |       0 |    0 |  192 |      0 |      0 |    0 |          0 |
|       (glen[19].core_i)     |   uop_block_wrap__parameterized10 |          0 |          0 |       0 |    0 |   96 |      0 |      0 |    0 |          0 |
|       core                  |        uop_block__parameterized10 |         33 |         33 |       0 |    0 |   96 |      0 |      0 |    0 |          0 |
|         (core)              |        uop_block__parameterized10 |          1 |          1 |       0 |    0 |   32 |      0 |      0 |    0 |          0 |
|         g[0].g_normal.alu_i |      microop_unit__parameterized7 |         32 |         32 |       0 |    0 |   32 |      0 |      0 |    0 |          0 |
|         g[1].g_normal.alu_i |                      microop_unit |          0 |          0 |       0 |    0 |   32 |      0 |      0 |    0 |          0 |
|     glen[1].core_i          |    uop_block_wrap__parameterized0 |          1 |          1 |       0 |    0 |  224 |      0 |      0 |    0 |          0 |
|       (glen[1].core_i)      |    uop_block_wrap__parameterized0 |          0 |          0 |       0 |    0 |   64 |      0 |      0 |    0 |          0 |
|       core                  |         uop_block__parameterized0 |          1 |          1 |       0 |    0 |  160 |      0 |      0 |    0 |          0 |
|         (core)              |         uop_block__parameterized0 |          1 |          1 |       0 |    0 |   64 |      0 |      0 |    0 |          0 |
|         g[0].g_normal.alu_i |                   microop_unit__2 |          0 |          0 |       0 |    0 |   32 |      0 |      0 |    0 |          0 |
|         g[1].g_normal.alu_i |                   microop_unit__3 |          0 |          0 |       0 |    0 |   32 |      0 |      0 |    0 |          0 |
|         g[2].g_normal.alu_i |                   microop_unit__4 |          0 |          0 |       0 |    0 |   32 |      0 |      0 |    0 |          0 |
|     glen[2].core_i          | uop_block_wrap__parameterized1__1 |         33 |         33 |       0 |    0 |  192 |      0 |      0 |    0 |          0 |
|       (glen[2].core_i)      | uop_block_wrap__parameterized1__1 |          0 |          0 |       0 |    0 |   96 |      0 |      0 |    0 |          0 |
|       core                  |      uop_block__parameterized1__1 |         33 |         33 |       0 |    0 |   96 |      0 |      0 |    0 |          0 |
|         (core)              |      uop_block__parameterized1__1 |          1 |          1 |       0 |    0 |   32 |      0 |      0 |    0 |          0 |
|         g[0].g_normal.alu_i |   microop_unit__parameterized1__7 |         32 |         32 |       0 |    0 |   32 |      0 |      0 |    0 |          0 |
|         g[1].g_normal.alu_i |                  microop_unit__10 |          0 |          0 |       0 |    0 |   32 |      0 |      0 |    0 |          0 |
|     glen[3].core_i          |    uop_block_wrap__parameterized2 |         33 |         33 |       0 |    0 |  256 |      0 |      0 |    0 |          0 |
|       (glen[3].core_i)      |    uop_block_wrap__parameterized2 |          0 |          0 |       0 |    0 |  128 |      0 |      0 |    0 |          0 |
|       core                  |         uop_block__parameterized2 |         33 |         33 |       0 |    0 |  128 |      0 |      0 |    0 |          0 |
|         (core)              |         uop_block__parameterized2 |          1 |          1 |       0 |    0 |   32 |      0 |      0 |    0 |          0 |
|         g[0].g_normal.alu_i |                   microop_unit__6 |          0 |          0 |       0 |    0 |   32 |      0 |      0 |    0 |          0 |
|         g[1].g_normal.alu_i |      microop_unit__parameterized2 |         32 |         32 |       0 |    0 |   32 |      0 |      0 |    0 |          0 |
|         g[2].g_normal.alu_i |   microop_unit__parameterized3__1 |          0 |          0 |       0 |    0 |   32 |      0 |      0 |    0 |          0 |
|     glen[4].core_i          |    uop_block_wrap__parameterized3 |          1 |          1 |       0 |    0 |  160 |      0 |      0 |    0 |          0 |
|       (glen[4].core_i)      |    uop_block_wrap__parameterized3 |          0 |          0 |       0 |    0 |   64 |      0 |      0 |    0 |          0 |
|       core                  |         uop_block__parameterized3 |          1 |          1 |       0 |    0 |   96 |      0 |      0 |    0 |          0 |
|         (core)              |         uop_block__parameterized3 |          1 |          1 |       0 |    0 |   32 |      0 |      0 |    0 |          0 |
|         g[0].g_normal.alu_i |                   microop_unit__7 |          0 |          0 |       0 |    0 |   32 |      0 |      0 |    0 |          0 |
|         g[1].g_normal.alu_i |                   microop_unit__8 |          0 |          0 |       0 |    0 |   32 |      0 |      0 |    0 |          0 |
|     glen[5].core_i          |    uop_block_wrap__parameterized1 |         33 |         33 |       0 |    0 |  192 |      0 |      0 |    0 |          0 |
|       (glen[5].core_i)      |    uop_block_wrap__parameterized1 |          0 |          0 |       0 |    0 |   96 |      0 |      0 |    0 |          0 |
|       core                  |         uop_block__parameterized1 |         33 |         33 |       0 |    0 |   96 |      0 |      0 |    0 |          0 |
|         (core)              |         uop_block__parameterized1 |          1 |          1 |       0 |    0 |   32 |      0 |      0 |    0 |          0 |
|         g[0].g_normal.alu_i |   microop_unit__parameterized1__1 |         32 |         32 |       0 |    0 |   32 |      0 |      0 |    0 |          0 |
|         g[1].g_normal.alu_i |                   microop_unit__5 |          0 |          0 |       0 |    0 |   32 |      0 |      0 |    0 |          0 |
|     glen[6].core_i          | uop_block_wrap__parameterized4__1 |          2 |          2 |       0 |    0 |  160 |      0 |      0 |    0 |          0 |
|       (glen[6].core_i)      | uop_block_wrap__parameterized4__1 |          0 |          0 |       0 |    0 |   96 |      0 |      0 |    0 |          0 |
|       core                  |      uop_block__parameterized4__1 |          2 |          2 |       0 |    0 |   64 |      0 |      0 |    0 |          0 |
|         (core)              |      uop_block__parameterized4__1 |          1 |          1 |       0 |    0 |    0 |      0 |      0 |    0 |          0 |
|         g[0].g_normal.alu_i |   microop_unit__parameterized4__1 |          1 |          1 |       0 |    0 |   32 |      0 |      0 |    0 |          0 |
|         g[1].g_normal.alu_i |   microop_unit__parameterized3__4 |          0 |          0 |       0 |    0 |   32 |      0 |      0 |    0 |          0 |
|     glen[7].core_i          | uop_block_wrap__parameterized4__2 |          2 |          2 |       0 |    0 |  160 |      0 |      0 |    0 |          0 |
|       (glen[7].core_i)      | uop_block_wrap__parameterized4__2 |          0 |          0 |       0 |    0 |   96 |      0 |      0 |    0 |          0 |
|       core                  |      uop_block__parameterized4__2 |          2 |          2 |       0 |    0 |   64 |      0 |      0 |    0 |          0 |
|         (core)              |      uop_block__parameterized4__2 |          1 |          1 |       0 |    0 |    0 |      0 |      0 |    0 |          0 |
|         g[0].g_normal.alu_i |   microop_unit__parameterized4__2 |          1 |          1 |       0 |    0 |   32 |      0 |      0 |    0 |          0 |
|         g[1].g_normal.alu_i |   microop_unit__parameterized3__5 |          0 |          0 |       0 |    0 |   32 |      0 |      0 |    0 |          0 |
|     glen[8].core_i          |    uop_block_wrap__parameterized5 |          1 |          1 |       0 |    0 |  192 |      0 |      0 |    0 |          0 |
|       (glen[8].core_i)      |    uop_block_wrap__parameterized5 |          0 |          0 |       0 |    0 |   96 |      0 |      0 |    0 |          0 |
|       core                  |         uop_block__parameterized5 |          1 |          1 |       0 |    0 |   96 |      0 |      0 |    0 |          0 |
|         (core)              |         uop_block__parameterized5 |          1 |          1 |       0 |    0 |   32 |      0 |      0 |    0 |          0 |
|         g[0].g_normal.alu_i |   microop_unit__parameterized5__1 |          0 |          0 |       0 |    0 |   32 |      0 |      0 |    0 |          0 |
|         g[1].g_normal.alu_i |   microop_unit__parameterized3__3 |          0 |          0 |       0 |    0 |   32 |      0 |      0 |    0 |          0 |
|     glen[9].core_i          |    uop_block_wrap__parameterized6 |         16 |         16 |       0 |    0 |  145 |      0 |      0 |    0 |          3 |
|       (glen[9].core_i)      |    uop_block_wrap__parameterized6 |          0 |          0 |       0 |    0 |   96 |      0 |      0 |    0 |          0 |
|       core                  |         uop_block__parameterized6 |         16 |         16 |       0 |    0 |   49 |      0 |      0 |    0 |          3 |
|         (core)              |         uop_block__parameterized6 |          1 |          1 |       0 |    0 |    0 |      0 |      0 |    0 |          0 |
|         g[0].g_normal.alu_i |                   microop_unit__9 |          0 |          0 |       0 |    0 |   32 |      0 |      0 |    0 |          0 |
|         g[1].g_normal.alu_i |      microop_unit__parameterized6 |         15 |         15 |       0 |    0 |   17 |      0 |      0 |    0 |          3 |
+-----------------------------+-----------------------------------+------------+------------+---------+------+------+--------+--------+------+------------+


