Copyright 1986-2020 Xilinx, Inc. All Rights Reserved.
-------------------------------------------------------------------------------------------------------------------------------------------------
| Tool Version : Vivado v.2020.1 (lin64) Build 2902540 Wed May 27 19:54:35 MDT 2020
| Date         : Fri Sep 19 11:11:41 2025
| Host         : orthanc running 64-bit Ubuntu 22.04.4 LTS
| Command      : report_utilization -hierarchical -file /home/jyoo/custom_v_2/custom-core-tool/reports/benches/502_gcc_r/502_gcc_r_util_hier.rpt
| Design       : top_bench__502_gcc_r
| Device       : xcu200fsgd2104-2
| Design State : Optimized
-------------------------------------------------------------------------------------------------------------------------------------------------

Utilization Design Information

Table of Contents
-----------------
1. Utilization by Hierarchy

1. Utilization by Hierarchy
---------------------------

+----------------------------------------------+-----------------------------------------------------+------------+------------+---------+------+------+--------+--------+------+------------+
|                   Instance                   |                        Module                       | Total LUTs | Logic LUTs | LUTRAMs | SRLs |  FFs | RAMB36 | RAMB18 | URAM | DSP Blocks |
+----------------------------------------------+-----------------------------------------------------+------------+------------+---------+------+------+--------+--------+------+------------+
| top_bench__502_gcc_r                         |                                               (top) |        409 |        409 |       0 |    0 | 4189 |      0 |      0 |    0 |          0 |
|   (top_bench__502_gcc_r)                     |                                               (top) |          0 |          0 |       0 |    0 |    0 |      0 |      0 |    0 |          0 |
|   u_502_gcc_r                                |                               bench_core__502_gcc_r |        409 |        409 |       0 |    0 | 4189 |      0 |      0 |    0 |          0 |
|     (u_502_gcc_r)                            |                               bench_core__502_gcc_r |        299 |        299 |       0 |    0 |    0 |      0 |      0 |    0 |          0 |
|     glen[0].core_i                           |                                   uop_block_wrap__1 |          1 |          1 |       0 |    0 |    6 |      0 |      0 |    0 |          0 |
|       (glen[0].core_i)                       |                                   uop_block_wrap__1 |          0 |          0 |       0 |    0 |    2 |      0 |      0 |    0 |          0 |
|       core                                   |                                        uop_block__1 |          1 |          1 |       0 |    0 |    4 |      0 |      0 |    0 |          0 |
|         (core)                               |                                        uop_block__1 |          1 |          1 |       0 |    0 |    1 |      0 |      0 |    0 |          0 |
|         g[0].g_normal.alu_i                  |                                    microop_unit__28 |          0 |          0 |       0 |    0 |    1 |      0 |      0 |    0 |          0 |
|         g[2].g_normal.alu_i                  |                    microop_unit__parameterized0__14 |          0 |          0 |       0 |    0 |    1 |      0 |      0 |    0 |          0 |
|         g[3].g_normal.alu_i                  |                                    microop_unit__27 |          0 |          0 |       0 |    0 |    1 |      0 |      0 |    0 |          0 |
|     glen[10].core_i                          |                                   uop_block_wrap__2 |          1 |          1 |       0 |    0 |    6 |      0 |      0 |    0 |          0 |
|       (glen[10].core_i)                      |                                   uop_block_wrap__2 |          0 |          0 |       0 |    0 |    2 |      0 |      0 |    0 |          0 |
|       core                                   |                                        uop_block__2 |          1 |          1 |       0 |    0 |    4 |      0 |      0 |    0 |          0 |
|         (core)                               |                                        uop_block__2 |          1 |          1 |       0 |    0 |    1 |      0 |      0 |    0 |          0 |
|         g[0].g_normal.alu_i                  |                                    microop_unit__30 |          0 |          0 |       0 |    0 |    1 |      0 |      0 |    0 |          0 |
|         g[2].g_normal.alu_i                  |                    microop_unit__parameterized0__15 |          0 |          0 |       0 |    0 |    1 |      0 |      0 |    0 |          0 |
|         g[3].g_normal.alu_i                  |                                    microop_unit__29 |          0 |          0 |       0 |    0 |    1 |      0 |      0 |    0 |          0 |
|     glen[11].core_i                          |                   uop_block_wrap__parameterized0__5 |          1 |          1 |       0 |    0 |   75 |      0 |      0 |    0 |          0 |
|       (glen[11].core_i)                      |                   uop_block_wrap__parameterized0__5 |          0 |          0 |       0 |    0 |   50 |      0 |      0 |    0 |          0 |
|       core                                   |                        uop_block__parameterized0__5 |          1 |          1 |       0 |    0 |   25 |      0 |      0 |    0 |          0 |
|         (core)                               |                        uop_block__parameterized0__5 |          1 |          1 |       0 |    0 |    0 |      0 |      0 |    0 |          0 |
|         g[0].g_normal.alu_i                  |                                    microop_unit__18 |          0 |          0 |       0 |    0 |   25 |      0 |      0 |    0 |          0 |
|     glen[12].core_i                          |                   uop_block_wrap__parameterized1__2 |          1 |          1 |       0 |    0 |    6 |      0 |      0 |    0 |          0 |
|       (glen[12].core_i)                      |                   uop_block_wrap__parameterized1__2 |          0 |          0 |       0 |    0 |    2 |      0 |      0 |    0 |          0 |
|       core                                   |                        uop_block__parameterized1__2 |          1 |          1 |       0 |    0 |    4 |      0 |      0 |    0 |          0 |
|         (core)                               |                        uop_block__parameterized1__2 |          1 |          1 |       0 |    0 |    1 |      0 |      0 |    0 |          0 |
|         g[0].g_normal.alu_i                  |                                     microop_unit__9 |          0 |          0 |       0 |    0 |    1 |      0 |      0 |    0 |          0 |
|         g[2].g_normal.alu_i                  |                     microop_unit__parameterized0__8 |          0 |          0 |       0 |    0 |    1 |      0 |      0 |    0 |          0 |
|         g[3].g_normal.alu_i                  |                     microop_unit__parameterized0__7 |          0 |          0 |       0 |    0 |    1 |      0 |      0 |    0 |          0 |
|     glen[13].core_i                          |                   uop_block_wrap__parameterized0__6 |          1 |          1 |       0 |    0 |   75 |      0 |      0 |    0 |          0 |
|       (glen[13].core_i)                      |                   uop_block_wrap__parameterized0__6 |          0 |          0 |       0 |    0 |   50 |      0 |      0 |    0 |          0 |
|       core                                   |                        uop_block__parameterized0__6 |          1 |          1 |       0 |    0 |   25 |      0 |      0 |    0 |          0 |
|         (core)                               |                        uop_block__parameterized0__6 |          1 |          1 |       0 |    0 |    0 |      0 |      0 |    0 |          0 |
|         g[0].g_normal.alu_i                  |                                    microop_unit__19 |          0 |          0 |       0 |    0 |   25 |      0 |      0 |    0 |          0 |
|     glen[14].core_i                          |                   uop_block_wrap__parameterized2__2 |          1 |          1 |       0 |    0 |    4 |      0 |      0 |    0 |          0 |
|       (glen[14].core_i)                      |                   uop_block_wrap__parameterized2__2 |          0 |          0 |       0 |    0 |    2 |      0 |      0 |    0 |          0 |
|       core                                   |                        uop_block__parameterized2__2 |          1 |          1 |       0 |    0 |    2 |      0 |      0 |    0 |          0 |
|         (core)                               |                        uop_block__parameterized2__2 |          1 |          1 |       0 |    0 |    0 |      0 |      0 |    0 |          0 |
|         g[0].g_normal.alu_i                  |                                    microop_unit__12 |          0 |          0 |       0 |    0 |    1 |      0 |      0 |    0 |          0 |
|         g[2].g_normal.alu_i                  |                    microop_unit__parameterized0__12 |          0 |          0 |       0 |    0 |    1 |      0 |      0 |    0 |          0 |
|     glen[15].core_i                          |                   uop_block_wrap__parameterized3__3 |          1 |          1 |       0 |    0 |  256 |      0 |      0 |    0 |          0 |
|       (glen[15].core_i)                      |                   uop_block_wrap__parameterized3__3 |          0 |          0 |       0 |    0 |  128 |      0 |      0 |    0 |          0 |
|       core                                   |                        uop_block__parameterized3__3 |          1 |          1 |       0 |    0 |  128 |      0 |      0 |    0 |          0 |
|         (core)                               |                        uop_block__parameterized3__3 |          1 |          1 |       0 |    0 |    0 |      0 |      0 |    0 |          0 |
|         g[0].g_normal.alu_i                  |                    microop_unit__parameterized1__10 |          0 |          0 |       0 |    0 |   64 |      0 |      0 |    0 |          0 |
|         g[1].g_normal.alu_i                  |                     microop_unit__parameterized1__9 |          0 |          0 |       0 |    0 |   64 |      0 |      0 |    0 |          0 |
|     glen[16].core_i                          |                   uop_block_wrap__parameterized3__4 |          1 |          1 |       0 |    0 |  256 |      0 |      0 |    0 |          0 |
|       (glen[16].core_i)                      |                   uop_block_wrap__parameterized3__4 |          0 |          0 |       0 |    0 |  128 |      0 |      0 |    0 |          0 |
|       core                                   |                        uop_block__parameterized3__4 |          1 |          1 |       0 |    0 |  128 |      0 |      0 |    0 |          0 |
|         (core)                               |                        uop_block__parameterized3__4 |          1 |          1 |       0 |    0 |    0 |      0 |      0 |    0 |          0 |
|         g[0].g_normal.alu_i                  |                    microop_unit__parameterized1__12 |          0 |          0 |       0 |    0 |   64 |      0 |      0 |    0 |          0 |
|         g[1].g_normal.alu_i                  |                    microop_unit__parameterized1__11 |          0 |          0 |       0 |    0 |   64 |      0 |      0 |    0 |          0 |
|     glen[17].core_i                          |                      uop_block_wrap__parameterized5 |          1 |          1 |       0 |    0 |   78 |      0 |      0 |    0 |          0 |
|       (glen[17].core_i)                      |                      uop_block_wrap__parameterized5 |          0 |          0 |       0 |    0 |   52 |      0 |      0 |    0 |          0 |
|       core                                   |                           uop_block__parameterized5 |          1 |          1 |       0 |    0 |   26 |      0 |      0 |    0 |          0 |
|         (core)                               |                           uop_block__parameterized5 |          1 |          1 |       0 |    0 |    0 |      0 |      0 |    0 |          0 |
|         g[0].g_normal.alu_i                  |                                     microop_unit__6 |          0 |          0 |       0 |    0 |   26 |      0 |      0 |    0 |          0 |
|     glen[18].core_i                          |                      uop_block_wrap__parameterized6 |          1 |          1 |       0 |    0 |  128 |      0 |      0 |    0 |          0 |
|       (glen[18].core_i)                      |                      uop_block_wrap__parameterized6 |          0 |          0 |       0 |    0 |   64 |      0 |      0 |    0 |          0 |
|       core                                   |                           uop_block__parameterized6 |          1 |          1 |       0 |    0 |   64 |      0 |      0 |    0 |          0 |
|         (core)                               |                           uop_block__parameterized6 |          1 |          1 |       0 |    0 |    0 |      0 |      0 |    0 |          0 |
|         g[0].g_normal.alu_i                  |                                     microop_unit__7 |          0 |          0 |       0 |    0 |   32 |      0 |      0 |    0 |          0 |
|         g[1].g_normal.alu_i                  |                                        microop_unit |          0 |          0 |       0 |    0 |   32 |      0 |      0 |    0 |          0 |
|     glen[19].core_i                          |                                   uop_block_wrap__3 |          1 |          1 |       0 |    0 |    6 |      0 |      0 |    0 |          0 |
|       (glen[19].core_i)                      |                                   uop_block_wrap__3 |          0 |          0 |       0 |    0 |    2 |      0 |      0 |    0 |          0 |
|       core                                   |                                        uop_block__3 |          1 |          1 |       0 |    0 |    4 |      0 |      0 |    0 |          0 |
|         (core)                               |                                        uop_block__3 |          1 |          1 |       0 |    0 |    1 |      0 |      0 |    0 |          0 |
|         g[0].g_normal.alu_i                  |                                    microop_unit__32 |          0 |          0 |       0 |    0 |    1 |      0 |      0 |    0 |          0 |
|         g[2].g_normal.alu_i                  |                    microop_unit__parameterized0__16 |          0 |          0 |       0 |    0 |    1 |      0 |      0 |    0 |          0 |
|         g[3].g_normal.alu_i                  |                                    microop_unit__31 |          0 |          0 |       0 |    0 |    1 |      0 |      0 |    0 |          0 |
|     glen[1].core_i                           |                   uop_block_wrap__parameterized0__1 |          1 |          1 |       0 |    0 |   75 |      0 |      0 |    0 |          0 |
|       (glen[1].core_i)                       |                   uop_block_wrap__parameterized0__1 |          0 |          0 |       0 |    0 |   50 |      0 |      0 |    0 |          0 |
|       core                                   |                        uop_block__parameterized0__1 |          1 |          1 |       0 |    0 |   25 |      0 |      0 |    0 |          0 |
|         (core)                               |                        uop_block__parameterized0__1 |          1 |          1 |       0 |    0 |    0 |      0 |      0 |    0 |          0 |
|         g[0].g_normal.alu_i                  |                                    microop_unit__14 |          0 |          0 |       0 |    0 |   25 |      0 |      0 |    0 |          0 |
|     glen[20].core_i                          |                   uop_block_wrap__parameterized0__7 |          1 |          1 |       0 |    0 |   75 |      0 |      0 |    0 |          0 |
|       (glen[20].core_i)                      |                   uop_block_wrap__parameterized0__7 |          0 |          0 |       0 |    0 |   50 |      0 |      0 |    0 |          0 |
|       core                                   |                        uop_block__parameterized0__7 |          1 |          1 |       0 |    0 |   25 |      0 |      0 |    0 |          0 |
|         (core)                               |                        uop_block__parameterized0__7 |          1 |          1 |       0 |    0 |    0 |      0 |      0 |    0 |          0 |
|         g[0].g_normal.alu_i                  |                                    microop_unit__20 |          0 |          0 |       0 |    0 |   25 |      0 |      0 |    0 |          0 |
|     glen[21].core_i                          |                      uop_block_wrap__parameterized7 |          7 |          7 |       0 |    0 |  111 |      0 |      0 |    0 |          0 |
|       (glen[21].core_i)                      |                      uop_block_wrap__parameterized7 |          0 |          0 |       0 |    0 |   59 |      0 |      0 |    0 |          0 |
|       core                                   |                           uop_block__parameterized7 |          7 |          7 |       0 |    0 |   52 |      0 |      0 |    0 |          0 |
|         (core)                               |                           uop_block__parameterized7 |          1 |          1 |       0 |    0 |    0 |      0 |      0 |    0 |          0 |
|         g[0].g_normal.alu_i                  |                        microop_unit__parameterized3 |          6 |          6 |       0 |    0 |   26 |      0 |      0 |    0 |          0 |
|         g[1].g_normal.alu_i                  |                        microop_unit__parameterized0 |          0 |          0 |       0 |    0 |   26 |      0 |      0 |    0 |          0 |
|     glen[22].core_i                          |                   uop_block_wrap__parameterized0__8 |          1 |          1 |       0 |    0 |   75 |      0 |      0 |    0 |          0 |
|       (glen[22].core_i)                      |                   uop_block_wrap__parameterized0__8 |          0 |          0 |       0 |    0 |   50 |      0 |      0 |    0 |          0 |
|       core                                   |                        uop_block__parameterized0__8 |          1 |          1 |       0 |    0 |   25 |      0 |      0 |    0 |          0 |
|         (core)                               |                        uop_block__parameterized0__8 |          1 |          1 |       0 |    0 |    0 |      0 |      0 |    0 |          0 |
|         g[0].g_normal.alu_i                  |                                    microop_unit__21 |          0 |          0 |       0 |    0 |   25 |      0 |      0 |    0 |          0 |
|     glen[23].core_i                          |                   uop_block_wrap__parameterized3__5 |          1 |          1 |       0 |    0 |  256 |      0 |      0 |    0 |          0 |
|       (glen[23].core_i)                      |                   uop_block_wrap__parameterized3__5 |          0 |          0 |       0 |    0 |  128 |      0 |      0 |    0 |          0 |
|       core                                   |                        uop_block__parameterized3__5 |          1 |          1 |       0 |    0 |  128 |      0 |      0 |    0 |          0 |
|         (core)                               |                        uop_block__parameterized3__5 |          1 |          1 |       0 |    0 |    0 |      0 |      0 |    0 |          0 |
|         g[0].g_normal.alu_i                  |                    microop_unit__parameterized1__14 |          0 |          0 |       0 |    0 |   64 |      0 |      0 |    0 |          0 |
|         g[1].g_normal.alu_i                  |                    microop_unit__parameterized1__13 |          0 |          0 |       0 |    0 |   64 |      0 |      0 |    0 |          0 |
|     glen[24].core_i                          |                   uop_block_wrap__parameterized3__6 |          1 |          1 |       0 |    0 |  256 |      0 |      0 |    0 |          0 |
|       (glen[24].core_i)                      |                   uop_block_wrap__parameterized3__6 |          0 |          0 |       0 |    0 |  128 |      0 |      0 |    0 |          0 |
|       core                                   |                        uop_block__parameterized3__6 |          1 |          1 |       0 |    0 |  128 |      0 |      0 |    0 |          0 |
|         (core)                               |                        uop_block__parameterized3__6 |          1 |          1 |       0 |    0 |    0 |      0 |      0 |    0 |          0 |
|         g[0].g_normal.alu_i                  |                    microop_unit__parameterized1__16 |          0 |          0 |       0 |    0 |   64 |      0 |      0 |    0 |          0 |
|         g[1].g_normal.alu_i                  |                    microop_unit__parameterized1__15 |          0 |          0 |       0 |    0 |   64 |      0 |      0 |    0 |          0 |
|     glen[25].core_i                          |                   uop_block_wrap__parameterized0__9 |          1 |          1 |       0 |    0 |   75 |      0 |      0 |    0 |          0 |
|       (glen[25].core_i)                      |                   uop_block_wrap__parameterized0__9 |          0 |          0 |       0 |    0 |   50 |      0 |      0 |    0 |          0 |
|       core                                   |                        uop_block__parameterized0__9 |          1 |          1 |       0 |    0 |   25 |      0 |      0 |    0 |          0 |
|         (core)                               |                        uop_block__parameterized0__9 |          1 |          1 |       0 |    0 |    0 |      0 |      0 |    0 |          0 |
|         g[0].g_normal.alu_i                  |                                    microop_unit__22 |          0 |          0 |       0 |    0 |   25 |      0 |      0 |    0 |          0 |
|     glen[26].core_i                          |                      uop_block_wrap__parameterized8 |         65 |         65 |       0 |    0 |  320 |      0 |      0 |    0 |          0 |
|       (glen[26].core_i)                      |                      uop_block_wrap__parameterized8 |          0 |          0 |       0 |    0 |  128 |      0 |      0 |    0 |          0 |
|       core                                   |                           uop_block__parameterized8 |         65 |         65 |       0 |    0 |  192 |      0 |      0 |    0 |          0 |
|         (core)                               |                           uop_block__parameterized8 |          1 |          1 |       0 |    0 |    0 |      0 |      0 |    0 |          0 |
|         g[0].g_normal.alu_i                  |                     microop_unit__parameterized1__4 |          0 |          0 |       0 |    0 |   64 |      0 |      0 |    0 |          0 |
|         g[1].g_normal.alu_i                  |                        microop_unit__parameterized4 |         64 |         64 |       0 |    0 |  128 |      0 |      0 |    0 |          0 |
|           (g[1].g_normal.alu_i)              |                        microop_unit__parameterized4 |          0 |          0 |       0 |    0 |   64 |      0 |      0 |    0 |          0 |
|           g_iadd.use_ip.int_addsub_i         |                                      integer_addsub |         64 |         64 |       0 |    0 |   64 |      0 |      0 |    0 |          0 |
|             U0                               |                     integer_addsubc_addsub_v12_0_14 |         64 |         64 |       0 |    0 |   64 |      0 |      0 |    0 |          0 |
|               xst_addsub                     |                 integer_addsubc_addsub_v12_0_14_viv |         64 |         64 |       0 |    0 |   64 |      0 |      0 |    0 |          0 |
|                 i_baseblox.i_baseblox_addsub |              integer_addsubc_addsub_v12_0_14_legacy |         64 |         64 |       0 |    0 |   64 |      0 |      0 |    0 |          0 |
|                   no_pipelining.the_addsub   |       integer_addsubc_addsub_v12_0_14_fabric_legacy |         64 |         64 |       0 |    0 |   64 |      0 |      0 |    0 |          0 |
|                     i_lut6.i_lut6_addsub     |         integer_addsubc_addsub_v12_0_14_lut6_legacy |         64 |         64 |       0 |    0 |   64 |      0 |      0 |    0 |          0 |
|                       (i_lut6.i_lut6_addsub) |         integer_addsubc_addsub_v12_0_14_lut6_legacy |         64 |         64 |       0 |    0 |    0 |      0 |      0 |    0 |          0 |
|                       i_q.i_simple.qreg      |                  integer_addsubc_reg_fd_v12_0_6_viv |          0 |          0 |       0 |    0 |   64 |      0 |      0 |    0 |          0 |
|     glen[27].core_i                          |                                   uop_block_wrap__4 |          1 |          1 |       0 |    0 |    6 |      0 |      0 |    0 |          0 |
|       (glen[27].core_i)                      |                                   uop_block_wrap__4 |          0 |          0 |       0 |    0 |    2 |      0 |      0 |    0 |          0 |
|       core                                   |                                        uop_block__4 |          1 |          1 |       0 |    0 |    4 |      0 |      0 |    0 |          0 |
|         (core)                               |                                        uop_block__4 |          1 |          1 |       0 |    0 |    1 |      0 |      0 |    0 |          0 |
|         g[0].g_normal.alu_i                  |                                    microop_unit__34 |          0 |          0 |       0 |    0 |    1 |      0 |      0 |    0 |          0 |
|         g[2].g_normal.alu_i                  |                    microop_unit__parameterized0__17 |          0 |          0 |       0 |    0 |    1 |      0 |      0 |    0 |          0 |
|         g[3].g_normal.alu_i                  |                                    microop_unit__33 |          0 |          0 |       0 |    0 |    1 |      0 |      0 |    0 |          0 |
|     glen[28].core_i                          |                  uop_block_wrap__parameterized0__10 |          1 |          1 |       0 |    0 |   75 |      0 |      0 |    0 |          0 |
|       (glen[28].core_i)                      |                  uop_block_wrap__parameterized0__10 |          0 |          0 |       0 |    0 |   50 |      0 |      0 |    0 |          0 |
|       core                                   |                       uop_block__parameterized0__10 |          1 |          1 |       0 |    0 |   25 |      0 |      0 |    0 |          0 |
|         (core)                               |                       uop_block__parameterized0__10 |          1 |          1 |       0 |    0 |    0 |      0 |      0 |    0 |          0 |
|         g[0].g_normal.alu_i                  |                                    microop_unit__23 |          0 |          0 |       0 |    0 |   25 |      0 |      0 |    0 |          0 |
|     glen[29].core_i                          |                   uop_block_wrap__parameterized1__3 |          1 |          1 |       0 |    0 |    6 |      0 |      0 |    0 |          0 |
|       (glen[29].core_i)                      |                   uop_block_wrap__parameterized1__3 |          0 |          0 |       0 |    0 |    2 |      0 |      0 |    0 |          0 |
|       core                                   |                        uop_block__parameterized1__3 |          1 |          1 |       0 |    0 |    4 |      0 |      0 |    0 |          0 |
|         (core)                               |                        uop_block__parameterized1__3 |          1 |          1 |       0 |    0 |    1 |      0 |      0 |    0 |          0 |
|         g[0].g_normal.alu_i                  |                                    microop_unit__10 |          0 |          0 |       0 |    0 |    1 |      0 |      0 |    0 |          0 |
|         g[2].g_normal.alu_i                  |                    microop_unit__parameterized0__10 |          0 |          0 |       0 |    0 |    1 |      0 |      0 |    0 |          0 |
|         g[3].g_normal.alu_i                  |                     microop_unit__parameterized0__9 |          0 |          0 |       0 |    0 |    1 |      0 |      0 |    0 |          0 |
|     glen[2].core_i                           |                   uop_block_wrap__parameterized1__1 |          1 |          1 |       0 |    0 |    6 |      0 |      0 |    0 |          0 |
|       (glen[2].core_i)                       |                   uop_block_wrap__parameterized1__1 |          0 |          0 |       0 |    0 |    2 |      0 |      0 |    0 |          0 |
|       core                                   |                        uop_block__parameterized1__1 |          1 |          1 |       0 |    0 |    4 |      0 |      0 |    0 |          0 |
|         (core)                               |                        uop_block__parameterized1__1 |          1 |          1 |       0 |    0 |    1 |      0 |      0 |    0 |          0 |
|         g[0].g_normal.alu_i                  |                                     microop_unit__8 |          0 |          0 |       0 |    0 |    1 |      0 |      0 |    0 |          0 |
|         g[2].g_normal.alu_i                  |                     microop_unit__parameterized0__6 |          0 |          0 |       0 |    0 |    1 |      0 |      0 |    0 |          0 |
|         g[3].g_normal.alu_i                  |                     microop_unit__parameterized0__5 |          0 |          0 |       0 |    0 |    1 |      0 |      0 |    0 |          0 |
|     glen[30].core_i                          |                  uop_block_wrap__parameterized0__11 |          1 |          1 |       0 |    0 |   75 |      0 |      0 |    0 |          0 |
|       (glen[30].core_i)                      |                  uop_block_wrap__parameterized0__11 |          0 |          0 |       0 |    0 |   50 |      0 |      0 |    0 |          0 |
|       core                                   |                       uop_block__parameterized0__11 |          1 |          1 |       0 |    0 |   25 |      0 |      0 |    0 |          0 |
|         (core)                               |                       uop_block__parameterized0__11 |          1 |          1 |       0 |    0 |    0 |      0 |      0 |    0 |          0 |
|         g[0].g_normal.alu_i                  |                                    microop_unit__24 |          0 |          0 |       0 |    0 |   25 |      0 |      0 |    0 |          0 |
|     glen[31].core_i                          |                   uop_block_wrap__parameterized2__3 |          1 |          1 |       0 |    0 |    4 |      0 |      0 |    0 |          0 |
|       (glen[31].core_i)                      |                   uop_block_wrap__parameterized2__3 |          0 |          0 |       0 |    0 |    2 |      0 |      0 |    0 |          0 |
|       core                                   |                        uop_block__parameterized2__3 |          1 |          1 |       0 |    0 |    2 |      0 |      0 |    0 |          0 |
|         (core)                               |                        uop_block__parameterized2__3 |          1 |          1 |       0 |    0 |    0 |      0 |      0 |    0 |          0 |
|         g[0].g_normal.alu_i                  |                                    microop_unit__13 |          0 |          0 |       0 |    0 |    1 |      0 |      0 |    0 |          0 |
|         g[2].g_normal.alu_i                  |                    microop_unit__parameterized0__13 |          0 |          0 |       0 |    0 |    1 |      0 |      0 |    0 |          0 |
|     glen[32].core_i                          |                      uop_block_wrap__parameterized3 |          1 |          1 |       0 |    0 |  256 |      0 |      0 |    0 |          0 |
|       (glen[32].core_i)                      |                      uop_block_wrap__parameterized3 |          0 |          0 |       0 |    0 |  128 |      0 |      0 |    0 |          0 |
|       core                                   |                           uop_block__parameterized3 |          1 |          1 |       0 |    0 |  128 |      0 |      0 |    0 |          0 |
|         (core)                               |                           uop_block__parameterized3 |          1 |          1 |       0 |    0 |    0 |      0 |      0 |    0 |          0 |
|         g[0].g_normal.alu_i                  |                     microop_unit__parameterized1__1 |          0 |          0 |       0 |    0 |   64 |      0 |      0 |    0 |          0 |
|         g[1].g_normal.alu_i                  |                     microop_unit__parameterized1__2 |          0 |          0 |       0 |    0 |   64 |      0 |      0 |    0 |          0 |
|     glen[33].core_i                          |                      uop_block_wrap__parameterized9 |          1 |          1 |       0 |    0 |  320 |      0 |      0 |    0 |          0 |
|       (glen[33].core_i)                      |                      uop_block_wrap__parameterized9 |          0 |          0 |       0 |    0 |  128 |      0 |      0 |    0 |          0 |
|       core                                   |                           uop_block__parameterized9 |          1 |          1 |       0 |    0 |  192 |      0 |      0 |    0 |          0 |
|         (core)                               |                           uop_block__parameterized9 |          1 |          1 |       0 |    0 |    0 |      0 |      0 |    0 |          0 |
|         g[0].g_normal.alu_i                  |                        microop_unit__parameterized5 |          0 |          0 |       0 |    0 |  128 |      0 |      0 |    0 |          0 |
|           (g[0].g_normal.alu_i)              |                        microop_unit__parameterized5 |          0 |          0 |       0 |    0 |   64 |      0 |      0 |    0 |          0 |
|           g_iadd.use_ip.int_addsub_i         |                                integer_addsub_HD268 |          0 |          0 |       0 |    0 |   64 |      0 |      0 |    0 |          0 |
|             U0                               |               integer_addsubc_addsub_v12_0_14_HD269 |          0 |          0 |       0 |    0 |   64 |      0 |      0 |    0 |          0 |
|               xst_addsub                     |           integer_addsubc_addsub_v12_0_14_viv_HD270 |          0 |          0 |       0 |    0 |   64 |      0 |      0 |    0 |          0 |
|                 i_baseblox.i_baseblox_addsub |        integer_addsubc_addsub_v12_0_14_legacy_HD271 |          0 |          0 |       0 |    0 |   64 |      0 |      0 |    0 |          0 |
|                   no_pipelining.the_addsub   | integer_addsubc_addsub_v12_0_14_fabric_legacy_HD272 |          0 |          0 |       0 |    0 |   64 |      0 |      0 |    0 |          0 |
|                     i_lut6.i_lut6_addsub     |   integer_addsubc_addsub_v12_0_14_lut6_legacy_HD273 |          0 |          0 |       0 |    0 |   64 |      0 |      0 |    0 |          0 |
|                       (i_lut6.i_lut6_addsub) |   integer_addsubc_addsub_v12_0_14_lut6_legacy_HD273 |          0 |          0 |       0 |    0 |    0 |      0 |      0 |    0 |          0 |
|                       i_q.i_simple.qreg      |            integer_addsubc_reg_fd_v12_0_6_viv_HD274 |          0 |          0 |       0 |    0 |   64 |      0 |      0 |    0 |          0 |
|         g[1].g_normal.alu_i                  |                        microop_unit__parameterized1 |          0 |          0 |       0 |    0 |   64 |      0 |      0 |    0 |          0 |
|     glen[34].core_i                          |                                      uop_block_wrap |          1 |          1 |       0 |    0 |    6 |      0 |      0 |    0 |          0 |
|       (glen[34].core_i)                      |                                      uop_block_wrap |          0 |          0 |       0 |    0 |    2 |      0 |      0 |    0 |          0 |
|       core                                   |                                           uop_block |          1 |          1 |       0 |    0 |    4 |      0 |      0 |    0 |          0 |
|         (core)                               |                                           uop_block |          1 |          1 |       0 |    0 |    1 |      0 |      0 |    0 |          0 |
|         g[0].g_normal.alu_i                  |                                     microop_unit__1 |          0 |          0 |       0 |    0 |    1 |      0 |      0 |    0 |          0 |
|         g[2].g_normal.alu_i                  |                     microop_unit__parameterized0__1 |          0 |          0 |       0 |    0 |    1 |      0 |      0 |    0 |          0 |
|         g[3].g_normal.alu_i                  |                                     microop_unit__2 |          0 |          0 |       0 |    0 |    1 |      0 |      0 |    0 |          0 |
|     glen[35].core_i                          |                  uop_block_wrap__parameterized0__12 |          1 |          1 |       0 |    0 |   75 |      0 |      0 |    0 |          0 |
|       (glen[35].core_i)                      |                  uop_block_wrap__parameterized0__12 |          0 |          0 |       0 |    0 |   50 |      0 |      0 |    0 |          0 |
|       core                                   |                       uop_block__parameterized0__12 |          1 |          1 |       0 |    0 |   25 |      0 |      0 |    0 |          0 |
|         (core)                               |                       uop_block__parameterized0__12 |          1 |          1 |       0 |    0 |    0 |      0 |      0 |    0 |          0 |
|         g[0].g_normal.alu_i                  |                                    microop_unit__25 |          0 |          0 |       0 |    0 |   25 |      0 |      0 |    0 |          0 |
|     glen[36].core_i                          |                  uop_block_wrap__parameterized0__13 |          1 |          1 |       0 |    0 |   75 |      0 |      0 |    0 |          0 |
|       (glen[36].core_i)                      |                  uop_block_wrap__parameterized0__13 |          0 |          0 |       0 |    0 |   50 |      0 |      0 |    0 |          0 |
|       core                                   |                       uop_block__parameterized0__13 |          1 |          1 |       0 |    0 |   25 |      0 |      0 |    0 |          0 |
|         (core)                               |                       uop_block__parameterized0__13 |          1 |          1 |       0 |    0 |    0 |      0 |      0 |    0 |          0 |
|         g[0].g_normal.alu_i                  |                                    microop_unit__26 |          0 |          0 |       0 |    0 |   25 |      0 |      0 |    0 |          0 |
|     glen[37].core_i                          |                      uop_block_wrap__parameterized0 |          1 |          1 |       0 |    0 |   75 |      0 |      0 |    0 |          0 |
|       (glen[37].core_i)                      |                      uop_block_wrap__parameterized0 |          0 |          0 |       0 |    0 |   50 |      0 |      0 |    0 |          0 |
|       core                                   |                           uop_block__parameterized0 |          1 |          1 |       0 |    0 |   25 |      0 |      0 |    0 |          0 |
|         (core)                               |                           uop_block__parameterized0 |          1 |          1 |       0 |    0 |    0 |      0 |      0 |    0 |          0 |
|         g[0].g_normal.alu_i                  |                                     microop_unit__3 |          0 |          0 |       0 |    0 |   25 |      0 |      0 |    0 |          0 |
|     glen[38].core_i                          |                      uop_block_wrap__parameterized2 |          1 |          1 |       0 |    0 |    4 |      0 |      0 |    0 |          0 |
|       (glen[38].core_i)                      |                      uop_block_wrap__parameterized2 |          0 |          0 |       0 |    0 |    2 |      0 |      0 |    0 |          0 |
|       core                                   |                           uop_block__parameterized2 |          1 |          1 |       0 |    0 |    2 |      0 |      0 |    0 |          0 |
|         (core)                               |                           uop_block__parameterized2 |          1 |          1 |       0 |    0 |    0 |      0 |      0 |    0 |          0 |
|         g[0].g_normal.alu_i                  |                                     microop_unit__5 |          0 |          0 |       0 |    0 |    1 |      0 |      0 |    0 |          0 |
|         g[2].g_normal.alu_i                  |                     microop_unit__parameterized0__4 |          0 |          0 |       0 |    0 |    1 |      0 |      0 |    0 |          0 |
|     glen[39].core_i                          |                      uop_block_wrap__parameterized1 |          1 |          1 |       0 |    0 |    6 |      0 |      0 |    0 |          0 |
|       (glen[39].core_i)                      |                      uop_block_wrap__parameterized1 |          0 |          0 |       0 |    0 |    2 |      0 |      0 |    0 |          0 |
|       core                                   |                           uop_block__parameterized1 |          1 |          1 |       0 |    0 |    4 |      0 |      0 |    0 |          0 |
|         (core)                               |                           uop_block__parameterized1 |          1 |          1 |       0 |    0 |    1 |      0 |      0 |    0 |          0 |
|         g[0].g_normal.alu_i                  |                                     microop_unit__4 |          0 |          0 |       0 |    0 |    1 |      0 |      0 |    0 |          0 |
|         g[2].g_normal.alu_i                  |                     microop_unit__parameterized0__2 |          0 |          0 |       0 |    0 |    1 |      0 |      0 |    0 |          0 |
|         g[3].g_normal.alu_i                  |                     microop_unit__parameterized0__3 |          0 |          0 |       0 |    0 |    1 |      0 |      0 |    0 |          0 |
|     glen[3].core_i                           |                   uop_block_wrap__parameterized0__2 |          1 |          1 |       0 |    0 |   75 |      0 |      0 |    0 |          0 |
|       (glen[3].core_i)                       |                   uop_block_wrap__parameterized0__2 |          0 |          0 |       0 |    0 |   50 |      0 |      0 |    0 |          0 |
|       core                                   |                        uop_block__parameterized0__2 |          1 |          1 |       0 |    0 |   25 |      0 |      0 |    0 |          0 |
|         (core)                               |                        uop_block__parameterized0__2 |          1 |          1 |       0 |    0 |    0 |      0 |      0 |    0 |          0 |
|         g[0].g_normal.alu_i                  |                                    microop_unit__15 |          0 |          0 |       0 |    0 |   25 |      0 |      0 |    0 |          0 |
|     glen[4].core_i                           |                   uop_block_wrap__parameterized2__1 |          1 |          1 |       0 |    0 |    4 |      0 |      0 |    0 |          0 |
|       (glen[4].core_i)                       |                   uop_block_wrap__parameterized2__1 |          0 |          0 |       0 |    0 |    2 |      0 |      0 |    0 |          0 |
|       core                                   |                        uop_block__parameterized2__1 |          1 |          1 |       0 |    0 |    2 |      0 |      0 |    0 |          0 |
|         (core)                               |                        uop_block__parameterized2__1 |          1 |          1 |       0 |    0 |    0 |      0 |      0 |    0 |          0 |
|         g[0].g_normal.alu_i                  |                                    microop_unit__11 |          0 |          0 |       0 |    0 |    1 |      0 |      0 |    0 |          0 |
|         g[2].g_normal.alu_i                  |                    microop_unit__parameterized0__11 |          0 |          0 |       0 |    0 |    1 |      0 |      0 |    0 |          0 |
|     glen[5].core_i                           |                   uop_block_wrap__parameterized0__3 |          1 |          1 |       0 |    0 |   75 |      0 |      0 |    0 |          0 |
|       (glen[5].core_i)                       |                   uop_block_wrap__parameterized0__3 |          0 |          0 |       0 |    0 |   50 |      0 |      0 |    0 |          0 |
|       core                                   |                        uop_block__parameterized0__3 |          1 |          1 |       0 |    0 |   25 |      0 |      0 |    0 |          0 |
|         (core)                               |                        uop_block__parameterized0__3 |          1 |          1 |       0 |    0 |    0 |      0 |      0 |    0 |          0 |
|         g[0].g_normal.alu_i                  |                                    microop_unit__16 |          0 |          0 |       0 |    0 |   25 |      0 |      0 |    0 |          0 |
|     glen[6].core_i                           |                   uop_block_wrap__parameterized3__1 |          1 |          1 |       0 |    0 |  256 |      0 |      0 |    0 |          0 |
|       (glen[6].core_i)                       |                   uop_block_wrap__parameterized3__1 |          0 |          0 |       0 |    0 |  128 |      0 |      0 |    0 |          0 |
|       core                                   |                        uop_block__parameterized3__1 |          1 |          1 |       0 |    0 |  128 |      0 |      0 |    0 |          0 |
|         (core)                               |                        uop_block__parameterized3__1 |          1 |          1 |       0 |    0 |    0 |      0 |      0 |    0 |          0 |
|         g[0].g_normal.alu_i                  |                     microop_unit__parameterized1__6 |          0 |          0 |       0 |    0 |   64 |      0 |      0 |    0 |          0 |
|         g[1].g_normal.alu_i                  |                     microop_unit__parameterized1__5 |          0 |          0 |       0 |    0 |   64 |      0 |      0 |    0 |          0 |
|     glen[7].core_i                           |                      uop_block_wrap__parameterized4 |          1 |          1 |       0 |    0 |  320 |      0 |      0 |    0 |          0 |
|       (glen[7].core_i)                       |                      uop_block_wrap__parameterized4 |          0 |          0 |       0 |    0 |  128 |      0 |      0 |    0 |          0 |
|       core                                   |                           uop_block__parameterized4 |          1 |          1 |       0 |    0 |  192 |      0 |      0 |    0 |          0 |
|         (core)                               |                           uop_block__parameterized4 |          1 |          1 |       0 |    0 |   64 |      0 |      0 |    0 |          0 |
|         g[0].g_normal.alu_i                  |                        microop_unit__parameterized2 |          0 |          0 |       0 |    0 |   64 |      0 |      0 |    0 |          0 |
|         g[1].g_normal.alu_i                  |                     microop_unit__parameterized1__3 |          0 |          0 |       0 |    0 |   64 |      0 |      0 |    0 |          0 |
|     glen[8].core_i                           |                   uop_block_wrap__parameterized3__2 |          1 |          1 |       0 |    0 |  256 |      0 |      0 |    0 |          0 |
|       (glen[8].core_i)                       |                   uop_block_wrap__parameterized3__2 |          0 |          0 |       0 |    0 |  128 |      0 |      0 |    0 |          0 |
|       core                                   |                        uop_block__parameterized3__2 |          1 |          1 |       0 |    0 |  128 |      0 |      0 |    0 |          0 |
|         (core)                               |                        uop_block__parameterized3__2 |          1 |          1 |       0 |    0 |    0 |      0 |      0 |    0 |          0 |
|         g[0].g_normal.alu_i                  |                     microop_unit__parameterized1__8 |          0 |          0 |       0 |    0 |   64 |      0 |      0 |    0 |          0 |
|         g[1].g_normal.alu_i                  |                     microop_unit__parameterized1__7 |          0 |          0 |       0 |    0 |   64 |      0 |      0 |    0 |          0 |
|     glen[9].core_i                           |                   uop_block_wrap__parameterized0__4 |          1 |          1 |       0 |    0 |   75 |      0 |      0 |    0 |          0 |
|       (glen[9].core_i)                       |                   uop_block_wrap__parameterized0__4 |          0 |          0 |       0 |    0 |   50 |      0 |      0 |    0 |          0 |
|       core                                   |                        uop_block__parameterized0__4 |          1 |          1 |       0 |    0 |   25 |      0 |      0 |    0 |          0 |
|         (core)                               |                        uop_block__parameterized0__4 |          1 |          1 |       0 |    0 |    0 |      0 |      0 |    0 |          0 |
|         g[0].g_normal.alu_i                  |                                    microop_unit__17 |          0 |          0 |       0 |    0 |   25 |      0 |      0 |    0 |          0 |
+----------------------------------------------+-----------------------------------------------------+------------+------------+---------+------+------+--------+--------+------+------------+


