Copyright 1986-2020 Xilinx, Inc. All Rights Reserved.
--------------------------------------------------------------------------------------------------------------------------------------------------------
| Tool Version      : Vivado v.2020.1 (lin64) Build 2902540 Wed May 27 19:54:35 MDT 2020
| Date              : Mon Oct 27 22:17:14 2025
| Host              : orthanc running 64-bit Ubuntu 22.04.4 LTS
| Command           : report_timing_summary -file /home/jyoo/custom_v_2/custom-core-tool/reports/synth_3p0pct/benches/538_imagick_r/pre_impl_timing.rpt
| Design            : top_multi_len
| Device            : xcu200-fsgd2104
| Speed File        : -2  PRODUCTION 1.27 02-28-2020
| Temperature Grade : E
--------------------------------------------------------------------------------------------------------------------------------------------------------

Timing Summary Report

------------------------------------------------------------------------------------------------
| Timer Settings
| --------------
------------------------------------------------------------------------------------------------

  Enable Multi Corner Analysis               :  Yes
  Enable Pessimism Removal                   :  Yes
  Pessimism Removal Resolution               :  Nearest Common Node
  Enable Input Delay Default Clock           :  No
  Enable Preset / Clear Arcs                 :  No
  Disable Flight Delays                      :  No
  Ignore I/O Paths                           :  No
  Timing Early Launch at Borrowing Latches   :  No
  Borrow Time for Max Delay Exceptions       :  Yes
  Merge Timing Exceptions                    :  Yes

  Corner  Analyze    Analyze    
  Name    Max Paths  Min Paths  
  ------  ---------  ---------  
  Slow    Yes        Yes        
  Fast    Yes        Yes        



check_timing report

Table of Contents
-----------------
1. checking no_clock (0)
2. checking constant_clock (0)
3. checking pulse_width_clock (0)
4. checking unconstrained_internal_endpoints (0)
5. checking no_input_delay (71)
6. checking no_output_delay (0)
7. checking multiple_clock (0)
8. checking generated_clocks (0)
9. checking loops (0)
10. checking partial_input_delay (0)
11. checking partial_output_delay (0)
12. checking latch_loops (0)

1. checking no_clock (0)
------------------------
 There are 0 register/latch pins with no clock.


2. checking constant_clock (0)
------------------------------
 There are 0 register/latch pins with constant_clock.


3. checking pulse_width_clock (0)
---------------------------------
 There are 0 register/latch pins which need pulse_width check


4. checking unconstrained_internal_endpoints (0)
------------------------------------------------
 There are 0 pins that are not constrained for maximum delay.

 There are 0 pins that are not constrained for maximum delay due to constant clock.


5. checking no_input_delay (71)
-------------------------------
 There are 71 input ports with no input delay specified. (HIGH)

 There are 0 input ports with no input delay but user has a false path constraint.


6. checking no_output_delay (0)
-------------------------------
 There are 0 ports with no output delay specified.

 There are 0 ports with no output delay but user has a false path constraint

 There are 0 ports with no output delay but with a timing clock defined on it or propagating through it


7. checking multiple_clock (0)
------------------------------
 There are 0 register/latch pins with multiple clocks.


8. checking generated_clocks (0)
--------------------------------
 There are 0 generated clocks that are not connected to a clock source.


9. checking loops (0)
---------------------
 There are 0 combinational loops in the design.


10. checking partial_input_delay (0)
------------------------------------
 There are 0 input ports with partial input delay specified.


11. checking partial_output_delay (0)
-------------------------------------
 There are 0 ports with partial output delay specified.


12. checking latch_loops (0)
----------------------------
 There are 0 combinational latch loops in the design through latch input



------------------------------------------------------------------------------------------------
| Design Timing Summary
| ---------------------
------------------------------------------------------------------------------------------------

    WNS(ns)      TNS(ns)  TNS Failing Endpoints  TNS Total Endpoints      WHS(ns)      THS(ns)  THS Failing Endpoints  THS Total Endpoints     WPWS(ns)     TPWS(ns)  TPWS Failing Endpoints  TPWS Total Endpoints  
    -------      -------  ---------------------  -------------------      -------      -------  ---------------------  -------------------     --------     --------  ----------------------  --------------------  
      1.561        0.000                      0                14568       -0.068     -413.677                   9553                14568        1.124        0.000                       0                  8430  


Timing constraints are not met.


------------------------------------------------------------------------------------------------
| Clock Summary
| -------------
------------------------------------------------------------------------------------------------

Clock     Waveform(ns)         Period(ns)      Frequency(MHz)
-----     ------------         ----------      --------------
host_clk  {0.000 1.666}        3.333           300.030         


------------------------------------------------------------------------------------------------
| Intra Clock Table
| -----------------
------------------------------------------------------------------------------------------------

Clock             WNS(ns)      TNS(ns)  TNS Failing Endpoints  TNS Total Endpoints      WHS(ns)      THS(ns)  THS Failing Endpoints  THS Total Endpoints     WPWS(ns)     TPWS(ns)  TPWS Failing Endpoints  TPWS Total Endpoints  
-----             -------      -------  ---------------------  -------------------      -------      -------  ---------------------  -------------------     --------     --------  ----------------------  --------------------  
host_clk            1.561        0.000                      0                14568       -0.068     -413.677                   9553                14568        1.124        0.000                       0                  8430  


------------------------------------------------------------------------------------------------
| Inter Clock Table
| -----------------
------------------------------------------------------------------------------------------------

From Clock    To Clock          WNS(ns)      TNS(ns)  TNS Failing Endpoints  TNS Total Endpoints      WHS(ns)      THS(ns)  THS Failing Endpoints  THS Total Endpoints  
----------    --------          -------      -------  ---------------------  -------------------      -------      -------  ---------------------  -------------------  


------------------------------------------------------------------------------------------------
| Other Path Groups Table
| -----------------------
------------------------------------------------------------------------------------------------

Path Group    From Clock    To Clock          WNS(ns)      TNS(ns)  TNS Failing Endpoints  TNS Total Endpoints      WHS(ns)      THS(ns)  THS Failing Endpoints  THS Total Endpoints  
----------    ----------    --------          -------      -------  ---------------------  -------------------      -------      -------  ---------------------  -------------------  


------------------------------------------------------------------------------------------------
| Timing Details
| --------------
------------------------------------------------------------------------------------------------


---------------------------------------------------------------------------------------------------
From Clock:  host_clk
  To Clock:  host_clk

Setup :            0  Failing Endpoints,  Worst Slack        1.561ns,  Total Violation        0.000ns
Hold  :         9553  Failing Endpoints,  Worst Slack       -0.068ns,  Total Violation     -413.677ns
PW    :            0  Failing Endpoints,  Worst Slack        1.124ns,  Total Violation        0.000ns
---------------------------------------------------------------------------------------------------


Max Delay Paths
--------------------------------------------------------------------------------------
Slack (MET) :             1.561ns  (required time - arrival time)
  Source:                 g_has_mem.u_pool/u_rrA/g_n.ptr_oh_s1_reg[5]/C
                            (rising edge-triggered cell FDCE clocked by host_clk  {rise@0.000ns fall@1.666ns period=3.333ns})
  Destination:            g_has_mem.u_pool/rd64A_data_reg[0]/D
                            (rising edge-triggered cell FDCE clocked by host_clk  {rise@0.000ns fall@1.666ns period=3.333ns})
  Path Group:             host_clk
  Path Type:              Setup (Max at Slow Process Corner)
  Requirement:            3.333ns  (host_clk rise@3.333ns - host_clk rise@0.000ns)
  Data Path Delay:        1.617ns  (logic 0.503ns (31.107%)  route 1.114ns (68.893%))
  Logic Levels:           5  (LUT4=2 LUT6=3)
  Clock Path Skew:        -0.145ns (DCD - SCD + CPR)
    Destination Clock Delay (DCD):    3.007ns = ( 6.340 - 3.333 ) 
    Source Clock Delay      (SCD):    3.435ns
    Clock Pessimism Removal (CPR):    0.283ns
  Clock Uncertainty:      0.035ns  ((TSJ^2 + TIJ^2)^1/2 + DJ) / 2 + PE
    Total System Jitter     (TSJ):    0.071ns
    Total Input Jitter      (TIJ):    0.000ns
    Discrete Jitter          (DJ):    0.000ns
    Phase Error              (PE):    0.000ns

    Location             Delay type                Incr(ns)  Path(ns)    Netlist Resource(s)
  -------------------------------------------------------------------    -------------------
                         (clock host_clk rise edge)
                                                      0.000     0.000 r  
                                                      0.000     0.000 r  clk (IN)
                         net (fo=0)                   0.000     0.000    clk_IBUF_inst/I
                         INBUF (Prop_INBUF_PAD_O)     0.547     0.547 r  clk_IBUF_inst/INBUF_INST/O
                         net (fo=1, unplaced)         0.000     0.547    clk_IBUF_inst/OUT
                         IBUFCTRL (Prop_IBUFCTRL_I_O)
                                                      0.000     0.547 r  clk_IBUF_inst/IBUFCTRL_INST/O
                         net (fo=1, unplaced)         0.276     0.823    clk_IBUF
                         BUFGCE (Prop_BUFGCE_I_O)     0.028     0.851 r  clk_IBUF_BUFG_inst/O
                         net (fo=8559, unplaced)      2.584     3.435    g_has_mem.u_pool/u_rrA/clk
                         FDCE                                         r  g_has_mem.u_pool/u_rrA/g_n.ptr_oh_s1_reg[5]/C
  -------------------------------------------------------------------    -------------------
                         FDCE (Prop_FDCE_C_Q)         0.077     3.512 f  g_has_mem.u_pool/u_rrA/g_n.ptr_oh_s1_reg[5]/Q
                         net (fo=9, unplaced)         0.149     3.661    g_has_mem.u_pool/u_rrA/g_n.ptr_oh_s1[5]
                         LUT6 (Prop_LUT6_I0_O)        0.150     3.811 f  g_has_mem.u_pool/u_rrA/grant[7]_INST_0_i_2/O
                         net (fo=1, unplaced)         0.197     4.008    g_has_mem.u_pool/u_rrA/grant[7]_INST_0_i_2_n_0
                         LUT6 (Prop_LUT6_I5_O)        0.038     4.046 f  g_has_mem.u_pool/u_rrA/grant[7]_INST_0/O
                         net (fo=107, unplaced)       0.243     4.289    g_has_mem.u_pool/gA[7]
                         LUT4 (Prop_LUT4_I0_O)        0.100     4.389 f  g_has_mem.u_pool/rd64A_vld_i_2/O
                         net (fo=38, unplaced)        0.261     4.650    g_has_mem.u_pool/rd64A_vld_i_2_n_0
                         LUT4 (Prop_LUT4_I3_O)        0.038     4.688 r  g_has_mem.u_pool/rd64A_data[31]_i_2/O
                         net (fo=32, unplaced)        0.216     4.904    g_has_mem.u_pool/rd64A_data[31]_i_2_n_0
                         LUT6 (Prop_LUT6_I2_O)        0.100     5.004 r  g_has_mem.u_pool/rd64A_data[0]_i_1/O
                         net (fo=1, unplaced)         0.048     5.052    g_has_mem.u_pool/pack_to_W_return[0]
                         FDCE                                         r  g_has_mem.u_pool/rd64A_data_reg[0]/D
  -------------------------------------------------------------------    -------------------

                         (clock host_clk rise edge)
                                                      3.333     3.333 r  
                                                      0.000     3.333 r  clk (IN)
                         net (fo=0)                   0.000     3.333    clk_IBUF_inst/I
                         INBUF (Prop_INBUF_PAD_O)     0.297     3.630 r  clk_IBUF_inst/INBUF_INST/O
                         net (fo=1, unplaced)         0.000     3.630    clk_IBUF_inst/OUT
                         IBUFCTRL (Prop_IBUFCTRL_I_O)
                                                      0.000     3.630 r  clk_IBUF_inst/IBUFCTRL_INST/O
                         net (fo=1, unplaced)         0.247     3.877    clk_IBUF
                         BUFGCE (Prop_BUFGCE_I_O)     0.024     3.901 r  clk_IBUF_BUFG_inst/O
                         net (fo=8559, unplaced)      2.439     6.340    g_has_mem.u_pool/clk
                         FDCE                                         r  g_has_mem.u_pool/rd64A_data_reg[0]/C
                         clock pessimism              0.283     6.623    
                         clock uncertainty           -0.035     6.588    
                         FDCE (Setup_FDCE_C_D)        0.025     6.613    g_has_mem.u_pool/rd64A_data_reg[0]
  -------------------------------------------------------------------
                         required time                          6.613    
                         arrival time                          -5.052    
  -------------------------------------------------------------------
                         slack                                  1.561    





Min Delay Paths
--------------------------------------------------------------------------------------
Slack (VIOLATED) :        -0.068ns  (arrival time - required time)
  Source:                 g_has_mem.glen_mem[12].blk_i/core/g[1].g_normal.alu_i/g_imul.mul64_ip.mul_i/U0/i_mult/gDSP.gDSP_only.iDSP/use_prim.appDSP48[1].bppDSP48[0].use_dsp.use_dsp48e2.iDSP48E2/DSP_PREADD_DATA_INST/CLK
                            (rising edge-triggered cell DSP_PREADD_DATA clocked by host_clk  {rise@0.000ns fall@1.666ns period=3.333ns})
  Destination:            g_has_mem.glen_mem[12].blk_i/core/g[1].g_normal.alu_i/g_imul.mul64_ip.mul_i/U0/i_mult/gDSP.gDSP_only.iDSP/use_prim.appDSP48[1].bppDSP48[0].use_dsp.use_dsp48e2.iDSP48E2/DSP_M_DATA_INST/U[10]
                            (rising edge-triggered cell DSP_M_DATA clocked by host_clk  {rise@0.000ns fall@1.666ns period=3.333ns})
  Path Group:             host_clk
  Path Type:              Hold (Min at Fast Process Corner)
  Requirement:            0.000ns  (host_clk rise@0.000ns - host_clk rise@0.000ns)
  Data Path Delay:        0.140ns  (logic 0.140ns (100.000%)  route 0.000ns (0.000%))
  Logic Levels:           1  (DSP_MULTIPLIER=1)
  Clock Path Skew:        0.145ns (DCD - SCD - CPR)
    Destination Clock Delay (DCD):    1.792ns
    Source Clock Delay      (SCD):    1.429ns
    Clock Pessimism Removal (CPR):    0.218ns

    Location             Delay type                Incr(ns)  Path(ns)    Netlist Resource(s)
  -------------------------------------------------------------------    -------------------
                         (clock host_clk rise edge)
                                                      0.000     0.000 r  
                                                      0.000     0.000 r  clk (IN)
                         net (fo=0)                   0.000     0.000    clk_IBUF_inst/I
                         INBUF (Prop_INBUF_PAD_O)     0.182     0.182 r  clk_IBUF_inst/INBUF_INST/O
                         net (fo=1, unplaced)         0.000     0.182    clk_IBUF_inst/OUT
                         IBUFCTRL (Prop_IBUFCTRL_I_O)
                                                      0.000     0.182 r  clk_IBUF_inst/IBUFCTRL_INST/O
                         net (fo=1, unplaced)         0.116     0.298    clk_IBUF
                         BUFGCE (Prop_BUFGCE_I_O)     0.017     0.315 r  clk_IBUF_BUFG_inst/O
                         net (fo=8559, unplaced)      1.114     1.429    g_has_mem.glen_mem[12].blk_i/core/g[1].g_normal.alu_i/g_imul.mul64_ip.mul_i/U0/i_mult/gDSP.gDSP_only.iDSP/use_prim.appDSP48[1].bppDSP48[0].use_dsp.use_dsp48e2.iDSP48E2/CLK
                         DSP_PREADD_DATA                              r  g_has_mem.glen_mem[12].blk_i/core/g[1].g_normal.alu_i/g_imul.mul64_ip.mul_i/U0/i_mult/gDSP.gDSP_only.iDSP/use_prim.appDSP48[1].bppDSP48[0].use_dsp.use_dsp48e2.iDSP48E2/DSP_PREADD_DATA_INST/CLK
  -------------------------------------------------------------------    -------------------
                         DSP_PREADD_DATA (Prop_DSP_PREADD_DATA_CLK_AD_DATA[9])
                                                      0.074     1.503 r  g_has_mem.glen_mem[12].blk_i/core/g[1].g_normal.alu_i/g_imul.mul64_ip.mul_i/U0/i_mult/gDSP.gDSP_only.iDSP/use_prim.appDSP48[1].bppDSP48[0].use_dsp.use_dsp48e2.iDSP48E2/DSP_PREADD_DATA_INST/AD_DATA[9]
                         net (fo=1, unplaced)         0.000     1.503    g_has_mem.glen_mem[12].blk_i/core/g[1].g_normal.alu_i/g_imul.mul64_ip.mul_i/U0/i_mult/gDSP.gDSP_only.iDSP/use_prim.appDSP48[1].bppDSP48[0].use_dsp.use_dsp48e2.iDSP48E2/DSP_PREADD_DATA.AD_DATA<9>
                         DSP_MULTIPLIER (Prop_DSP_MULTIPLIER_AD_DATA[9]_U[10])
                                                      0.066     1.569 r  g_has_mem.glen_mem[12].blk_i/core/g[1].g_normal.alu_i/g_imul.mul64_ip.mul_i/U0/i_mult/gDSP.gDSP_only.iDSP/use_prim.appDSP48[1].bppDSP48[0].use_dsp.use_dsp48e2.iDSP48E2/DSP_MULTIPLIER_INST/U[10]
                         net (fo=1, unplaced)         0.000     1.569    g_has_mem.glen_mem[12].blk_i/core/g[1].g_normal.alu_i/g_imul.mul64_ip.mul_i/U0/i_mult/gDSP.gDSP_only.iDSP/use_prim.appDSP48[1].bppDSP48[0].use_dsp.use_dsp48e2.iDSP48E2/DSP_MULTIPLIER.U<10>
                         DSP_M_DATA                                   r  g_has_mem.glen_mem[12].blk_i/core/g[1].g_normal.alu_i/g_imul.mul64_ip.mul_i/U0/i_mult/gDSP.gDSP_only.iDSP/use_prim.appDSP48[1].bppDSP48[0].use_dsp.use_dsp48e2.iDSP48E2/DSP_M_DATA_INST/U[10]
  -------------------------------------------------------------------    -------------------

                         (clock host_clk rise edge)
                                                      0.000     0.000 r  
                                                      0.000     0.000 r  clk (IN)
                         net (fo=0)                   0.000     0.000    clk_IBUF_inst/I
                         INBUF (Prop_INBUF_PAD_O)     0.367     0.367 r  clk_IBUF_inst/INBUF_INST/O
                         net (fo=1, unplaced)         0.000     0.367    clk_IBUF_inst/OUT
                         IBUFCTRL (Prop_IBUFCTRL_I_O)
                                                      0.000     0.367 r  clk_IBUF_inst/IBUFCTRL_INST/O
                         net (fo=1, unplaced)         0.147     0.514    clk_IBUF
                         BUFGCE (Prop_BUFGCE_I_O)     0.019     0.533 r  clk_IBUF_BUFG_inst/O
                         net (fo=8559, unplaced)      1.259     1.792    g_has_mem.glen_mem[12].blk_i/core/g[1].g_normal.alu_i/g_imul.mul64_ip.mul_i/U0/i_mult/gDSP.gDSP_only.iDSP/use_prim.appDSP48[1].bppDSP48[0].use_dsp.use_dsp48e2.iDSP48E2/CLK
                         DSP_M_DATA                                   r  g_has_mem.glen_mem[12].blk_i/core/g[1].g_normal.alu_i/g_imul.mul64_ip.mul_i/U0/i_mult/gDSP.gDSP_only.iDSP/use_prim.appDSP48[1].bppDSP48[0].use_dsp.use_dsp48e2.iDSP48E2/DSP_M_DATA_INST/CLK
                         clock pessimism             -0.218     1.574    
                         DSP_M_DATA (Hold_DSP_M_DATA_CLK_U[10])
                                                      0.063     1.637    g_has_mem.glen_mem[12].blk_i/core/g[1].g_normal.alu_i/g_imul.mul64_ip.mul_i/U0/i_mult/gDSP.gDSP_only.iDSP/use_prim.appDSP48[1].bppDSP48[0].use_dsp.use_dsp48e2.iDSP48E2/DSP_M_DATA_INST
  -------------------------------------------------------------------
                         required time                         -1.637    
                         arrival time                           1.569    
  -------------------------------------------------------------------
                         slack                                 -0.068    





Pulse Width Checks
--------------------------------------------------------------------------------------
Clock Name:         host_clk
Waveform(ns):       { 0.000 1.666 }
Period(ns):         3.333
Sources:            { clk }

Check Type        Corner  Lib Pin             Reference Pin  Required(ns)  Actual(ns)  Slack(ns)  Location  Pin
Min Period        n/a     RAMB36E2/CLKARDCLK  n/a            1.569         3.333       1.764                g_has_mem.u_pool/g_banks.gb[0].u_bank64/u_mem/xpm_memory_base_inst/gen_wr_a.gen_byte_narrow.for_mem_cols[1].mem_reg/CLKARDCLK
Low Pulse Width   Slow    RAMB36E2/CLKARDCLK  n/a            0.542         1.666       1.124                g_has_mem.u_pool/g_banks.gb[0].u_bank64/u_mem/xpm_memory_base_inst/gen_wr_a.gen_byte_narrow.for_mem_cols[1].mem_reg/CLKARDCLK
High Pulse Width  Fast    RAMB36E2/CLKARDCLK  n/a            0.542         1.666       1.124                g_has_mem.u_pool/g_banks.gb[0].u_bank64/u_mem/xpm_memory_base_inst/gen_wr_a.gen_byte_narrow.for_mem_cols[1].mem_reg/CLKARDCLK



