Copyright 1986-2020 Xilinx, Inc. All Rights Reserved.
-------------------------------------------------------------------------------------------------------------------------------------------------
| Tool Version      : Vivado v.2020.1 (lin64) Build 2902540 Wed May 27 19:54:35 MDT 2020
| Date              : Mon Sep 22 03:26:30 2025
| Host              : orthanc running 64-bit Ubuntu 22.04.4 LTS
| Command           : report_timing_summary -file /home/jyoo/custom_v_2/custom-core-tool/reports/alubase/single/525_x264_r/post_route_timing.rpt
| Design            : top_bench__525_x264_r
| Device            : xcu200-fsgd2104
| Speed File        : -2  PRODUCTION 1.27 02-28-2020
| Temperature Grade : E
-------------------------------------------------------------------------------------------------------------------------------------------------

Timing Summary Report

------------------------------------------------------------------------------------------------
| Timer Settings
| --------------
------------------------------------------------------------------------------------------------

  Enable Multi Corner Analysis               :  Yes
  Enable Pessimism Removal                   :  Yes
  Pessimism Removal Resolution               :  Nearest Common Node
  Enable Input Delay Default Clock           :  No
  Enable Preset / Clear Arcs                 :  No
  Disable Flight Delays                      :  No
  Ignore I/O Paths                           :  No
  Timing Early Launch at Borrowing Latches   :  No
  Borrow Time for Max Delay Exceptions       :  Yes
  Merge Timing Exceptions                    :  Yes

  Corner  Analyze    Analyze    
  Name    Max Paths  Min Paths  
  ------  ---------  ---------  
  Slow    Yes        Yes        
  Fast    Yes        Yes        



check_timing report

Table of Contents
-----------------
1. checking no_clock (0)
2. checking constant_clock (0)
3. checking pulse_width_clock (0)
4. checking unconstrained_internal_endpoints (0)
5. checking no_input_delay (64)
6. checking no_output_delay (64)
7. checking multiple_clock (0)
8. checking generated_clocks (0)
9. checking loops (0)
10. checking partial_input_delay (0)
11. checking partial_output_delay (0)
12. checking latch_loops (0)

1. checking no_clock (0)
------------------------
 There are 0 register/latch pins with no clock.


2. checking constant_clock (0)
------------------------------
 There are 0 register/latch pins with constant_clock.


3. checking pulse_width_clock (0)
---------------------------------
 There are 0 register/latch pins which need pulse_width check


4. checking unconstrained_internal_endpoints (0)
------------------------------------------------
 There are 0 pins that are not constrained for maximum delay.

 There are 0 pins that are not constrained for maximum delay due to constant clock.


5. checking no_input_delay (64)
-------------------------------
 There are 64 input ports with no input delay specified. (HIGH)

 There are 0 input ports with no input delay but user has a false path constraint.


6. checking no_output_delay (64)
--------------------------------
 There are 64 ports with no output delay specified. (HIGH)

 There are 0 ports with no output delay but user has a false path constraint

 There are 0 ports with no output delay but with a timing clock defined on it or propagating through it


7. checking multiple_clock (0)
------------------------------
 There are 0 register/latch pins with multiple clocks.


8. checking generated_clocks (0)
--------------------------------
 There are 0 generated clocks that are not connected to a clock source.


9. checking loops (0)
---------------------
 There are 0 combinational loops in the design.


10. checking partial_input_delay (0)
------------------------------------
 There are 0 input ports with partial input delay specified.


11. checking partial_output_delay (0)
-------------------------------------
 There are 0 ports with partial output delay specified.


12. checking latch_loops (0)
----------------------------
 There are 0 combinational latch loops in the design through latch input



------------------------------------------------------------------------------------------------
| Design Timing Summary
| ---------------------
------------------------------------------------------------------------------------------------

    WNS(ns)      TNS(ns)  TNS Failing Endpoints  TNS Total Endpoints      WHS(ns)      THS(ns)  THS Failing Endpoints  THS Total Endpoints     WPWS(ns)     TPWS(ns)  TPWS Failing Endpoints  TPWS Total Endpoints  
    -------      -------  ---------------------  -------------------      -------      -------  ---------------------  -------------------     --------     --------  ----------------------  --------------------  
      0.518        0.000                      0                14114        0.010        0.000                      0                14114        1.391        0.000                       0                 19833  


All user specified timing constraints are met.


------------------------------------------------------------------------------------------------
| Clock Summary
| -------------
------------------------------------------------------------------------------------------------

Clock     Waveform(ns)         Period(ns)      Frequency(MHz)
-----     ------------         ----------      --------------
host_clk  {0.000 1.666}        3.333           300.030         


------------------------------------------------------------------------------------------------
| Intra Clock Table
| -----------------
------------------------------------------------------------------------------------------------

Clock             WNS(ns)      TNS(ns)  TNS Failing Endpoints  TNS Total Endpoints      WHS(ns)      THS(ns)  THS Failing Endpoints  THS Total Endpoints     WPWS(ns)     TPWS(ns)  TPWS Failing Endpoints  TPWS Total Endpoints  
-----             -------      -------  ---------------------  -------------------      -------      -------  ---------------------  -------------------     --------     --------  ----------------------  --------------------  
host_clk            0.518        0.000                      0                14114        0.010        0.000                      0                14114        1.391        0.000                       0                 19833  


------------------------------------------------------------------------------------------------
| Inter Clock Table
| -----------------
------------------------------------------------------------------------------------------------

From Clock    To Clock          WNS(ns)      TNS(ns)  TNS Failing Endpoints  TNS Total Endpoints      WHS(ns)      THS(ns)  THS Failing Endpoints  THS Total Endpoints  
----------    --------          -------      -------  ---------------------  -------------------      -------      -------  ---------------------  -------------------  


------------------------------------------------------------------------------------------------
| Other Path Groups Table
| -----------------------
------------------------------------------------------------------------------------------------

Path Group    From Clock    To Clock          WNS(ns)      TNS(ns)  TNS Failing Endpoints  TNS Total Endpoints      WHS(ns)      THS(ns)  THS Failing Endpoints  THS Total Endpoints  
----------    ----------    --------          -------      -------  ---------------------  -------------------      -------      -------  ---------------------  -------------------  


------------------------------------------------------------------------------------------------
| Timing Details
| --------------
------------------------------------------------------------------------------------------------


---------------------------------------------------------------------------------------------------
From Clock:  host_clk
  To Clock:  host_clk

Setup :            0  Failing Endpoints,  Worst Slack        0.518ns,  Total Violation        0.000ns
Hold  :            0  Failing Endpoints,  Worst Slack        0.010ns,  Total Violation        0.000ns
PW    :            0  Failing Endpoints,  Worst Slack        1.391ns,  Total Violation        0.000ns
---------------------------------------------------------------------------------------------------


Max Delay Paths
--------------------------------------------------------------------------------------
Slack (MET) :             0.518ns  (required time - arrival time)
  Source:                 u_525_x264_r/glen[59].core_i/c_q_reg[5]/C
                            (rising edge-triggered cell FDRE clocked by host_clk  {rise@0.000ns fall@1.666ns period=3.333ns})
  Destination:            u_525_x264_r/glen[59].core_i/core/g[10].g_normal.alu_i/g_imul.mul_fabric.y_reg/DSP_OUTPUT_INST/ALU_OUT[0]
                            (rising edge-triggered cell DSP_OUTPUT clocked by host_clk  {rise@0.000ns fall@1.666ns period=3.333ns})
  Path Group:             host_clk
  Path Type:              Setup (Max at Slow Process Corner)
  Requirement:            3.333ns  (host_clk rise@3.333ns - host_clk rise@0.000ns)
  Data Path Delay:        2.760ns  (logic 2.197ns (79.601%)  route 0.563ns (20.399%))
  Logic Levels:           7  (DSP_A_B_DATA=1 DSP_ALU=2 DSP_M_DATA=1 DSP_MULTIPLIER=1 DSP_OUTPUT=1 DSP_PREADD_DATA=1)
  Clock Path Skew:        -0.035ns (DCD - SCD + CPR)
    Destination Clock Delay (DCD):    1.879ns = ( 5.212 - 3.333 ) 
    Source Clock Delay      (SCD):    2.284ns
    Clock Pessimism Removal (CPR):    0.370ns
  Clock Uncertainty:      0.035ns  ((TSJ^2 + TIJ^2)^1/2 + DJ) / 2 + PE
    Total System Jitter     (TSJ):    0.071ns
    Total Input Jitter      (TIJ):    0.000ns
    Discrete Jitter          (DJ):    0.000ns
    Phase Error              (PE):    0.000ns
  Clock Net Delay (Source):      1.280ns (routing 0.171ns, distribution 1.109ns)
  Clock Net Delay (Destination): 1.169ns (routing 0.155ns, distribution 1.014ns)

    Location             Delay type                Incr(ns)  Path(ns)    Netlist Resource(s)
  -------------------------------------------------------------------    -------------------
                         (clock host_clk rise edge)
                                                      0.000     0.000 r  
    BA18                                              0.000     0.000 r  clk (IN)
                         net (fo=0)                   0.000     0.000    clk_IBUF_inst/I
    BA18                 INBUF (Prop_INBUF_HPIOB_M_PAD_O)
                                                      0.628     0.628 r  clk_IBUF_inst/INBUF_INST/O
                         net (fo=1, routed)           0.000     0.628    clk_IBUF_inst/OUT
    BA18                 IBUFCTRL (Prop_IBUFCTRL_HPIOB_M_I_O)
                                                      0.000     0.628 r  clk_IBUF_inst/IBUFCTRL_INST/O
                         net (fo=1, routed)           0.348     0.976    clk_IBUF
    BUFGCE_X1Y170        BUFGCE (Prop_BUFCE_BUFGCE_I_O)
                                                      0.028     1.004 r  clk_IBUF_BUFG_inst/O
    X4Y7 (CLOCK_ROOT)    net (fo=19912, routed)       1.280     2.284    u_525_x264_r/glen[59].core_i/clk
    SLICE_X106Y394       FDRE                                         r  u_525_x264_r/glen[59].core_i/c_q_reg[5]/C
  -------------------------------------------------------------------    -------------------
    SLICE_X106Y394       FDRE (Prop_CFF_SLICEL_C_Q)
                                                      0.079     2.363 f  u_525_x264_r/glen[59].core_i/c_q_reg[5]/Q
                         net (fo=10, routed)          0.549     2.912    u_525_x264_r/glen[59].core_i/core/g[10].g_normal.alu_i/y0__0/B[5]
    DSP48E2_X12Y158      DSP_A_B_DATA (Prop_DSP_A_B_DATA_DSP48E2_B[5]_B2_DATA[5])
                                                      0.151     3.063 r  u_525_x264_r/glen[59].core_i/core/g[10].g_normal.alu_i/y0__0/DSP_A_B_DATA_INST/B2_DATA[5]
                         net (fo=1, routed)           0.000     3.063    u_525_x264_r/glen[59].core_i/core/g[10].g_normal.alu_i/y0__0/DSP_A_B_DATA.B2_DATA<5>
    DSP48E2_X12Y158      DSP_PREADD_DATA (Prop_DSP_PREADD_DATA_DSP48E2_B2_DATA[5]_B2B1[5])
                                                      0.073     3.136 r  u_525_x264_r/glen[59].core_i/core/g[10].g_normal.alu_i/y0__0/DSP_PREADD_DATA_INST/B2B1[5]
                         net (fo=1, routed)           0.000     3.136    u_525_x264_r/glen[59].core_i/core/g[10].g_normal.alu_i/y0__0/DSP_PREADD_DATA.B2B1<5>
    DSP48E2_X12Y158      DSP_MULTIPLIER (Prop_DSP_MULTIPLIER_DSP48E2_B2B1[5]_V[35])
                                                      0.609     3.745 f  u_525_x264_r/glen[59].core_i/core/g[10].g_normal.alu_i/y0__0/DSP_MULTIPLIER_INST/V[35]
                         net (fo=1, routed)           0.000     3.745    u_525_x264_r/glen[59].core_i/core/g[10].g_normal.alu_i/y0__0/DSP_MULTIPLIER.V<35>
    DSP48E2_X12Y158      DSP_M_DATA (Prop_DSP_M_DATA_DSP48E2_V[35]_V_DATA[35])
                                                      0.046     3.791 r  u_525_x264_r/glen[59].core_i/core/g[10].g_normal.alu_i/y0__0/DSP_M_DATA_INST/V_DATA[35]
                         net (fo=1, routed)           0.000     3.791    u_525_x264_r/glen[59].core_i/core/g[10].g_normal.alu_i/y0__0/DSP_M_DATA.V_DATA<35>
    DSP48E2_X12Y158      DSP_ALU (Prop_DSP_ALU_DSP48E2_V_DATA[35]_ALU_OUT[47])
                                                      0.571     4.362 f  u_525_x264_r/glen[59].core_i/core/g[10].g_normal.alu_i/y0__0/DSP_ALU_INST/ALU_OUT[47]
                         net (fo=1, routed)           0.000     4.362    u_525_x264_r/glen[59].core_i/core/g[10].g_normal.alu_i/y0__0/DSP_ALU.ALU_OUT<47>
    DSP48E2_X12Y158      DSP_OUTPUT (Prop_DSP_OUTPUT_DSP48E2_ALU_OUT[47]_PCOUT[47])
                                                      0.122     4.484 r  u_525_x264_r/glen[59].core_i/core/g[10].g_normal.alu_i/y0__0/DSP_OUTPUT_INST/PCOUT[47]
                         net (fo=1, routed)           0.014     4.498    u_525_x264_r/glen[59].core_i/core/g[10].g_normal.alu_i/g_imul.mul_fabric.y_reg/PCIN[47]
    DSP48E2_X12Y159      DSP_ALU (Prop_DSP_ALU_DSP48E2_PCIN[47]_ALU_OUT[0])
                                                      0.546     5.044 r  u_525_x264_r/glen[59].core_i/core/g[10].g_normal.alu_i/g_imul.mul_fabric.y_reg/DSP_ALU_INST/ALU_OUT[0]
                         net (fo=1, routed)           0.000     5.044    u_525_x264_r/glen[59].core_i/core/g[10].g_normal.alu_i/g_imul.mul_fabric.y_reg/DSP_ALU.ALU_OUT<0>
    DSP48E2_X12Y159      DSP_OUTPUT                                   r  u_525_x264_r/glen[59].core_i/core/g[10].g_normal.alu_i/g_imul.mul_fabric.y_reg/DSP_OUTPUT_INST/ALU_OUT[0]
  -------------------------------------------------------------------    -------------------

                         (clock host_clk rise edge)
                                                      3.333     3.333 r  
    BA18                                              0.000     3.333 r  clk (IN)
                         net (fo=0)                   0.000     3.333    clk_IBUF_inst/I
    BA18                 INBUF (Prop_INBUF_HPIOB_M_PAD_O)
                                                      0.377     3.710 r  clk_IBUF_inst/INBUF_INST/O
                         net (fo=1, routed)           0.000     3.710    clk_IBUF_inst/OUT
    BA18                 IBUFCTRL (Prop_IBUFCTRL_HPIOB_M_I_O)
                                                      0.000     3.710 r  clk_IBUF_inst/IBUFCTRL_INST/O
                         net (fo=1, routed)           0.309     4.019    clk_IBUF
    BUFGCE_X1Y170        BUFGCE (Prop_BUFCE_BUFGCE_I_O)
                                                      0.024     4.043 r  clk_IBUF_BUFG_inst/O
    X4Y7 (CLOCK_ROOT)    net (fo=19912, routed)       1.169     5.212    u_525_x264_r/glen[59].core_i/core/g[10].g_normal.alu_i/g_imul.mul_fabric.y_reg/CLK
    DSP48E2_X12Y159      DSP_OUTPUT                                   r  u_525_x264_r/glen[59].core_i/core/g[10].g_normal.alu_i/g_imul.mul_fabric.y_reg/DSP_OUTPUT_INST/CLK
                         clock pessimism              0.370     5.582    
                         clock uncertainty           -0.035     5.547    
    DSP48E2_X12Y159      DSP_OUTPUT (Setup_DSP_OUTPUT_DSP48E2_CLK_ALU_OUT[0])
                                                      0.015     5.562    u_525_x264_r/glen[59].core_i/core/g[10].g_normal.alu_i/g_imul.mul_fabric.y_reg/DSP_OUTPUT_INST
  -------------------------------------------------------------------
                         required time                          5.562    
                         arrival time                          -5.044    
  -------------------------------------------------------------------
                         slack                                  0.518    





Min Delay Paths
--------------------------------------------------------------------------------------
Slack (MET) :             0.010ns  (arrival time - required time)
  Source:                 u_525_x264_r/glen[14].core_i/core/g[1].g_normal.alu_i/g_movd.ok32.y_reg[22]/C
                            (rising edge-triggered cell FDRE clocked by host_clk  {rise@0.000ns fall@1.666ns period=3.333ns})
  Destination:            u_525_x264_r/glen[14].core_i/g_out_ff.dst_o_reg[22]/D
                            (rising edge-triggered cell FDRE clocked by host_clk  {rise@0.000ns fall@1.666ns period=3.333ns})
  Path Group:             host_clk
  Path Type:              Hold (Min at Slow Process Corner)
  Requirement:            0.000ns  (host_clk rise@0.000ns - host_clk rise@0.000ns)
  Data Path Delay:        0.181ns  (logic 0.059ns (32.597%)  route 0.122ns (67.403%))
  Logic Levels:           0  
  Clock Path Skew:        0.109ns (DCD - SCD - CPR)
    Destination Clock Delay (DCD):    2.334ns
    Source Clock Delay      (SCD):    1.855ns
    Clock Pessimism Removal (CPR):    0.370ns
  Clock Net Delay (Source):      1.145ns (routing 0.155ns, distribution 0.990ns)
  Clock Net Delay (Destination): 1.330ns (routing 0.171ns, distribution 1.159ns)

    Location             Delay type                Incr(ns)  Path(ns)    Netlist Resource(s)
  -------------------------------------------------------------------    -------------------
                         (clock host_clk rise edge)
                                                      0.000     0.000 r  
    BA18                                              0.000     0.000 r  clk (IN)
                         net (fo=0)                   0.000     0.000    clk_IBUF_inst/I
    BA18                 INBUF (Prop_INBUF_HPIOB_M_PAD_O)
                                                      0.377     0.377 r  clk_IBUF_inst/INBUF_INST/O
                         net (fo=1, routed)           0.000     0.377    clk_IBUF_inst/OUT
    BA18                 IBUFCTRL (Prop_IBUFCTRL_HPIOB_M_I_O)
                                                      0.000     0.377 r  clk_IBUF_inst/IBUFCTRL_INST/O
                         net (fo=1, routed)           0.309     0.686    clk_IBUF
    BUFGCE_X1Y170        BUFGCE (Prop_BUFCE_BUFGCE_I_O)
                                                      0.024     0.710 r  clk_IBUF_BUFG_inst/O
    X4Y7 (CLOCK_ROOT)    net (fo=19912, routed)       1.145     1.855    u_525_x264_r/glen[14].core_i/core/g[1].g_normal.alu_i/clk
    SLICE_X101Y392       FDRE                                         r  u_525_x264_r/glen[14].core_i/core/g[1].g_normal.alu_i/g_movd.ok32.y_reg[22]/C
  -------------------------------------------------------------------    -------------------
    SLICE_X101Y392       FDRE (Prop_EFF_SLICEL_C_Q)
                                                      0.059     1.914 r  u_525_x264_r/glen[14].core_i/core/g[1].g_normal.alu_i/g_movd.ok32.y_reg[22]/Q
                         net (fo=1, routed)           0.122     2.036    u_525_x264_r/glen[14].core_i/dst_int[22]
    SLICE_X98Y392        FDRE                                         r  u_525_x264_r/glen[14].core_i/g_out_ff.dst_o_reg[22]/D
  -------------------------------------------------------------------    -------------------

                         (clock host_clk rise edge)
                                                      0.000     0.000 r  
    BA18                                              0.000     0.000 r  clk (IN)
                         net (fo=0)                   0.000     0.000    clk_IBUF_inst/I
    BA18                 INBUF (Prop_INBUF_HPIOB_M_PAD_O)
                                                      0.628     0.628 r  clk_IBUF_inst/INBUF_INST/O
                         net (fo=1, routed)           0.000     0.628    clk_IBUF_inst/OUT
    BA18                 IBUFCTRL (Prop_IBUFCTRL_HPIOB_M_I_O)
                                                      0.000     0.628 r  clk_IBUF_inst/IBUFCTRL_INST/O
                         net (fo=1, routed)           0.348     0.976    clk_IBUF
    BUFGCE_X1Y170        BUFGCE (Prop_BUFCE_BUFGCE_I_O)
                                                      0.028     1.004 r  clk_IBUF_BUFG_inst/O
    X4Y7 (CLOCK_ROOT)    net (fo=19912, routed)       1.330     2.334    u_525_x264_r/glen[14].core_i/clk
    SLICE_X98Y392        FDRE                                         r  u_525_x264_r/glen[14].core_i/g_out_ff.dst_o_reg[22]/C
                         clock pessimism             -0.370     1.964    
    SLICE_X98Y392        FDRE (Hold_FFF2_SLICEL_C_D)
                                                      0.062     2.026    u_525_x264_r/glen[14].core_i/g_out_ff.dst_o_reg[22]
  -------------------------------------------------------------------
                         required time                         -2.026    
                         arrival time                           2.036    
  -------------------------------------------------------------------
                         slack                                  0.010    





Pulse Width Checks
--------------------------------------------------------------------------------------
Clock Name:         host_clk
Waveform(ns):       { 0.000 1.666 }
Period(ns):         3.333
Sources:            { clk }

Check Type        Corner  Lib Pin   Reference Pin  Required(ns)  Actual(ns)  Slack(ns)  Location       Pin
Min Period        n/a     BUFGCE/I  n/a            1.290         3.333       2.043      BUFGCE_X1Y170  clk_IBUF_BUFG_inst/I
Low Pulse Width   Slow    FDRE/C    n/a            0.275         1.666       1.391      SLICE_X98Y385  u_525_x264_r/glen[23].core_i/core/g[0].g_normal.alu_i/g_soft_only.y_reg[8]/C
High Pulse Width  Slow    FDRE/C    n/a            0.275         1.666       1.391      SLICE_X98Y384  u_525_x264_r/glen[23].core_i/core/g[0].g_normal.alu_i/g_soft_only.y_reg[3]/C



