Copyright 1986-2020 Xilinx, Inc. All Rights Reserved.
-----------------------------------------------------------------------------------------------------------------------------------------------
| Tool Version      : Vivado v.2020.1 (lin64) Build 2902540 Wed May 27 19:54:35 MDT 2020
| Date              : Mon Sep 22 03:37:34 2025
| Host              : orthanc running 64-bit Ubuntu 22.04.4 LTS
| Command           : report_timing_summary -file /home/jyoo/custom_v_2/custom-core-tool/reports/alubase/single/557_xz_r/post_route_timing.rpt
| Design            : top_bench__557_xz_r
| Device            : xcu200-fsgd2104
| Speed File        : -2  PRODUCTION 1.27 02-28-2020
| Temperature Grade : E
-----------------------------------------------------------------------------------------------------------------------------------------------

Timing Summary Report

------------------------------------------------------------------------------------------------
| Timer Settings
| --------------
------------------------------------------------------------------------------------------------

  Enable Multi Corner Analysis               :  Yes
  Enable Pessimism Removal                   :  Yes
  Pessimism Removal Resolution               :  Nearest Common Node
  Enable Input Delay Default Clock           :  No
  Enable Preset / Clear Arcs                 :  No
  Disable Flight Delays                      :  No
  Ignore I/O Paths                           :  No
  Timing Early Launch at Borrowing Latches   :  No
  Borrow Time for Max Delay Exceptions       :  Yes
  Merge Timing Exceptions                    :  Yes

  Corner  Analyze    Analyze    
  Name    Max Paths  Min Paths  
  ------  ---------  ---------  
  Slow    Yes        Yes        
  Fast    Yes        Yes        



check_timing report

Table of Contents
-----------------
1. checking no_clock (0)
2. checking constant_clock (0)
3. checking pulse_width_clock (0)
4. checking unconstrained_internal_endpoints (0)
5. checking no_input_delay (64)
6. checking no_output_delay (64)
7. checking multiple_clock (0)
8. checking generated_clocks (0)
9. checking loops (0)
10. checking partial_input_delay (0)
11. checking partial_output_delay (0)
12. checking latch_loops (0)

1. checking no_clock (0)
------------------------
 There are 0 register/latch pins with no clock.


2. checking constant_clock (0)
------------------------------
 There are 0 register/latch pins with constant_clock.


3. checking pulse_width_clock (0)
---------------------------------
 There are 0 register/latch pins which need pulse_width check


4. checking unconstrained_internal_endpoints (0)
------------------------------------------------
 There are 0 pins that are not constrained for maximum delay.

 There are 0 pins that are not constrained for maximum delay due to constant clock.


5. checking no_input_delay (64)
-------------------------------
 There are 64 input ports with no input delay specified. (HIGH)

 There are 0 input ports with no input delay but user has a false path constraint.


6. checking no_output_delay (64)
--------------------------------
 There are 64 ports with no output delay specified. (HIGH)

 There are 0 ports with no output delay but user has a false path constraint

 There are 0 ports with no output delay but with a timing clock defined on it or propagating through it


7. checking multiple_clock (0)
------------------------------
 There are 0 register/latch pins with multiple clocks.


8. checking generated_clocks (0)
--------------------------------
 There are 0 generated clocks that are not connected to a clock source.


9. checking loops (0)
---------------------
 There are 0 combinational loops in the design.


10. checking partial_input_delay (0)
------------------------------------
 There are 0 input ports with partial input delay specified.


11. checking partial_output_delay (0)
-------------------------------------
 There are 0 ports with partial output delay specified.


12. checking latch_loops (0)
----------------------------
 There are 0 combinational latch loops in the design through latch input



------------------------------------------------------------------------------------------------
| Design Timing Summary
| ---------------------
------------------------------------------------------------------------------------------------

    WNS(ns)      TNS(ns)  TNS Failing Endpoints  TNS Total Endpoints      WHS(ns)      THS(ns)  THS Failing Endpoints  THS Total Endpoints     WPWS(ns)     TPWS(ns)  TPWS Failing Endpoints  TPWS Total Endpoints  
    -------      -------  ---------------------  -------------------      -------      -------  ---------------------  -------------------     --------     --------  ----------------------  --------------------  
      1.769        0.000                      0                 4106        0.010        0.000                      0                 4106        1.391        0.000                       0                  6395  


All user specified timing constraints are met.


------------------------------------------------------------------------------------------------
| Clock Summary
| -------------
------------------------------------------------------------------------------------------------

Clock     Waveform(ns)         Period(ns)      Frequency(MHz)
-----     ------------         ----------      --------------
host_clk  {0.000 1.666}        3.333           300.030         


------------------------------------------------------------------------------------------------
| Intra Clock Table
| -----------------
------------------------------------------------------------------------------------------------

Clock             WNS(ns)      TNS(ns)  TNS Failing Endpoints  TNS Total Endpoints      WHS(ns)      THS(ns)  THS Failing Endpoints  THS Total Endpoints     WPWS(ns)     TPWS(ns)  TPWS Failing Endpoints  TPWS Total Endpoints  
-----             -------      -------  ---------------------  -------------------      -------      -------  ---------------------  -------------------     --------     --------  ----------------------  --------------------  
host_clk            1.769        0.000                      0                 4106        0.010        0.000                      0                 4106        1.391        0.000                       0                  6395  


------------------------------------------------------------------------------------------------
| Inter Clock Table
| -----------------
------------------------------------------------------------------------------------------------

From Clock    To Clock          WNS(ns)      TNS(ns)  TNS Failing Endpoints  TNS Total Endpoints      WHS(ns)      THS(ns)  THS Failing Endpoints  THS Total Endpoints  
----------    --------          -------      -------  ---------------------  -------------------      -------      -------  ---------------------  -------------------  


------------------------------------------------------------------------------------------------
| Other Path Groups Table
| -----------------------
------------------------------------------------------------------------------------------------

Path Group    From Clock    To Clock          WNS(ns)      TNS(ns)  TNS Failing Endpoints  TNS Total Endpoints      WHS(ns)      THS(ns)  THS Failing Endpoints  THS Total Endpoints  
----------    ----------    --------          -------      -------  ---------------------  -------------------      -------      -------  ---------------------  -------------------  


------------------------------------------------------------------------------------------------
| Timing Details
| --------------
------------------------------------------------------------------------------------------------


---------------------------------------------------------------------------------------------------
From Clock:  host_clk
  To Clock:  host_clk

Setup :            0  Failing Endpoints,  Worst Slack        1.769ns,  Total Violation        0.000ns
Hold  :            0  Failing Endpoints,  Worst Slack        0.010ns,  Total Violation        0.000ns
PW    :            0  Failing Endpoints,  Worst Slack        1.391ns,  Total Violation        0.000ns
---------------------------------------------------------------------------------------------------


Max Delay Paths
--------------------------------------------------------------------------------------
Slack (MET) :             1.769ns  (required time - arrival time)
  Source:                 u_557_xz_r/glen[11].core_i/c_q_reg[1]/C
                            (rising edge-triggered cell FDRE clocked by host_clk  {rise@0.000ns fall@1.666ns period=3.333ns})
  Destination:            u_557_xz_r/glen[11].core_i/core/g[0].g_normal.alu_i/g_soft_only.y_reg[53]/D
                            (rising edge-triggered cell FDRE clocked by host_clk  {rise@0.000ns fall@1.666ns period=3.333ns})
  Path Group:             host_clk
  Path Type:              Setup (Max at Slow Process Corner)
  Requirement:            3.333ns  (host_clk rise@3.333ns - host_clk rise@0.000ns)
  Data Path Delay:        1.419ns  (logic 0.554ns (39.042%)  route 0.865ns (60.958%))
  Logic Levels:           8  (CARRY8=7 LUT2=1)
  Clock Path Skew:        -0.135ns (DCD - SCD + CPR)
    Destination Clock Delay (DCD):    2.165ns = ( 5.498 - 3.333 ) 
    Source Clock Delay      (SCD):    2.716ns
    Clock Pessimism Removal (CPR):    0.416ns
  Clock Uncertainty:      0.035ns  ((TSJ^2 + TIJ^2)^1/2 + DJ) / 2 + PE
    Total System Jitter     (TSJ):    0.071ns
    Total Input Jitter      (TIJ):    0.000ns
    Discrete Jitter          (DJ):    0.000ns
    Phase Error              (PE):    0.000ns
  Clock Net Delay (Source):      1.826ns (routing 0.985ns, distribution 0.841ns)
  Clock Net Delay (Destination): 1.568ns (routing 0.896ns, distribution 0.672ns)

    Location             Delay type                Incr(ns)  Path(ns)    Netlist Resource(s)
  -------------------------------------------------------------------    -------------------
                         (clock host_clk rise edge)
                                                      0.000     0.000 r  
    H17                                               0.000     0.000 r  clk (IN)
                         net (fo=0)                   0.000     0.000    clk_IBUF_inst/I
    H17                  INBUF (Prop_INBUF_HPIOB_M_PAD_O)
                                                      0.514     0.514 r  clk_IBUF_inst/INBUF_INST/O
                         net (fo=1, routed)           0.000     0.514    clk_IBUF_inst/OUT
    H17                  IBUFCTRL (Prop_IBUFCTRL_HPIOB_M_I_O)
                                                      0.000     0.514 r  clk_IBUF_inst/IBUFCTRL_INST/O
                         net (fo=1, routed)           0.348     0.862    clk_IBUF
    BUFGCE_X1Y290        BUFGCE (Prop_BUFCE_BUFGCE_I_O)
                                                      0.028     0.890 r  clk_IBUF_BUFG_inst/O
    X5Y14 (CLOCK_ROOT)   net (fo=6394, routed)        1.826     2.716    u_557_xz_r/glen[11].core_i/clk
    SLICE_X157Y867       FDRE                                         r  u_557_xz_r/glen[11].core_i/c_q_reg[1]/C
  -------------------------------------------------------------------    -------------------
    SLICE_X157Y867       FDRE (Prop_EFF_SLICEL_C_Q)
                                                      0.079     2.795 r  u_557_xz_r/glen[11].core_i/c_q_reg[1]/Q
                         net (fo=1, routed)           0.649     3.444    u_557_xz_r/glen[11].core_i/core/g[0].g_normal.alu_i/b[1]
    SLICE_X151Y867       LUT2 (Prop_B6LUT_SLICEL_I1_O)
                                                      0.098     3.542 r  u_557_xz_r/glen[11].core_i/core/g[0].g_normal.alu_i/g_soft_only.y[7]_i_8/O
                         net (fo=1, routed)           0.009     3.551    u_557_xz_r/glen[11].core_i/core/g[0].g_normal.alu_i/g_soft_only.y[7]_i_8_n_0
    SLICE_X151Y867       CARRY8 (Prop_CARRY8_SLICEL_S[1]_CO[7])
                                                      0.186     3.737 r  u_557_xz_r/glen[11].core_i/core/g[0].g_normal.alu_i/g_soft_only.y_reg[7]_i_1/CO[7]
                         net (fo=1, routed)           0.026     3.763    u_557_xz_r/glen[11].core_i/core/g[0].g_normal.alu_i/g_soft_only.y_reg[7]_i_1_n_0
    SLICE_X151Y868       CARRY8 (Prop_CARRY8_SLICEL_CI_CO[7])
                                                      0.015     3.778 r  u_557_xz_r/glen[11].core_i/core/g[0].g_normal.alu_i/g_soft_only.y_reg[15]_i_1/CO[7]
                         net (fo=1, routed)           0.026     3.804    u_557_xz_r/glen[11].core_i/core/g[0].g_normal.alu_i/g_soft_only.y_reg[15]_i_1_n_0
    SLICE_X151Y869       CARRY8 (Prop_CARRY8_SLICEL_CI_CO[7])
                                                      0.015     3.819 r  u_557_xz_r/glen[11].core_i/core/g[0].g_normal.alu_i/g_soft_only.y_reg[23]_i_1/CO[7]
                         net (fo=1, routed)           0.052     3.871    u_557_xz_r/glen[11].core_i/core/g[0].g_normal.alu_i/g_soft_only.y_reg[23]_i_1_n_0
    SLICE_X151Y870       CARRY8 (Prop_CARRY8_SLICEL_CI_CO[7])
                                                      0.015     3.886 r  u_557_xz_r/glen[11].core_i/core/g[0].g_normal.alu_i/g_soft_only.y_reg[31]_i_1/CO[7]
                         net (fo=1, routed)           0.026     3.912    u_557_xz_r/glen[11].core_i/core/g[0].g_normal.alu_i/g_soft_only.y_reg[31]_i_1_n_0
    SLICE_X151Y871       CARRY8 (Prop_CARRY8_SLICEL_CI_CO[7])
                                                      0.015     3.927 r  u_557_xz_r/glen[11].core_i/core/g[0].g_normal.alu_i/g_soft_only.y_reg[39]_i_1/CO[7]
                         net (fo=1, routed)           0.026     3.953    u_557_xz_r/glen[11].core_i/core/g[0].g_normal.alu_i/g_soft_only.y_reg[39]_i_1_n_0
    SLICE_X151Y872       CARRY8 (Prop_CARRY8_SLICEL_CI_CO[7])
                                                      0.015     3.968 r  u_557_xz_r/glen[11].core_i/core/g[0].g_normal.alu_i/g_soft_only.y_reg[47]_i_1/CO[7]
                         net (fo=1, routed)           0.026     3.994    u_557_xz_r/glen[11].core_i/core/g[0].g_normal.alu_i/g_soft_only.y_reg[47]_i_1_n_0
    SLICE_X151Y873       CARRY8 (Prop_CARRY8_SLICEL_CI_O[5])
                                                      0.116     4.110 r  u_557_xz_r/glen[11].core_i/core/g[0].g_normal.alu_i/g_soft_only.y_reg[55]_i_1/O[5]
                         net (fo=1, routed)           0.025     4.135    u_557_xz_r/glen[11].core_i/core/g[0].g_normal.alu_i/g_soft_only.y_comb[53]
    SLICE_X151Y873       FDRE                                         r  u_557_xz_r/glen[11].core_i/core/g[0].g_normal.alu_i/g_soft_only.y_reg[53]/D
  -------------------------------------------------------------------    -------------------

                         (clock host_clk rise edge)
                                                      3.333     3.333 r  
    H17                                               0.000     3.333 r  clk (IN)
                         net (fo=0)                   0.000     3.333    clk_IBUF_inst/I
    H17                  INBUF (Prop_INBUF_HPIOB_M_PAD_O)
                                                      0.264     3.597 r  clk_IBUF_inst/INBUF_INST/O
                         net (fo=1, routed)           0.000     3.597    clk_IBUF_inst/OUT
    H17                  IBUFCTRL (Prop_IBUFCTRL_HPIOB_M_I_O)
                                                      0.000     3.597 r  clk_IBUF_inst/IBUFCTRL_INST/O
                         net (fo=1, routed)           0.309     3.906    clk_IBUF
    BUFGCE_X1Y290        BUFGCE (Prop_BUFCE_BUFGCE_I_O)
                                                      0.024     3.930 r  clk_IBUF_BUFG_inst/O
    X5Y14 (CLOCK_ROOT)   net (fo=6394, routed)        1.568     5.498    u_557_xz_r/glen[11].core_i/core/g[0].g_normal.alu_i/clk
    SLICE_X151Y873       FDRE                                         r  u_557_xz_r/glen[11].core_i/core/g[0].g_normal.alu_i/g_soft_only.y_reg[53]/C
                         clock pessimism              0.416     5.914    
                         clock uncertainty           -0.035     5.879    
    SLICE_X151Y873       FDRE (Setup_FFF_SLICEL_C_D)
                                                      0.025     5.904    u_557_xz_r/glen[11].core_i/core/g[0].g_normal.alu_i/g_soft_only.y_reg[53]
  -------------------------------------------------------------------
                         required time                          5.904    
                         arrival time                          -4.135    
  -------------------------------------------------------------------
                         slack                                  1.769    





Min Delay Paths
--------------------------------------------------------------------------------------
Slack (MET) :             0.010ns  (arrival time - required time)
  Source:                 u_557_xz_r/glen[22].core_i/core/g[1].g_normal.alu_i/g_iadd.y_reg[15]/C
                            (rising edge-triggered cell FDRE clocked by host_clk  {rise@0.000ns fall@1.666ns period=3.333ns})
  Destination:            u_557_xz_r/glen[22].core_i/core/g[2].g_ff.stage_reg[3][10]/D
                            (rising edge-triggered cell FDRE clocked by host_clk  {rise@0.000ns fall@1.666ns period=3.333ns})
  Path Group:             host_clk
  Path Type:              Hold (Min at Slow Process Corner)
  Requirement:            0.000ns  (host_clk rise@0.000ns - host_clk rise@0.000ns)
  Data Path Delay:        0.166ns  (logic 0.058ns (34.940%)  route 0.108ns (65.060%))
  Logic Levels:           0  
  Clock Path Skew:        0.094ns (DCD - SCD - CPR)
    Destination Clock Delay (DCD):    2.702ns
    Source Clock Delay      (SCD):    2.192ns
    Clock Pessimism Removal (CPR):    0.416ns
  Clock Net Delay (Source):      1.595ns (routing 0.896ns, distribution 0.699ns)
  Clock Net Delay (Destination): 1.812ns (routing 0.985ns, distribution 0.827ns)

    Location             Delay type                Incr(ns)  Path(ns)    Netlist Resource(s)
  -------------------------------------------------------------------    -------------------
                         (clock host_clk rise edge)
                                                      0.000     0.000 r  
    H17                                               0.000     0.000 r  clk (IN)
                         net (fo=0)                   0.000     0.000    clk_IBUF_inst/I
    H17                  INBUF (Prop_INBUF_HPIOB_M_PAD_O)
                                                      0.264     0.264 r  clk_IBUF_inst/INBUF_INST/O
                         net (fo=1, routed)           0.000     0.264    clk_IBUF_inst/OUT
    H17                  IBUFCTRL (Prop_IBUFCTRL_HPIOB_M_I_O)
                                                      0.000     0.264 r  clk_IBUF_inst/IBUFCTRL_INST/O
                         net (fo=1, routed)           0.309     0.573    clk_IBUF
    BUFGCE_X1Y290        BUFGCE (Prop_BUFCE_BUFGCE_I_O)
                                                      0.024     0.597 r  clk_IBUF_BUFG_inst/O
    X5Y14 (CLOCK_ROOT)   net (fo=6394, routed)        1.595     2.192    u_557_xz_r/glen[22].core_i/core/g[1].g_normal.alu_i/clk
    SLICE_X146Y852       FDRE                                         r  u_557_xz_r/glen[22].core_i/core/g[1].g_normal.alu_i/g_iadd.y_reg[15]/C
  -------------------------------------------------------------------    -------------------
    SLICE_X146Y852       FDRE (Prop_HFF_SLICEM_C_Q)
                                                      0.058     2.250 r  u_557_xz_r/glen[22].core_i/core/g[1].g_normal.alu_i/g_iadd.y_reg[15]/Q
                         net (fo=1, routed)           0.108     2.358    u_557_xz_r/glen[22].core_i/core/g[1].y_eff[15]
    SLICE_X145Y851       FDRE                                         r  u_557_xz_r/glen[22].core_i/core/g[2].g_ff.stage_reg[3][10]/D
  -------------------------------------------------------------------    -------------------

                         (clock host_clk rise edge)
                                                      0.000     0.000 r  
    H17                                               0.000     0.000 r  clk (IN)
                         net (fo=0)                   0.000     0.000    clk_IBUF_inst/I
    H17                  INBUF (Prop_INBUF_HPIOB_M_PAD_O)
                                                      0.514     0.514 r  clk_IBUF_inst/INBUF_INST/O
                         net (fo=1, routed)           0.000     0.514    clk_IBUF_inst/OUT
    H17                  IBUFCTRL (Prop_IBUFCTRL_HPIOB_M_I_O)
                                                      0.000     0.514 r  clk_IBUF_inst/IBUFCTRL_INST/O
                         net (fo=1, routed)           0.348     0.862    clk_IBUF
    BUFGCE_X1Y290        BUFGCE (Prop_BUFCE_BUFGCE_I_O)
                                                      0.028     0.890 r  clk_IBUF_BUFG_inst/O
    X5Y14 (CLOCK_ROOT)   net (fo=6394, routed)        1.812     2.702    u_557_xz_r/glen[22].core_i/core/clk
    SLICE_X145Y851       FDRE                                         r  u_557_xz_r/glen[22].core_i/core/g[2].g_ff.stage_reg[3][10]/C
                         clock pessimism             -0.416     2.286    
    SLICE_X145Y851       FDRE (Hold_GFF2_SLICEL_C_D)
                                                      0.062     2.348    u_557_xz_r/glen[22].core_i/core/g[2].g_ff.stage_reg[3][10]
  -------------------------------------------------------------------
                         required time                         -2.348    
                         arrival time                           2.358    
  -------------------------------------------------------------------
                         slack                                  0.010    





Pulse Width Checks
--------------------------------------------------------------------------------------
Clock Name:         host_clk
Waveform(ns):       { 0.000 1.666 }
Period(ns):         3.333
Sources:            { clk }

Check Type        Corner  Lib Pin   Reference Pin  Required(ns)  Actual(ns)  Slack(ns)  Location        Pin
Min Period        n/a     BUFGCE/I  n/a            1.290         3.333       2.043      BUFGCE_X1Y290   clk_IBUF_BUFG_inst/I
Low Pulse Width   Slow    FDRE/C    n/a            0.275         1.666       1.391      SLICE_X155Y860  u_557_xz_r/glen[12].core_i/core/g[0].g_normal.alu_i/g_iadd.use_ip.int_addsub_i/U0/xst_addsub/i_baseblox.i_baseblox_addsub/no_pipelining.the_addsub/i_lut6.i_lut6_addsub/i_q.i_simple.qreg/i_no_async_controls.output_reg[9]/C
High Pulse Width  Slow    FDRE/C    n/a            0.275         1.666       1.391      SLICE_X155Y847  u_557_xz_r/glen[10].core_i/g_out_ff.dst_o_reg[0]/C



