Copyright 1986-2020 Xilinx, Inc. All Rights Reserved.
----------------------------------------------------------------------------------------------------------------------------------------------
| Tool Version      : Vivado v.2020.1 (lin64) Build 2902540 Wed May 27 19:54:35 MDT 2020
| Date              : Sun Sep 21 17:27:28 2025
| Host              : orthanc running 64-bit Ubuntu 22.04.4 LTS
| Command           : report_timing_summary -file /home/jyoo/custom_v_2/custom-core-tool/reports/single/500_perlbench_r/post_route_timing.rpt
| Design            : top_bench__500_perlbench_r
| Device            : xcu200-fsgd2104
| Speed File        : -2  PRODUCTION 1.27 02-28-2020
| Temperature Grade : E
----------------------------------------------------------------------------------------------------------------------------------------------

Timing Summary Report

------------------------------------------------------------------------------------------------
| Timer Settings
| --------------
------------------------------------------------------------------------------------------------

  Enable Multi Corner Analysis               :  Yes
  Enable Pessimism Removal                   :  Yes
  Pessimism Removal Resolution               :  Nearest Common Node
  Enable Input Delay Default Clock           :  No
  Enable Preset / Clear Arcs                 :  No
  Disable Flight Delays                      :  No
  Ignore I/O Paths                           :  No
  Timing Early Launch at Borrowing Latches   :  No
  Borrow Time for Max Delay Exceptions       :  Yes
  Merge Timing Exceptions                    :  Yes

  Corner  Analyze    Analyze    
  Name    Max Paths  Min Paths  
  ------  ---------  ---------  
  Slow    Yes        Yes        
  Fast    Yes        Yes        



check_timing report

Table of Contents
-----------------
1. checking no_clock (0)
2. checking constant_clock (0)
3. checking pulse_width_clock (0)
4. checking unconstrained_internal_endpoints (0)
5. checking no_input_delay (32)
6. checking no_output_delay (64)
7. checking multiple_clock (0)
8. checking generated_clocks (0)
9. checking loops (0)
10. checking partial_input_delay (0)
11. checking partial_output_delay (0)
12. checking latch_loops (0)

1. checking no_clock (0)
------------------------
 There are 0 register/latch pins with no clock.


2. checking constant_clock (0)
------------------------------
 There are 0 register/latch pins with constant_clock.


3. checking pulse_width_clock (0)
---------------------------------
 There are 0 register/latch pins which need pulse_width check


4. checking unconstrained_internal_endpoints (0)
------------------------------------------------
 There are 0 pins that are not constrained for maximum delay.

 There are 0 pins that are not constrained for maximum delay due to constant clock.


5. checking no_input_delay (32)
-------------------------------
 There are 32 input ports with no input delay specified. (HIGH)

 There are 0 input ports with no input delay but user has a false path constraint.


6. checking no_output_delay (64)
--------------------------------
 There are 64 ports with no output delay specified. (HIGH)

 There are 0 ports with no output delay but user has a false path constraint

 There are 0 ports with no output delay but with a timing clock defined on it or propagating through it


7. checking multiple_clock (0)
------------------------------
 There are 0 register/latch pins with multiple clocks.


8. checking generated_clocks (0)
--------------------------------
 There are 0 generated clocks that are not connected to a clock source.


9. checking loops (0)
---------------------
 There are 0 combinational loops in the design.


10. checking partial_input_delay (0)
------------------------------------
 There are 0 input ports with partial input delay specified.


11. checking partial_output_delay (0)
-------------------------------------
 There are 0 ports with partial output delay specified.


12. checking latch_loops (0)
----------------------------
 There are 0 combinational latch loops in the design through latch input



------------------------------------------------------------------------------------------------
| Design Timing Summary
| ---------------------
------------------------------------------------------------------------------------------------

    WNS(ns)      TNS(ns)  TNS Failing Endpoints  TNS Total Endpoints      WHS(ns)      THS(ns)  THS Failing Endpoints  THS Total Endpoints     WPWS(ns)     TPWS(ns)  TPWS Failing Endpoints  TPWS Total Endpoints  
    -------      -------  ---------------------  -------------------      -------      -------  ---------------------  -------------------     --------     --------  ----------------------  --------------------  
      2.257        0.000                      0                  948        0.003        0.000                      0                  948        1.391        0.000                       0                  1171  


All user specified timing constraints are met.


------------------------------------------------------------------------------------------------
| Clock Summary
| -------------
------------------------------------------------------------------------------------------------

Clock     Waveform(ns)         Period(ns)      Frequency(MHz)
-----     ------------         ----------      --------------
host_clk  {0.000 1.666}        3.333           300.030         


------------------------------------------------------------------------------------------------
| Intra Clock Table
| -----------------
------------------------------------------------------------------------------------------------

Clock             WNS(ns)      TNS(ns)  TNS Failing Endpoints  TNS Total Endpoints      WHS(ns)      THS(ns)  THS Failing Endpoints  THS Total Endpoints     WPWS(ns)     TPWS(ns)  TPWS Failing Endpoints  TPWS Total Endpoints  
-----             -------      -------  ---------------------  -------------------      -------      -------  ---------------------  -------------------     --------     --------  ----------------------  --------------------  
host_clk            2.257        0.000                      0                  948        0.003        0.000                      0                  948        1.391        0.000                       0                  1171  


------------------------------------------------------------------------------------------------
| Inter Clock Table
| -----------------
------------------------------------------------------------------------------------------------

From Clock    To Clock          WNS(ns)      TNS(ns)  TNS Failing Endpoints  TNS Total Endpoints      WHS(ns)      THS(ns)  THS Failing Endpoints  THS Total Endpoints  
----------    --------          -------      -------  ---------------------  -------------------      -------      -------  ---------------------  -------------------  


------------------------------------------------------------------------------------------------
| Other Path Groups Table
| -----------------------
------------------------------------------------------------------------------------------------

Path Group    From Clock    To Clock          WNS(ns)      TNS(ns)  TNS Failing Endpoints  TNS Total Endpoints      WHS(ns)      THS(ns)  THS Failing Endpoints  THS Total Endpoints  
----------    ----------    --------          -------      -------  ---------------------  -------------------      -------      -------  ---------------------  -------------------  


------------------------------------------------------------------------------------------------
| Timing Details
| --------------
------------------------------------------------------------------------------------------------


---------------------------------------------------------------------------------------------------
From Clock:  host_clk
  To Clock:  host_clk

Setup :            0  Failing Endpoints,  Worst Slack        2.257ns,  Total Violation        0.000ns
Hold  :            0  Failing Endpoints,  Worst Slack        0.003ns,  Total Violation        0.000ns
PW    :            0  Failing Endpoints,  Worst Slack        1.391ns,  Total Violation        0.000ns
---------------------------------------------------------------------------------------------------


Max Delay Paths
--------------------------------------------------------------------------------------
Slack (MET) :             2.257ns  (required time - arrival time)
  Source:                 u_500_perlbench_r/glen[3].core_i/core/g[2].g_normal.alu_i/g_soft_only.y_reg[13]/C
                            (rising edge-triggered cell FDRE clocked by host_clk  {rise@0.000ns fall@1.666ns period=3.333ns})
  Destination:            u_500_perlbench_r/glen[3].core_i/core/g[3].g_normal.alu_i/g_iadd.use_ip.int_addsub_i/U0/xst_addsub/i_baseblox.i_baseblox_addsub/no_pipelining.the_addsub/i_lut6.i_lut6_addsub/i_q.i_simple.qreg/i_no_async_controls.output_reg[64]/D
                            (rising edge-triggered cell FDRE clocked by host_clk  {rise@0.000ns fall@1.666ns period=3.333ns})
  Path Group:             host_clk
  Path Type:              Setup (Max at Slow Process Corner)
  Requirement:            3.333ns  (host_clk rise@3.333ns - host_clk rise@0.000ns)
  Data Path Delay:        0.960ns  (logic 0.357ns (37.187%)  route 0.603ns (62.812%))
  Logic Levels:           7  (CARRY8=7)
  Clock Path Skew:        -0.106ns (DCD - SCD + CPR)
    Destination Clock Delay (DCD):    1.955ns = ( 5.288 - 3.333 ) 
    Source Clock Delay      (SCD):    2.454ns
    Clock Pessimism Removal (CPR):    0.394ns
  Clock Uncertainty:      0.035ns  ((TSJ^2 + TIJ^2)^1/2 + DJ) / 2 + PE
    Total System Jitter     (TSJ):    0.071ns
    Total Input Jitter      (TIJ):    0.000ns
    Discrete Jitter          (DJ):    0.000ns
    Phase Error              (PE):    0.000ns
  Clock Net Delay (Source):      1.611ns (routing 0.771ns, distribution 0.840ns)
  Clock Net Delay (Destination): 1.401ns (routing 0.701ns, distribution 0.700ns)

    Location             Delay type                Incr(ns)  Path(ns)    Netlist Resource(s)
  -------------------------------------------------------------------    -------------------
                         (clock host_clk rise edge)
                                                      0.000     0.000 r  
    H23                                               0.000     0.000 r  clk (IN)
                         net (fo=0)                   0.000     0.000    clk_IBUF_inst/I
    H23                  INBUF (Prop_INBUF_HPIOB_M_PAD_O)
                                                      0.492     0.492 r  clk_IBUF_inst/INBUF_INST/O
                         net (fo=1, routed)           0.000     0.492    clk_IBUF_inst/OUT
    H23                  IBUFCTRL (Prop_IBUFCTRL_HPIOB_M_I_O)
                                                      0.000     0.492 r  clk_IBUF_inst/IBUFCTRL_INST/O
                         net (fo=1, routed)           0.323     0.815    clk_IBUF
    BUFGCE_X1Y314        BUFGCE (Prop_BUFCE_BUFGCE_I_O)
                                                      0.028     0.843 r  clk_IBUF_BUFG_inst/O
    X5Y14 (CLOCK_ROOT)   net (fo=1170, routed)        1.611     2.454    u_500_perlbench_r/glen[3].core_i/core/g[2].g_normal.alu_i/clk
    SLICE_X148Y843       FDRE                                         r  u_500_perlbench_r/glen[3].core_i/core/g[2].g_normal.alu_i/g_soft_only.y_reg[13]/C
  -------------------------------------------------------------------    -------------------
    SLICE_X148Y843       FDRE (Prop_BFF_SLICEM_C_Q)
                                                      0.078     2.532 r  u_500_perlbench_r/glen[3].core_i/core/g[2].g_normal.alu_i/g_soft_only.y_reg[13]/Q
                         net (fo=2, routed)           0.421     2.953    u_500_perlbench_r/glen[3].core_i/core/g[3].g_normal.alu_i/g_iadd.use_ip.int_addsub_i/U0/xst_addsub/i_baseblox.i_baseblox_addsub/no_pipelining.the_addsub/i_lut6.i_lut6_addsub/A[13]
    SLICE_X146Y844       CARRY8 (Prop_CARRY8_SLICEM_DI[5]_CO[7])
                                                      0.088     3.041 r  u_500_perlbench_r/glen[3].core_i/core/g[3].g_normal.alu_i/g_iadd.use_ip.int_addsub_i/U0/xst_addsub/i_baseblox.i_baseblox_addsub/no_pipelining.the_addsub/i_lut6.i_lut6_addsub/i_simple_model.i_gt_1.carrychaingen[8].carrymux_CARRY4_CARRY8/CO[7]
                         net (fo=1, routed)           0.026     3.067    u_500_perlbench_r/glen[3].core_i/core/g[3].g_normal.alu_i/g_iadd.use_ip.int_addsub_i/U0/xst_addsub/i_baseblox.i_baseblox_addsub/no_pipelining.the_addsub/i_lut6.i_lut6_addsub/carry_simple_15
    SLICE_X146Y845       CARRY8 (Prop_CARRY8_SLICEM_CI_CO[7])
                                                      0.015     3.082 r  u_500_perlbench_r/glen[3].core_i/core/g[3].g_normal.alu_i/g_iadd.use_ip.int_addsub_i/U0/xst_addsub/i_baseblox.i_baseblox_addsub/no_pipelining.the_addsub/i_lut6.i_lut6_addsub/i_simple_model.i_gt_1.carrychaingen[16].carrymux_CARRY4_CARRY8/CO[7]
                         net (fo=1, routed)           0.026     3.108    u_500_perlbench_r/glen[3].core_i/core/g[3].g_normal.alu_i/g_iadd.use_ip.int_addsub_i/U0/xst_addsub/i_baseblox.i_baseblox_addsub/no_pipelining.the_addsub/i_lut6.i_lut6_addsub/carry_simple_23
    SLICE_X146Y846       CARRY8 (Prop_CARRY8_SLICEM_CI_CO[7])
                                                      0.015     3.123 r  u_500_perlbench_r/glen[3].core_i/core/g[3].g_normal.alu_i/g_iadd.use_ip.int_addsub_i/U0/xst_addsub/i_baseblox.i_baseblox_addsub/no_pipelining.the_addsub/i_lut6.i_lut6_addsub/i_simple_model.i_gt_1.carrychaingen[24].carrymux_CARRY4_CARRY8/CO[7]
                         net (fo=1, routed)           0.026     3.149    u_500_perlbench_r/glen[3].core_i/core/g[3].g_normal.alu_i/g_iadd.use_ip.int_addsub_i/U0/xst_addsub/i_baseblox.i_baseblox_addsub/no_pipelining.the_addsub/i_lut6.i_lut6_addsub/carry_simple_31
    SLICE_X146Y847       CARRY8 (Prop_CARRY8_SLICEM_CI_CO[7])
                                                      0.015     3.164 r  u_500_perlbench_r/glen[3].core_i/core/g[3].g_normal.alu_i/g_iadd.use_ip.int_addsub_i/U0/xst_addsub/i_baseblox.i_baseblox_addsub/no_pipelining.the_addsub/i_lut6.i_lut6_addsub/i_simple_model.i_gt_1.carrychaingen[32].carrymux_CARRY4_CARRY8/CO[7]
                         net (fo=1, routed)           0.026     3.190    u_500_perlbench_r/glen[3].core_i/core/g[3].g_normal.alu_i/g_iadd.use_ip.int_addsub_i/U0/xst_addsub/i_baseblox.i_baseblox_addsub/no_pipelining.the_addsub/i_lut6.i_lut6_addsub/carry_simple_39
    SLICE_X146Y848       CARRY8 (Prop_CARRY8_SLICEM_CI_CO[7])
                                                      0.015     3.205 r  u_500_perlbench_r/glen[3].core_i/core/g[3].g_normal.alu_i/g_iadd.use_ip.int_addsub_i/U0/xst_addsub/i_baseblox.i_baseblox_addsub/no_pipelining.the_addsub/i_lut6.i_lut6_addsub/i_simple_model.i_gt_1.carrychaingen[40].carrymux_CARRY4_CARRY8/CO[7]
                         net (fo=1, routed)           0.026     3.231    u_500_perlbench_r/glen[3].core_i/core/g[3].g_normal.alu_i/g_iadd.use_ip.int_addsub_i/U0/xst_addsub/i_baseblox.i_baseblox_addsub/no_pipelining.the_addsub/i_lut6.i_lut6_addsub/carry_simple_47
    SLICE_X146Y849       CARRY8 (Prop_CARRY8_SLICEM_CI_CO[7])
                                                      0.015     3.246 r  u_500_perlbench_r/glen[3].core_i/core/g[3].g_normal.alu_i/g_iadd.use_ip.int_addsub_i/U0/xst_addsub/i_baseblox.i_baseblox_addsub/no_pipelining.the_addsub/i_lut6.i_lut6_addsub/i_simple_model.i_gt_1.carrychaingen[48].carrymux_CARRY4_CARRY8/CO[7]
                         net (fo=1, routed)           0.026     3.272    u_500_perlbench_r/glen[3].core_i/core/g[3].g_normal.alu_i/g_iadd.use_ip.int_addsub_i/U0/xst_addsub/i_baseblox.i_baseblox_addsub/no_pipelining.the_addsub/i_lut6.i_lut6_addsub/carry_simple_55
    SLICE_X146Y850       CARRY8 (Prop_CARRY8_SLICEM_CI_O[7])
                                                      0.116     3.388 r  u_500_perlbench_r/glen[3].core_i/core/g[3].g_normal.alu_i/g_iadd.use_ip.int_addsub_i/U0/xst_addsub/i_baseblox.i_baseblox_addsub/no_pipelining.the_addsub/i_lut6.i_lut6_addsub/i_simple_model.i_gt_1.carrychaingen[56].carrymux_CARRY4_CARRY8/O[7]
                         net (fo=1, routed)           0.026     3.414    u_500_perlbench_r/glen[3].core_i/core/g[3].g_normal.alu_i/g_iadd.use_ip.int_addsub_i/U0/xst_addsub/i_baseblox.i_baseblox_addsub/no_pipelining.the_addsub/i_lut6.i_lut6_addsub/i_q.i_simple.qreg/D[63]
    SLICE_X146Y850       FDRE                                         r  u_500_perlbench_r/glen[3].core_i/core/g[3].g_normal.alu_i/g_iadd.use_ip.int_addsub_i/U0/xst_addsub/i_baseblox.i_baseblox_addsub/no_pipelining.the_addsub/i_lut6.i_lut6_addsub/i_q.i_simple.qreg/i_no_async_controls.output_reg[64]/D
  -------------------------------------------------------------------    -------------------

                         (clock host_clk rise edge)
                                                      3.333     3.333 r  
    H23                                               0.000     3.333 r  clk (IN)
                         net (fo=0)                   0.000     3.333    clk_IBUF_inst/I
    H23                  INBUF (Prop_INBUF_HPIOB_M_PAD_O)
                                                      0.243     3.576 r  clk_IBUF_inst/INBUF_INST/O
                         net (fo=1, routed)           0.000     3.576    clk_IBUF_inst/OUT
    H23                  IBUFCTRL (Prop_IBUFCTRL_HPIOB_M_I_O)
                                                      0.000     3.576 r  clk_IBUF_inst/IBUFCTRL_INST/O
                         net (fo=1, routed)           0.287     3.863    clk_IBUF
    BUFGCE_X1Y314        BUFGCE (Prop_BUFCE_BUFGCE_I_O)
                                                      0.024     3.887 r  clk_IBUF_BUFG_inst/O
    X5Y14 (CLOCK_ROOT)   net (fo=1170, routed)        1.401     5.288    u_500_perlbench_r/glen[3].core_i/core/g[3].g_normal.alu_i/g_iadd.use_ip.int_addsub_i/U0/xst_addsub/i_baseblox.i_baseblox_addsub/no_pipelining.the_addsub/i_lut6.i_lut6_addsub/i_q.i_simple.qreg/CLK
    SLICE_X146Y850       FDRE                                         r  u_500_perlbench_r/glen[3].core_i/core/g[3].g_normal.alu_i/g_iadd.use_ip.int_addsub_i/U0/xst_addsub/i_baseblox.i_baseblox_addsub/no_pipelining.the_addsub/i_lut6.i_lut6_addsub/i_q.i_simple.qreg/i_no_async_controls.output_reg[64]/C
                         clock pessimism              0.394     5.681    
                         clock uncertainty           -0.035     5.646    
    SLICE_X146Y850       FDRE (Setup_HFF_SLICEM_C_D)
                                                      0.025     5.671    u_500_perlbench_r/glen[3].core_i/core/g[3].g_normal.alu_i/g_iadd.use_ip.int_addsub_i/U0/xst_addsub/i_baseblox.i_baseblox_addsub/no_pipelining.the_addsub/i_lut6.i_lut6_addsub/i_q.i_simple.qreg/i_no_async_controls.output_reg[64]
  -------------------------------------------------------------------
                         required time                          5.671    
                         arrival time                          -3.414    
  -------------------------------------------------------------------
                         slack                                  2.257    





Min Delay Paths
--------------------------------------------------------------------------------------
Slack (MET) :             0.003ns  (arrival time - required time)
  Source:                 u_500_perlbench_r/glen[9].core_i/src_q_reg[3]/C
                            (rising edge-triggered cell FDRE clocked by host_clk  {rise@0.000ns fall@1.666ns period=3.333ns})
  Destination:            u_500_perlbench_r/glen[9].core_i/core/g[0].g_normal.alu_i/g_soft_only.y_reg[3]/D
                            (rising edge-triggered cell FDRE clocked by host_clk  {rise@0.000ns fall@1.666ns period=3.333ns})
  Path Group:             host_clk
  Path Type:              Hold (Min at Slow Process Corner)
  Requirement:            0.000ns  (host_clk rise@0.000ns - host_clk rise@0.000ns)
  Data Path Delay:        0.122ns  (logic 0.059ns (48.361%)  route 0.063ns (51.639%))
  Logic Levels:           0  
  Clock Path Skew:        0.057ns (DCD - SCD - CPR)
    Destination Clock Delay (DCD):    2.431ns
    Source Clock Delay      (SCD):    1.929ns
    Clock Pessimism Removal (CPR):    0.445ns
  Clock Net Delay (Source):      1.375ns (routing 0.701ns, distribution 0.674ns)
  Clock Net Delay (Destination): 1.588ns (routing 0.771ns, distribution 0.817ns)

    Location             Delay type                Incr(ns)  Path(ns)    Netlist Resource(s)
  -------------------------------------------------------------------    -------------------
                         (clock host_clk rise edge)
                                                      0.000     0.000 r  
    H23                                               0.000     0.000 r  clk (IN)
                         net (fo=0)                   0.000     0.000    clk_IBUF_inst/I
    H23                  INBUF (Prop_INBUF_HPIOB_M_PAD_O)
                                                      0.243     0.243 r  clk_IBUF_inst/INBUF_INST/O
                         net (fo=1, routed)           0.000     0.243    clk_IBUF_inst/OUT
    H23                  IBUFCTRL (Prop_IBUFCTRL_HPIOB_M_I_O)
                                                      0.000     0.243 r  clk_IBUF_inst/IBUFCTRL_INST/O
                         net (fo=1, routed)           0.287     0.530    clk_IBUF
    BUFGCE_X1Y314        BUFGCE (Prop_BUFCE_BUFGCE_I_O)
                                                      0.024     0.554 r  clk_IBUF_BUFG_inst/O
    X5Y14 (CLOCK_ROOT)   net (fo=1170, routed)        1.375     1.929    u_500_perlbench_r/glen[9].core_i/clk
    SLICE_X147Y860       FDRE                                         r  u_500_perlbench_r/glen[9].core_i/src_q_reg[3]/C
  -------------------------------------------------------------------    -------------------
    SLICE_X147Y860       FDRE (Prop_GFF_SLICEL_C_Q)
                                                      0.059     1.988 r  u_500_perlbench_r/glen[9].core_i/src_q_reg[3]/Q
                         net (fo=1, routed)           0.063     2.051    u_500_perlbench_r/glen[9].core_i/core/g[0].g_normal.alu_i/a[3]
    SLICE_X147Y859       FDRE                                         r  u_500_perlbench_r/glen[9].core_i/core/g[0].g_normal.alu_i/g_soft_only.y_reg[3]/D
  -------------------------------------------------------------------    -------------------

                         (clock host_clk rise edge)
                                                      0.000     0.000 r  
    H23                                               0.000     0.000 r  clk (IN)
                         net (fo=0)                   0.000     0.000    clk_IBUF_inst/I
    H23                  INBUF (Prop_INBUF_HPIOB_M_PAD_O)
                                                      0.492     0.492 r  clk_IBUF_inst/INBUF_INST/O
                         net (fo=1, routed)           0.000     0.492    clk_IBUF_inst/OUT
    H23                  IBUFCTRL (Prop_IBUFCTRL_HPIOB_M_I_O)
                                                      0.000     0.492 r  clk_IBUF_inst/IBUFCTRL_INST/O
                         net (fo=1, routed)           0.323     0.815    clk_IBUF
    BUFGCE_X1Y314        BUFGCE (Prop_BUFCE_BUFGCE_I_O)
                                                      0.028     0.843 r  clk_IBUF_BUFG_inst/O
    X5Y14 (CLOCK_ROOT)   net (fo=1170, routed)        1.588     2.431    u_500_perlbench_r/glen[9].core_i/core/g[0].g_normal.alu_i/clk
    SLICE_X147Y859       FDRE                                         r  u_500_perlbench_r/glen[9].core_i/core/g[0].g_normal.alu_i/g_soft_only.y_reg[3]/C
                         clock pessimism             -0.445     1.986    
    SLICE_X147Y859       FDRE (Hold_DFF2_SLICEL_C_D)
                                                      0.062     2.048    u_500_perlbench_r/glen[9].core_i/core/g[0].g_normal.alu_i/g_soft_only.y_reg[3]
  -------------------------------------------------------------------
                         required time                         -2.048    
                         arrival time                           2.051    
  -------------------------------------------------------------------
                         slack                                  0.003    





Pulse Width Checks
--------------------------------------------------------------------------------------
Clock Name:         host_clk
Waveform(ns):       { 0.000 1.666 }
Period(ns):         3.333
Sources:            { clk }

Check Type        Corner  Lib Pin   Reference Pin  Required(ns)  Actual(ns)  Slack(ns)  Location        Pin
Min Period        n/a     BUFGCE/I  n/a            1.290         3.333       2.043      BUFGCE_X1Y314   clk_IBUF_BUFG_inst/I
Low Pulse Width   Slow    FDRE/C    n/a            0.275         1.666       1.391      SLICE_X147Y855  u_500_perlbench_r/glen[0].core_i/core/g[0].g_normal.alu_i/g_iadd.y_reg[25]/C
High Pulse Width  Fast    FDRE/C    n/a            0.275         1.666       1.391      SLICE_X147Y852  u_500_perlbench_r/glen[0].core_i/core/g[0].g_normal.alu_i/g_iadd.y_reg[1]/C



