Copyright 1986-2020 Xilinx, Inc. All Rights Reserved.
-------------------------------------------------------------------------------------------------------------------------------------------------------
| Tool Version      : Vivado v.2020.1 (lin64) Build 2902540 Wed May 27 19:54:35 MDT 2020
| Date              : Fri Oct  3 03:07:20 2025
| Host              : orthanc running 64-bit Ubuntu 22.04.4 LTS
| Command           : report_timing_summary -file /home/jyoo/custom_v_2/custom-core-tool/reports/memory_wo_simd/single/505_mcf_r/post_route_timing.rpt
| Design            : top_multi_len
| Device            : xcu200-fsgd2104
| Speed File        : -2  PRODUCTION 1.27 02-28-2020
| Temperature Grade : E
-------------------------------------------------------------------------------------------------------------------------------------------------------

Timing Summary Report

------------------------------------------------------------------------------------------------
| Timer Settings
| --------------
------------------------------------------------------------------------------------------------

  Enable Multi Corner Analysis               :  Yes
  Enable Pessimism Removal                   :  Yes
  Pessimism Removal Resolution               :  Nearest Common Node
  Enable Input Delay Default Clock           :  No
  Enable Preset / Clear Arcs                 :  No
  Disable Flight Delays                      :  No
  Ignore I/O Paths                           :  No
  Timing Early Launch at Borrowing Latches   :  No
  Borrow Time for Max Delay Exceptions       :  Yes
  Merge Timing Exceptions                    :  Yes

  Corner  Analyze    Analyze    
  Name    Max Paths  Min Paths  
  ------  ---------  ---------  
  Slow    Yes        Yes        
  Fast    Yes        Yes        



check_timing report

Table of Contents
-----------------
1. checking no_clock (0)
2. checking constant_clock (0)
3. checking pulse_width_clock (0)
4. checking unconstrained_internal_endpoints (0)
5. checking no_input_delay (71)
6. checking no_output_delay (0)
7. checking multiple_clock (0)
8. checking generated_clocks (0)
9. checking loops (0)
10. checking partial_input_delay (0)
11. checking partial_output_delay (0)
12. checking latch_loops (0)

1. checking no_clock (0)
------------------------
 There are 0 register/latch pins with no clock.


2. checking constant_clock (0)
------------------------------
 There are 0 register/latch pins with constant_clock.


3. checking pulse_width_clock (0)
---------------------------------
 There are 0 register/latch pins which need pulse_width check


4. checking unconstrained_internal_endpoints (0)
------------------------------------------------
 There are 0 pins that are not constrained for maximum delay.

 There are 0 pins that are not constrained for maximum delay due to constant clock.


5. checking no_input_delay (71)
-------------------------------
 There are 71 input ports with no input delay specified. (HIGH)

 There are 0 input ports with no input delay but user has a false path constraint.


6. checking no_output_delay (0)
-------------------------------
 There are 0 ports with no output delay specified.

 There are 0 ports with no output delay but user has a false path constraint

 There are 0 ports with no output delay but with a timing clock defined on it or propagating through it


7. checking multiple_clock (0)
------------------------------
 There are 0 register/latch pins with multiple clocks.


8. checking generated_clocks (0)
--------------------------------
 There are 0 generated clocks that are not connected to a clock source.


9. checking loops (0)
---------------------
 There are 0 combinational loops in the design.


10. checking partial_input_delay (0)
------------------------------------
 There are 0 input ports with partial input delay specified.


11. checking partial_output_delay (0)
-------------------------------------
 There are 0 ports with partial output delay specified.


12. checking latch_loops (0)
----------------------------
 There are 0 combinational latch loops in the design through latch input



------------------------------------------------------------------------------------------------
| Design Timing Summary
| ---------------------
------------------------------------------------------------------------------------------------

    WNS(ns)      TNS(ns)  TNS Failing Endpoints  TNS Total Endpoints      WHS(ns)      THS(ns)  THS Failing Endpoints  THS Total Endpoints     WPWS(ns)     TPWS(ns)  TPWS Failing Endpoints  TPWS Total Endpoints  
    -------      -------  ---------------------  -------------------      -------      -------  ---------------------  -------------------     --------     --------  ----------------------  --------------------  
      0.595        0.000                      0                37866        0.010        0.000                      0                37866        1.124        0.000                       0                 28654  


All user specified timing constraints are met.


------------------------------------------------------------------------------------------------
| Clock Summary
| -------------
------------------------------------------------------------------------------------------------

Clock     Waveform(ns)         Period(ns)      Frequency(MHz)
-----     ------------         ----------      --------------
host_clk  {0.000 1.666}        3.333           300.030         


------------------------------------------------------------------------------------------------
| Intra Clock Table
| -----------------
------------------------------------------------------------------------------------------------

Clock             WNS(ns)      TNS(ns)  TNS Failing Endpoints  TNS Total Endpoints      WHS(ns)      THS(ns)  THS Failing Endpoints  THS Total Endpoints     WPWS(ns)     TPWS(ns)  TPWS Failing Endpoints  TPWS Total Endpoints  
-----             -------      -------  ---------------------  -------------------      -------      -------  ---------------------  -------------------     --------     --------  ----------------------  --------------------  
host_clk            0.595        0.000                      0                37866        0.010        0.000                      0                37866        1.124        0.000                       0                 28654  


------------------------------------------------------------------------------------------------
| Inter Clock Table
| -----------------
------------------------------------------------------------------------------------------------

From Clock    To Clock          WNS(ns)      TNS(ns)  TNS Failing Endpoints  TNS Total Endpoints      WHS(ns)      THS(ns)  THS Failing Endpoints  THS Total Endpoints  
----------    --------          -------      -------  ---------------------  -------------------      -------      -------  ---------------------  -------------------  


------------------------------------------------------------------------------------------------
| Other Path Groups Table
| -----------------------
------------------------------------------------------------------------------------------------

Path Group    From Clock    To Clock          WNS(ns)      TNS(ns)  TNS Failing Endpoints  TNS Total Endpoints      WHS(ns)      THS(ns)  THS Failing Endpoints  THS Total Endpoints  
----------    ----------    --------          -------      -------  ---------------------  -------------------      -------      -------  ---------------------  -------------------  


------------------------------------------------------------------------------------------------
| Timing Details
| --------------
------------------------------------------------------------------------------------------------


---------------------------------------------------------------------------------------------------
From Clock:  host_clk
  To Clock:  host_clk

Setup :            0  Failing Endpoints,  Worst Slack        0.595ns,  Total Violation        0.000ns
Hold  :            0  Failing Endpoints,  Worst Slack        0.010ns,  Total Violation        0.000ns
PW    :            0  Failing Endpoints,  Worst Slack        1.124ns,  Total Violation        0.000ns
---------------------------------------------------------------------------------------------------


Max Delay Paths
--------------------------------------------------------------------------------------
Slack (MET) :             0.595ns  (required time - arrival time)
  Source:                 g_has_mem.u_pool/cur_q_reg[addr][0]/C
                            (rising edge-triggered cell FDCE clocked by host_clk  {rise@0.000ns fall@1.666ns period=3.333ns})
  Destination:            g_has_mem.u_pool/grant_tag_reg[1]/CE
                            (rising edge-triggered cell FDCE clocked by host_clk  {rise@0.000ns fall@1.666ns period=3.333ns})
  Path Group:             host_clk
  Path Type:              Setup (Max at Slow Process Corner)
  Requirement:            3.333ns  (host_clk rise@3.333ns - host_clk rise@0.000ns)
  Data Path Delay:        2.573ns  (logic 0.595ns (23.125%)  route 1.978ns (76.875%))
  Logic Levels:           4  (LUT3=1 LUT4=1 LUT5=1 LUT6=1)
  Clock Path Skew:        -0.068ns (DCD - SCD + CPR)
    Destination Clock Delay (DCD):    2.760ns = ( 6.093 - 3.333 ) 
    Source Clock Delay      (SCD):    3.291ns
    Clock Pessimism Removal (CPR):    0.462ns
  Clock Uncertainty:      0.035ns  ((TSJ^2 + TIJ^2)^1/2 + DJ) / 2 + PE
    Total System Jitter     (TSJ):    0.071ns
    Total Input Jitter      (TIJ):    0.000ns
    Discrete Jitter          (DJ):    0.000ns
    Phase Error              (PE):    0.000ns
  Clock Net Delay (Source):      2.376ns (routing 1.444ns, distribution 0.932ns)
  Clock Net Delay (Destination): 2.139ns (routing 1.314ns, distribution 0.825ns)

    Location             Delay type                Incr(ns)  Path(ns)    Netlist Resource(s)
  -------------------------------------------------------------------    -------------------
                         (clock host_clk rise edge)
                                                      0.000     0.000 r  
    AY32                                              0.000     0.000 r  clk (IN)
                         net (fo=0)                   0.000     0.000    clk_IBUF_inst/I
    AY32                 INBUF (Prop_INBUF_HPIOB_M_PAD_O)
                                                      0.539     0.539 r  clk_IBUF_inst/INBUF_INST/O
                         net (fo=1, routed)           0.000     0.539    clk_IBUF_inst/OUT
    AY32                 IBUFCTRL (Prop_IBUFCTRL_HPIOB_M_I_O)
                                                      0.000     0.539 r  clk_IBUF_inst/IBUFCTRL_INST/O
                         net (fo=1, routed)           0.348     0.887    clk_IBUF
    BUFGCE_X0Y50         BUFGCE (Prop_BUFCE_BUFGCE_I_O)
                                                      0.028     0.915 r  clk_IBUF_BUFG_inst/O
    X0Y0 (CLOCK_ROOT)    net (fo=28913, routed)       2.376     3.291    g_has_mem.u_pool/clk
    SLICE_X29Y86         FDCE                                         r  g_has_mem.u_pool/cur_q_reg[addr][0]/C
  -------------------------------------------------------------------    -------------------
    SLICE_X29Y86         FDCE (Prop_DFF_SLICEL_C_Q)
                                                      0.079     3.370 f  g_has_mem.u_pool/cur_q_reg[addr][0]/Q
                         net (fo=27, routed)          0.674     4.044    g_has_mem.u_pool/cur_q_reg[addr_n_0_][0]
    SLICE_X35Y92         LUT3 (Prop_C5LUT_SLICEM_I1_O)
                                                      0.159     4.203 r  g_has_mem.u_pool/pend_v[4]_i_2/O
                         net (fo=2, routed)           0.173     4.376    g_has_mem.u_pool/pend_v[4]_i_2_n_0
    SLICE_X35Y92         LUT5 (Prop_G6LUT_SLICEM_I3_O)
                                                      0.123     4.499 r  g_has_mem.u_pool/grant_vld_i_8/O
                         net (fo=1, routed)           0.154     4.653    g_has_mem.u_pool/grant_vld_i_8_n_0
    SLICE_X36Y94         LUT6 (Prop_F6LUT_SLICEM_I4_O)
                                                      0.098     4.751 f  g_has_mem.u_pool/grant_vld_i_4/O
                         net (fo=15, routed)          0.589     5.340    g_has_mem.u_pool/grant_vld_i_4_n_0
    SLICE_X29Y88         LUT4 (Prop_C5LUT_SLICEL_I3_O)
                                                      0.136     5.476 r  g_has_mem.u_pool/grant_vld_i_1/O
                         net (fo=7, routed)           0.388     5.864    g_has_mem.u_pool/grant_vld_i_1_n_0
    SLICE_X27Y82         FDCE                                         r  g_has_mem.u_pool/grant_tag_reg[1]/CE
  -------------------------------------------------------------------    -------------------

                         (clock host_clk rise edge)
                                                      3.333     3.333 r  
    AY32                                              0.000     3.333 r  clk (IN)
                         net (fo=0)                   0.000     3.333    clk_IBUF_inst/I
    AY32                 INBUF (Prop_INBUF_HPIOB_M_PAD_O)
                                                      0.288     3.621 r  clk_IBUF_inst/INBUF_INST/O
                         net (fo=1, routed)           0.000     3.621    clk_IBUF_inst/OUT
    AY32                 IBUFCTRL (Prop_IBUFCTRL_HPIOB_M_I_O)
                                                      0.000     3.621 r  clk_IBUF_inst/IBUFCTRL_INST/O
                         net (fo=1, routed)           0.309     3.930    clk_IBUF
    BUFGCE_X0Y50         BUFGCE (Prop_BUFCE_BUFGCE_I_O)
                                                      0.024     3.954 r  clk_IBUF_BUFG_inst/O
    X0Y0 (CLOCK_ROOT)    net (fo=28913, routed)       2.139     6.093    g_has_mem.u_pool/clk
    SLICE_X27Y82         FDCE                                         r  g_has_mem.u_pool/grant_tag_reg[1]/C
                         clock pessimism              0.462     6.555    
                         clock uncertainty           -0.035     6.520    
    SLICE_X27Y82         FDCE (Setup_HFF_SLICEM_C_CE)
                                                     -0.061     6.459    g_has_mem.u_pool/grant_tag_reg[1]
  -------------------------------------------------------------------
                         required time                          6.459    
                         arrival time                          -5.864    
  -------------------------------------------------------------------
                         slack                                  0.595    





Min Delay Paths
--------------------------------------------------------------------------------------
Slack (MET) :             0.010ns  (arrival time - required time)
  Source:                 g_has_mem.glen_mem[64].membox_q_reg[1]/C
                            (rising edge-triggered cell FDRE clocked by host_clk  {rise@0.000ns fall@1.666ns period=3.333ns})
  Destination:            g_has_mem.glen_mem[64].blk_i/core/g[1].g_normal.alu_i/g_mov.y_reg[1]/D
                            (rising edge-triggered cell FDRE clocked by host_clk  {rise@0.000ns fall@1.666ns period=3.333ns})
  Path Group:             host_clk
  Path Type:              Hold (Min at Slow Process Corner)
  Requirement:            0.000ns  (host_clk rise@0.000ns - host_clk rise@0.000ns)
  Data Path Delay:        0.152ns  (logic 0.058ns (38.158%)  route 0.094ns (61.842%))
  Logic Levels:           0  
  Clock Path Skew:        0.080ns (DCD - SCD - CPR)
    Destination Clock Delay (DCD):    3.294ns
    Source Clock Delay      (SCD):    2.751ns
    Clock Pessimism Removal (CPR):    0.462ns
  Clock Net Delay (Source):      2.130ns (routing 1.314ns, distribution 0.816ns)
  Clock Net Delay (Destination): 2.379ns (routing 1.444ns, distribution 0.935ns)

    Location             Delay type                Incr(ns)  Path(ns)    Netlist Resource(s)
  -------------------------------------------------------------------    -------------------
                         (clock host_clk rise edge)
                                                      0.000     0.000 r  
    AY32                                              0.000     0.000 r  clk (IN)
                         net (fo=0)                   0.000     0.000    clk_IBUF_inst/I
    AY32                 INBUF (Prop_INBUF_HPIOB_M_PAD_O)
                                                      0.288     0.288 r  clk_IBUF_inst/INBUF_INST/O
                         net (fo=1, routed)           0.000     0.288    clk_IBUF_inst/OUT
    AY32                 IBUFCTRL (Prop_IBUFCTRL_HPIOB_M_I_O)
                                                      0.000     0.288 r  clk_IBUF_inst/IBUFCTRL_INST/O
                         net (fo=1, routed)           0.309     0.597    clk_IBUF
    BUFGCE_X0Y50         BUFGCE (Prop_BUFCE_BUFGCE_I_O)
                                                      0.024     0.621 r  clk_IBUF_BUFG_inst/O
    X0Y0 (CLOCK_ROOT)    net (fo=28913, routed)       2.130     2.751    clk_IBUF_BUFG
    SLICE_X25Y88         FDRE                                         r  g_has_mem.glen_mem[64].membox_q_reg[1]/C
  -------------------------------------------------------------------    -------------------
    SLICE_X25Y88         FDRE (Prop_HFF_SLICEM_C_Q)
                                                      0.058     2.809 r  g_has_mem.glen_mem[64].membox_q_reg[1]/Q
                         net (fo=1, routed)           0.094     2.903    g_has_mem.glen_mem[64].blk_i/core/g[1].g_normal.alu_i/a[1]
    SLICE_X24Y88         FDRE                                         r  g_has_mem.glen_mem[64].blk_i/core/g[1].g_normal.alu_i/g_mov.y_reg[1]/D
  -------------------------------------------------------------------    -------------------

                         (clock host_clk rise edge)
                                                      0.000     0.000 r  
    AY32                                              0.000     0.000 r  clk (IN)
                         net (fo=0)                   0.000     0.000    clk_IBUF_inst/I
    AY32                 INBUF (Prop_INBUF_HPIOB_M_PAD_O)
                                                      0.539     0.539 r  clk_IBUF_inst/INBUF_INST/O
                         net (fo=1, routed)           0.000     0.539    clk_IBUF_inst/OUT
    AY32                 IBUFCTRL (Prop_IBUFCTRL_HPIOB_M_I_O)
                                                      0.000     0.539 r  clk_IBUF_inst/IBUFCTRL_INST/O
                         net (fo=1, routed)           0.348     0.887    clk_IBUF
    BUFGCE_X0Y50         BUFGCE (Prop_BUFCE_BUFGCE_I_O)
                                                      0.028     0.915 r  clk_IBUF_BUFG_inst/O
    X0Y0 (CLOCK_ROOT)    net (fo=28913, routed)       2.379     3.294    g_has_mem.glen_mem[64].blk_i/core/g[1].g_normal.alu_i/clk
    SLICE_X24Y88         FDRE                                         r  g_has_mem.glen_mem[64].blk_i/core/g[1].g_normal.alu_i/g_mov.y_reg[1]/C
                         clock pessimism             -0.462     2.832    
    SLICE_X24Y88         FDRE (Hold_EFF2_SLICEM_C_D)
                                                      0.062     2.894    g_has_mem.glen_mem[64].blk_i/core/g[1].g_normal.alu_i/g_mov.y_reg[1]
  -------------------------------------------------------------------
                         required time                         -2.894    
                         arrival time                           2.903    
  -------------------------------------------------------------------
                         slack                                  0.010    





Pulse Width Checks
--------------------------------------------------------------------------------------
Clock Name:         host_clk
Waveform(ns):       { 0.000 1.666 }
Period(ns):         3.333
Sources:            { clk }

Check Type        Corner  Lib Pin             Reference Pin  Required(ns)  Actual(ns)  Slack(ns)  Location      Pin
Min Period        n/a     RAMB36E2/CLKARDCLK  n/a            1.569         3.333       1.764      RAMB36_X3Y21  g_has_mem.u_pool/g_banks.gb[0].u_bank64/u_mem/xpm_memory_base_inst/gen_wr_a.gen_byte_narrow.for_mem_cols[1].mem_reg/CLKARDCLK
Low Pulse Width   Slow    RAMB36E2/CLKBWRCLK  n/a            0.542         1.666       1.124      RAMB36_X3Y21  g_has_mem.u_pool/g_banks.gb[0].u_bank64/u_mem/xpm_memory_base_inst/gen_wr_a.gen_byte_narrow.for_mem_cols[1].mem_reg/CLKBWRCLK
High Pulse Width  Fast    RAMB36E2/CLKBWRCLK  n/a            0.542         1.666       1.124      RAMB36_X3Y20  g_has_mem.u_pool/g_banks.gb[2].u_bank64/u_mem/xpm_memory_base_inst/gen_wr_a.gen_byte_narrow.for_mem_cols[1].mem_reg/CLKBWRCLK



