Copyright 1986-2020 Xilinx, Inc. All Rights Reserved.
-------------------------------------------------------------------------------------------------------------------------------------------------------------
| Tool Version : Vivado v.2020.1 (lin64) Build 2902540 Wed May 27 19:54:35 MDT 2020
| Date         : Mon Oct 27 18:10:09 2025
| Host         : orthanc running 64-bit Ubuntu 22.04.4 LTS
| Command      : report_utilization -hierarchical -file /home/jyoo/custom_v_2/custom-core-tool/reports/synth_0p5pct/benches/502_gcc_r/pre_impl_util_hier.rpt
| Design       : top_multi_len
| Device       : xcu200fsgd2104-2
| Design State : Synthesized
-------------------------------------------------------------------------------------------------------------------------------------------------------------

Utilization Design Information

Table of Contents
-----------------
1. Utilization by Hierarchy

1. Utilization by Hierarchy
---------------------------

+---------------------------------------------------------------------------------+-----------------------------------------------------+------------+------------+---------+------+------+--------+--------+------+------------+
|                                     Instance                                    |                        Module                       | Total LUTs | Logic LUTs | LUTRAMs | SRLs |  FFs | RAMB36 | RAMB18 | URAM | DSP Blocks |
+---------------------------------------------------------------------------------+-----------------------------------------------------+------------+------------+---------+------+------+--------+--------+------+------------+
| top_multi_len                                                                   |                                               (top) |       3516 |       3297 |       0 |  219 | 8221 |      8 |      0 |    0 |         19 |
|   (top_multi_len)                                                               |                                               (top) |        435 |        435 |       0 |    0 | 1107 |      0 |      0 |    0 |          0 |
|   g_has_mem.glen_mem[0].blk_i                                                   |                                      uop_block_wrap |        352 |        133 |       0 |  219 |  822 |      0 |      0 |    0 |         16 |
|     (g_has_mem.glen_mem[0].blk_i)                                               |                                      uop_block_wrap |          0 |          0 |       0 |    0 |   75 |      0 |      0 |    0 |          0 |
|     core                                                                        |                                           uop_block |        352 |        133 |       0 |  219 |  747 |      0 |      0 |    0 |         16 |
|       (core)                                                                    |                                           uop_block |          5 |          5 |       0 |    0 |    2 |      0 |      0 |    0 |          0 |
|       g[0].g_normal.alu_i                                                       |                                        microop_unit |        219 |          0 |       0 |  219 |  545 |      0 |      0 |    0 |         16 |
|         (g[0].g_normal.alu_i)                                                   |                                        microop_unit |          0 |          0 |       0 |    0 |   64 |      0 |      0 |    0 |          0 |
|         g_imul.mul64_ip.mul_i                                                   |                                         integer_mul |        219 |          0 |       0 |  219 |  481 |      0 |      0 |    0 |         16 |
|           (g_imul.mul64_ip.mul_i)                                               |                                         integer_mul |          0 |          0 |       0 |    0 |    0 |      0 |      0 |    0 |          0 |
|           U0                                                                    |                        integer_mulmult_gen_v12_0_16 |        219 |          0 |       0 |  219 |  481 |      0 |      0 |    0 |         16 |
|             (U0)                                                                |                        integer_mulmult_gen_v12_0_16 |          0 |          0 |       0 |    0 |    0 |      0 |      0 |    0 |          0 |
|             i_mult                                                              |                    integer_mulmult_gen_v12_0_16_viv |        219 |          0 |       0 |  219 |  481 |      0 |      0 |    0 |         16 |
|               (i_mult)                                                          |                    integer_mulmult_gen_v12_0_16_viv |          0 |          0 |       0 |    0 |    0 |      0 |      0 |    0 |          0 |
|               gDSP.gDSP_only.iDSP                                               |                                      integer_muldsp |        219 |          0 |       0 |  219 |  481 |      0 |      0 |    0 |         16 |
|                 (gDSP.gDSP_only.iDSP)                                           |                                      integer_muldsp |          0 |          0 |       0 |    0 |    0 |      0 |      0 |    0 |         16 |
|                 use_prim.appDSP48[0].bppDSP48[0].need_output_delay.output_delay |              integer_muldelay_line__parameterized16 |          9 |          0 |       0 |    9 |   17 |      0 |      0 |    0 |          0 |
|                 use_prim.appDSP48[0].bppDSP48[2].need_output_delay.output_delay |              integer_muldelay_line__parameterized18 |          9 |          0 |       0 |    9 |   17 |      0 |      0 |    0 |          0 |
|                 use_prim.appDSP48[1].bppDSP48[0].need_output_delay.output_delay |              integer_muldelay_line__parameterized19 |          9 |          0 |       0 |    9 |   17 |      0 |      0 |    0 |          0 |
|                 use_prim.appDSP48[1].bppDSP48[3].need_output_delay.output_delay |              integer_muldelay_line__parameterized20 |          9 |          0 |       0 |    9 |   17 |      0 |      0 |    0 |          0 |
|                 use_prim.appDSP48[3].bppDSP48[0].need_output_delay.output_delay |              integer_muldelay_line__parameterized21 |          9 |          0 |       0 |    9 |   17 |      0 |      0 |    0 |          0 |
|                 use_prim.appDSP48[3].bppDSP48[2].need_output_delay.output_delay |              integer_muldelay_line__parameterized22 |          0 |          0 |       0 |    0 |   17 |      0 |      0 |    0 |          0 |
|                 use_prim.iAdelx[0].iAdely[2].use_delay_line.Adelay              |               integer_muldelay_line__parameterized0 |          9 |          0 |       0 |    9 |   18 |      0 |      0 |    0 |          0 |
|                 use_prim.iAdelx[1].iAdely[1].use_delay_line.Adelay              |               integer_muldelay_line__parameterized1 |          9 |          0 |       0 |    9 |   18 |      0 |      0 |    0 |          0 |
|                 use_prim.iAdelx[1].iAdely[2].use_delay_line.Adelay              |               integer_muldelay_line__parameterized2 |          9 |          0 |       0 |    9 |   18 |      0 |      0 |    0 |          0 |
|                 use_prim.iAdelx[1].iAdely[3].use_delay_line.Adelay              |               integer_muldelay_line__parameterized3 |          9 |          0 |       0 |    9 |   18 |      0 |      0 |    0 |          0 |
|                 use_prim.iAdelx[2].iAdely[0].use_delay_line.Adelay              |               integer_muldelay_line__parameterized4 |          0 |          0 |       0 |    0 |   17 |      0 |      0 |    0 |          0 |
|                 use_prim.iAdelx[2].iAdely[1].use_delay_line.Adelay              |               integer_muldelay_line__parameterized5 |          9 |          0 |       0 |    9 |   18 |      0 |      0 |    0 |          0 |
|                 use_prim.iAdelx[2].iAdely[2].use_delay_line.Adelay              |               integer_muldelay_line__parameterized6 |          9 |          0 |       0 |    9 |   18 |      0 |      0 |    0 |          0 |
|                 use_prim.iAdelx[2].iAdely[3].use_delay_line.Adelay              |               integer_muldelay_line__parameterized7 |          9 |          0 |       0 |    9 |   18 |      0 |      0 |    0 |          0 |
|                 use_prim.iAdelx[3].iAdely[0].use_delay_line.Adelay              |               integer_muldelay_line__parameterized8 |          7 |          0 |       0 |    7 |   13 |      0 |      0 |    0 |          0 |
|                 use_prim.iAdelx[3].iAdely[2].use_delay_line.Adelay              |               integer_muldelay_line__parameterized9 |          7 |          0 |       0 |    7 |   13 |      0 |      0 |    0 |          0 |
|                 use_prim.iBdelx[0].iBdely[2].need_delay_line.Bdelay             |             integer_muldelay_line__parameterized0_0 |          9 |          0 |       0 |    9 |   18 |      0 |      0 |    0 |          0 |
|                 use_prim.iBdelx[0].iBdely[3].need_delay_line.Bdelay             |              integer_muldelay_line__parameterized10 |          9 |          0 |       0 |    9 |   18 |      0 |      0 |    0 |          0 |
|                 use_prim.iBdelx[1].iBdely[0].need_delay_line.Bdelay             |             integer_muldelay_line__parameterized4_1 |          0 |          0 |       0 |    0 |   17 |      0 |      0 |    0 |          0 |
|                 use_prim.iBdelx[1].iBdely[1].need_delay_line.Bdelay             |             integer_muldelay_line__parameterized1_2 |          9 |          0 |       0 |    9 |   18 |      0 |      0 |    0 |          0 |
|                 use_prim.iBdelx[1].iBdely[2].need_delay_line.Bdelay             |             integer_muldelay_line__parameterized2_3 |          9 |          0 |       0 |    9 |   18 |      0 |      0 |    0 |          0 |
|                 use_prim.iBdelx[1].iBdely[3].need_delay_line.Bdelay             |             integer_muldelay_line__parameterized3_4 |          9 |          0 |       0 |    9 |   18 |      0 |      0 |    0 |          0 |
|                 use_prim.iBdelx[2].iBdely[1].need_delay_line.Bdelay             |             integer_muldelay_line__parameterized5_5 |          9 |          0 |       0 |    9 |   18 |      0 |      0 |    0 |          0 |
|                 use_prim.iBdelx[2].iBdely[2].need_delay_line.Bdelay             |             integer_muldelay_line__parameterized6_6 |          9 |          0 |       0 |    9 |   18 |      0 |      0 |    0 |          0 |
|                 use_prim.iBdelx[3].iBdely[0].need_delay_line.Bdelay             |              integer_muldelay_line__parameterized11 |          9 |          0 |       0 |    9 |   18 |      0 |      0 |    0 |          0 |
|                 use_prim.iBdelx[3].iBdely[1].need_delay_line.Bdelay             |              integer_muldelay_line__parameterized12 |          9 |          0 |       0 |    9 |   18 |      0 |      0 |    0 |          0 |
|                 use_prim.iBdelx[3].iBdely[2].need_delay_line.Bdelay             |              integer_muldelay_line__parameterized13 |          9 |          0 |       0 |    9 |   18 |      0 |      0 |    0 |          0 |
|                 use_prim.iBdelx[3].iBdely[3].need_delay_line.Bdelay             |              integer_muldelay_line__parameterized14 |          7 |          0 |       0 |    7 |   13 |      0 |      0 |    0 |          0 |
|       g[1].g_normal.alu_i                                                       |                     microop_unit__parameterized0__1 |         64 |         64 |       0 |    0 |   64 |      0 |      0 |    0 |          0 |
|       g[2].g_normal.alu_i                                                       |             microop_unit__parameterized1__xdcDup__1 |         64 |         64 |       0 |    0 |  128 |      0 |      0 |    0 |          0 |
|         (g[2].g_normal.alu_i)                                                   |             microop_unit__parameterized1__xdcDup__1 |          0 |          0 |       0 |    0 |   64 |      0 |      0 |    0 |          0 |
|         g_iadd.use_ip.u_addsub                                                  |                                      integer_addsub |         64 |         64 |       0 |    0 |   64 |      0 |      0 |    0 |          0 |
|           (g_iadd.use_ip.u_addsub)                                              |                                      integer_addsub |          0 |          0 |       0 |    0 |    0 |      0 |      0 |    0 |          0 |
|           U0                                                                    |                     integer_addsubc_addsub_v12_0_14 |         64 |         64 |       0 |    0 |   64 |      0 |      0 |    0 |          0 |
|             (U0)                                                                |                     integer_addsubc_addsub_v12_0_14 |          0 |          0 |       0 |    0 |    0 |      0 |      0 |    0 |          0 |
|             xst_addsub                                                          |                 integer_addsubc_addsub_v12_0_14_viv |         64 |         64 |       0 |    0 |   64 |      0 |      0 |    0 |          0 |
|               (xst_addsub)                                                      |                 integer_addsubc_addsub_v12_0_14_viv |          0 |          0 |       0 |    0 |    0 |      0 |      0 |    0 |          0 |
|               i_baseblox.i_baseblox_addsub                                      |              integer_addsubc_addsub_v12_0_14_legacy |         64 |         64 |       0 |    0 |   64 |      0 |      0 |    0 |          0 |
|                 no_pipelining.the_addsub                                        |       integer_addsubc_addsub_v12_0_14_fabric_legacy |         64 |         64 |       0 |    0 |   64 |      0 |      0 |    0 |          0 |
|                   i_lut6.i_lut6_addsub                                          |         integer_addsubc_addsub_v12_0_14_lut6_legacy |         64 |         64 |       0 |    0 |   64 |      0 |      0 |    0 |          0 |
|                     (i_lut6.i_lut6_addsub)                                      |         integer_addsubc_addsub_v12_0_14_lut6_legacy |         64 |         64 |       0 |    0 |    0 |      0 |      0 |    0 |          0 |
|                     i_q.i_simple.qreg                                           |                  integer_addsubc_reg_fd_v12_0_6_viv |          0 |          0 |       0 |    0 |   64 |      0 |      0 |    0 |          0 |
|       g[3].g_normal.alu_i                                                       |                     microop_unit__parameterized2__1 |          0 |          0 |       0 |    0 |    8 |      0 |      0 |    0 |          0 |
|   g_has_mem.glen_mem[10].blk_i                                                  |                      uop_block_wrap__parameterized8 |         32 |         32 |       0 |    0 |  101 |      0 |      0 |    0 |          0 |
|     (g_has_mem.glen_mem[10].blk_i)                                              |                      uop_block_wrap__parameterized8 |          0 |          0 |       0 |    0 |   37 |      0 |      0 |    0 |          0 |
|     core                                                                        |                           uop_block__parameterized8 |         32 |         32 |       0 |    0 |   64 |      0 |      0 |    0 |          0 |
|       (core)                                                                    |                           uop_block__parameterized8 |          0 |          0 |       0 |    0 |    0 |      0 |      0 |    0 |          0 |
|       g[0].g_normal.alu_i                                                       |                     microop_unit__parameterized3__7 |          0 |          0 |       0 |    0 |   32 |      0 |      0 |    0 |          0 |
|       g[2].g_normal.alu_i                                                       |                     microop_unit__parameterized7__4 |         32 |         32 |       0 |    0 |   32 |      0 |      0 |    0 |          0 |
|   g_has_mem.glen_mem[11].blk_i                                                  |                      uop_block_wrap__parameterized9 |         70 |         70 |       0 |    0 |  207 |      0 |      0 |    0 |          0 |
|     (g_has_mem.glen_mem[11].blk_i)                                              |                      uop_block_wrap__parameterized9 |          3 |          3 |       0 |    0 |   78 |      0 |      0 |    0 |          0 |
|     core                                                                        |                           uop_block__parameterized9 |         67 |         67 |       0 |    0 |  129 |      0 |      0 |    0 |          0 |
|       (core)                                                                    |                           uop_block__parameterized9 |          3 |          3 |       0 |    0 |    1 |      0 |      0 |    0 |          0 |
|       g[0].g_normal.alu_i                                                       |                       microop_unit__parameterized10 |         64 |         64 |       0 |    0 |   64 |      0 |      0 |    0 |          0 |
|       g[1].g_normal.alu_i                                                       |                     microop_unit__parameterized6__4 |          0 |          0 |       0 |    0 |   64 |      0 |      0 |    0 |          0 |
|   g_has_mem.glen_mem[12].blk_i                                                  |                     uop_block_wrap__parameterized10 |          4 |          4 |       0 |    0 |  174 |      0 |      0 |    0 |          0 |
|     (g_has_mem.glen_mem[12].blk_i)                                              |                     uop_block_wrap__parameterized10 |          1 |          1 |       0 |    0 |   77 |      0 |      0 |    0 |          0 |
|     core                                                                        |                          uop_block__parameterized10 |          3 |          3 |       0 |    0 |   97 |      0 |      0 |    0 |          0 |
|       (core)                                                                    |                          uop_block__parameterized10 |          3 |          3 |       0 |    0 |    1 |      0 |      0 |    0 |          0 |
|       g[0].g_normal.alu_i                                                       |                     microop_unit__parameterized6__5 |          0 |          0 |       0 |    0 |   64 |      0 |      0 |    0 |          0 |
|       g[1].g_normal.alu_i                                                       |                     microop_unit__parameterized3__8 |          0 |          0 |       0 |    0 |   32 |      0 |      0 |    0 |          0 |
|   g_has_mem.glen_mem[13].blk_i                                                  |                     uop_block_wrap__parameterized11 |          8 |          8 |       0 |    0 |  272 |      0 |      0 |    0 |          0 |
|     (g_has_mem.glen_mem[13].blk_i)                                              |                     uop_block_wrap__parameterized11 |          2 |          2 |       0 |    0 |   78 |      0 |      0 |    0 |          0 |
|     core                                                                        |                          uop_block__parameterized11 |          6 |          6 |       0 |    0 |  194 |      0 |      0 |    0 |          0 |
|       (core)                                                                    |                          uop_block__parameterized11 |          6 |          6 |       0 |    0 |    2 |      0 |      0 |    0 |          0 |
|       g[0].g_normal.alu_i                                                       |                     microop_unit__parameterized6__6 |          0 |          0 |       0 |    0 |   64 |      0 |      0 |    0 |          0 |
|       g[1].g_normal.alu_i                                                       |                     microop_unit__parameterized6__7 |          0 |          0 |       0 |    0 |   64 |      0 |      0 |    0 |          0 |
|       g[2].g_normal.alu_i                                                       |                     microop_unit__parameterized6__8 |          0 |          0 |       0 |    0 |   64 |      0 |      0 |    0 |          0 |
|   g_has_mem.glen_mem[14].blk_i                                                  |                     uop_block_wrap__parameterized12 |          2 |          2 |       0 |    0 |  148 |      0 |      0 |    0 |          0 |
|     (g_has_mem.glen_mem[14].blk_i)                                              |                     uop_block_wrap__parameterized12 |          0 |          0 |       0 |    0 |   75 |      0 |      0 |    0 |          0 |
|     core                                                                        |                          uop_block__parameterized12 |          2 |          2 |       0 |    0 |   73 |      0 |      0 |    0 |          0 |
|       (core)                                                                    |                          uop_block__parameterized12 |          2 |          2 |       0 |    0 |    1 |      0 |      0 |    0 |          0 |
|       g[0].g_normal.alu_i                                                       |                     microop_unit__parameterized6__9 |          0 |          0 |       0 |    0 |   64 |      0 |      0 |    0 |          0 |
|       g[1].g_normal.alu_i                                                       |                     microop_unit__parameterized2__3 |          0 |          0 |       0 |    0 |    8 |      0 |      0 |    0 |          0 |
|   g_has_mem.glen_mem[15].blk_i                                                  |                     uop_block_wrap__parameterized13 |          5 |          5 |       0 |    0 |  115 |      0 |      0 |    0 |          0 |
|     (g_has_mem.glen_mem[15].blk_i)                                              |                     uop_block_wrap__parameterized13 |          2 |          2 |       0 |    0 |   50 |      0 |      0 |    0 |          0 |
|     core                                                                        |                       uop_block__parameterized13_13 |          3 |          3 |       0 |    0 |   65 |      0 |      0 |    0 |          0 |
|       (core)                                                                    |                       uop_block__parameterized13_13 |          3 |          3 |       0 |    0 |    1 |      0 |      0 |    0 |          0 |
|       g[0].g_normal.alu_i                                                       |                    microop_unit__parameterized3__11 |          0 |          0 |       0 |    0 |   32 |      0 |      0 |    0 |          0 |
|       g[1].g_normal.alu_i                                                       |                    microop_unit__parameterized3__10 |          0 |          0 |       0 |    0 |   32 |      0 |      0 |    0 |          0 |
|   g_has_mem.glen_mem[16].blk_i                                                  |                     uop_block_wrap__parameterized14 |          6 |          6 |       0 |    0 |  206 |      0 |      0 |    0 |          0 |
|     (g_has_mem.glen_mem[16].blk_i)                                              |                     uop_block_wrap__parameterized14 |          3 |          3 |       0 |    0 |   77 |      0 |      0 |    0 |          0 |
|     core                                                                        |                          uop_block__parameterized14 |          3 |          3 |       0 |    0 |  129 |      0 |      0 |    0 |          0 |
|       (core)                                                                    |                          uop_block__parameterized14 |          3 |          3 |       0 |    0 |    1 |      0 |      0 |    0 |          0 |
|       g[0].g_normal.alu_i                                                       |                    microop_unit__parameterized6__10 |          0 |          0 |       0 |    0 |   64 |      0 |      0 |    0 |          0 |
|       g[1].g_normal.alu_i                                                       |                    microop_unit__parameterized6__11 |          0 |          0 |       0 |    0 |   64 |      0 |      0 |    0 |          0 |
|   g_has_mem.glen_mem[17].blk_i                                                  |                     uop_block_wrap__parameterized15 |         72 |         72 |       0 |    0 |  205 |      0 |      0 |    0 |          0 |
|     (g_has_mem.glen_mem[17].blk_i)                                              |                     uop_block_wrap__parameterized15 |          1 |          1 |       0 |    0 |   74 |      0 |      0 |    0 |          0 |
|     core                                                                        |                       uop_block__parameterized15_12 |         71 |         71 |       0 |    0 |  131 |      0 |      0 |    0 |          0 |
|       (core)                                                                    |                       uop_block__parameterized15_12 |          7 |          7 |       0 |    0 |    2 |      0 |      0 |    0 |          0 |
|       g[0].g_normal.alu_i                                                       |                    microop_unit__parameterized6__16 |          0 |          0 |       0 |    0 |   64 |      0 |      0 |    0 |          0 |
|       g[1].g_normal.alu_i                                                       |                    microop_unit__parameterized11__1 |         64 |         64 |       0 |    0 |   64 |      0 |      0 |    0 |          0 |
|       g[2].g_normal.alu_i                                                       |                    microop_unit__parameterized12__1 |          0 |          0 |       0 |    0 |    1 |      0 |      0 |    0 |          0 |
|   g_has_mem.glen_mem[18].blk_i                                                  |                   uop_block_wrap__parameterized15_0 |         74 |         74 |       0 |    0 |  210 |      0 |      0 |    0 |          0 |
|     (g_has_mem.glen_mem[18].blk_i)                                              |                   uop_block_wrap__parameterized15_0 |          3 |          3 |       0 |    0 |   79 |      0 |      0 |    0 |          0 |
|     core                                                                        |                       uop_block__parameterized15_11 |         71 |         71 |       0 |    0 |  131 |      0 |      0 |    0 |          0 |
|       (core)                                                                    |                       uop_block__parameterized15_11 |          7 |          7 |       0 |    0 |    2 |      0 |      0 |    0 |          0 |
|       g[0].g_normal.alu_i                                                       |                    microop_unit__parameterized6__17 |          0 |          0 |       0 |    0 |   64 |      0 |      0 |    0 |          0 |
|       g[1].g_normal.alu_i                                                       |                    microop_unit__parameterized11__2 |         64 |         64 |       0 |    0 |   64 |      0 |      0 |    0 |          0 |
|       g[2].g_normal.alu_i                                                       |                    microop_unit__parameterized12__2 |          0 |          0 |       0 |    0 |    1 |      0 |      0 |    0 |          0 |
|   g_has_mem.glen_mem[19].blk_i                                                  |                      uop_block_wrap__parameterized5 |          0 |          0 |       0 |    0 |   69 |      0 |      0 |    0 |          0 |
|     (g_has_mem.glen_mem[19].blk_i)                                              |                      uop_block_wrap__parameterized5 |          0 |          0 |       0 |    0 |   37 |      0 |      0 |    0 |          0 |
|     core                                                                        |                        uop_block__parameterized5_10 |          0 |          0 |       0 |    0 |   32 |      0 |      0 |    0 |          0 |
|       (core)                                                                    |                        uop_block__parameterized5_10 |          0 |          0 |       0 |    0 |    0 |      0 |      0 |    0 |          0 |
|       g[0].g_normal.alu_i                                                       |                     microop_unit__parameterized3__5 |          0 |          0 |       0 |    0 |   32 |      0 |      0 |    0 |          0 |
|   g_has_mem.glen_mem[1].blk_i                                                   |                      uop_block_wrap__parameterized0 |         24 |         24 |       0 |    0 |  129 |      0 |      0 |    0 |          3 |
|     (g_has_mem.glen_mem[1].blk_i)                                               |                      uop_block_wrap__parameterized0 |          2 |          2 |       0 |    0 |   46 |      0 |      0 |    0 |          0 |
|     core                                                                        |                           uop_block__parameterized0 |         22 |         22 |       0 |    0 |   83 |      0 |      0 |    0 |          3 |
|       (core)                                                                    |                           uop_block__parameterized0 |          7 |          7 |       0 |    0 |    2 |      0 |      0 |    0 |          0 |
|       g[0].g_normal.alu_i                                                       |                     microop_unit__parameterized3__1 |          0 |          0 |       0 |    0 |   32 |      0 |      0 |    0 |          0 |
|       g[1].g_normal.alu_i                                                       |                        microop_unit__parameterized4 |         15 |         15 |       0 |    0 |   17 |      0 |      0 |    0 |          3 |
|       g[2].g_normal.alu_i                                                       |                     microop_unit__parameterized3__2 |          0 |          0 |       0 |    0 |   32 |      0 |      0 |    0 |          0 |
|   g_has_mem.glen_mem[20].blk_i                                                  |                     uop_block_wrap__parameterized16 |          0 |          0 |       0 |    0 |  198 |      0 |      0 |    0 |          0 |
|     (g_has_mem.glen_mem[20].blk_i)                                              |                     uop_block_wrap__parameterized16 |          0 |          0 |       0 |    0 |   70 |      0 |      0 |    0 |          0 |
|     core                                                                        |                        uop_block__parameterized16_9 |          0 |          0 |       0 |    0 |  128 |      0 |      0 |    0 |          0 |
|       (core)                                                                    |                        uop_block__parameterized16_9 |          0 |          0 |       0 |    0 |    0 |      0 |      0 |    0 |          0 |
|       g[0].g_normal.alu_i                                                       |                    microop_unit__parameterized6__19 |          0 |          0 |       0 |    0 |   64 |      0 |      0 |    0 |          0 |
|       g[1].g_normal.alu_i                                                       |                    microop_unit__parameterized6__18 |          0 |          0 |       0 |    0 |   64 |      0 |      0 |    0 |          0 |
|   g_has_mem.glen_mem[21].blk_i                                                  |                     uop_block_wrap__parameterized17 |         64 |         64 |       0 |    0 |  198 |      0 |      0 |    0 |          0 |
|     (g_has_mem.glen_mem[21].blk_i)                                              |                     uop_block_wrap__parameterized17 |          0 |          0 |       0 |    0 |   70 |      0 |      0 |    0 |          0 |
|     core                                                                        |                          uop_block__parameterized17 |         64 |         64 |       0 |    0 |  128 |      0 |      0 |    0 |          0 |
|       (core)                                                                    |                          uop_block__parameterized17 |          0 |          0 |       0 |    0 |    0 |      0 |      0 |    0 |          0 |
|       g[0].g_normal.alu_i                                                       |                     microop_unit__parameterized0__2 |         64 |         64 |       0 |    0 |   64 |      0 |      0 |    0 |          0 |
|       g[1].g_normal.alu_i                                                       |                    microop_unit__parameterized6__15 |          0 |          0 |       0 |    0 |   64 |      0 |      0 |    0 |          0 |
|   g_has_mem.glen_mem[22].blk_i                                                  |                      uop_block_wrap__parameterized2 |          5 |          5 |       0 |    0 |  151 |      0 |      0 |    0 |          0 |
|     (g_has_mem.glen_mem[22].blk_i)                                              |                      uop_block_wrap__parameterized2 |          2 |          2 |       0 |    0 |   78 |      0 |      0 |    0 |          0 |
|     core                                                                        |                         uop_block__parameterized2_8 |          3 |          3 |       0 |    0 |   73 |      0 |      0 |    0 |          0 |
|       (core)                                                                    |                         uop_block__parameterized2_8 |          3 |          3 |       0 |    0 |    1 |      0 |      0 |    0 |          0 |
|       g[0].g_normal.alu_i                                                       |                     microop_unit__parameterized6__1 |          0 |          0 |       0 |    0 |   64 |      0 |      0 |    0 |          0 |
|       g[1].g_normal.alu_i                                                       |                     microop_unit__parameterized2__2 |          0 |          0 |       0 |    0 |    8 |      0 |      0 |    0 |          0 |
|   g_has_mem.glen_mem[23].blk_i                                                  |                   uop_block_wrap__parameterized16_1 |          0 |          0 |       0 |    0 |  198 |      0 |      0 |    0 |          0 |
|     (g_has_mem.glen_mem[23].blk_i)                                              |                   uop_block_wrap__parameterized16_1 |          0 |          0 |       0 |    0 |   70 |      0 |      0 |    0 |          0 |
|     core                                                                        |                          uop_block__parameterized16 |          0 |          0 |       0 |    0 |  128 |      0 |      0 |    0 |          0 |
|       (core)                                                                    |                          uop_block__parameterized16 |          0 |          0 |       0 |    0 |    0 |      0 |      0 |    0 |          0 |
|       g[0].g_normal.alu_i                                                       |                    microop_unit__parameterized6__13 |          0 |          0 |       0 |    0 |   64 |      0 |      0 |    0 |          0 |
|       g[1].g_normal.alu_i                                                       |                    microop_unit__parameterized6__14 |          0 |          0 |       0 |    0 |   64 |      0 |      0 |    0 |          0 |
|   g_has_mem.glen_mem[24].blk_i                                                  |                      uop_block_wrap__parameterized1 |         69 |         69 |       0 |    0 |  237 |      0 |      0 |    0 |          0 |
|     (g_has_mem.glen_mem[24].blk_i)                                              |                      uop_block_wrap__parameterized1 |          2 |          2 |       0 |    0 |   76 |      0 |      0 |    0 |          0 |
|     core                                                                        |                           uop_block__parameterized1 |         67 |         67 |       0 |    0 |  161 |      0 |      0 |    0 |          0 |
|       (core)                                                                    |                           uop_block__parameterized1 |          3 |          3 |       0 |    0 |    1 |      0 |      0 |    0 |          0 |
|       g[0].g_normal.alu_i                                                       |                        microop_unit__parameterized5 |          0 |          0 |       0 |    0 |   32 |      0 |      0 |    0 |          0 |
|       g[1].g_normal.alu_i                                                       |                        microop_unit__parameterized1 |         64 |         64 |       0 |    0 |  128 |      0 |      0 |    0 |          0 |
|         (g[1].g_normal.alu_i)                                                   |                        microop_unit__parameterized1 |          0 |          0 |       0 |    0 |   64 |      0 |      0 |    0 |          0 |
|         g_iadd.use_ip.u_addsub                                                  |                                integer_addsub_HD294 |         64 |         64 |       0 |    0 |   64 |      0 |      0 |    0 |          0 |
|           (g_iadd.use_ip.u_addsub)                                              |                                integer_addsub_HD294 |          0 |          0 |       0 |    0 |    0 |      0 |      0 |    0 |          0 |
|           U0                                                                    |               integer_addsubc_addsub_v12_0_14_HD295 |         64 |         64 |       0 |    0 |   64 |      0 |      0 |    0 |          0 |
|             (U0)                                                                |               integer_addsubc_addsub_v12_0_14_HD295 |          0 |          0 |       0 |    0 |    0 |      0 |      0 |    0 |          0 |
|             xst_addsub                                                          |           integer_addsubc_addsub_v12_0_14_viv_HD296 |         64 |         64 |       0 |    0 |   64 |      0 |      0 |    0 |          0 |
|               (xst_addsub)                                                      |           integer_addsubc_addsub_v12_0_14_viv_HD296 |          0 |          0 |       0 |    0 |    0 |      0 |      0 |    0 |          0 |
|               i_baseblox.i_baseblox_addsub                                      |        integer_addsubc_addsub_v12_0_14_legacy_HD297 |         64 |         64 |       0 |    0 |   64 |      0 |      0 |    0 |          0 |
|                 no_pipelining.the_addsub                                        | integer_addsubc_addsub_v12_0_14_fabric_legacy_HD298 |         64 |         64 |       0 |    0 |   64 |      0 |      0 |    0 |          0 |
|                   i_lut6.i_lut6_addsub                                          |   integer_addsubc_addsub_v12_0_14_lut6_legacy_HD299 |         64 |         64 |       0 |    0 |   64 |      0 |      0 |    0 |          0 |
|                     (i_lut6.i_lut6_addsub)                                      |   integer_addsubc_addsub_v12_0_14_lut6_legacy_HD299 |         64 |         64 |       0 |    0 |    0 |      0 |      0 |    0 |          0 |
|                     i_q.i_simple.qreg                                           |            integer_addsubc_reg_fd_v12_0_6_viv_HD300 |          0 |          0 |       0 |    0 |   64 |      0 |      0 |    0 |          0 |
|   g_has_mem.glen_mem[25].blk_i                                                  |                     uop_block_wrap__parameterized18 |         69 |         69 |       0 |    0 |  212 |      0 |      0 |    0 |          0 |
|     (g_has_mem.glen_mem[25].blk_i)                                              |                     uop_block_wrap__parameterized18 |          0 |          0 |       0 |    0 |   74 |      0 |      0 |    0 |          0 |
|     core                                                                        |                          uop_block__parameterized18 |         69 |         69 |       0 |    0 |  138 |      0 |      0 |    0 |          0 |
|       (core)                                                                    |                          uop_block__parameterized18 |          5 |          5 |       0 |    0 |    2 |      0 |      0 |    0 |          0 |
|       g[0].g_normal.alu_i                                                       |                        microop_unit__parameterized0 |         64 |         64 |       0 |    0 |   64 |      0 |      0 |    0 |          0 |
|       g[1].g_normal.alu_i                                                       |                        microop_unit__parameterized6 |          0 |          0 |       0 |    0 |   64 |      0 |      0 |    0 |          0 |
|       g[2].g_normal.alu_i                                                       |                     microop_unit__parameterized2__4 |          0 |          0 |       0 |    0 |    8 |      0 |      0 |    0 |          0 |
|   g_has_mem.glen_mem[26].blk_i                                                  |                   uop_block_wrap__parameterized13_2 |          4 |          4 |       0 |    0 |  115 |      0 |      0 |    0 |          0 |
|     (g_has_mem.glen_mem[26].blk_i)                                              |                   uop_block_wrap__parameterized13_2 |          1 |          1 |       0 |    0 |   50 |      0 |      0 |    0 |          0 |
|     core                                                                        |                          uop_block__parameterized13 |          3 |          3 |       0 |    0 |   65 |      0 |      0 |    0 |          0 |
|       (core)                                                                    |                          uop_block__parameterized13 |          3 |          3 |       0 |    0 |    1 |      0 |      0 |    0 |          0 |
|       g[0].g_normal.alu_i                                                       |                     microop_unit__parameterized3__9 |          0 |          0 |       0 |    0 |   32 |      0 |      0 |    0 |          0 |
|       g[1].g_normal.alu_i                                                       |                        microop_unit__parameterized3 |          0 |          0 |       0 |    0 |   32 |      0 |      0 |    0 |          0 |
|   g_has_mem.glen_mem[27].blk_i                                                  |                   uop_block_wrap__parameterized15_3 |         79 |         79 |       0 |    0 |  208 |      0 |      0 |    0 |          0 |
|     (g_has_mem.glen_mem[27].blk_i)                                              |                   uop_block_wrap__parameterized15_3 |          8 |          8 |       0 |    0 |   77 |      0 |      0 |    0 |          0 |
|     core                                                                        |                          uop_block__parameterized15 |         71 |         71 |       0 |    0 |  131 |      0 |      0 |    0 |          0 |
|       (core)                                                                    |                          uop_block__parameterized15 |          7 |          7 |       0 |    0 |    2 |      0 |      0 |    0 |          0 |
|       g[0].g_normal.alu_i                                                       |                    microop_unit__parameterized6__12 |          0 |          0 |       0 |    0 |   64 |      0 |      0 |    0 |          0 |
|       g[1].g_normal.alu_i                                                       |                       microop_unit__parameterized11 |         64 |         64 |       0 |    0 |   64 |      0 |      0 |    0 |          0 |
|       g[2].g_normal.alu_i                                                       |                       microop_unit__parameterized12 |          0 |          0 |       0 |    0 |    1 |      0 |      0 |    0 |          0 |
|   g_has_mem.glen_mem[28].blk_i                                                  |                     uop_block_wrap__parameterized19 |         44 |         44 |       0 |    0 |   90 |      0 |      0 |    0 |          0 |
|     (g_has_mem.glen_mem[28].blk_i)                                              |                     uop_block_wrap__parameterized19 |          9 |          9 |       0 |    0 |   49 |      0 |      0 |    0 |          0 |
|     core                                                                        |                          uop_block__parameterized19 |         35 |         35 |       0 |    0 |   41 |      0 |      0 |    0 |          0 |
|       (core)                                                                    |                          uop_block__parameterized19 |          3 |          3 |       0 |    0 |    1 |      0 |      0 |    0 |          0 |
|       g[0].g_normal.alu_i                                                       |                        microop_unit__parameterized2 |          0 |          0 |       0 |    0 |    8 |      0 |      0 |    0 |          0 |
|       g[1].g_normal.alu_i                                                       |                        microop_unit__parameterized7 |         32 |         32 |       0 |    0 |   32 |      0 |      0 |    0 |          0 |
|   g_has_mem.glen_mem[2].blk_i                                                   |           uop_block_wrap__parameterized1__xdcDup__1 |         70 |         70 |       0 |    0 |  240 |      0 |      0 |    0 |          0 |
|     (g_has_mem.glen_mem[2].blk_i)                                               |           uop_block_wrap__parameterized1__xdcDup__1 |          3 |          3 |       0 |    0 |   79 |      0 |      0 |    0 |          0 |
|     core                                                                        |                uop_block__parameterized1__xdcDup__1 |         67 |         67 |       0 |    0 |  161 |      0 |      0 |    0 |          0 |
|       (core)                                                                    |                uop_block__parameterized1__xdcDup__1 |          3 |          3 |       0 |    0 |    1 |      0 |      0 |    0 |          0 |
|       g[0].g_normal.alu_i                                                       |                     microop_unit__parameterized5__2 |          0 |          0 |       0 |    0 |   32 |      0 |      0 |    0 |          0 |
|       g[1].g_normal.alu_i                                                       |             microop_unit__parameterized1__xdcDup__2 |         64 |         64 |       0 |    0 |  128 |      0 |      0 |    0 |          0 |
|         (g[1].g_normal.alu_i)                                                   |             microop_unit__parameterized1__xdcDup__2 |          0 |          0 |       0 |    0 |   64 |      0 |      0 |    0 |          0 |
|         g_iadd.use_ip.u_addsub                                                  |                                integer_addsub_HD301 |         64 |         64 |       0 |    0 |   64 |      0 |      0 |    0 |          0 |
|           (g_iadd.use_ip.u_addsub)                                              |                                integer_addsub_HD301 |          0 |          0 |       0 |    0 |    0 |      0 |      0 |    0 |          0 |
|           U0                                                                    |               integer_addsubc_addsub_v12_0_14_HD302 |         64 |         64 |       0 |    0 |   64 |      0 |      0 |    0 |          0 |
|             (U0)                                                                |               integer_addsubc_addsub_v12_0_14_HD302 |          0 |          0 |       0 |    0 |    0 |      0 |      0 |    0 |          0 |
|             xst_addsub                                                          |           integer_addsubc_addsub_v12_0_14_viv_HD303 |         64 |         64 |       0 |    0 |   64 |      0 |      0 |    0 |          0 |
|               (xst_addsub)                                                      |           integer_addsubc_addsub_v12_0_14_viv_HD303 |          0 |          0 |       0 |    0 |    0 |      0 |      0 |    0 |          0 |
|               i_baseblox.i_baseblox_addsub                                      |        integer_addsubc_addsub_v12_0_14_legacy_HD304 |         64 |         64 |       0 |    0 |   64 |      0 |      0 |    0 |          0 |
|                 no_pipelining.the_addsub                                        | integer_addsubc_addsub_v12_0_14_fabric_legacy_HD305 |         64 |         64 |       0 |    0 |   64 |      0 |      0 |    0 |          0 |
|                   i_lut6.i_lut6_addsub                                          |   integer_addsubc_addsub_v12_0_14_lut6_legacy_HD306 |         64 |         64 |       0 |    0 |   64 |      0 |      0 |    0 |          0 |
|                     (i_lut6.i_lut6_addsub)                                      |   integer_addsubc_addsub_v12_0_14_lut6_legacy_HD306 |         64 |         64 |       0 |    0 |    0 |      0 |      0 |    0 |          0 |
|                     i_q.i_simple.qreg                                           |            integer_addsubc_reg_fd_v12_0_6_viv_HD307 |          0 |          0 |       0 |    0 |   64 |      0 |      0 |    0 |          0 |
|   g_has_mem.glen_mem[3].blk_i                                                   |                    uop_block_wrap__parameterized2_4 |          4 |          4 |       0 |    0 |  150 |      0 |      0 |    0 |          0 |
|     (g_has_mem.glen_mem[3].blk_i)                                               |                    uop_block_wrap__parameterized2_4 |          1 |          1 |       0 |    0 |   77 |      0 |      0 |    0 |          0 |
|     core                                                                        |                           uop_block__parameterized2 |          3 |          3 |       0 |    0 |   73 |      0 |      0 |    0 |          0 |
|       (core)                                                                    |                           uop_block__parameterized2 |          3 |          3 |       0 |    0 |    1 |      0 |      0 |    0 |          0 |
|       g[0].g_normal.alu_i                                                       |                    microop_unit__parameterized6__20 |          0 |          0 |       0 |    0 |   64 |      0 |      0 |    0 |          0 |
|       g[1].g_normal.alu_i                                                       |                     microop_unit__parameterized2__5 |          0 |          0 |       0 |    0 |    8 |      0 |      0 |    0 |          0 |
|   g_has_mem.glen_mem[4].blk_i                                                   |                      uop_block_wrap__parameterized3 |         32 |         32 |       0 |    0 |  133 |      0 |      0 |    0 |          0 |
|     (g_has_mem.glen_mem[4].blk_i)                                               |                      uop_block_wrap__parameterized3 |          0 |          0 |       0 |    0 |   37 |      0 |      0 |    0 |          0 |
|     core                                                                        |                           uop_block__parameterized3 |         32 |         32 |       0 |    0 |   96 |      0 |      0 |    0 |          0 |
|       (core)                                                                    |                           uop_block__parameterized3 |          0 |          0 |       0 |    0 |    0 |      0 |      0 |    0 |          0 |
|       g[0].g_normal.alu_i                                                       |                     microop_unit__parameterized3__3 |          0 |          0 |       0 |    0 |   32 |      0 |      0 |    0 |          0 |
|       g[2].g_normal.alu_i                                                       |                     microop_unit__parameterized7__1 |         32 |         32 |       0 |    0 |   32 |      0 |      0 |    0 |          0 |
|       g[3].g_normal.alu_i                                                       |                     microop_unit__parameterized3__4 |          0 |          0 |       0 |    0 |   32 |      0 |      0 |    0 |          0 |
|   g_has_mem.glen_mem[5].blk_i                                                   |                      uop_block_wrap__parameterized4 |         69 |         69 |       0 |    0 |  205 |      0 |      0 |    0 |          0 |
|     (g_has_mem.glen_mem[5].blk_i)                                               |                      uop_block_wrap__parameterized4 |          2 |          2 |       0 |    0 |   76 |      0 |      0 |    0 |          0 |
|     core                                                                        |                           uop_block__parameterized4 |         67 |         67 |       0 |    0 |  129 |      0 |      0 |    0 |          0 |
|       (core)                                                                    |                           uop_block__parameterized4 |          3 |          3 |       0 |    0 |    1 |      0 |      0 |    0 |          0 |
|       g[0].g_normal.alu_i                                                       |                        microop_unit__parameterized8 |         64 |         64 |       0 |    0 |   64 |      0 |      0 |    0 |          0 |
|       g[1].g_normal.alu_i                                                       |                     microop_unit__parameterized6__2 |          0 |          0 |       0 |    0 |   64 |      0 |      0 |    0 |          0 |
|   g_has_mem.glen_mem[6].blk_i                                                   |                    uop_block_wrap__parameterized5_5 |          0 |          0 |       0 |    0 |   69 |      0 |      0 |    0 |          0 |
|     (g_has_mem.glen_mem[6].blk_i)                                               |                    uop_block_wrap__parameterized5_5 |          0 |          0 |       0 |    0 |   37 |      0 |      0 |    0 |          0 |
|     core                                                                        |                         uop_block__parameterized5_7 |          0 |          0 |       0 |    0 |   32 |      0 |      0 |    0 |          0 |
|       (core)                                                                    |                         uop_block__parameterized5_7 |          0 |          0 |       0 |    0 |    0 |      0 |      0 |    0 |          0 |
|       g[0].g_normal.alu_i                                                       |                    microop_unit__parameterized3__12 |          0 |          0 |       0 |    0 |   32 |      0 |      0 |    0 |          0 |
|   g_has_mem.glen_mem[7].blk_i                                                   |                      uop_block_wrap__parameterized6 |        178 |        178 |       0 |    0 |  208 |      0 |      0 |    0 |          0 |
|     (g_has_mem.glen_mem[7].blk_i)                                               |                      uop_block_wrap__parameterized6 |          4 |          4 |       0 |    0 |   79 |      0 |      0 |    0 |          0 |
|     core                                                                        |                           uop_block__parameterized6 |        174 |        174 |       0 |    0 |  129 |      0 |      0 |    0 |          0 |
|       (core)                                                                    |                           uop_block__parameterized6 |          3 |          3 |       0 |    0 |    1 |      0 |      0 |    0 |          0 |
|       g[0].g_normal.alu_i                                                       |                     microop_unit__parameterized6__3 |          0 |          0 |       0 |    0 |   64 |      0 |      0 |    0 |          0 |
|       g[1].g_normal.alu_i                                                       |                        microop_unit__parameterized9 |        171 |        171 |       0 |    0 |   64 |      0 |      0 |    0 |          0 |
|   g_has_mem.glen_mem[8].blk_i                                                   |                      uop_block_wrap__parameterized7 |         64 |         64 |       0 |    0 |  133 |      0 |      0 |    0 |          0 |
|     (g_has_mem.glen_mem[8].blk_i)                                               |                      uop_block_wrap__parameterized7 |          0 |          0 |       0 |    0 |   37 |      0 |      0 |    0 |          0 |
|     core                                                                        |                           uop_block__parameterized7 |         64 |         64 |       0 |    0 |   96 |      0 |      0 |    0 |          0 |
|       (core)                                                                    |                           uop_block__parameterized7 |          0 |          0 |       0 |    0 |    0 |      0 |      0 |    0 |          0 |
|       g[0].g_normal.alu_i                                                       |                     microop_unit__parameterized3__6 |          0 |          0 |       0 |    0 |   32 |      0 |      0 |    0 |          0 |
|       g[2].g_normal.alu_i                                                       |                     microop_unit__parameterized7__2 |         32 |         32 |       0 |    0 |   32 |      0 |      0 |    0 |          0 |
|       g[3].g_normal.alu_i                                                       |                     microop_unit__parameterized7__3 |         32 |         32 |       0 |    0 |   32 |      0 |      0 |    0 |          0 |
|   g_has_mem.glen_mem[9].blk_i                                                   |                    uop_block_wrap__parameterized5_6 |          0 |          0 |       0 |    0 |   69 |      0 |      0 |    0 |          0 |
|     (g_has_mem.glen_mem[9].blk_i)                                               |                    uop_block_wrap__parameterized5_6 |          0 |          0 |       0 |    0 |   37 |      0 |      0 |    0 |          0 |
|     core                                                                        |                           uop_block__parameterized5 |          0 |          0 |       0 |    0 |   32 |      0 |      0 |    0 |          0 |
|       (core)                                                                    |                           uop_block__parameterized5 |          0 |          0 |       0 |    0 |    0 |      0 |      0 |    0 |          0 |
|       g[0].g_normal.alu_i                                                       |                    microop_unit__parameterized3__13 |          0 |          0 |       0 |    0 |   32 |      0 |      0 |    0 |          0 |
|   g_has_mem.u_pool                                                              |                                            spm_pool |       1681 |       1681 |       0 |    0 | 1642 |      8 |      0 |    0 |          0 |
|     (g_has_mem.u_pool)                                                          |                                            spm_pool |       1489 |       1489 |       0 |    0 | 1578 |      0 |      0 |    0 |          0 |
|     g_banks.gb[0].u_bank64                                                      |                                         spm_bank__1 |          5 |          5 |       0 |    0 |    2 |      1 |      0 |    0 |          0 |
|       (g_banks.gb[0].u_bank64)                                                  |                                         spm_bank__1 |          1 |          1 |       0 |    0 |    2 |      0 |      0 |    0 |          0 |
|       u_mem                                                                     |                                xpm_memory_sdpram_20 |          4 |          4 |       0 |    0 |    0 |      1 |      0 |    0 |          0 |
|         (u_mem)                                                                 |                                xpm_memory_sdpram_20 |          4 |          4 |       0 |    0 |    0 |      0 |      0 |    0 |          0 |
|         xpm_memory_base_inst                                                    |                                  xpm_memory_base__1 |          0 |          0 |       0 |    0 |    0 |      1 |      0 |    0 |          0 |
|     g_banks.gb[1].u_bank64                                                      |                                         spm_bank__2 |          5 |          5 |       0 |    0 |    2 |      1 |      0 |    0 |          0 |
|       (g_banks.gb[1].u_bank64)                                                  |                                         spm_bank__2 |          1 |          1 |       0 |    0 |    2 |      0 |      0 |    0 |          0 |
|       u_mem                                                                     |                                xpm_memory_sdpram_19 |          4 |          4 |       0 |    0 |    0 |      1 |      0 |    0 |          0 |
|         (u_mem)                                                                 |                                xpm_memory_sdpram_19 |          4 |          4 |       0 |    0 |    0 |      0 |      0 |    0 |          0 |
|         xpm_memory_base_inst                                                    |                                  xpm_memory_base__2 |          0 |          0 |       0 |    0 |    0 |      1 |      0 |    0 |          0 |
|     g_banks.gb[2].u_bank64                                                      |                                         spm_bank__3 |          5 |          5 |       0 |    0 |    2 |      1 |      0 |    0 |          0 |
|       (g_banks.gb[2].u_bank64)                                                  |                                         spm_bank__3 |          1 |          1 |       0 |    0 |    2 |      0 |      0 |    0 |          0 |
|       u_mem                                                                     |                                xpm_memory_sdpram_18 |          4 |          4 |       0 |    0 |    0 |      1 |      0 |    0 |          0 |
|         (u_mem)                                                                 |                                xpm_memory_sdpram_18 |          4 |          4 |       0 |    0 |    0 |      0 |      0 |    0 |          0 |
|         xpm_memory_base_inst                                                    |                                  xpm_memory_base__3 |          0 |          0 |       0 |    0 |    0 |      1 |      0 |    0 |          0 |
|     g_banks.gb[3].u_bank64                                                      |                                         spm_bank__4 |          5 |          5 |       0 |    0 |    2 |      1 |      0 |    0 |          0 |
|       (g_banks.gb[3].u_bank64)                                                  |                                         spm_bank__4 |          1 |          1 |       0 |    0 |    2 |      0 |      0 |    0 |          0 |
|       u_mem                                                                     |                                xpm_memory_sdpram_17 |          4 |          4 |       0 |    0 |    0 |      1 |      0 |    0 |          0 |
|         (u_mem)                                                                 |                                xpm_memory_sdpram_17 |          4 |          4 |       0 |    0 |    0 |      0 |      0 |    0 |          0 |
|         xpm_memory_base_inst                                                    |                                  xpm_memory_base__4 |          0 |          0 |       0 |    0 |    0 |      1 |      0 |    0 |          0 |
|     g_banks.gb[4].u_bank64                                                      |                                         spm_bank__5 |          5 |          5 |       0 |    0 |    2 |      1 |      0 |    0 |          0 |
|       (g_banks.gb[4].u_bank64)                                                  |                                         spm_bank__5 |          1 |          1 |       0 |    0 |    2 |      0 |      0 |    0 |          0 |
|       u_mem                                                                     |                                xpm_memory_sdpram_16 |          4 |          4 |       0 |    0 |    0 |      1 |      0 |    0 |          0 |
|         (u_mem)                                                                 |                                xpm_memory_sdpram_16 |          4 |          4 |       0 |    0 |    0 |      0 |      0 |    0 |          0 |
|         xpm_memory_base_inst                                                    |                                  xpm_memory_base__5 |          0 |          0 |       0 |    0 |    0 |      1 |      0 |    0 |          0 |
|     g_banks.gb[5].u_bank64                                                      |                                         spm_bank__6 |          5 |          5 |       0 |    0 |    2 |      1 |      0 |    0 |          0 |
|       (g_banks.gb[5].u_bank64)                                                  |                                         spm_bank__6 |          1 |          1 |       0 |    0 |    2 |      0 |      0 |    0 |          0 |
|       u_mem                                                                     |                                xpm_memory_sdpram_15 |          4 |          4 |       0 |    0 |    0 |      1 |      0 |    0 |          0 |
|         (u_mem)                                                                 |                                xpm_memory_sdpram_15 |          4 |          4 |       0 |    0 |    0 |      0 |      0 |    0 |          0 |
|         xpm_memory_base_inst                                                    |                                  xpm_memory_base__6 |          0 |          0 |       0 |    0 |    0 |      1 |      0 |    0 |          0 |
|     g_banks.gb[6].u_bank64                                                      |                                         spm_bank__7 |          5 |          5 |       0 |    0 |    2 |      1 |      0 |    0 |          0 |
|       (g_banks.gb[6].u_bank64)                                                  |                                         spm_bank__7 |          1 |          1 |       0 |    0 |    2 |      0 |      0 |    0 |          0 |
|       u_mem                                                                     |                                xpm_memory_sdpram_14 |          4 |          4 |       0 |    0 |    0 |      1 |      0 |    0 |          0 |
|         (u_mem)                                                                 |                                xpm_memory_sdpram_14 |          4 |          4 |       0 |    0 |    0 |      0 |      0 |    0 |          0 |
|         xpm_memory_base_inst                                                    |                                  xpm_memory_base__7 |          0 |          0 |       0 |    0 |    0 |      1 |      0 |    0 |          0 |
|     g_banks.gb[7].u_bank64                                                      |                                            spm_bank |          5 |          5 |       0 |    0 |    2 |      1 |      0 |    0 |          0 |
|       (g_banks.gb[7].u_bank64)                                                  |                                            spm_bank |          1 |          1 |       0 |    0 |    2 |      0 |      0 |    0 |          0 |
|       u_mem                                                                     |                                   xpm_memory_sdpram |          4 |          4 |       0 |    0 |    0 |      1 |      0 |    0 |          0 |
|         (u_mem)                                                                 |                                   xpm_memory_sdpram |          4 |          4 |       0 |    0 |    0 |      0 |      0 |    0 |          0 |
|         xpm_memory_base_inst                                                    |                                     xpm_memory_base |          0 |          0 |       0 |    0 |    0 |      1 |      0 |    0 |          0 |
|     u_rrA                                                                       |                                       rr_arbiter__1 |         76 |         76 |       0 |    0 |   24 |      0 |      0 |    0 |          0 |
|     u_rrB                                                                       |                                          rr_arbiter |         76 |         76 |       0 |    0 |   24 |      0 |      0 |    0 |          0 |
+---------------------------------------------------------------------------------+-----------------------------------------------------+------------+------------+---------+------+------+--------+--------+------+------------+


