Copyright 1986-2020 Xilinx, Inc. All Rights Reserved.
---------------------------------------------------------------------------------------------------------------------------------------------------------------
| Tool Version : Vivado v.2020.1 (lin64) Build 2902540 Wed May 27 19:54:35 MDT 2020
| Date         : Sun Sep 21 21:50:33 2025
| Host         : orthanc running 64-bit Ubuntu 22.04.4 LTS
| Command      : report_utilization -hierarchical -file /home/jyoo/custom_v_2/custom-core-tool/reports/alubase/benches/511_povray_r/511_povray_r_util_hier.rpt
| Design       : top_bench__511_povray_r
| Device       : xcu200fsgd2104-2
| Design State : Optimized
---------------------------------------------------------------------------------------------------------------------------------------------------------------

Utilization Design Information

Table of Contents
-----------------
1. Utilization by Hierarchy

1. Utilization by Hierarchy
---------------------------

+----------------------------------------------+-------------------------------------------------------+------------+------------+---------+------+-----+--------+--------+------+------------+
|                   Instance                   |                         Module                        | Total LUTs | Logic LUTs | LUTRAMs | SRLs | FFs | RAMB36 | RAMB18 | URAM | DSP Blocks |
+----------------------------------------------+-------------------------------------------------------+------------+------------+---------+------+-----+--------+--------+------+------------+
| top_bench__511_povray_r                      |                                                 (top) |        283 |        283 |       0 |    0 | 921 |      0 |      0 |    0 |          0 |
|   (top_bench__511_povray_r)                  |                                                 (top) |          0 |          0 |       0 |    0 |   0 |      0 |      0 |    0 |          0 |
|   u_511_povray_r                             |                              bench_core__511_povray_r |        283 |        283 |       0 |    0 | 921 |      0 |      0 |    0 |          0 |
|     (u_511_povray_r)                         |                              bench_core__511_povray_r |        127 |        127 |       0 |    0 |   0 |      0 |      0 |    0 |          0 |
|     glen[0].core_i                           |                                        uop_block_wrap |         61 |         61 |       0 |    0 | 316 |      0 |      0 |    0 |          0 |
|       (glen[0].core_i)                       |                                        uop_block_wrap |          0 |          0 |       0 |    0 | 188 |      0 |      0 |    0 |          0 |
|       core                                   |                                             uop_block |         61 |         61 |       0 |    0 | 128 |      0 |      0 |    0 |          0 |
|         (core)                               |                                             uop_block |          1 |          1 |       0 |    0 |   0 |      0 |      0 |    0 |          0 |
|         g[1].g_normal.alu_i                  |                               microop_unit__xdcDup__1 |         60 |         60 |       0 |    0 | 128 |      0 |      0 |    0 |          0 |
|           (g[1].g_normal.alu_i)              |                               microop_unit__xdcDup__1 |          0 |          0 |       0 |    0 |  64 |      0 |      0 |    0 |          0 |
|           g_iadd.use_ip.int_addsub_i         |                                        integer_addsub |         60 |         60 |       0 |    0 |  64 |      0 |      0 |    0 |          0 |
|             U0                               |                       integer_addsubc_addsub_v12_0_14 |         60 |         60 |       0 |    0 |  64 |      0 |      0 |    0 |          0 |
|               xst_addsub                     |                   integer_addsubc_addsub_v12_0_14_viv |         60 |         60 |       0 |    0 |  64 |      0 |      0 |    0 |          0 |
|                 i_baseblox.i_baseblox_addsub |                integer_addsubc_addsub_v12_0_14_legacy |         60 |         60 |       0 |    0 |  64 |      0 |      0 |    0 |          0 |
|                   no_pipelining.the_addsub   |         integer_addsubc_addsub_v12_0_14_fabric_legacy |         60 |         60 |       0 |    0 |  64 |      0 |      0 |    0 |          0 |
|                     i_lut6.i_lut6_addsub     |           integer_addsubc_addsub_v12_0_14_lut6_legacy |         60 |         60 |       0 |    0 |  64 |      0 |      0 |    0 |          0 |
|                       (i_lut6.i_lut6_addsub) |           integer_addsubc_addsub_v12_0_14_lut6_legacy |         60 |         60 |       0 |    0 |   0 |      0 |      0 |    0 |          0 |
|                       i_q.i_simple.qreg      |                    integer_addsubc_reg_fd_v12_0_6_viv |          0 |          0 |       0 |    0 |  64 |      0 |      0 |    0 |          0 |
|     glen[1].core_i                           |                        uop_block_wrap__parameterized0 |         61 |         61 |       0 |    0 | 320 |      0 |      0 |    0 |          0 |
|       (glen[1].core_i)                       |                        uop_block_wrap__parameterized0 |          0 |          0 |       0 |    0 | 160 |      0 |      0 |    0 |          0 |
|       core                                   |                             uop_block__parameterized0 |         61 |         61 |       0 |    0 | 160 |      0 |      0 |    0 |          0 |
|         (core)                               |                             uop_block__parameterized0 |          1 |          1 |       0 |    0 |   0 |      0 |      0 |    0 |          0 |
|         g[0].g_normal.alu_i                  |                       microop_unit__parameterized0__1 |          0 |          0 |       0 |    0 |  32 |      0 |      0 |    0 |          0 |
|         g[2].g_normal.alu_i                  |                                          microop_unit |         60 |         60 |       0 |    0 | 128 |      0 |      0 |    0 |          0 |
|           (g[2].g_normal.alu_i)              |                                          microop_unit |          0 |          0 |       0 |    0 |  64 |      0 |      0 |    0 |          0 |
|           g_iadd.use_ip.int_addsub_i         |                                integer_addsub_HD42359 |         60 |         60 |       0 |    0 |  64 |      0 |      0 |    0 |          0 |
|             U0                               |               integer_addsubc_addsub_v12_0_14_HD42360 |         60 |         60 |       0 |    0 |  64 |      0 |      0 |    0 |          0 |
|               xst_addsub                     |           integer_addsubc_addsub_v12_0_14_viv_HD42361 |         60 |         60 |       0 |    0 |  64 |      0 |      0 |    0 |          0 |
|                 i_baseblox.i_baseblox_addsub |        integer_addsubc_addsub_v12_0_14_legacy_HD42362 |         60 |         60 |       0 |    0 |  64 |      0 |      0 |    0 |          0 |
|                   no_pipelining.the_addsub   | integer_addsubc_addsub_v12_0_14_fabric_legacy_HD42363 |         60 |         60 |       0 |    0 |  64 |      0 |      0 |    0 |          0 |
|                     i_lut6.i_lut6_addsub     |   integer_addsubc_addsub_v12_0_14_lut6_legacy_HD42364 |         60 |         60 |       0 |    0 |  64 |      0 |      0 |    0 |          0 |
|                       (i_lut6.i_lut6_addsub) |   integer_addsubc_addsub_v12_0_14_lut6_legacy_HD42364 |         60 |         60 |       0 |    0 |   0 |      0 |      0 |    0 |          0 |
|                       i_q.i_simple.qreg      |            integer_addsubc_reg_fd_v12_0_6_viv_HD42365 |          0 |          0 |       0 |    0 |  64 |      0 |      0 |    0 |          0 |
|     glen[2].core_i                           |                        uop_block_wrap__parameterized1 |         33 |         33 |       0 |    0 | 160 |      0 |      0 |    0 |          0 |
|       (glen[2].core_i)                       |                        uop_block_wrap__parameterized1 |          0 |          0 |       0 |    0 |  96 |      0 |      0 |    0 |          0 |
|       core                                   |                             uop_block__parameterized1 |         33 |         33 |       0 |    0 |  64 |      0 |      0 |    0 |          0 |
|         (core)                               |                             uop_block__parameterized1 |          1 |          1 |       0 |    0 |   0 |      0 |      0 |    0 |          0 |
|         g[0].g_normal.alu_i                  |                          microop_unit__parameterized1 |         32 |         32 |       0 |    0 |  32 |      0 |      0 |    0 |          0 |
|         g[1].g_normal.alu_i                  |                          microop_unit__parameterized2 |          0 |          0 |       0 |    0 |  32 |      0 |      0 |    0 |          0 |
|     glen[3].core_i                           |                        uop_block_wrap__parameterized2 |          1 |          1 |       0 |    0 | 125 |      0 |      0 |    0 |          0 |
|       (glen[3].core_i)                       |                        uop_block_wrap__parameterized2 |          0 |          0 |       0 |    0 |  93 |      0 |      0 |    0 |          0 |
|       core                                   |                             uop_block__parameterized2 |          1 |          1 |       0 |    0 |  32 |      0 |      0 |    0 |          0 |
|         (core)                               |                             uop_block__parameterized2 |          1 |          1 |       0 |    0 |   0 |      0 |      0 |    0 |          0 |
|         g[0].g_normal.alu_i                  |                          microop_unit__parameterized0 |          0 |          0 |       0 |    0 |  32 |      0 |      0 |    0 |          0 |
+----------------------------------------------+-------------------------------------------------------+------------+------------+---------+------+-----+--------+--------+------+------------+


