Copyright 1986-2020 Xilinx, Inc. All Rights Reserved.
-------------------------------------------------------------------------------------------------------------------------------------------------
| Tool Version      : Vivado v.2020.1 (lin64) Build 2902540 Wed May 27 19:54:35 MDT 2020
| Date              : Mon Sep 22 03:48:55 2025
| Host              : orthanc running 64-bit Ubuntu 22.04.4 LTS
| Command           : report_timing_summary -file /home/jyoo/custom_v_2/custom-core-tool/reports/alubase/single/527_cam4_r/post_route_timing.rpt
| Design            : top_bench__527_cam4_r
| Device            : xcu200-fsgd2104
| Speed File        : -2  PRODUCTION 1.27 02-28-2020
| Temperature Grade : E
-------------------------------------------------------------------------------------------------------------------------------------------------

Timing Summary Report

------------------------------------------------------------------------------------------------
| Timer Settings
| --------------
------------------------------------------------------------------------------------------------

  Enable Multi Corner Analysis               :  Yes
  Enable Pessimism Removal                   :  Yes
  Pessimism Removal Resolution               :  Nearest Common Node
  Enable Input Delay Default Clock           :  No
  Enable Preset / Clear Arcs                 :  No
  Disable Flight Delays                      :  No
  Ignore I/O Paths                           :  No
  Timing Early Launch at Borrowing Latches   :  No
  Borrow Time for Max Delay Exceptions       :  Yes
  Merge Timing Exceptions                    :  Yes

  Corner  Analyze    Analyze    
  Name    Max Paths  Min Paths  
  ------  ---------  ---------  
  Slow    Yes        Yes        
  Fast    Yes        Yes        



check_timing report

Table of Contents
-----------------
1. checking no_clock (0)
2. checking constant_clock (0)
3. checking pulse_width_clock (0)
4. checking unconstrained_internal_endpoints (0)
5. checking no_input_delay (64)
6. checking no_output_delay (64)
7. checking multiple_clock (0)
8. checking generated_clocks (0)
9. checking loops (0)
10. checking partial_input_delay (0)
11. checking partial_output_delay (0)
12. checking latch_loops (0)

1. checking no_clock (0)
------------------------
 There are 0 register/latch pins with no clock.


2. checking constant_clock (0)
------------------------------
 There are 0 register/latch pins with constant_clock.


3. checking pulse_width_clock (0)
---------------------------------
 There are 0 register/latch pins which need pulse_width check


4. checking unconstrained_internal_endpoints (0)
------------------------------------------------
 There are 0 pins that are not constrained for maximum delay.

 There are 0 pins that are not constrained for maximum delay due to constant clock.


5. checking no_input_delay (64)
-------------------------------
 There are 64 input ports with no input delay specified. (HIGH)

 There are 0 input ports with no input delay but user has a false path constraint.


6. checking no_output_delay (64)
--------------------------------
 There are 64 ports with no output delay specified. (HIGH)

 There are 0 ports with no output delay but user has a false path constraint

 There are 0 ports with no output delay but with a timing clock defined on it or propagating through it


7. checking multiple_clock (0)
------------------------------
 There are 0 register/latch pins with multiple clocks.


8. checking generated_clocks (0)
--------------------------------
 There are 0 generated clocks that are not connected to a clock source.


9. checking loops (0)
---------------------
 There are 0 combinational loops in the design.


10. checking partial_input_delay (0)
------------------------------------
 There are 0 input ports with partial input delay specified.


11. checking partial_output_delay (0)
-------------------------------------
 There are 0 ports with partial output delay specified.


12. checking latch_loops (0)
----------------------------
 There are 0 combinational latch loops in the design through latch input



------------------------------------------------------------------------------------------------
| Design Timing Summary
| ---------------------
------------------------------------------------------------------------------------------------

    WNS(ns)      TNS(ns)  TNS Failing Endpoints  TNS Total Endpoints      WHS(ns)      THS(ns)  THS Failing Endpoints  THS Total Endpoints     WPWS(ns)     TPWS(ns)  TPWS Failing Endpoints  TPWS Total Endpoints  
    -------      -------  ---------------------  -------------------      -------      -------  ---------------------  -------------------     --------     --------  ----------------------  --------------------  
      1.300        0.000                      0                 6367        0.010        0.000                      0                 6367        1.134        0.000                       0                  4342  


All user specified timing constraints are met.


------------------------------------------------------------------------------------------------
| Clock Summary
| -------------
------------------------------------------------------------------------------------------------

Clock     Waveform(ns)         Period(ns)      Frequency(MHz)
-----     ------------         ----------      --------------
host_clk  {0.000 1.666}        3.333           300.030         


------------------------------------------------------------------------------------------------
| Intra Clock Table
| -----------------
------------------------------------------------------------------------------------------------

Clock             WNS(ns)      TNS(ns)  TNS Failing Endpoints  TNS Total Endpoints      WHS(ns)      THS(ns)  THS Failing Endpoints  THS Total Endpoints     WPWS(ns)     TPWS(ns)  TPWS Failing Endpoints  TPWS Total Endpoints  
-----             -------      -------  ---------------------  -------------------      -------      -------  ---------------------  -------------------     --------     --------  ----------------------  --------------------  
host_clk            1.300        0.000                      0                 6367        0.010        0.000                      0                 6367        1.134        0.000                       0                  4342  


------------------------------------------------------------------------------------------------
| Inter Clock Table
| -----------------
------------------------------------------------------------------------------------------------

From Clock    To Clock          WNS(ns)      TNS(ns)  TNS Failing Endpoints  TNS Total Endpoints      WHS(ns)      THS(ns)  THS Failing Endpoints  THS Total Endpoints  
----------    --------          -------      -------  ---------------------  -------------------      -------      -------  ---------------------  -------------------  


------------------------------------------------------------------------------------------------
| Other Path Groups Table
| -----------------------
------------------------------------------------------------------------------------------------

Path Group    From Clock    To Clock          WNS(ns)      TNS(ns)  TNS Failing Endpoints  TNS Total Endpoints      WHS(ns)      THS(ns)  THS Failing Endpoints  THS Total Endpoints  
----------    ----------    --------          -------      -------  ---------------------  -------------------      -------      -------  ---------------------  -------------------  


------------------------------------------------------------------------------------------------
| Timing Details
| --------------
------------------------------------------------------------------------------------------------


---------------------------------------------------------------------------------------------------
From Clock:  host_clk
  To Clock:  host_clk

Setup :            0  Failing Endpoints,  Worst Slack        1.300ns,  Total Violation        0.000ns
Hold  :            0  Failing Endpoints,  Worst Slack        0.010ns,  Total Violation        0.000ns
PW    :            0  Failing Endpoints,  Worst Slack        1.134ns,  Total Violation        0.000ns
---------------------------------------------------------------------------------------------------


Max Delay Paths
--------------------------------------------------------------------------------------
Slack (MET) :             1.300ns  (required time - arrival time)
  Source:                 u_527_cam4_r/glen[6].core_i/core/g[1].g_normal.alu_i/g_fma_sd.ok64.fp_fma_sd/U0/i_synth/FMA_OP.OP/addsub/add/ALIGN_BLK/SML_DELAY/i_pipe/opt_has_pipe.first_q_reg[83]/C
                            (rising edge-triggered cell FDRE clocked by host_clk  {rise@0.000ns fall@1.666ns period=3.333ns})
  Destination:            u_527_cam4_r/glen[6].core_i/core/g[1].g_normal.alu_i/g_fma_sd.ok64.fp_fma_sd/U0/i_synth/FMA_OP.OP/addsub/add/ALIGN_BLK/aligner.ALIGN_SHIFT/cout_delay/i_pipe/opt_has_pipe.first_q_reg[0]/D
                            (rising edge-triggered cell FDRE clocked by host_clk  {rise@0.000ns fall@1.666ns period=3.333ns})
  Path Group:             host_clk
  Path Type:              Setup (Max at Slow Process Corner)
  Requirement:            3.333ns  (host_clk rise@3.333ns - host_clk rise@0.000ns)
  Data Path Delay:        1.954ns  (logic 0.413ns (21.136%)  route 1.541ns (78.864%))
  Logic Levels:           3  (CARRY8=2 LUT6=1)
  Clock Path Skew:        -0.069ns (DCD - SCD + CPR)
    Destination Clock Delay (DCD):    2.094ns = ( 5.427 - 3.333 ) 
    Source Clock Delay      (SCD):    2.572ns
    Clock Pessimism Removal (CPR):    0.409ns
  Clock Uncertainty:      0.035ns  ((TSJ^2 + TIJ^2)^1/2 + DJ) / 2 + PE
    Total System Jitter     (TSJ):    0.071ns
    Total Input Jitter      (TIJ):    0.000ns
    Discrete Jitter          (DJ):    0.000ns
    Phase Error              (PE):    0.000ns
  Clock Net Delay (Source):      1.682ns (routing 0.757ns, distribution 0.925ns)
  Clock Net Delay (Destination): 1.497ns (routing 0.688ns, distribution 0.809ns)

    Location             Delay type                Incr(ns)  Path(ns)    Netlist Resource(s)
  -------------------------------------------------------------------    -------------------
                         (clock host_clk rise edge)
                                                      0.000     0.000 r  
    H17                                               0.000     0.000 r  clk (IN)
                         net (fo=0)                   0.000     0.000    clk_IBUF_inst/I
    H17                  INBUF (Prop_INBUF_HPIOB_M_PAD_O)
                                                      0.514     0.514 r  clk_IBUF_inst/INBUF_INST/O
                         net (fo=1, routed)           0.000     0.514    clk_IBUF_inst/OUT
    H17                  IBUFCTRL (Prop_IBUFCTRL_HPIOB_M_I_O)
                                                      0.000     0.514 r  clk_IBUF_inst/IBUFCTRL_INST/O
                         net (fo=1, routed)           0.348     0.862    clk_IBUF
    BUFGCE_X1Y290        BUFGCE (Prop_BUFCE_BUFGCE_I_O)
                                                      0.028     0.890 r  clk_IBUF_BUFG_inst/O
    X4Y14 (CLOCK_ROOT)   net (fo=4382, routed)        1.682     2.572    u_527_cam4_r/glen[6].core_i/core/g[1].g_normal.alu_i/g_fma_sd.ok64.fp_fma_sd/U0/i_synth/FMA_OP.OP/addsub/add/ALIGN_BLK/SML_DELAY/i_pipe/aclk
    SLICE_X151Y868       FDRE                                         r  u_527_cam4_r/glen[6].core_i/core/g[1].g_normal.alu_i/g_fma_sd.ok64.fp_fma_sd/U0/i_synth/FMA_OP.OP/addsub/add/ALIGN_BLK/SML_DELAY/i_pipe/opt_has_pipe.first_q_reg[83]/C
  -------------------------------------------------------------------    -------------------
    SLICE_X151Y868       FDRE (Prop_HFF_SLICEL_C_Q)
                                                      0.079     2.651 f  u_527_cam4_r/glen[6].core_i/core/g[1].g_normal.alu_i/g_fma_sd.ok64.fp_fma_sd/U0/i_synth/FMA_OP.OP/addsub/add/ALIGN_BLK/SML_DELAY/i_pipe/opt_has_pipe.first_q_reg[83]/Q
                         net (fo=6, routed)           1.473     4.124    u_527_cam4_r/glen[6].core_i/core/g[1].g_normal.alu_i/g_fma_sd.ok64.fp_fma_sd/U0/i_synth/FMA_OP.OP/addsub/add/ALIGN_BLK/SML_DELAY/i_pipe/Q[40]
    SLICE_X144Y861       LUT6 (Prop_G6LUT_SLICEM_I1_O)
                                                      0.150     4.274 r  u_527_cam4_r/glen[6].core_i/core/g[1].g_normal.alu_i/g_fma_sd.ok64.fp_fma_sd/U0/i_synth/FMA_OP.OP/addsub/add/ALIGN_BLK/SML_DELAY/i_pipe/CHAIN_GEN[14].C_MUX.CARRY_MUX_i_1__0/O
                         net (fo=1, routed)           0.016     4.290    u_527_cam4_r/glen[6].core_i/core/g[1].g_normal.alu_i/g_fma_sd.ok64.fp_fma_sd/U0/i_synth/FMA_OP.OP/addsub/add/ALIGN_BLK/aligner.ALIGN_SHIFT/cc/opt_has_pipe.first_q_reg[0][14]
    SLICE_X144Y861       CARRY8 (Prop_CARRY8_SLICEM_S[6]_CO[7])
                                                      0.117     4.407 r  u_527_cam4_r/glen[6].core_i/core/g[1].g_normal.alu_i/g_fma_sd.ok64.fp_fma_sd/U0/i_synth/FMA_OP.OP/addsub/add/ALIGN_BLK/aligner.ALIGN_SHIFT/cc/CHAIN_GEN[8].C_MUX.CARRY_MUX_CARRY4_CARRY8/CO[7]
                         net (fo=1, routed)           0.026     4.433    u_527_cam4_r/glen[6].core_i/core/g[1].g_normal.alu_i/g_fma_sd.ok64.fp_fma_sd/U0/i_synth/FMA_OP.OP/addsub/add/ALIGN_BLK/aligner.ALIGN_SHIFT/cc/CHAIN_GEN[15].C_MUX.CARRY_MUX_n_0
    SLICE_X144Y862       CARRY8 (Prop_CARRY8_SLICEM_CI_O[2])
                                                      0.067     4.500 r  u_527_cam4_r/glen[6].core_i/core/g[1].g_normal.alu_i/g_fma_sd.ok64.fp_fma_sd/U0/i_synth/FMA_OP.OP/addsub/add/ALIGN_BLK/aligner.ALIGN_SHIFT/cc/CHAIN_GEN[16].C_MUX.CARRY_MUX_CARRY4_CARRY8/O[2]
                         net (fo=1, routed)           0.026     4.526    u_527_cam4_r/glen[6].core_i/core/g[1].g_normal.alu_i/g_fma_sd.ok64.fp_fma_sd/U0/i_synth/FMA_OP.OP/addsub/add/ALIGN_BLK/aligner.ALIGN_SHIFT/cout_delay/i_pipe/zeros_z_det_b
    SLICE_X144Y862       FDRE                                         r  u_527_cam4_r/glen[6].core_i/core/g[1].g_normal.alu_i/g_fma_sd.ok64.fp_fma_sd/U0/i_synth/FMA_OP.OP/addsub/add/ALIGN_BLK/aligner.ALIGN_SHIFT/cout_delay/i_pipe/opt_has_pipe.first_q_reg[0]/D
  -------------------------------------------------------------------    -------------------

                         (clock host_clk rise edge)
                                                      3.333     3.333 r  
    H17                                               0.000     3.333 r  clk (IN)
                         net (fo=0)                   0.000     3.333    clk_IBUF_inst/I
    H17                  INBUF (Prop_INBUF_HPIOB_M_PAD_O)
                                                      0.264     3.597 r  clk_IBUF_inst/INBUF_INST/O
                         net (fo=1, routed)           0.000     3.597    clk_IBUF_inst/OUT
    H17                  IBUFCTRL (Prop_IBUFCTRL_HPIOB_M_I_O)
                                                      0.000     3.597 r  clk_IBUF_inst/IBUFCTRL_INST/O
                         net (fo=1, routed)           0.309     3.906    clk_IBUF
    BUFGCE_X1Y290        BUFGCE (Prop_BUFCE_BUFGCE_I_O)
                                                      0.024     3.930 r  clk_IBUF_BUFG_inst/O
    X4Y14 (CLOCK_ROOT)   net (fo=4382, routed)        1.497     5.427    u_527_cam4_r/glen[6].core_i/core/g[1].g_normal.alu_i/g_fma_sd.ok64.fp_fma_sd/U0/i_synth/FMA_OP.OP/addsub/add/ALIGN_BLK/aligner.ALIGN_SHIFT/cout_delay/i_pipe/aclk
    SLICE_X144Y862       FDRE                                         r  u_527_cam4_r/glen[6].core_i/core/g[1].g_normal.alu_i/g_fma_sd.ok64.fp_fma_sd/U0/i_synth/FMA_OP.OP/addsub/add/ALIGN_BLK/aligner.ALIGN_SHIFT/cout_delay/i_pipe/opt_has_pipe.first_q_reg[0]/C
                         clock pessimism              0.409     5.836    
                         clock uncertainty           -0.035     5.801    
    SLICE_X144Y862       FDRE (Setup_CFF_SLICEM_C_D)
                                                      0.025     5.826    u_527_cam4_r/glen[6].core_i/core/g[1].g_normal.alu_i/g_fma_sd.ok64.fp_fma_sd/U0/i_synth/FMA_OP.OP/addsub/add/ALIGN_BLK/aligner.ALIGN_SHIFT/cout_delay/i_pipe/opt_has_pipe.first_q_reg[0]
  -------------------------------------------------------------------
                         required time                          5.826    
                         arrival time                          -4.526    
  -------------------------------------------------------------------
                         slack                                  1.300    





Min Delay Paths
--------------------------------------------------------------------------------------
Slack (MET) :             0.010ns  (arrival time - required time)
  Source:                 u_527_cam4_r/glen[6].core_i/core/g[1].g_normal.alu_i/g_fma_sd.ok64.fp_fma_sd/U0/i_synth/FMA_OP.OP/addsub/add/ALIGN_BLK/FRAC_ADDSUB/LOGIC_ADD.FRAC_ADDSUB/LRG_RND1_DEL/i_pipe/opt_has_pipe.first_q_reg[13]/C
                            (rising edge-triggered cell FDRE clocked by host_clk  {rise@0.000ns fall@1.666ns period=3.333ns})
  Destination:            u_527_cam4_r/glen[6].core_i/core/g[1].g_normal.alu_i/g_fma_sd.ok64.fp_fma_sd/U0/i_synth/FMA_OP.OP/addsub/add/ALIGN_BLK/FRAC_ADDSUB/LOGIC_ADD.FRAC_ADDSUB/LRG_RND1_DEL/i_pipe/opt_has_pipe.i_pipe[4].pipe_reg[4][13]_srl3/D
                            (rising edge-triggered cell SRL16E clocked by host_clk  {rise@0.000ns fall@1.666ns period=3.333ns})
  Path Group:             host_clk
  Path Type:              Hold (Min at Slow Process Corner)
  Requirement:            0.000ns  (host_clk rise@0.000ns - host_clk rise@0.000ns)
  Data Path Delay:        0.158ns  (logic 0.058ns (36.709%)  route 0.100ns (63.291%))
  Logic Levels:           0  
  Clock Path Skew:        0.092ns (DCD - SCD - CPR)
    Destination Clock Delay (DCD):    2.652ns
    Source Clock Delay      (SCD):    2.100ns
    Clock Pessimism Removal (CPR):    0.460ns
  Clock Net Delay (Source):      1.503ns (routing 0.688ns, distribution 0.815ns)
  Clock Net Delay (Destination): 1.762ns (routing 0.757ns, distribution 1.005ns)

    Location             Delay type                Incr(ns)  Path(ns)    Netlist Resource(s)
  -------------------------------------------------------------------    -------------------
                         (clock host_clk rise edge)
                                                      0.000     0.000 r  
    H17                                               0.000     0.000 r  clk (IN)
                         net (fo=0)                   0.000     0.000    clk_IBUF_inst/I
    H17                  INBUF (Prop_INBUF_HPIOB_M_PAD_O)
                                                      0.264     0.264 r  clk_IBUF_inst/INBUF_INST/O
                         net (fo=1, routed)           0.000     0.264    clk_IBUF_inst/OUT
    H17                  IBUFCTRL (Prop_IBUFCTRL_HPIOB_M_I_O)
                                                      0.000     0.264 r  clk_IBUF_inst/IBUFCTRL_INST/O
                         net (fo=1, routed)           0.309     0.573    clk_IBUF
    BUFGCE_X1Y290        BUFGCE (Prop_BUFCE_BUFGCE_I_O)
                                                      0.024     0.597 r  clk_IBUF_BUFG_inst/O
    X4Y14 (CLOCK_ROOT)   net (fo=4382, routed)        1.503     2.100    u_527_cam4_r/glen[6].core_i/core/g[1].g_normal.alu_i/g_fma_sd.ok64.fp_fma_sd/U0/i_synth/FMA_OP.OP/addsub/add/ALIGN_BLK/FRAC_ADDSUB/LOGIC_ADD.FRAC_ADDSUB/LRG_RND1_DEL/i_pipe/aclk
    SLICE_X148Y861       FDRE                                         r  u_527_cam4_r/glen[6].core_i/core/g[1].g_normal.alu_i/g_fma_sd.ok64.fp_fma_sd/U0/i_synth/FMA_OP.OP/addsub/add/ALIGN_BLK/FRAC_ADDSUB/LOGIC_ADD.FRAC_ADDSUB/LRG_RND1_DEL/i_pipe/opt_has_pipe.first_q_reg[13]/C
  -------------------------------------------------------------------    -------------------
    SLICE_X148Y861       FDRE (Prop_BFF_SLICEM_C_Q)
                                                      0.058     2.158 r  u_527_cam4_r/glen[6].core_i/core/g[1].g_normal.alu_i/g_fma_sd.ok64.fp_fma_sd/U0/i_synth/FMA_OP.OP/addsub/add/ALIGN_BLK/FRAC_ADDSUB/LOGIC_ADD.FRAC_ADDSUB/LRG_RND1_DEL/i_pipe/opt_has_pipe.first_q_reg[13]/Q
                         net (fo=1, routed)           0.100     2.258    u_527_cam4_r/glen[6].core_i/core/g[1].g_normal.alu_i/g_fma_sd.ok64.fp_fma_sd/U0/i_synth/FMA_OP.OP/addsub/add/ALIGN_BLK/FRAC_ADDSUB/LOGIC_ADD.FRAC_ADDSUB/LRG_RND1_DEL/i_pipe/opt_has_pipe.first_q_reg_n_0_[13]
    SLICE_X148Y860       SRL16E                                       r  u_527_cam4_r/glen[6].core_i/core/g[1].g_normal.alu_i/g_fma_sd.ok64.fp_fma_sd/U0/i_synth/FMA_OP.OP/addsub/add/ALIGN_BLK/FRAC_ADDSUB/LOGIC_ADD.FRAC_ADDSUB/LRG_RND1_DEL/i_pipe/opt_has_pipe.i_pipe[4].pipe_reg[4][13]_srl3/D
  -------------------------------------------------------------------    -------------------

                         (clock host_clk rise edge)
                                                      0.000     0.000 r  
    H17                                               0.000     0.000 r  clk (IN)
                         net (fo=0)                   0.000     0.000    clk_IBUF_inst/I
    H17                  INBUF (Prop_INBUF_HPIOB_M_PAD_O)
                                                      0.514     0.514 r  clk_IBUF_inst/INBUF_INST/O
                         net (fo=1, routed)           0.000     0.514    clk_IBUF_inst/OUT
    H17                  IBUFCTRL (Prop_IBUFCTRL_HPIOB_M_I_O)
                                                      0.000     0.514 r  clk_IBUF_inst/IBUFCTRL_INST/O
                         net (fo=1, routed)           0.348     0.862    clk_IBUF
    BUFGCE_X1Y290        BUFGCE (Prop_BUFCE_BUFGCE_I_O)
                                                      0.028     0.890 r  clk_IBUF_BUFG_inst/O
    X4Y14 (CLOCK_ROOT)   net (fo=4382, routed)        1.762     2.652    u_527_cam4_r/glen[6].core_i/core/g[1].g_normal.alu_i/g_fma_sd.ok64.fp_fma_sd/U0/i_synth/FMA_OP.OP/addsub/add/ALIGN_BLK/FRAC_ADDSUB/LOGIC_ADD.FRAC_ADDSUB/LRG_RND1_DEL/i_pipe/aclk
    SLICE_X148Y860       SRL16E                                       r  u_527_cam4_r/glen[6].core_i/core/g[1].g_normal.alu_i/g_fma_sd.ok64.fp_fma_sd/U0/i_synth/FMA_OP.OP/addsub/add/ALIGN_BLK/FRAC_ADDSUB/LOGIC_ADD.FRAC_ADDSUB/LRG_RND1_DEL/i_pipe/opt_has_pipe.i_pipe[4].pipe_reg[4][13]_srl3/CLK
                         clock pessimism             -0.460     2.192    
    SLICE_X148Y860       SRL16E (Hold_F5LUT_SLICEM_CLK_D)
                                                      0.056     2.248    u_527_cam4_r/glen[6].core_i/core/g[1].g_normal.alu_i/g_fma_sd.ok64.fp_fma_sd/U0/i_synth/FMA_OP.OP/addsub/add/ALIGN_BLK/FRAC_ADDSUB/LOGIC_ADD.FRAC_ADDSUB/LRG_RND1_DEL/i_pipe/opt_has_pipe.i_pipe[4].pipe_reg[4][13]_srl3
  -------------------------------------------------------------------
                         required time                         -2.248    
                         arrival time                           2.258    
  -------------------------------------------------------------------
                         slack                                  0.010    





Pulse Width Checks
--------------------------------------------------------------------------------------
Clock Name:         host_clk
Waveform(ns):       { 0.000 1.666 }
Period(ns):         3.333
Sources:            { clk }

Check Type        Corner  Lib Pin     Reference Pin  Required(ns)  Actual(ns)  Slack(ns)  Location        Pin
Min Period        n/a     BUFGCE/I    n/a            1.290         3.333       2.043      BUFGCE_X1Y290   clk_IBUF_BUFG_inst/I
Low Pulse Width   Slow    SRL16E/CLK  n/a            0.532         1.666       1.134      SLICE_X142Y870  u_527_cam4_r/glen[6].core_i/core/g[1].g_normal.alu_i/g_fma_sd.ok64.fp_fma_sd/U0/i_synth/FMA_OP.OP/mul/MULT/gDSP.gDSP_only.iDSP/use_prim.iBdelx[1].iBdely[2].need_delay_line.Bdelay/dN_hlutnm.srl_loop[0].i_srl16e0/CLK
High Pulse Width  Fast    SRL16E/CLK  n/a            0.532         1.666       1.134      SLICE_X142Y860  u_527_cam4_r/glen[6].core_i/core/g[1].g_normal.alu_i/g_fma_sd.ok64.fp_fma_sd/U0/i_synth/FMA_OP.OP/mul/MULT/gDSP.gDSP_only.iDSP/use_prim.appDSP48[0].bppDSP48[1].need_output_delay.output_delay/dN_hlutnm.runt_srl_loop.i_srl16e/CLK



