Copyright 1986-2020 Xilinx, Inc. All Rights Reserved.
--------------------------------------------------------------------------------------------------------------------------------------------------------------
| Tool Version : Vivado v.2020.1 (lin64) Build 2902540 Wed May 27 19:54:35 MDT 2020
| Date         : Mon Oct 27 21:56:04 2025
| Host         : orthanc running 64-bit Ubuntu 22.04.4 LTS
| Command      : report_utilization -hierarchical -file /home/jyoo/custom_v_2/custom-core-tool/reports/synth_3p0pct/benches/508_namd_r/pre_impl_util_hier.rpt
| Design       : top_multi_len
| Device       : xcu200fsgd2104-2
| Design State : Synthesized
--------------------------------------------------------------------------------------------------------------------------------------------------------------

Utilization Design Information

Table of Contents
-----------------
1. Utilization by Hierarchy

1. Utilization by Hierarchy
---------------------------

+------------------------------------+-----------------------------------+------------+------------+---------+------+-------+--------+--------+------+------------+
|              Instance              |               Module              | Total LUTs | Logic LUTs | LUTRAMs | SRLs |  FFs  | RAMB36 | RAMB18 | URAM | DSP Blocks |
+------------------------------------+-----------------------------------+------------+------------+---------+------+-------+--------+--------+------+------------+
| top_multi_len                      |                             (top) |       8052 |       8052 |       0 |    0 | 17575 |      8 |      0 |    0 |          0 |
|   (top_multi_len)                  |                             (top) |       1073 |       1073 |       0 |    0 |  2499 |      0 |      0 |    0 |          0 |
|   g_has_mem.glen_mem[0].blk_i      |                    uop_block_wrap |          4 |          4 |       0 |    0 |   180 |      0 |      0 |    0 |          0 |
|     (g_has_mem.glen_mem[0].blk_i)  |                    uop_block_wrap |          1 |          1 |       0 |    0 |   139 |      0 |      0 |    0 |          0 |
|     core                           |                     uop_block_109 |          3 |          3 |       0 |    0 |    41 |      0 |      0 |    0 |          0 |
|       (core)                       |                     uop_block_109 |          3 |          3 |       0 |    0 |     1 |      0 |      0 |    0 |          0 |
|       g[0].g_normal.alu_i          |                  microop_unit__42 |          0 |          0 |       0 |    0 |    32 |      0 |      0 |    0 |          0 |
|       g[1].g_normal.alu_i          |  microop_unit__parameterized0__38 |          0 |          0 |       0 |    0 |     8 |      0 |      0 |    0 |          0 |
|   g_has_mem.glen_mem[10].blk_i     |    uop_block_wrap__parameterized3 |        234 |        234 |       0 |    0 |   389 |      0 |      0 |    0 |          0 |
|     (g_has_mem.glen_mem[10].blk_i) |    uop_block_wrap__parameterized3 |          1 |          1 |       0 |    0 |    49 |      0 |      0 |    0 |          0 |
|     core                           |     uop_block__parameterized3_108 |        233 |        233 |       0 |    0 |   340 |      0 |      0 |    0 |          0 |
|       (core)                       |     uop_block__parameterized3_108 |          9 |          9 |       0 |    0 |     4 |      0 |      0 |    0 |          0 |
|       g[0].g_normal.alu_i          |  microop_unit__parameterized0__13 |          0 |          0 |       0 |    0 |     8 |      0 |      0 |    0 |          0 |
|       g[10].g_normal.alu_i         |   microop_unit__parameterized3__9 |          0 |          0 |       0 |    0 |    32 |      0 |      0 |    0 |          0 |
|       g[11].g_normal.alu_i         |  microop_unit__parameterized1__12 |         32 |         32 |       0 |    0 |    32 |      0 |      0 |    0 |          0 |
|       g[1].g_normal.alu_i          |  microop_unit__parameterized0__14 |          0 |          0 |       0 |    0 |     8 |      0 |      0 |    0 |          0 |
|       g[2].g_normal.alu_i          |   microop_unit__parameterized1__9 |         32 |         32 |       0 |    0 |    32 |      0 |      0 |    0 |          0 |
|       g[3].g_normal.alu_i          |   microop_unit__parameterized2__7 |         32 |         32 |       0 |    0 |    32 |      0 |      0 |    0 |          0 |
|       g[4].g_normal.alu_i          |   microop_unit__parameterized3__7 |          0 |          0 |       0 |    0 |    32 |      0 |      0 |    0 |          0 |
|       g[5].g_normal.alu_i          |  microop_unit__parameterized1__10 |         32 |         32 |       0 |    0 |    32 |      0 |      0 |    0 |          0 |
|       g[6].g_normal.alu_i          |   microop_unit__parameterized2__8 |         32 |         32 |       0 |    0 |    32 |      0 |      0 |    0 |          0 |
|       g[7].g_normal.alu_i          |   microop_unit__parameterized3__8 |          0 |          0 |       0 |    0 |    32 |      0 |      0 |    0 |          0 |
|       g[8].g_normal.alu_i          |  microop_unit__parameterized1__11 |         32 |         32 |       0 |    0 |    32 |      0 |      0 |    0 |          0 |
|       g[9].g_normal.alu_i          |   microop_unit__parameterized2__9 |         32 |         32 |       0 |    0 |    32 |      0 |      0 |    0 |          0 |
|   g_has_mem.glen_mem[11].blk_i     |    uop_block_wrap__parameterized2 |          4 |          4 |       0 |    0 |    91 |      0 |      0 |    0 |          0 |
|     (g_has_mem.glen_mem[11].blk_i) |    uop_block_wrap__parameterized2 |          2 |          2 |       0 |    0 |    50 |      0 |      0 |    0 |          0 |
|     core                           |     uop_block__parameterized2_107 |          2 |          2 |       0 |    0 |    41 |      0 |      0 |    0 |          0 |
|       (core)                       |     uop_block__parameterized2_107 |          2 |          2 |       0 |    0 |     1 |      0 |      0 |    0 |          0 |
|       g[0].g_normal.alu_i          |  microop_unit__parameterized0__15 |          0 |          0 |       0 |    0 |     8 |      0 |      0 |    0 |          0 |
|       g[1].g_normal.alu_i          |                  microop_unit__14 |          0 |          0 |       0 |    0 |    32 |      0 |      0 |    0 |          0 |
|   g_has_mem.glen_mem[12].blk_i     |                  uop_block_wrap_0 |          4 |          4 |       0 |    0 |   182 |      0 |      0 |    0 |          0 |
|     (g_has_mem.glen_mem[12].blk_i) |                  uop_block_wrap_0 |          2 |          2 |       0 |    0 |   141 |      0 |      0 |    0 |          0 |
|     core                           |                     uop_block_106 |          2 |          2 |       0 |    0 |    41 |      0 |      0 |    0 |          0 |
|       (core)                       |                     uop_block_106 |          2 |          2 |       0 |    0 |     1 |      0 |      0 |    0 |          0 |
|       g[0].g_normal.alu_i          |                  microop_unit__24 |          0 |          0 |       0 |    0 |    32 |      0 |      0 |    0 |          0 |
|       g[1].g_normal.alu_i          |  microop_unit__parameterized0__22 |          0 |          0 |       0 |    0 |     8 |      0 |      0 |    0 |          0 |
|   g_has_mem.glen_mem[13].blk_i     |    uop_block_wrap__parameterized0 |        235 |        235 |       0 |    0 |   447 |      0 |      0 |    0 |          0 |
|     (g_has_mem.glen_mem[13].blk_i) |    uop_block_wrap__parameterized0 |          0 |          0 |       0 |    0 |    51 |      0 |      0 |    0 |          0 |
|     core                           |     uop_block__parameterized0_105 |        235 |        235 |       0 |    0 |   396 |      0 |      0 |    0 |          0 |
|       (core)                       |     uop_block__parameterized0_105 |         11 |         11 |       0 |    0 |     4 |      0 |      0 |    0 |          0 |
|       g[0].g_normal.alu_i          |                  microop_unit__15 |          0 |          0 |       0 |    0 |    32 |      0 |      0 |    0 |          0 |
|       g[10].g_normal.alu_i         |  microop_unit__parameterized2__18 |         32 |         32 |       0 |    0 |    32 |      0 |      0 |    0 |          0 |
|       g[11].g_normal.alu_i         |  microop_unit__parameterized3__18 |          0 |          0 |       0 |    0 |    32 |      0 |      0 |    0 |          0 |
|       g[12].g_normal.alu_i         |  microop_unit__parameterized1__16 |         32 |         32 |       0 |    0 |    32 |      0 |      0 |    0 |          0 |
|       g[1].g_normal.alu_i          |                  microop_unit__16 |          0 |          0 |       0 |    0 |    32 |      0 |      0 |    0 |          0 |
|       g[2].g_normal.alu_i          |  microop_unit__parameterized1__13 |         32 |         32 |       0 |    0 |    32 |      0 |      0 |    0 |          0 |
|       g[3].g_normal.alu_i          |  microop_unit__parameterized0__29 |          0 |          0 |       0 |    0 |     8 |      0 |      0 |    0 |          0 |
|       g[4].g_normal.alu_i          |  microop_unit__parameterized2__10 |         32 |         32 |       0 |    0 |    32 |      0 |      0 |    0 |          0 |
|       g[5].g_normal.alu_i          |  microop_unit__parameterized3__10 |          0 |          0 |       0 |    0 |    32 |      0 |      0 |    0 |          0 |
|       g[6].g_normal.alu_i          |  microop_unit__parameterized1__14 |         32 |         32 |       0 |    0 |    32 |      0 |      0 |    0 |          0 |
|       g[7].g_normal.alu_i          |  microop_unit__parameterized2__11 |         32 |         32 |       0 |    0 |    32 |      0 |      0 |    0 |          0 |
|       g[8].g_normal.alu_i          |  microop_unit__parameterized3__11 |          0 |          0 |       0 |    0 |    32 |      0 |      0 |    0 |          0 |
|       g[9].g_normal.alu_i          |  microop_unit__parameterized1__15 |         32 |         32 |       0 |    0 |    32 |      0 |      0 |    0 |          0 |
|   g_has_mem.glen_mem[14].blk_i     |    uop_block_wrap__parameterized4 |          6 |          6 |       0 |    0 |   173 |      0 |      0 |    0 |          0 |
|     (g_has_mem.glen_mem[14].blk_i) |    uop_block_wrap__parameterized4 |          0 |          0 |       0 |    0 |    75 |      0 |      0 |    0 |          0 |
|     core                           |     uop_block__parameterized4_104 |          6 |          6 |       0 |    0 |    98 |      0 |      0 |    0 |          0 |
|       (core)                       |     uop_block__parameterized4_104 |          6 |          6 |       0 |    0 |     2 |      0 |      0 |    0 |          0 |
|       g[0].g_normal.alu_i          |  microop_unit__parameterized6__12 |          0 |          0 |       0 |    0 |    64 |      0 |      0 |    0 |          0 |
|       g[1].g_normal.alu_i          |                  microop_unit__17 |          0 |          0 |       0 |    0 |    32 |      0 |      0 |    0 |          0 |
|   g_has_mem.glen_mem[15].blk_i     |  uop_block_wrap__parameterized4_1 |          8 |          8 |       0 |    0 |   174 |      0 |      0 |    0 |          0 |
|     (g_has_mem.glen_mem[15].blk_i) |  uop_block_wrap__parameterized4_1 |          3 |          3 |       0 |    0 |    76 |      0 |      0 |    0 |          0 |
|     core                           |     uop_block__parameterized4_103 |          5 |          5 |       0 |    0 |    98 |      0 |      0 |    0 |          0 |
|       (core)                       |     uop_block__parameterized4_103 |          5 |          5 |       0 |    0 |     2 |      0 |      0 |    0 |          0 |
|       g[0].g_normal.alu_i          |  microop_unit__parameterized6__11 |          0 |          0 |       0 |    0 |    64 |      0 |      0 |    0 |          0 |
|       g[1].g_normal.alu_i          |                  microop_unit__32 |          0 |          0 |       0 |    0 |    32 |      0 |      0 |    0 |          0 |
|   g_has_mem.glen_mem[16].blk_i     |    uop_block_wrap__parameterized5 |          5 |          5 |       0 |    0 |    83 |      0 |      0 |    0 |          0 |
|     (g_has_mem.glen_mem[16].blk_i) |    uop_block_wrap__parameterized5 |          0 |          0 |       0 |    0 |    49 |      0 |      0 |    0 |          0 |
|     core                           |     uop_block__parameterized5_102 |          5 |          5 |       0 |    0 |    34 |      0 |      0 |    0 |          0 |
|       (core)                       |     uop_block__parameterized5_102 |          5 |          5 |       0 |    0 |     2 |      0 |      0 |    0 |          0 |
|       g[0].g_normal.alu_i          |                  microop_unit__46 |          0 |          0 |       0 |    0 |    32 |      0 |      0 |    0 |          0 |
|   g_has_mem.glen_mem[17].blk_i     |  uop_block_wrap__parameterized5_2 |          6 |          6 |       0 |    0 |    83 |      0 |      0 |    0 |          0 |
|     (g_has_mem.glen_mem[17].blk_i) |  uop_block_wrap__parameterized5_2 |          1 |          1 |       0 |    0 |    49 |      0 |      0 |    0 |          0 |
|     core                           |     uop_block__parameterized5_101 |          5 |          5 |       0 |    0 |    34 |      0 |      0 |    0 |          0 |
|       (core)                       |     uop_block__parameterized5_101 |          5 |          5 |       0 |    0 |     2 |      0 |      0 |    0 |          0 |
|       g[0].g_normal.alu_i          |                  microop_unit__53 |          0 |          0 |       0 |    0 |    32 |      0 |      0 |    0 |          0 |
|   g_has_mem.glen_mem[18].blk_i     |  uop_block_wrap__parameterized4_3 |          9 |          9 |       0 |    0 |   177 |      0 |      0 |    0 |          0 |
|     (g_has_mem.glen_mem[18].blk_i) |  uop_block_wrap__parameterized4_3 |          3 |          3 |       0 |    0 |    79 |      0 |      0 |    0 |          0 |
|     core                           |     uop_block__parameterized4_100 |          6 |          6 |       0 |    0 |    98 |      0 |      0 |    0 |          0 |
|       (core)                       |     uop_block__parameterized4_100 |          6 |          6 |       0 |    0 |     2 |      0 |      0 |    0 |          0 |
|       g[0].g_normal.alu_i          |      microop_unit__parameterized6 |          0 |          0 |       0 |    0 |    64 |      0 |      0 |    0 |          0 |
|       g[1].g_normal.alu_i          |                      microop_unit |          0 |          0 |       0 |    0 |    32 |      0 |      0 |    0 |          0 |
|   g_has_mem.glen_mem[19].blk_i     |  uop_block_wrap__parameterized4_4 |          7 |          7 |       0 |    0 |   172 |      0 |      0 |    0 |          0 |
|     (g_has_mem.glen_mem[19].blk_i) |  uop_block_wrap__parameterized4_4 |          1 |          1 |       0 |    0 |    74 |      0 |      0 |    0 |          0 |
|     core                           |      uop_block__parameterized4_99 |          6 |          6 |       0 |    0 |    98 |      0 |      0 |    0 |          0 |
|       (core)                       |      uop_block__parameterized4_99 |          6 |          6 |       0 |    0 |     2 |      0 |      0 |    0 |          0 |
|       g[0].g_normal.alu_i          |  microop_unit__parameterized6__15 |          0 |          0 |       0 |    0 |    64 |      0 |      0 |    0 |          0 |
|       g[1].g_normal.alu_i          |                  microop_unit__56 |          0 |          0 |       0 |    0 |    32 |      0 |      0 |    0 |          0 |
|   g_has_mem.glen_mem[1].blk_i      |  uop_block_wrap__parameterized0_5 |        237 |        237 |       0 |    0 |   443 |      0 |      0 |    0 |          0 |
|     (g_has_mem.glen_mem[1].blk_i)  |  uop_block_wrap__parameterized0_5 |          2 |          2 |       0 |    0 |    47 |      0 |      0 |    0 |          0 |
|     core                           |      uop_block__parameterized0_98 |        235 |        235 |       0 |    0 |   396 |      0 |      0 |    0 |          0 |
|       (core)                       |      uop_block__parameterized0_98 |         11 |         11 |       0 |    0 |     4 |      0 |      0 |    0 |          0 |
|       g[0].g_normal.alu_i          |                  microop_unit__43 |          0 |          0 |       0 |    0 |    32 |      0 |      0 |    0 |          0 |
|       g[10].g_normal.alu_i         |  microop_unit__parameterized2__35 |         32 |         32 |       0 |    0 |    32 |      0 |      0 |    0 |          0 |
|       g[11].g_normal.alu_i         |  microop_unit__parameterized3__27 |          0 |          0 |       0 |    0 |    32 |      0 |      0 |    0 |          0 |
|       g[12].g_normal.alu_i         |  microop_unit__parameterized1__45 |         32 |         32 |       0 |    0 |    32 |      0 |      0 |    0 |          0 |
|       g[1].g_normal.alu_i          |                  microop_unit__44 |          0 |          0 |       0 |    0 |    32 |      0 |      0 |    0 |          0 |
|       g[2].g_normal.alu_i          |  microop_unit__parameterized1__42 |         32 |         32 |       0 |    0 |    32 |      0 |      0 |    0 |          0 |
|       g[3].g_normal.alu_i          |  microop_unit__parameterized0__39 |          0 |          0 |       0 |    0 |     8 |      0 |      0 |    0 |          0 |
|       g[4].g_normal.alu_i          |  microop_unit__parameterized2__33 |         32 |         32 |       0 |    0 |    32 |      0 |      0 |    0 |          0 |
|       g[5].g_normal.alu_i          |  microop_unit__parameterized3__25 |          0 |          0 |       0 |    0 |    32 |      0 |      0 |    0 |          0 |
|       g[6].g_normal.alu_i          |  microop_unit__parameterized1__43 |         32 |         32 |       0 |    0 |    32 |      0 |      0 |    0 |          0 |
|       g[7].g_normal.alu_i          |  microop_unit__parameterized2__34 |         32 |         32 |       0 |    0 |    32 |      0 |      0 |    0 |          0 |
|       g[8].g_normal.alu_i          |  microop_unit__parameterized3__26 |          0 |          0 |       0 |    0 |    32 |      0 |      0 |    0 |          0 |
|       g[9].g_normal.alu_i          |  microop_unit__parameterized1__44 |         32 |         32 |       0 |    0 |    32 |      0 |      0 |    0 |          0 |
|   g_has_mem.glen_mem[20].blk_i     |  uop_block_wrap__parameterized4_6 |          6 |          6 |       0 |    0 |   172 |      0 |      0 |    0 |          0 |
|     (g_has_mem.glen_mem[20].blk_i) |  uop_block_wrap__parameterized4_6 |          0 |          0 |       0 |    0 |    74 |      0 |      0 |    0 |          0 |
|     core                           |      uop_block__parameterized4_97 |          6 |          6 |       0 |    0 |    98 |      0 |      0 |    0 |          0 |
|       (core)                       |      uop_block__parameterized4_97 |          6 |          6 |       0 |    0 |     2 |      0 |      0 |    0 |          0 |
|       g[0].g_normal.alu_i          |  microop_unit__parameterized6__14 |          0 |          0 |       0 |    0 |    64 |      0 |      0 |    0 |          0 |
|       g[1].g_normal.alu_i          |                  microop_unit__55 |          0 |          0 |       0 |    0 |    32 |      0 |      0 |    0 |          0 |
|   g_has_mem.glen_mem[21].blk_i     |  uop_block_wrap__parameterized4_7 |          6 |          6 |       0 |    0 |   173 |      0 |      0 |    0 |          0 |
|     (g_has_mem.glen_mem[21].blk_i) |  uop_block_wrap__parameterized4_7 |          0 |          0 |       0 |    0 |    75 |      0 |      0 |    0 |          0 |
|     core                           |      uop_block__parameterized4_96 |          6 |          6 |       0 |    0 |    98 |      0 |      0 |    0 |          0 |
|       (core)                       |      uop_block__parameterized4_96 |          6 |          6 |       0 |    0 |     2 |      0 |      0 |    0 |          0 |
|       g[0].g_normal.alu_i          |  microop_unit__parameterized6__13 |          0 |          0 |       0 |    0 |    64 |      0 |      0 |    0 |          0 |
|       g[1].g_normal.alu_i          |                  microop_unit__54 |          0 |          0 |       0 |    0 |    32 |      0 |      0 |    0 |          0 |
|   g_has_mem.glen_mem[22].blk_i     |                  uop_block_wrap_8 |          5 |          5 |       0 |    0 |   183 |      0 |      0 |    0 |          0 |
|     (g_has_mem.glen_mem[22].blk_i) |                  uop_block_wrap_8 |          2 |          2 |       0 |    0 |   142 |      0 |      0 |    0 |          0 |
|     core                           |                      uop_block_95 |          3 |          3 |       0 |    0 |    41 |      0 |      0 |    0 |          0 |
|       (core)                       |                      uop_block_95 |          3 |          3 |       0 |    0 |     1 |      0 |      0 |    0 |          0 |
|       g[0].g_normal.alu_i          |                  microop_unit__48 |          0 |          0 |       0 |    0 |    32 |      0 |      0 |    0 |          0 |
|       g[1].g_normal.alu_i          |  microop_unit__parameterized0__44 |          0 |          0 |       0 |    0 |     8 |      0 |      0 |    0 |          0 |
|   g_has_mem.glen_mem[23].blk_i     |                  uop_block_wrap_9 |          8 |          8 |       0 |    0 |   184 |      0 |      0 |    0 |          0 |
|     (g_has_mem.glen_mem[23].blk_i) |                  uop_block_wrap_9 |          5 |          5 |       0 |    0 |   143 |      0 |      0 |    0 |          0 |
|     core                           |                      uop_block_94 |          3 |          3 |       0 |    0 |    41 |      0 |      0 |    0 |          0 |
|       (core)                       |                      uop_block_94 |          3 |          3 |       0 |    0 |     1 |      0 |      0 |    0 |          0 |
|       g[0].g_normal.alu_i          |                  microop_unit__47 |          0 |          0 |       0 |    0 |    32 |      0 |      0 |    0 |          0 |
|       g[1].g_normal.alu_i          |  microop_unit__parameterized0__43 |          0 |          0 |       0 |    0 |     8 |      0 |      0 |    0 |          0 |
|   g_has_mem.glen_mem[24].blk_i     |                 uop_block_wrap_10 |          4 |          4 |       0 |    0 |   181 |      0 |      0 |    0 |          0 |
|     (g_has_mem.glen_mem[24].blk_i) |                 uop_block_wrap_10 |          2 |          2 |       0 |    0 |   140 |      0 |      0 |    0 |          0 |
|     core                           |                      uop_block_93 |          2 |          2 |       0 |    0 |    41 |      0 |      0 |    0 |          0 |
|       (core)                       |                      uop_block_93 |          2 |          2 |       0 |    0 |     1 |      0 |      0 |    0 |          0 |
|       g[0].g_normal.alu_i          |                  microop_unit__23 |          0 |          0 |       0 |    0 |    32 |      0 |      0 |    0 |          0 |
|       g[1].g_normal.alu_i          |  microop_unit__parameterized0__21 |          0 |          0 |       0 |    0 |     8 |      0 |      0 |    0 |          0 |
|   g_has_mem.glen_mem[25].blk_i     | uop_block_wrap__parameterized3_11 |        235 |        235 |       0 |    0 |   390 |      0 |      0 |    0 |          0 |
|     (g_has_mem.glen_mem[25].blk_i) | uop_block_wrap__parameterized3_11 |          2 |          2 |       0 |    0 |    50 |      0 |      0 |    0 |          0 |
|     core                           |      uop_block__parameterized3_92 |        233 |        233 |       0 |    0 |   340 |      0 |      0 |    0 |          0 |
|       (core)                       |      uop_block__parameterized3_92 |          9 |          9 |       0 |    0 |     4 |      0 |      0 |    0 |          0 |
|       g[0].g_normal.alu_i          |  microop_unit__parameterized0__42 |          0 |          0 |       0 |    0 |     8 |      0 |      0 |    0 |          0 |
|       g[10].g_normal.alu_i         |      microop_unit__parameterized3 |          0 |          0 |       0 |    0 |    32 |      0 |      0 |    0 |          0 |
|       g[11].g_normal.alu_i         |      microop_unit__parameterized1 |         32 |         32 |       0 |    0 |    32 |      0 |      0 |    0 |          0 |
|       g[1].g_normal.alu_i          |      microop_unit__parameterized0 |          0 |          0 |       0 |    0 |     8 |      0 |      0 |    0 |          0 |
|       g[2].g_normal.alu_i          |  microop_unit__parameterized1__48 |         32 |         32 |       0 |    0 |    32 |      0 |      0 |    0 |          0 |
|       g[3].g_normal.alu_i          |  microop_unit__parameterized2__38 |         32 |         32 |       0 |    0 |    32 |      0 |      0 |    0 |          0 |
|       g[4].g_normal.alu_i          |  microop_unit__parameterized3__28 |          0 |          0 |       0 |    0 |    32 |      0 |      0 |    0 |          0 |
|       g[5].g_normal.alu_i          |  microop_unit__parameterized1__49 |         32 |         32 |       0 |    0 |    32 |      0 |      0 |    0 |          0 |
|       g[6].g_normal.alu_i          |  microop_unit__parameterized2__39 |         32 |         32 |       0 |    0 |    32 |      0 |      0 |    0 |          0 |
|       g[7].g_normal.alu_i          |  microop_unit__parameterized3__29 |          0 |          0 |       0 |    0 |    32 |      0 |      0 |    0 |          0 |
|       g[8].g_normal.alu_i          |  microop_unit__parameterized1__50 |         32 |         32 |       0 |    0 |    32 |      0 |      0 |    0 |          0 |
|       g[9].g_normal.alu_i          |      microop_unit__parameterized2 |         32 |         32 |       0 |    0 |    32 |      0 |      0 |    0 |          0 |
|   g_has_mem.glen_mem[26].blk_i     |                 uop_block_wrap_12 |          4 |          4 |       0 |    0 |   182 |      0 |      0 |    0 |          0 |
|     (g_has_mem.glen_mem[26].blk_i) |                 uop_block_wrap_12 |          2 |          2 |       0 |    0 |   141 |      0 |      0 |    0 |          0 |
|     core                           |                      uop_block_91 |          2 |          2 |       0 |    0 |    41 |      0 |      0 |    0 |          0 |
|       (core)                       |                      uop_block_91 |          2 |          2 |       0 |    0 |     1 |      0 |      0 |    0 |          0 |
|       g[0].g_normal.alu_i          |                  microop_unit__22 |          0 |          0 |       0 |    0 |    32 |      0 |      0 |    0 |          0 |
|       g[1].g_normal.alu_i          |  microop_unit__parameterized0__20 |          0 |          0 |       0 |    0 |     8 |      0 |      0 |    0 |          0 |
|   g_has_mem.glen_mem[27].blk_i     |                 uop_block_wrap_13 |          3 |          3 |       0 |    0 |   182 |      0 |      0 |    0 |          0 |
|     (g_has_mem.glen_mem[27].blk_i) |                 uop_block_wrap_13 |          1 |          1 |       0 |    0 |   141 |      0 |      0 |    0 |          0 |
|     core                           |                      uop_block_90 |          2 |          2 |       0 |    0 |    41 |      0 |      0 |    0 |          0 |
|       (core)                       |                      uop_block_90 |          2 |          2 |       0 |    0 |     1 |      0 |      0 |    0 |          0 |
|       g[0].g_normal.alu_i          |                  microop_unit__21 |          0 |          0 |       0 |    0 |    32 |      0 |      0 |    0 |          0 |
|       g[1].g_normal.alu_i          |  microop_unit__parameterized0__19 |          0 |          0 |       0 |    0 |     8 |      0 |      0 |    0 |          0 |
|   g_has_mem.glen_mem[28].blk_i     |                 uop_block_wrap_14 |          5 |          5 |       0 |    0 |   179 |      0 |      0 |    0 |          0 |
|     (g_has_mem.glen_mem[28].blk_i) |                 uop_block_wrap_14 |          3 |          3 |       0 |    0 |   138 |      0 |      0 |    0 |          0 |
|     core                           |                      uop_block_89 |          2 |          2 |       0 |    0 |    41 |      0 |      0 |    0 |          0 |
|       (core)                       |                      uop_block_89 |          2 |          2 |       0 |    0 |     1 |      0 |      0 |    0 |          0 |
|       g[0].g_normal.alu_i          |                  microop_unit__20 |          0 |          0 |       0 |    0 |    32 |      0 |      0 |    0 |          0 |
|       g[1].g_normal.alu_i          |  microop_unit__parameterized0__18 |          0 |          0 |       0 |    0 |     8 |      0 |      0 |    0 |          0 |
|   g_has_mem.glen_mem[29].blk_i     | uop_block_wrap__parameterized3_15 |        235 |        235 |       0 |    0 |   390 |      0 |      0 |    0 |          0 |
|     (g_has_mem.glen_mem[29].blk_i) | uop_block_wrap__parameterized3_15 |          2 |          2 |       0 |    0 |    50 |      0 |      0 |    0 |          0 |
|     core                           |      uop_block__parameterized3_88 |        233 |        233 |       0 |    0 |   340 |      0 |      0 |    0 |          0 |
|       (core)                       |      uop_block__parameterized3_88 |          9 |          9 |       0 |    0 |     4 |      0 |      0 |    0 |          0 |
|       g[0].g_normal.alu_i          |  microop_unit__parameterized0__25 |          0 |          0 |       0 |    0 |     8 |      0 |      0 |    0 |          0 |
|       g[10].g_normal.alu_i         |  microop_unit__parameterized3__12 |          0 |          0 |       0 |    0 |    32 |      0 |      0 |    0 |          0 |
|       g[11].g_normal.alu_i         |  microop_unit__parameterized1__17 |         32 |         32 |       0 |    0 |    32 |      0 |      0 |    0 |          0 |
|       g[1].g_normal.alu_i          |  microop_unit__parameterized0__24 |          0 |          0 |       0 |    0 |     8 |      0 |      0 |    0 |          0 |
|       g[2].g_normal.alu_i          |  microop_unit__parameterized1__20 |         32 |         32 |       0 |    0 |    32 |      0 |      0 |    0 |          0 |
|       g[3].g_normal.alu_i          |  microop_unit__parameterized2__14 |         32 |         32 |       0 |    0 |    32 |      0 |      0 |    0 |          0 |
|       g[4].g_normal.alu_i          |  microop_unit__parameterized3__14 |          0 |          0 |       0 |    0 |    32 |      0 |      0 |    0 |          0 |
|       g[5].g_normal.alu_i          |  microop_unit__parameterized1__19 |         32 |         32 |       0 |    0 |    32 |      0 |      0 |    0 |          0 |
|       g[6].g_normal.alu_i          |  microop_unit__parameterized2__13 |         32 |         32 |       0 |    0 |    32 |      0 |      0 |    0 |          0 |
|       g[7].g_normal.alu_i          |  microop_unit__parameterized3__13 |          0 |          0 |       0 |    0 |    32 |      0 |      0 |    0 |          0 |
|       g[8].g_normal.alu_i          |  microop_unit__parameterized1__18 |         32 |         32 |       0 |    0 |    32 |      0 |      0 |    0 |          0 |
|       g[9].g_normal.alu_i          |  microop_unit__parameterized2__12 |         32 |         32 |       0 |    0 |    32 |      0 |      0 |    0 |          0 |
|   g_has_mem.glen_mem[2].blk_i      |    uop_block_wrap__parameterized1 |        172 |        172 |       0 |    0 |   250 |      0 |      0 |    0 |          0 |
|     (g_has_mem.glen_mem[2].blk_i)  |    uop_block_wrap__parameterized1 |          4 |          4 |       0 |    0 |    47 |      0 |      0 |    0 |          0 |
|     core                           |      uop_block__parameterized1_87 |        168 |        168 |       0 |    0 |   203 |      0 |      0 |    0 |          0 |
|       (core)                       |      uop_block__parameterized1_87 |          8 |          8 |       0 |    0 |     3 |      0 |      0 |    0 |          0 |
|       g[0].g_normal.alu_i          |  microop_unit__parameterized0__40 |          0 |          0 |       0 |    0 |     8 |      0 |      0 |    0 |          0 |
|       g[1].g_normal.alu_i          |      microop_unit__parameterized4 |         32 |         32 |       0 |    0 |    32 |      0 |      0 |    0 |          0 |
|       g[2].g_normal.alu_i          |      microop_unit__parameterized5 |          0 |          0 |       0 |    0 |    32 |      0 |      0 |    0 |          0 |
|       g[3].g_normal.alu_i          |  microop_unit__parameterized1__46 |         32 |         32 |       0 |    0 |    32 |      0 |      0 |    0 |          0 |
|       g[4].g_normal.alu_i          |  microop_unit__parameterized1__47 |         32 |         32 |       0 |    0 |    32 |      0 |      0 |    0 |          0 |
|       g[5].g_normal.alu_i          |  microop_unit__parameterized2__36 |         32 |         32 |       0 |    0 |    32 |      0 |      0 |    0 |          0 |
|       g[6].g_normal.alu_i          |  microop_unit__parameterized2__37 |         32 |         32 |       0 |    0 |    32 |      0 |      0 |    0 |          0 |
|   g_has_mem.glen_mem[30].blk_i     | uop_block_wrap__parameterized4_16 |          7 |          7 |       0 |    0 |   173 |      0 |      0 |    0 |          0 |
|     (g_has_mem.glen_mem[30].blk_i) | uop_block_wrap__parameterized4_16 |          1 |          1 |       0 |    0 |    75 |      0 |      0 |    0 |          0 |
|     core                           |      uop_block__parameterized4_86 |          6 |          6 |       0 |    0 |    98 |      0 |      0 |    0 |          0 |
|       (core)                       |      uop_block__parameterized4_86 |          6 |          6 |       0 |    0 |     2 |      0 |      0 |    0 |          0 |
|       g[0].g_normal.alu_i          |  microop_unit__parameterized6__10 |          0 |          0 |       0 |    0 |    64 |      0 |      0 |    0 |          0 |
|       g[1].g_normal.alu_i          |                  microop_unit__31 |          0 |          0 |       0 |    0 |    32 |      0 |      0 |    0 |          0 |
|   g_has_mem.glen_mem[31].blk_i     | uop_block_wrap__parameterized4_17 |          5 |          5 |       0 |    0 |   174 |      0 |      0 |    0 |          0 |
|     (g_has_mem.glen_mem[31].blk_i) | uop_block_wrap__parameterized4_17 |          0 |          0 |       0 |    0 |    76 |      0 |      0 |    0 |          0 |
|     core                           |      uop_block__parameterized4_85 |          5 |          5 |       0 |    0 |    98 |      0 |      0 |    0 |          0 |
|       (core)                       |      uop_block__parameterized4_85 |          5 |          5 |       0 |    0 |     2 |      0 |      0 |    0 |          0 |
|       g[0].g_normal.alu_i          |   microop_unit__parameterized6__9 |          0 |          0 |       0 |    0 |    64 |      0 |      0 |    0 |          0 |
|       g[1].g_normal.alu_i          |                  microop_unit__30 |          0 |          0 |       0 |    0 |    32 |      0 |      0 |    0 |          0 |
|   g_has_mem.glen_mem[32].blk_i     | uop_block_wrap__parameterized4_18 |          7 |          7 |       0 |    0 |   171 |      0 |      0 |    0 |          0 |
|     (g_has_mem.glen_mem[32].blk_i) | uop_block_wrap__parameterized4_18 |          1 |          1 |       0 |    0 |    73 |      0 |      0 |    0 |          0 |
|     core                           |      uop_block__parameterized4_84 |          6 |          6 |       0 |    0 |    98 |      0 |      0 |    0 |          0 |
|       (core)                       |      uop_block__parameterized4_84 |          6 |          6 |       0 |    0 |     2 |      0 |      0 |    0 |          0 |
|       g[0].g_normal.alu_i          |   microop_unit__parameterized6__3 |          0 |          0 |       0 |    0 |    64 |      0 |      0 |    0 |          0 |
|       g[1].g_normal.alu_i          |                   microop_unit__4 |          0 |          0 |       0 |    0 |    32 |      0 |      0 |    0 |          0 |
|   g_has_mem.glen_mem[33].blk_i     | uop_block_wrap__parameterized4_19 |          8 |          8 |       0 |    0 |   172 |      0 |      0 |    0 |          0 |
|     (g_has_mem.glen_mem[33].blk_i) | uop_block_wrap__parameterized4_19 |          2 |          2 |       0 |    0 |    74 |      0 |      0 |    0 |          0 |
|     core                           |      uop_block__parameterized4_83 |          6 |          6 |       0 |    0 |    98 |      0 |      0 |    0 |          0 |
|       (core)                       |      uop_block__parameterized4_83 |          6 |          6 |       0 |    0 |     2 |      0 |      0 |    0 |          0 |
|       g[0].g_normal.alu_i          |   microop_unit__parameterized6__4 |          0 |          0 |       0 |    0 |    64 |      0 |      0 |    0 |          0 |
|       g[1].g_normal.alu_i          |                   microop_unit__5 |          0 |          0 |       0 |    0 |    32 |      0 |      0 |    0 |          0 |
|   g_has_mem.glen_mem[34].blk_i     |                 uop_block_wrap_20 |          6 |          6 |       0 |    0 |   185 |      0 |      0 |    0 |          0 |
|     (g_has_mem.glen_mem[34].blk_i) |                 uop_block_wrap_20 |          2 |          2 |       0 |    0 |   144 |      0 |      0 |    0 |          0 |
|     core                           |                      uop_block_82 |          4 |          4 |       0 |    0 |    41 |      0 |      0 |    0 |          0 |
|       (core)                       |                      uop_block_82 |          4 |          4 |       0 |    0 |     1 |      0 |      0 |    0 |          0 |
|       g[0].g_normal.alu_i          |                   microop_unit__7 |          0 |          0 |       0 |    0 |    32 |      0 |      0 |    0 |          0 |
|       g[1].g_normal.alu_i          |   microop_unit__parameterized0__6 |          0 |          0 |       0 |    0 |     8 |      0 |      0 |    0 |          0 |
|   g_has_mem.glen_mem[35].blk_i     |                 uop_block_wrap_21 |          5 |          5 |       0 |    0 |   180 |      0 |      0 |    0 |          0 |
|     (g_has_mem.glen_mem[35].blk_i) |                 uop_block_wrap_21 |          2 |          2 |       0 |    0 |   139 |      0 |      0 |    0 |          0 |
|     core                           |                      uop_block_81 |          3 |          3 |       0 |    0 |    41 |      0 |      0 |    0 |          0 |
|       (core)                       |                      uop_block_81 |          3 |          3 |       0 |    0 |     1 |      0 |      0 |    0 |          0 |
|       g[0].g_normal.alu_i          |                   microop_unit__8 |          0 |          0 |       0 |    0 |    32 |      0 |      0 |    0 |          0 |
|       g[1].g_normal.alu_i          |   microop_unit__parameterized0__7 |          0 |          0 |       0 |    0 |     8 |      0 |      0 |    0 |          0 |
|   g_has_mem.glen_mem[36].blk_i     |                 uop_block_wrap_22 |          3 |          3 |       0 |    0 |   179 |      0 |      0 |    0 |          0 |
|     (g_has_mem.glen_mem[36].blk_i) |                 uop_block_wrap_22 |          1 |          1 |       0 |    0 |   138 |      0 |      0 |    0 |          0 |
|     core                           |                      uop_block_80 |          2 |          2 |       0 |    0 |    41 |      0 |      0 |    0 |          0 |
|       (core)                       |                      uop_block_80 |          2 |          2 |       0 |    0 |     1 |      0 |      0 |    0 |          0 |
|       g[0].g_normal.alu_i          |                   microop_unit__9 |          0 |          0 |       0 |    0 |    32 |      0 |      0 |    0 |          0 |
|       g[1].g_normal.alu_i          |   microop_unit__parameterized0__8 |          0 |          0 |       0 |    0 |     8 |      0 |      0 |    0 |          0 |
|   g_has_mem.glen_mem[37].blk_i     | uop_block_wrap__parameterized3_23 |        234 |        234 |       0 |    0 |   386 |      0 |      0 |    0 |          0 |
|     (g_has_mem.glen_mem[37].blk_i) | uop_block_wrap__parameterized3_23 |          1 |          1 |       0 |    0 |    46 |      0 |      0 |    0 |          0 |
|     core                           |      uop_block__parameterized3_79 |        233 |        233 |       0 |    0 |   340 |      0 |      0 |    0 |          0 |
|       (core)                       |      uop_block__parameterized3_79 |          9 |          9 |       0 |    0 |     4 |      0 |      0 |    0 |          0 |
|       g[0].g_normal.alu_i          |   microop_unit__parameterized0__5 |          0 |          0 |       0 |    0 |     8 |      0 |      0 |    0 |          0 |
|       g[10].g_normal.alu_i         |   microop_unit__parameterized3__3 |          0 |          0 |       0 |    0 |    32 |      0 |      0 |    0 |          0 |
|       g[11].g_normal.alu_i         |   microop_unit__parameterized1__4 |         32 |         32 |       0 |    0 |    32 |      0 |      0 |    0 |          0 |
|       g[1].g_normal.alu_i          |   microop_unit__parameterized0__4 |          0 |          0 |       0 |    0 |     8 |      0 |      0 |    0 |          0 |
|       g[2].g_normal.alu_i          |   microop_unit__parameterized1__7 |         32 |         32 |       0 |    0 |    32 |      0 |      0 |    0 |          0 |
|       g[3].g_normal.alu_i          |   microop_unit__parameterized2__5 |         32 |         32 |       0 |    0 |    32 |      0 |      0 |    0 |          0 |
|       g[4].g_normal.alu_i          |   microop_unit__parameterized3__5 |          0 |          0 |       0 |    0 |    32 |      0 |      0 |    0 |          0 |
|       g[5].g_normal.alu_i          |   microop_unit__parameterized1__6 |         32 |         32 |       0 |    0 |    32 |      0 |      0 |    0 |          0 |
|       g[6].g_normal.alu_i          |   microop_unit__parameterized2__4 |         32 |         32 |       0 |    0 |    32 |      0 |      0 |    0 |          0 |
|       g[7].g_normal.alu_i          |   microop_unit__parameterized3__4 |          0 |          0 |       0 |    0 |    32 |      0 |      0 |    0 |          0 |
|       g[8].g_normal.alu_i          |   microop_unit__parameterized1__5 |         32 |         32 |       0 |    0 |    32 |      0 |      0 |    0 |          0 |
|       g[9].g_normal.alu_i          |   microop_unit__parameterized2__3 |         32 |         32 |       0 |    0 |    32 |      0 |      0 |    0 |          0 |
|   g_has_mem.glen_mem[38].blk_i     |                 uop_block_wrap_24 |          5 |          5 |       0 |    0 |   183 |      0 |      0 |    0 |          0 |
|     (g_has_mem.glen_mem[38].blk_i) |                 uop_block_wrap_24 |          3 |          3 |       0 |    0 |   142 |      0 |      0 |    0 |          0 |
|     core                           |                      uop_block_78 |          2 |          2 |       0 |    0 |    41 |      0 |      0 |    0 |          0 |
|       (core)                       |                      uop_block_78 |          2 |          2 |       0 |    0 |     1 |      0 |      0 |    0 |          0 |
|       g[0].g_normal.alu_i          |                  microop_unit__10 |          0 |          0 |       0 |    0 |    32 |      0 |      0 |    0 |          0 |
|       g[1].g_normal.alu_i          |   microop_unit__parameterized0__9 |          0 |          0 |       0 |    0 |     8 |      0 |      0 |    0 |          0 |
|   g_has_mem.glen_mem[39].blk_i     |                 uop_block_wrap_25 |          5 |          5 |       0 |    0 |   184 |      0 |      0 |    0 |          0 |
|     (g_has_mem.glen_mem[39].blk_i) |                 uop_block_wrap_25 |          3 |          3 |       0 |    0 |   143 |      0 |      0 |    0 |          0 |
|     core                           |                      uop_block_77 |          2 |          2 |       0 |    0 |    41 |      0 |      0 |    0 |          0 |
|       (core)                       |                      uop_block_77 |          2 |          2 |       0 |    0 |     1 |      0 |      0 |    0 |          0 |
|       g[0].g_normal.alu_i          |                  microop_unit__11 |          0 |          0 |       0 |    0 |    32 |      0 |      0 |    0 |          0 |
|       g[1].g_normal.alu_i          |  microop_unit__parameterized0__10 |          0 |          0 |       0 |    0 |     8 |      0 |      0 |    0 |          0 |
|   g_has_mem.glen_mem[3].blk_i      | uop_block_wrap__parameterized1_26 |        169 |        169 |       0 |    0 |   251 |      0 |      0 |    0 |          0 |
|     (g_has_mem.glen_mem[3].blk_i)  | uop_block_wrap__parameterized1_26 |          1 |          1 |       0 |    0 |    48 |      0 |      0 |    0 |          0 |
|     core                           |      uop_block__parameterized1_76 |        168 |        168 |       0 |    0 |   203 |      0 |      0 |    0 |          0 |
|       (core)                       |      uop_block__parameterized1_76 |          8 |          8 |       0 |    0 |     3 |      0 |      0 |    0 |          0 |
|       g[0].g_normal.alu_i          |  microop_unit__parameterized0__47 |          0 |          0 |       0 |    0 |     8 |      0 |      0 |    0 |          0 |
|       g[1].g_normal.alu_i          |   microop_unit__parameterized4__5 |         32 |         32 |       0 |    0 |    32 |      0 |      0 |    0 |          0 |
|       g[2].g_normal.alu_i          |   microop_unit__parameterized5__6 |          0 |          0 |       0 |    0 |    32 |      0 |      0 |    0 |          0 |
|       g[3].g_normal.alu_i          |  microop_unit__parameterized1__56 |         32 |         32 |       0 |    0 |    32 |      0 |      0 |    0 |          0 |
|       g[4].g_normal.alu_i          |  microop_unit__parameterized1__55 |         32 |         32 |       0 |    0 |    32 |      0 |      0 |    0 |          0 |
|       g[5].g_normal.alu_i          |  microop_unit__parameterized2__44 |         32 |         32 |       0 |    0 |    32 |      0 |      0 |    0 |          0 |
|       g[6].g_normal.alu_i          |  microop_unit__parameterized2__43 |         32 |         32 |       0 |    0 |    32 |      0 |      0 |    0 |          0 |
|   g_has_mem.glen_mem[40].blk_i     |                 uop_block_wrap_27 |          4 |          4 |       0 |    0 |   181 |      0 |      0 |    0 |          0 |
|     (g_has_mem.glen_mem[40].blk_i) |                 uop_block_wrap_27 |          2 |          2 |       0 |    0 |   140 |      0 |      0 |    0 |          0 |
|     core                           |                      uop_block_75 |          2 |          2 |       0 |    0 |    41 |      0 |      0 |    0 |          0 |
|       (core)                       |                      uop_block_75 |          2 |          2 |       0 |    0 |     1 |      0 |      0 |    0 |          0 |
|       g[0].g_normal.alu_i          |                  microop_unit__12 |          0 |          0 |       0 |    0 |    32 |      0 |      0 |    0 |          0 |
|       g[1].g_normal.alu_i          |  microop_unit__parameterized0__11 |          0 |          0 |       0 |    0 |     8 |      0 |      0 |    0 |          0 |
|   g_has_mem.glen_mem[41].blk_i     | uop_block_wrap__parameterized4_28 |          6 |          6 |       0 |    0 |   169 |      0 |      0 |    0 |          0 |
|     (g_has_mem.glen_mem[41].blk_i) | uop_block_wrap__parameterized4_28 |          0 |          0 |       0 |    0 |    71 |      0 |      0 |    0 |          0 |
|     core                           |      uop_block__parameterized4_74 |          6 |          6 |       0 |    0 |    98 |      0 |      0 |    0 |          0 |
|       (core)                       |      uop_block__parameterized4_74 |          6 |          6 |       0 |    0 |     2 |      0 |      0 |    0 |          0 |
|       g[0].g_normal.alu_i          |   microop_unit__parameterized6__5 |          0 |          0 |       0 |    0 |    64 |      0 |      0 |    0 |          0 |
|       g[1].g_normal.alu_i          |                   microop_unit__6 |          0 |          0 |       0 |    0 |    32 |      0 |      0 |    0 |          0 |
|   g_has_mem.glen_mem[42].blk_i     | uop_block_wrap__parameterized3_29 |        238 |        238 |       0 |    0 |   386 |      0 |      0 |    0 |          0 |
|     (g_has_mem.glen_mem[42].blk_i) | uop_block_wrap__parameterized3_29 |          4 |          4 |       0 |    0 |    46 |      0 |      0 |    0 |          0 |
|     core                           |         uop_block__parameterized3 |        234 |        234 |       0 |    0 |   340 |      0 |      0 |    0 |          0 |
|       (core)                       |         uop_block__parameterized3 |         10 |         10 |       0 |    0 |     4 |      0 |      0 |    0 |          0 |
|       g[0].g_normal.alu_i          |   microop_unit__parameterized0__2 |          0 |          0 |       0 |    0 |     8 |      0 |      0 |    0 |          0 |
|       g[10].g_normal.alu_i         |   microop_unit__parameterized3__6 |          0 |          0 |       0 |    0 |    32 |      0 |      0 |    0 |          0 |
|       g[11].g_normal.alu_i         |   microop_unit__parameterized1__8 |         32 |         32 |       0 |    0 |    32 |      0 |      0 |    0 |          0 |
|       g[1].g_normal.alu_i          |   microop_unit__parameterized0__3 |          0 |          0 |       0 |    0 |     8 |      0 |      0 |    0 |          0 |
|       g[2].g_normal.alu_i          |   microop_unit__parameterized1__1 |         32 |         32 |       0 |    0 |    32 |      0 |      0 |    0 |          0 |
|       g[3].g_normal.alu_i          |   microop_unit__parameterized2__1 |         32 |         32 |       0 |    0 |    32 |      0 |      0 |    0 |          0 |
|       g[4].g_normal.alu_i          |   microop_unit__parameterized3__1 |          0 |          0 |       0 |    0 |    32 |      0 |      0 |    0 |          0 |
|       g[5].g_normal.alu_i          |   microop_unit__parameterized1__2 |         32 |         32 |       0 |    0 |    32 |      0 |      0 |    0 |          0 |
|       g[6].g_normal.alu_i          |   microop_unit__parameterized2__2 |         32 |         32 |       0 |    0 |    32 |      0 |      0 |    0 |          0 |
|       g[7].g_normal.alu_i          |   microop_unit__parameterized3__2 |          0 |          0 |       0 |    0 |    32 |      0 |      0 |    0 |          0 |
|       g[8].g_normal.alu_i          |   microop_unit__parameterized1__3 |         32 |         32 |       0 |    0 |    32 |      0 |      0 |    0 |          0 |
|       g[9].g_normal.alu_i          |   microop_unit__parameterized2__6 |         32 |         32 |       0 |    0 |    32 |      0 |      0 |    0 |          0 |
|   g_has_mem.glen_mem[43].blk_i     |    uop_block_wrap__parameterized6 |          6 |          6 |       0 |    0 |   112 |      0 |      0 |    0 |          0 |
|     (g_has_mem.glen_mem[43].blk_i) |    uop_block_wrap__parameterized6 |          1 |          1 |       0 |    0 |    46 |      0 |      0 |    0 |          0 |
|     core                           |         uop_block__parameterized6 |          5 |          5 |       0 |    0 |    66 |      0 |      0 |    0 |          0 |
|       (core)                       |         uop_block__parameterized6 |          5 |          5 |       0 |    0 |     2 |      0 |      0 |    0 |          0 |
|       g[0].g_normal.alu_i          |                   microop_unit__3 |          0 |          0 |       0 |    0 |    32 |      0 |      0 |    0 |          0 |
|       g[3].g_normal.alu_i          |   microop_unit__parameterized5__1 |          0 |          0 |       0 |    0 |    32 |      0 |      0 |    0 |          0 |
|   g_has_mem.glen_mem[44].blk_i     |    uop_block_wrap__parameterized7 |          4 |          4 |       0 |    0 |   205 |      0 |      0 |    0 |          0 |
|     (g_has_mem.glen_mem[44].blk_i) |    uop_block_wrap__parameterized7 |          2 |          2 |       0 |    0 |    76 |      0 |      0 |    0 |          0 |
|     core                           |      uop_block__parameterized7_73 |          2 |          2 |       0 |    0 |   129 |      0 |      0 |    0 |          0 |
|       (core)                       |      uop_block__parameterized7_73 |          2 |          2 |       0 |    0 |     1 |      0 |      0 |    0 |          0 |
|       g[0].g_normal.alu_i          |   microop_unit__parameterized6__7 |          0 |          0 |       0 |    0 |    64 |      0 |      0 |    0 |          0 |
|       g[1].g_normal.alu_i          |   microop_unit__parameterized6__6 |          0 |          0 |       0 |    0 |    64 |      0 |      0 |    0 |          0 |
|   g_has_mem.glen_mem[45].blk_i     | uop_block_wrap__parameterized7_30 |          6 |          6 |       0 |    0 |   208 |      0 |      0 |    0 |          0 |
|     (g_has_mem.glen_mem[45].blk_i) | uop_block_wrap__parameterized7_30 |          4 |          4 |       0 |    0 |    79 |      0 |      0 |    0 |          0 |
|     core                           |         uop_block__parameterized7 |          2 |          2 |       0 |    0 |   129 |      0 |      0 |    0 |          0 |
|       (core)                       |         uop_block__parameterized7 |          2 |          2 |       0 |    0 |     1 |      0 |      0 |    0 |          0 |
|       g[0].g_normal.alu_i          |   microop_unit__parameterized6__2 |          0 |          0 |       0 |    0 |    64 |      0 |      0 |    0 |          0 |
|       g[1].g_normal.alu_i          |   microop_unit__parameterized6__8 |          0 |          0 |       0 |    0 |    64 |      0 |      0 |    0 |          0 |
|   g_has_mem.glen_mem[46].blk_i     | uop_block_wrap__parameterized2_31 |          6 |          6 |       0 |    0 |    84 |      0 |      0 |    0 |          0 |
|     (g_has_mem.glen_mem[46].blk_i) | uop_block_wrap__parameterized2_31 |          4 |          4 |       0 |    0 |    43 |      0 |      0 |    0 |          0 |
|     core                           |      uop_block__parameterized2_72 |          2 |          2 |       0 |    0 |    41 |      0 |      0 |    0 |          0 |
|       (core)                       |      uop_block__parameterized2_72 |          2 |          2 |       0 |    0 |     1 |      0 |      0 |    0 |          0 |
|       g[0].g_normal.alu_i          |   microop_unit__parameterized0__1 |          0 |          0 |       0 |    0 |     8 |      0 |      0 |    0 |          0 |
|       g[1].g_normal.alu_i          |                   microop_unit__2 |          0 |          0 |       0 |    0 |    32 |      0 |      0 |    0 |          0 |
|   g_has_mem.glen_mem[47].blk_i     | uop_block_wrap__parameterized4_32 |          7 |          7 |       0 |    0 |   177 |      0 |      0 |    0 |          0 |
|     (g_has_mem.glen_mem[47].blk_i) | uop_block_wrap__parameterized4_32 |          1 |          1 |       0 |    0 |    79 |      0 |      0 |    0 |          0 |
|     core                           |         uop_block__parameterized4 |          6 |          6 |       0 |    0 |    98 |      0 |      0 |    0 |          0 |
|       (core)                       |         uop_block__parameterized4 |          6 |          6 |       0 |    0 |     2 |      0 |      0 |    0 |          0 |
|       g[0].g_normal.alu_i          |   microop_unit__parameterized6__1 |          0 |          0 |       0 |    0 |    64 |      0 |      0 |    0 |          0 |
|       g[1].g_normal.alu_i          |                   microop_unit__1 |          0 |          0 |       0 |    0 |    32 |      0 |      0 |    0 |          0 |
|   g_has_mem.glen_mem[48].blk_i     |                 uop_block_wrap_33 |          5 |          5 |       0 |    0 |   181 |      0 |      0 |    0 |          0 |
|     (g_has_mem.glen_mem[48].blk_i) |                 uop_block_wrap_33 |          3 |          3 |       0 |    0 |   140 |      0 |      0 |    0 |          0 |
|     core                           |                      uop_block_71 |          2 |          2 |       0 |    0 |    41 |      0 |      0 |    0 |          0 |
|       (core)                       |                      uop_block_71 |          2 |          2 |       0 |    0 |     1 |      0 |      0 |    0 |          0 |
|       g[0].g_normal.alu_i          |                  microop_unit__19 |          0 |          0 |       0 |    0 |    32 |      0 |      0 |    0 |          0 |
|       g[1].g_normal.alu_i          |  microop_unit__parameterized0__17 |          0 |          0 |       0 |    0 |     8 |      0 |      0 |    0 |          0 |
|   g_has_mem.glen_mem[49].blk_i     | uop_block_wrap__parameterized0_34 |        236 |        236 |       0 |    0 |   439 |      0 |      0 |    0 |          0 |
|     (g_has_mem.glen_mem[49].blk_i) | uop_block_wrap__parameterized0_34 |          1 |          1 |       0 |    0 |    43 |      0 |      0 |    0 |          0 |
|     core                           |      uop_block__parameterized0_70 |        235 |        235 |       0 |    0 |   396 |      0 |      0 |    0 |          0 |
|       (core)                       |      uop_block__parameterized0_70 |         11 |         11 |       0 |    0 |     4 |      0 |      0 |    0 |          0 |
|       g[0].g_normal.alu_i          |                  microop_unit__29 |          0 |          0 |       0 |    0 |    32 |      0 |      0 |    0 |          0 |
|       g[10].g_normal.alu_i         |  microop_unit__parameterized2__15 |         32 |         32 |       0 |    0 |    32 |      0 |      0 |    0 |          0 |
|       g[11].g_normal.alu_i         |  microop_unit__parameterized3__15 |          0 |          0 |       0 |    0 |    32 |      0 |      0 |    0 |          0 |
|       g[12].g_normal.alu_i         |  microop_unit__parameterized1__21 |         32 |         32 |       0 |    0 |    32 |      0 |      0 |    0 |          0 |
|       g[1].g_normal.alu_i          |                  microop_unit__28 |          0 |          0 |       0 |    0 |    32 |      0 |      0 |    0 |          0 |
|       g[2].g_normal.alu_i          |  microop_unit__parameterized1__24 |         32 |         32 |       0 |    0 |    32 |      0 |      0 |    0 |          0 |
|       g[3].g_normal.alu_i          |  microop_unit__parameterized0__28 |          0 |          0 |       0 |    0 |     8 |      0 |      0 |    0 |          0 |
|       g[4].g_normal.alu_i          |  microop_unit__parameterized2__17 |         32 |         32 |       0 |    0 |    32 |      0 |      0 |    0 |          0 |
|       g[5].g_normal.alu_i          |  microop_unit__parameterized3__17 |          0 |          0 |       0 |    0 |    32 |      0 |      0 |    0 |          0 |
|       g[6].g_normal.alu_i          |  microop_unit__parameterized1__23 |         32 |         32 |       0 |    0 |    32 |      0 |      0 |    0 |          0 |
|       g[7].g_normal.alu_i          |  microop_unit__parameterized2__16 |         32 |         32 |       0 |    0 |    32 |      0 |      0 |    0 |          0 |
|       g[8].g_normal.alu_i          |  microop_unit__parameterized3__16 |          0 |          0 |       0 |    0 |    32 |      0 |      0 |    0 |          0 |
|       g[9].g_normal.alu_i          |  microop_unit__parameterized1__22 |         32 |         32 |       0 |    0 |    32 |      0 |      0 |    0 |          0 |
|   g_has_mem.glen_mem[4].blk_i      | uop_block_wrap__parameterized2_35 |          4 |          4 |       0 |    0 |    86 |      0 |      0 |    0 |          0 |
|     (g_has_mem.glen_mem[4].blk_i)  | uop_block_wrap__parameterized2_35 |          1 |          1 |       0 |    0 |    45 |      0 |      0 |    0 |          0 |
|     core                           |      uop_block__parameterized2_69 |          3 |          3 |       0 |    0 |    41 |      0 |      0 |    0 |          0 |
|       (core)                       |      uop_block__parameterized2_69 |          3 |          3 |       0 |    0 |     1 |      0 |      0 |    0 |          0 |
|       g[0].g_normal.alu_i          |  microop_unit__parameterized0__41 |          0 |          0 |       0 |    0 |     8 |      0 |      0 |    0 |          0 |
|       g[1].g_normal.alu_i          |                  microop_unit__45 |          0 |          0 |       0 |    0 |    32 |      0 |      0 |    0 |          0 |
|   g_has_mem.glen_mem[50].blk_i     |    uop_block_wrap__parameterized8 |         64 |         64 |       0 |    0 |   101 |      0 |      0 |    0 |          0 |
|     (g_has_mem.glen_mem[50].blk_i) |    uop_block_wrap__parameterized8 |          0 |          0 |       0 |    0 |    37 |      0 |      0 |    0 |          0 |
|     core                           |         uop_block__parameterized8 |         64 |         64 |       0 |    0 |    64 |      0 |      0 |    0 |          0 |
|       (core)                       |         uop_block__parameterized8 |          0 |          0 |       0 |    0 |     0 |      0 |      0 |    0 |          0 |
|       g[0].g_normal.alu_i          |  microop_unit__parameterized1__25 |         32 |         32 |       0 |    0 |    32 |      0 |      0 |    0 |          0 |
|       g[1].g_normal.alu_i          |      microop_unit__parameterized7 |         32 |         32 |       0 |    0 |    32 |      0 |      0 |    0 |          0 |
|   g_has_mem.glen_mem[51].blk_i     | uop_block_wrap__parameterized2_36 |          4 |          4 |       0 |    0 |    84 |      0 |      0 |    0 |          0 |
|     (g_has_mem.glen_mem[51].blk_i) | uop_block_wrap__parameterized2_36 |          2 |          2 |       0 |    0 |    43 |      0 |      0 |    0 |          0 |
|     core                           |      uop_block__parameterized2_68 |          2 |          2 |       0 |    0 |    41 |      0 |      0 |    0 |          0 |
|       (core)                       |      uop_block__parameterized2_68 |          2 |          2 |       0 |    0 |     1 |      0 |      0 |    0 |          0 |
|       g[0].g_normal.alu_i          |  microop_unit__parameterized0__27 |          0 |          0 |       0 |    0 |     8 |      0 |      0 |    0 |          0 |
|       g[1].g_normal.alu_i          |                  microop_unit__27 |          0 |          0 |       0 |    0 |    32 |      0 |      0 |    0 |          0 |
|   g_has_mem.glen_mem[52].blk_i     |                 uop_block_wrap_37 |          5 |          5 |       0 |    0 |   177 |      0 |      0 |    0 |          0 |
|     (g_has_mem.glen_mem[52].blk_i) |                 uop_block_wrap_37 |          3 |          3 |       0 |    0 |   136 |      0 |      0 |    0 |          0 |
|     core                           |                      uop_block_67 |          2 |          2 |       0 |    0 |    41 |      0 |      0 |    0 |          0 |
|       (core)                       |                      uop_block_67 |          2 |          2 |       0 |    0 |     1 |      0 |      0 |    0 |          0 |
|       g[0].g_normal.alu_i          |                  microop_unit__18 |          0 |          0 |       0 |    0 |    32 |      0 |      0 |    0 |          0 |
|       g[1].g_normal.alu_i          |  microop_unit__parameterized0__16 |          0 |          0 |       0 |    0 |     8 |      0 |      0 |    0 |          0 |
|   g_has_mem.glen_mem[53].blk_i     | uop_block_wrap__parameterized0_38 |        244 |        244 |       0 |    0 |   440 |      0 |      0 |    0 |          0 |
|     (g_has_mem.glen_mem[53].blk_i) | uop_block_wrap__parameterized0_38 |          8 |          8 |       0 |    0 |    44 |      0 |      0 |    0 |          0 |
|     core                           |      uop_block__parameterized0_66 |        236 |        236 |       0 |    0 |   396 |      0 |      0 |    0 |          0 |
|       (core)                       |      uop_block__parameterized0_66 |         12 |         12 |       0 |    0 |     4 |      0 |      0 |    0 |          0 |
|       g[0].g_normal.alu_i          |                  microop_unit__34 |          0 |          0 |       0 |    0 |    32 |      0 |      0 |    0 |          0 |
|       g[10].g_normal.alu_i         |  microop_unit__parameterized2__21 |         32 |         32 |       0 |    0 |    32 |      0 |      0 |    0 |          0 |
|       g[11].g_normal.alu_i         |  microop_unit__parameterized3__21 |          0 |          0 |       0 |    0 |    32 |      0 |      0 |    0 |          0 |
|       g[12].g_normal.alu_i         |  microop_unit__parameterized1__29 |         32 |         32 |       0 |    0 |    32 |      0 |      0 |    0 |          0 |
|       g[1].g_normal.alu_i          |                  microop_unit__35 |          0 |          0 |       0 |    0 |    32 |      0 |      0 |    0 |          0 |
|       g[2].g_normal.alu_i          |  microop_unit__parameterized1__26 |         32 |         32 |       0 |    0 |    32 |      0 |      0 |    0 |          0 |
|       g[3].g_normal.alu_i          |  microop_unit__parameterized0__30 |          0 |          0 |       0 |    0 |     8 |      0 |      0 |    0 |          0 |
|       g[4].g_normal.alu_i          |  microop_unit__parameterized2__19 |         32 |         32 |       0 |    0 |    32 |      0 |      0 |    0 |          0 |
|       g[5].g_normal.alu_i          |  microop_unit__parameterized3__19 |          0 |          0 |       0 |    0 |    32 |      0 |      0 |    0 |          0 |
|       g[6].g_normal.alu_i          |  microop_unit__parameterized1__27 |         32 |         32 |       0 |    0 |    32 |      0 |      0 |    0 |          0 |
|       g[7].g_normal.alu_i          |  microop_unit__parameterized2__20 |         32 |         32 |       0 |    0 |    32 |      0 |      0 |    0 |          0 |
|       g[8].g_normal.alu_i          |  microop_unit__parameterized3__20 |          0 |          0 |       0 |    0 |    32 |      0 |      0 |    0 |          0 |
|       g[9].g_normal.alu_i          |  microop_unit__parameterized1__28 |         32 |         32 |       0 |    0 |    32 |      0 |      0 |    0 |          0 |
|   g_has_mem.glen_mem[54].blk_i     | uop_block_wrap__parameterized1_39 |        172 |        172 |       0 |    0 |   249 |      0 |      0 |    0 |          0 |
|     (g_has_mem.glen_mem[54].blk_i) | uop_block_wrap__parameterized1_39 |          3 |          3 |       0 |    0 |    46 |      0 |      0 |    0 |          0 |
|     core                           |      uop_block__parameterized1_65 |        169 |        169 |       0 |    0 |   203 |      0 |      0 |    0 |          0 |
|       (core)                       |      uop_block__parameterized1_65 |          9 |          9 |       0 |    0 |     3 |      0 |      0 |    0 |          0 |
|       g[0].g_normal.alu_i          |  microop_unit__parameterized0__31 |          0 |          0 |       0 |    0 |     8 |      0 |      0 |    0 |          0 |
|       g[1].g_normal.alu_i          |   microop_unit__parameterized4__4 |         32 |         32 |       0 |    0 |    32 |      0 |      0 |    0 |          0 |
|       g[2].g_normal.alu_i          |   microop_unit__parameterized5__5 |          0 |          0 |       0 |    0 |    32 |      0 |      0 |    0 |          0 |
|       g[3].g_normal.alu_i          |  microop_unit__parameterized1__30 |         32 |         32 |       0 |    0 |    32 |      0 |      0 |    0 |          0 |
|       g[4].g_normal.alu_i          |  microop_unit__parameterized1__31 |         32 |         32 |       0 |    0 |    32 |      0 |      0 |    0 |          0 |
|       g[5].g_normal.alu_i          |  microop_unit__parameterized2__22 |         32 |         32 |       0 |    0 |    32 |      0 |      0 |    0 |          0 |
|       g[6].g_normal.alu_i          |  microop_unit__parameterized2__23 |         32 |         32 |       0 |    0 |    32 |      0 |      0 |    0 |          0 |
|   g_has_mem.glen_mem[55].blk_i     | uop_block_wrap__parameterized1_40 |        168 |        168 |       0 |    0 |   250 |      0 |      0 |    0 |          0 |
|     (g_has_mem.glen_mem[55].blk_i) | uop_block_wrap__parameterized1_40 |          0 |          0 |       0 |    0 |    47 |      0 |      0 |    0 |          0 |
|     core                           |      uop_block__parameterized1_64 |        168 |        168 |       0 |    0 |   203 |      0 |      0 |    0 |          0 |
|       (core)                       |      uop_block__parameterized1_64 |          8 |          8 |       0 |    0 |     3 |      0 |      0 |    0 |          0 |
|       g[0].g_normal.alu_i          |  microop_unit__parameterized0__35 |          0 |          0 |       0 |    0 |     8 |      0 |      0 |    0 |          0 |
|       g[1].g_normal.alu_i          |   microop_unit__parameterized4__3 |         32 |         32 |       0 |    0 |    32 |      0 |      0 |    0 |          0 |
|       g[2].g_normal.alu_i          |   microop_unit__parameterized5__4 |          0 |          0 |       0 |    0 |    32 |      0 |      0 |    0 |          0 |
|       g[3].g_normal.alu_i          |  microop_unit__parameterized1__40 |         32 |         32 |       0 |    0 |    32 |      0 |      0 |    0 |          0 |
|       g[4].g_normal.alu_i          |  microop_unit__parameterized1__39 |         32 |         32 |       0 |    0 |    32 |      0 |      0 |    0 |          0 |
|       g[5].g_normal.alu_i          |  microop_unit__parameterized2__31 |         32 |         32 |       0 |    0 |    32 |      0 |      0 |    0 |          0 |
|       g[6].g_normal.alu_i          |  microop_unit__parameterized2__30 |         32 |         32 |       0 |    0 |    32 |      0 |      0 |    0 |          0 |
|   g_has_mem.glen_mem[56].blk_i     | uop_block_wrap__parameterized1_41 |        168 |        168 |       0 |    0 |   250 |      0 |      0 |    0 |          0 |
|     (g_has_mem.glen_mem[56].blk_i) | uop_block_wrap__parameterized1_41 |          0 |          0 |       0 |    0 |    47 |      0 |      0 |    0 |          0 |
|     core                           |      uop_block__parameterized1_63 |        168 |        168 |       0 |    0 |   203 |      0 |      0 |    0 |          0 |
|       (core)                       |      uop_block__parameterized1_63 |          8 |          8 |       0 |    0 |     3 |      0 |      0 |    0 |          0 |
|       g[0].g_normal.alu_i          |  microop_unit__parameterized0__34 |          0 |          0 |       0 |    0 |     8 |      0 |      0 |    0 |          0 |
|       g[1].g_normal.alu_i          |   microop_unit__parameterized4__2 |         32 |         32 |       0 |    0 |    32 |      0 |      0 |    0 |          0 |
|       g[2].g_normal.alu_i          |   microop_unit__parameterized5__3 |          0 |          0 |       0 |    0 |    32 |      0 |      0 |    0 |          0 |
|       g[3].g_normal.alu_i          |  microop_unit__parameterized1__38 |         32 |         32 |       0 |    0 |    32 |      0 |      0 |    0 |          0 |
|       g[4].g_normal.alu_i          |  microop_unit__parameterized1__37 |         32 |         32 |       0 |    0 |    32 |      0 |      0 |    0 |          0 |
|       g[5].g_normal.alu_i          |  microop_unit__parameterized2__29 |         32 |         32 |       0 |    0 |    32 |      0 |      0 |    0 |          0 |
|       g[6].g_normal.alu_i          |  microop_unit__parameterized2__28 |         32 |         32 |       0 |    0 |    32 |      0 |      0 |    0 |          0 |
|   g_has_mem.glen_mem[57].blk_i     | uop_block_wrap__parameterized2_42 |          4 |          4 |       0 |    0 |    83 |      0 |      0 |    0 |          0 |
|     (g_has_mem.glen_mem[57].blk_i) | uop_block_wrap__parameterized2_42 |          1 |          1 |       0 |    0 |    42 |      0 |      0 |    0 |          0 |
|     core                           |      uop_block__parameterized2_62 |          3 |          3 |       0 |    0 |    41 |      0 |      0 |    0 |          0 |
|       (core)                       |      uop_block__parameterized2_62 |          3 |          3 |       0 |    0 |     1 |      0 |      0 |    0 |          0 |
|       g[0].g_normal.alu_i          |  microop_unit__parameterized0__32 |          0 |          0 |       0 |    0 |     8 |      0 |      0 |    0 |          0 |
|       g[1].g_normal.alu_i          |                  microop_unit__36 |          0 |          0 |       0 |    0 |    32 |      0 |      0 |    0 |          0 |
|   g_has_mem.glen_mem[58].blk_i     | uop_block_wrap__parameterized2_43 |          4 |          4 |       0 |    0 |    86 |      0 |      0 |    0 |          0 |
|     (g_has_mem.glen_mem[58].blk_i) | uop_block_wrap__parameterized2_43 |          2 |          2 |       0 |    0 |    45 |      0 |      0 |    0 |          0 |
|     core                           |      uop_block__parameterized2_61 |          2 |          2 |       0 |    0 |    41 |      0 |      0 |    0 |          0 |
|       (core)                       |      uop_block__parameterized2_61 |          2 |          2 |       0 |    0 |     1 |      0 |      0 |    0 |          0 |
|       g[0].g_normal.alu_i          |  microop_unit__parameterized0__36 |          0 |          0 |       0 |    0 |     8 |      0 |      0 |    0 |          0 |
|       g[1].g_normal.alu_i          |                  microop_unit__38 |          0 |          0 |       0 |    0 |    32 |      0 |      0 |    0 |          0 |
|   g_has_mem.glen_mem[59].blk_i     |    uop_block_wrap__parameterized9 |        234 |        234 |       0 |    0 |   408 |      0 |      0 |    0 |          0 |
|     (g_has_mem.glen_mem[59].blk_i) |    uop_block_wrap__parameterized9 |          0 |          0 |       0 |    0 |    44 |      0 |      0 |    0 |          0 |
|     core                           |         uop_block__parameterized9 |        234 |        234 |       0 |    0 |   364 |      0 |      0 |    0 |          0 |
|       (core)                       |         uop_block__parameterized9 |         10 |         10 |       0 |    0 |     4 |      0 |      0 |    0 |          0 |
|       g[0].g_normal.alu_i          |  microop_unit__parameterized0__37 |          0 |          0 |       0 |    0 |     8 |      0 |      0 |    0 |          0 |
|       g[10].g_normal.alu_i         |  microop_unit__parameterized3__24 |          0 |          0 |       0 |    0 |    32 |      0 |      0 |    0 |          0 |
|       g[11].g_normal.alu_i         |  microop_unit__parameterized1__41 |         32 |         32 |       0 |    0 |    32 |      0 |      0 |    0 |          0 |
|       g[1].g_normal.alu_i          |                  microop_unit__37 |          0 |          0 |       0 |    0 |    32 |      0 |      0 |    0 |          0 |
|       g[2].g_normal.alu_i          |  microop_unit__parameterized1__32 |         32 |         32 |       0 |    0 |    32 |      0 |      0 |    0 |          0 |
|       g[3].g_normal.alu_i          |  microop_unit__parameterized2__24 |         32 |         32 |       0 |    0 |    32 |      0 |      0 |    0 |          0 |
|       g[4].g_normal.alu_i          |  microop_unit__parameterized3__22 |          0 |          0 |       0 |    0 |    32 |      0 |      0 |    0 |          0 |
|       g[5].g_normal.alu_i          |  microop_unit__parameterized1__33 |         32 |         32 |       0 |    0 |    32 |      0 |      0 |    0 |          0 |
|       g[6].g_normal.alu_i          |  microop_unit__parameterized2__25 |         32 |         32 |       0 |    0 |    32 |      0 |      0 |    0 |          0 |
|       g[7].g_normal.alu_i          |  microop_unit__parameterized3__23 |          0 |          0 |       0 |    0 |    32 |      0 |      0 |    0 |          0 |
|       g[8].g_normal.alu_i          |  microop_unit__parameterized1__34 |         32 |         32 |       0 |    0 |    32 |      0 |      0 |    0 |          0 |
|       g[9].g_normal.alu_i          |  microop_unit__parameterized2__32 |         32 |         32 |       0 |    0 |    32 |      0 |      0 |    0 |          0 |
|   g_has_mem.glen_mem[5].blk_i      |                 uop_block_wrap_44 |          5 |          5 |       0 |    0 |   180 |      0 |      0 |    0 |          0 |
|     (g_has_mem.glen_mem[5].blk_i)  |                 uop_block_wrap_44 |          2 |          2 |       0 |    0 |   139 |      0 |      0 |    0 |          0 |
|     core                           |                      uop_block_60 |          3 |          3 |       0 |    0 |    41 |      0 |      0 |    0 |          0 |
|       (core)                       |                      uop_block_60 |          3 |          3 |       0 |    0 |     1 |      0 |      0 |    0 |          0 |
|       g[0].g_normal.alu_i          |                  microop_unit__49 |          0 |          0 |       0 |    0 |    32 |      0 |      0 |    0 |          0 |
|       g[1].g_normal.alu_i          |  microop_unit__parameterized0__45 |          0 |          0 |       0 |    0 |     8 |      0 |      0 |    0 |          0 |
|   g_has_mem.glen_mem[60].blk_i     | uop_block_wrap__parameterized1_45 |        168 |        168 |       0 |    0 |   246 |      0 |      0 |    0 |          0 |
|     (g_has_mem.glen_mem[60].blk_i) | uop_block_wrap__parameterized1_45 |          0 |          0 |       0 |    0 |    43 |      0 |      0 |    0 |          0 |
|     core                           |         uop_block__parameterized1 |        168 |        168 |       0 |    0 |   203 |      0 |      0 |    0 |          0 |
|       (core)                       |         uop_block__parameterized1 |          8 |          8 |       0 |    0 |     3 |      0 |      0 |    0 |          0 |
|       g[0].g_normal.alu_i          |  microop_unit__parameterized0__33 |          0 |          0 |       0 |    0 |     8 |      0 |      0 |    0 |          0 |
|       g[1].g_normal.alu_i          |   microop_unit__parameterized4__1 |         32 |         32 |       0 |    0 |    32 |      0 |      0 |    0 |          0 |
|       g[2].g_normal.alu_i          |   microop_unit__parameterized5__2 |          0 |          0 |       0 |    0 |    32 |      0 |      0 |    0 |          0 |
|       g[3].g_normal.alu_i          |  microop_unit__parameterized1__36 |         32 |         32 |       0 |    0 |    32 |      0 |      0 |    0 |          0 |
|       g[4].g_normal.alu_i          |  microop_unit__parameterized1__35 |         32 |         32 |       0 |    0 |    32 |      0 |      0 |    0 |          0 |
|       g[5].g_normal.alu_i          |  microop_unit__parameterized2__27 |         32 |         32 |       0 |    0 |    32 |      0 |      0 |    0 |          0 |
|       g[6].g_normal.alu_i          |  microop_unit__parameterized2__26 |         32 |         32 |       0 |    0 |    32 |      0 |      0 |    0 |          0 |
|   g_has_mem.glen_mem[61].blk_i     | uop_block_wrap__parameterized5_46 |          5 |          5 |       0 |    0 |    77 |      0 |      0 |    0 |          0 |
|     (g_has_mem.glen_mem[61].blk_i) | uop_block_wrap__parameterized5_46 |          0 |          0 |       0 |    0 |    43 |      0 |      0 |    0 |          0 |
|     core                           |      uop_block__parameterized5_59 |          5 |          5 |       0 |    0 |    34 |      0 |      0 |    0 |          0 |
|       (core)                       |      uop_block__parameterized5_59 |          5 |          5 |       0 |    0 |     2 |      0 |      0 |    0 |          0 |
|       g[0].g_normal.alu_i          |                  microop_unit__41 |          0 |          0 |       0 |    0 |    32 |      0 |      0 |    0 |          0 |
|   g_has_mem.glen_mem[62].blk_i     | uop_block_wrap__parameterized5_47 |          5 |          5 |       0 |    0 |    76 |      0 |      0 |    0 |          0 |
|     (g_has_mem.glen_mem[62].blk_i) | uop_block_wrap__parameterized5_47 |          0 |          0 |       0 |    0 |    42 |      0 |      0 |    0 |          0 |
|     core                           |      uop_block__parameterized5_58 |          5 |          5 |       0 |    0 |    34 |      0 |      0 |    0 |          0 |
|       (core)                       |      uop_block__parameterized5_58 |          5 |          5 |       0 |    0 |     2 |      0 |      0 |    0 |          0 |
|       g[0].g_normal.alu_i          |                  microop_unit__40 |          0 |          0 |       0 |    0 |    32 |      0 |      0 |    0 |          0 |
|   g_has_mem.glen_mem[63].blk_i     | uop_block_wrap__parameterized5_48 |          5 |          5 |       0 |    0 |    77 |      0 |      0 |    0 |          0 |
|     (g_has_mem.glen_mem[63].blk_i) | uop_block_wrap__parameterized5_48 |          0 |          0 |       0 |    0 |    43 |      0 |      0 |    0 |          0 |
|     core                           |      uop_block__parameterized5_57 |          5 |          5 |       0 |    0 |    34 |      0 |      0 |    0 |          0 |
|       (core)                       |      uop_block__parameterized5_57 |          5 |          5 |       0 |    0 |     2 |      0 |      0 |    0 |          0 |
|       g[0].g_normal.alu_i          |                  microop_unit__39 |          0 |          0 |       0 |    0 |    32 |      0 |      0 |    0 |          0 |
|   g_has_mem.glen_mem[64].blk_i     | uop_block_wrap__parameterized5_49 |          5 |          5 |       0 |    0 |    77 |      0 |      0 |    0 |          0 |
|     (g_has_mem.glen_mem[64].blk_i) | uop_block_wrap__parameterized5_49 |          0 |          0 |       0 |    0 |    43 |      0 |      0 |    0 |          0 |
|     core                           |         uop_block__parameterized5 |          5 |          5 |       0 |    0 |    34 |      0 |      0 |    0 |          0 |
|       (core)                       |         uop_block__parameterized5 |          5 |          5 |       0 |    0 |     2 |      0 |      0 |    0 |          0 |
|       g[0].g_normal.alu_i          |                  microop_unit__33 |          0 |          0 |       0 |    0 |    32 |      0 |      0 |    0 |          0 |
|   g_has_mem.glen_mem[65].blk_i     | uop_block_wrap__parameterized2_50 |          6 |          6 |       0 |    0 |    88 |      0 |      0 |    0 |          0 |
|     (g_has_mem.glen_mem[65].blk_i) | uop_block_wrap__parameterized2_50 |          2 |          2 |       0 |    0 |    47 |      0 |      0 |    0 |          0 |
|     core                           |      uop_block__parameterized2_56 |          4 |          4 |       0 |    0 |    41 |      0 |      0 |    0 |          0 |
|       (core)                       |      uop_block__parameterized2_56 |          4 |          4 |       0 |    0 |     1 |      0 |      0 |    0 |          0 |
|       g[0].g_normal.alu_i          |  microop_unit__parameterized0__26 |          0 |          0 |       0 |    0 |     8 |      0 |      0 |    0 |          0 |
|       g[1].g_normal.alu_i          |                  microop_unit__26 |          0 |          0 |       0 |    0 |    32 |      0 |      0 |    0 |          0 |
|   g_has_mem.glen_mem[6].blk_i      | uop_block_wrap__parameterized0_51 |        237 |        237 |       0 |    0 |   444 |      0 |      0 |    0 |          0 |
|     (g_has_mem.glen_mem[6].blk_i)  | uop_block_wrap__parameterized0_51 |          2 |          2 |       0 |    0 |    48 |      0 |      0 |    0 |          0 |
|     core                           |         uop_block__parameterized0 |        235 |        235 |       0 |    0 |   396 |      0 |      0 |    0 |          0 |
|       (core)                       |         uop_block__parameterized0 |         11 |         11 |       0 |    0 |     4 |      0 |      0 |    0 |          0 |
|       g[0].g_normal.alu_i          |                  microop_unit__51 |          0 |          0 |       0 |    0 |    32 |      0 |      0 |    0 |          0 |
|       g[10].g_normal.alu_i         |  microop_unit__parameterized2__40 |         32 |         32 |       0 |    0 |    32 |      0 |      0 |    0 |          0 |
|       g[11].g_normal.alu_i         |  microop_unit__parameterized3__30 |          0 |          0 |       0 |    0 |    32 |      0 |      0 |    0 |          0 |
|       g[12].g_normal.alu_i         |  microop_unit__parameterized1__51 |         32 |         32 |       0 |    0 |    32 |      0 |      0 |    0 |          0 |
|       g[1].g_normal.alu_i          |                  microop_unit__50 |          0 |          0 |       0 |    0 |    32 |      0 |      0 |    0 |          0 |
|       g[2].g_normal.alu_i          |  microop_unit__parameterized1__54 |         32 |         32 |       0 |    0 |    32 |      0 |      0 |    0 |          0 |
|       g[3].g_normal.alu_i          |  microop_unit__parameterized0__46 |          0 |          0 |       0 |    0 |     8 |      0 |      0 |    0 |          0 |
|       g[4].g_normal.alu_i          |  microop_unit__parameterized2__42 |         32 |         32 |       0 |    0 |    32 |      0 |      0 |    0 |          0 |
|       g[5].g_normal.alu_i          |  microop_unit__parameterized3__32 |          0 |          0 |       0 |    0 |    32 |      0 |      0 |    0 |          0 |
|       g[6].g_normal.alu_i          |  microop_unit__parameterized1__53 |         32 |         32 |       0 |    0 |    32 |      0 |      0 |    0 |          0 |
|       g[7].g_normal.alu_i          |  microop_unit__parameterized2__41 |         32 |         32 |       0 |    0 |    32 |      0 |      0 |    0 |          0 |
|       g[8].g_normal.alu_i          |  microop_unit__parameterized3__31 |          0 |          0 |       0 |    0 |    32 |      0 |      0 |    0 |          0 |
|       g[9].g_normal.alu_i          |  microop_unit__parameterized1__52 |         32 |         32 |       0 |    0 |    32 |      0 |      0 |    0 |          0 |
|   g_has_mem.glen_mem[7].blk_i      | uop_block_wrap__parameterized2_52 |         11 |         11 |       0 |    0 |    91 |      0 |      0 |    0 |          0 |
|     (g_has_mem.glen_mem[7].blk_i)  | uop_block_wrap__parameterized2_52 |          8 |          8 |       0 |    0 |    50 |      0 |      0 |    0 |          0 |
|     core                           |         uop_block__parameterized2 |          3 |          3 |       0 |    0 |    41 |      0 |      0 |    0 |          0 |
|       (core)                       |         uop_block__parameterized2 |          3 |          3 |       0 |    0 |     1 |      0 |      0 |    0 |          0 |
|       g[0].g_normal.alu_i          |  microop_unit__parameterized0__48 |          0 |          0 |       0 |    0 |     8 |      0 |      0 |    0 |          0 |
|       g[1].g_normal.alu_i          |                  microop_unit__52 |          0 |          0 |       0 |    0 |    32 |      0 |      0 |    0 |          0 |
|   g_has_mem.glen_mem[8].blk_i      |                 uop_block_wrap_53 |          3 |          3 |       0 |    0 |   181 |      0 |      0 |    0 |          0 |
|     (g_has_mem.glen_mem[8].blk_i)  |                 uop_block_wrap_53 |          1 |          1 |       0 |    0 |   140 |      0 |      0 |    0 |          0 |
|     core                           |                      uop_block_55 |          2 |          2 |       0 |    0 |    41 |      0 |      0 |    0 |          0 |
|       (core)                       |                      uop_block_55 |          2 |          2 |       0 |    0 |     1 |      0 |      0 |    0 |          0 |
|       g[0].g_normal.alu_i          |                  microop_unit__13 |          0 |          0 |       0 |    0 |    32 |      0 |      0 |    0 |          0 |
|       g[1].g_normal.alu_i          |  microop_unit__parameterized0__12 |          0 |          0 |       0 |    0 |     8 |      0 |      0 |    0 |          0 |
|   g_has_mem.glen_mem[9].blk_i      |                 uop_block_wrap_54 |          4 |          4 |       0 |    0 |   178 |      0 |      0 |    0 |          0 |
|     (g_has_mem.glen_mem[9].blk_i)  |                 uop_block_wrap_54 |          2 |          2 |       0 |    0 |   137 |      0 |      0 |    0 |          0 |
|     core                           |                         uop_block |          2 |          2 |       0 |    0 |    41 |      0 |      0 |    0 |          0 |
|       (core)                       |                         uop_block |          2 |          2 |       0 |    0 |     1 |      0 |      0 |    0 |          0 |
|       g[0].g_normal.alu_i          |                  microop_unit__25 |          0 |          0 |       0 |    0 |    32 |      0 |      0 |    0 |          0 |
|       g[1].g_normal.alu_i          |  microop_unit__parameterized0__23 |          0 |          0 |       0 |    0 |     8 |      0 |      0 |    0 |          0 |
|   g_has_mem.u_pool                 |                          spm_pool |       3040 |       3040 |       0 |    0 |  1707 |      8 |      0 |    0 |          0 |
|     (g_has_mem.u_pool)             |                          spm_pool |       2848 |       2848 |       0 |    0 |  1643 |      0 |      0 |    0 |          0 |
|     g_banks.gb[0].u_bank64         |                       spm_bank__1 |          5 |          5 |       0 |    0 |     2 |      1 |      0 |    0 |          0 |
|       (g_banks.gb[0].u_bank64)     |                       spm_bank__1 |          1 |          1 |       0 |    0 |     2 |      0 |      0 |    0 |          0 |
|       u_mem                        |             xpm_memory_sdpram_116 |          4 |          4 |       0 |    0 |     0 |      1 |      0 |    0 |          0 |
|         (u_mem)                    |             xpm_memory_sdpram_116 |          4 |          4 |       0 |    0 |     0 |      0 |      0 |    0 |          0 |
|         xpm_memory_base_inst       |                xpm_memory_base__1 |          0 |          0 |       0 |    0 |     0 |      1 |      0 |    0 |          0 |
|     g_banks.gb[1].u_bank64         |                       spm_bank__2 |          5 |          5 |       0 |    0 |     2 |      1 |      0 |    0 |          0 |
|       (g_banks.gb[1].u_bank64)     |                       spm_bank__2 |          1 |          1 |       0 |    0 |     2 |      0 |      0 |    0 |          0 |
|       u_mem                        |             xpm_memory_sdpram_115 |          4 |          4 |       0 |    0 |     0 |      1 |      0 |    0 |          0 |
|         (u_mem)                    |             xpm_memory_sdpram_115 |          4 |          4 |       0 |    0 |     0 |      0 |      0 |    0 |          0 |
|         xpm_memory_base_inst       |                xpm_memory_base__2 |          0 |          0 |       0 |    0 |     0 |      1 |      0 |    0 |          0 |
|     g_banks.gb[2].u_bank64         |                       spm_bank__3 |          5 |          5 |       0 |    0 |     2 |      1 |      0 |    0 |          0 |
|       (g_banks.gb[2].u_bank64)     |                       spm_bank__3 |          1 |          1 |       0 |    0 |     2 |      0 |      0 |    0 |          0 |
|       u_mem                        |             xpm_memory_sdpram_114 |          4 |          4 |       0 |    0 |     0 |      1 |      0 |    0 |          0 |
|         (u_mem)                    |             xpm_memory_sdpram_114 |          4 |          4 |       0 |    0 |     0 |      0 |      0 |    0 |          0 |
|         xpm_memory_base_inst       |                xpm_memory_base__3 |          0 |          0 |       0 |    0 |     0 |      1 |      0 |    0 |          0 |
|     g_banks.gb[3].u_bank64         |                       spm_bank__4 |          5 |          5 |       0 |    0 |     2 |      1 |      0 |    0 |          0 |
|       (g_banks.gb[3].u_bank64)     |                       spm_bank__4 |          1 |          1 |       0 |    0 |     2 |      0 |      0 |    0 |          0 |
|       u_mem                        |             xpm_memory_sdpram_113 |          4 |          4 |       0 |    0 |     0 |      1 |      0 |    0 |          0 |
|         (u_mem)                    |             xpm_memory_sdpram_113 |          4 |          4 |       0 |    0 |     0 |      0 |      0 |    0 |          0 |
|         xpm_memory_base_inst       |                xpm_memory_base__4 |          0 |          0 |       0 |    0 |     0 |      1 |      0 |    0 |          0 |
|     g_banks.gb[4].u_bank64         |                       spm_bank__5 |          5 |          5 |       0 |    0 |     2 |      1 |      0 |    0 |          0 |
|       (g_banks.gb[4].u_bank64)     |                       spm_bank__5 |          1 |          1 |       0 |    0 |     2 |      0 |      0 |    0 |          0 |
|       u_mem                        |             xpm_memory_sdpram_112 |          4 |          4 |       0 |    0 |     0 |      1 |      0 |    0 |          0 |
|         (u_mem)                    |             xpm_memory_sdpram_112 |          4 |          4 |       0 |    0 |     0 |      0 |      0 |    0 |          0 |
|         xpm_memory_base_inst       |                xpm_memory_base__5 |          0 |          0 |       0 |    0 |     0 |      1 |      0 |    0 |          0 |
|     g_banks.gb[5].u_bank64         |                       spm_bank__6 |          5 |          5 |       0 |    0 |     2 |      1 |      0 |    0 |          0 |
|       (g_banks.gb[5].u_bank64)     |                       spm_bank__6 |          1 |          1 |       0 |    0 |     2 |      0 |      0 |    0 |          0 |
|       u_mem                        |             xpm_memory_sdpram_111 |          4 |          4 |       0 |    0 |     0 |      1 |      0 |    0 |          0 |
|         (u_mem)                    |             xpm_memory_sdpram_111 |          4 |          4 |       0 |    0 |     0 |      0 |      0 |    0 |          0 |
|         xpm_memory_base_inst       |                xpm_memory_base__6 |          0 |          0 |       0 |    0 |     0 |      1 |      0 |    0 |          0 |
|     g_banks.gb[6].u_bank64         |                       spm_bank__7 |          5 |          5 |       0 |    0 |     2 |      1 |      0 |    0 |          0 |
|       (g_banks.gb[6].u_bank64)     |                       spm_bank__7 |          1 |          1 |       0 |    0 |     2 |      0 |      0 |    0 |          0 |
|       u_mem                        |             xpm_memory_sdpram_110 |          4 |          4 |       0 |    0 |     0 |      1 |      0 |    0 |          0 |
|         (u_mem)                    |             xpm_memory_sdpram_110 |          4 |          4 |       0 |    0 |     0 |      0 |      0 |    0 |          0 |
|         xpm_memory_base_inst       |                xpm_memory_base__7 |          0 |          0 |       0 |    0 |     0 |      1 |      0 |    0 |          0 |
|     g_banks.gb[7].u_bank64         |                          spm_bank |          5 |          5 |       0 |    0 |     2 |      1 |      0 |    0 |          0 |
|       (g_banks.gb[7].u_bank64)     |                          spm_bank |          1 |          1 |       0 |    0 |     2 |      0 |      0 |    0 |          0 |
|       u_mem                        |                 xpm_memory_sdpram |          4 |          4 |       0 |    0 |     0 |      1 |      0 |    0 |          0 |
|         (u_mem)                    |                 xpm_memory_sdpram |          4 |          4 |       0 |    0 |     0 |      0 |      0 |    0 |          0 |
|         xpm_memory_base_inst       |                   xpm_memory_base |          0 |          0 |       0 |    0 |     0 |      1 |      0 |    0 |          0 |
|     u_rrA                          |                     rr_arbiter__1 |         76 |         76 |       0 |    0 |    24 |      0 |      0 |    0 |          0 |
|     u_rrB                          |                        rr_arbiter |         76 |         76 |       0 |    0 |    24 |      0 |      0 |    0 |          0 |
+------------------------------------+-----------------------------------+------------+------------+---------+------+-------+--------+--------+------+------------+


