Copyright 1986-2020 Xilinx, Inc. All Rights Reserved.
----------------------------------------------------------------------------------------------------------------------------------------------------------
| Tool Version      : Vivado v.2020.1 (lin64) Build 2902540 Wed May 27 19:54:35 MDT 2020
| Date              : Mon Sep 22 19:04:32 2025
| Host              : orthanc running 64-bit Ubuntu 22.04.4 LTS
| Command           : report_timing_summary -file /home/jyoo/custom_v_2/custom-core-tool/reports/memory_wo_simd/single/510_parest_r/post_route_timing.rpt
| Design            : top_bench__510_parest_r
| Device            : xcu200-fsgd2104
| Speed File        : -2  PRODUCTION 1.27 02-28-2020
| Temperature Grade : E
----------------------------------------------------------------------------------------------------------------------------------------------------------

Timing Summary Report

------------------------------------------------------------------------------------------------
| Timer Settings
| --------------
------------------------------------------------------------------------------------------------

  Enable Multi Corner Analysis               :  Yes
  Enable Pessimism Removal                   :  Yes
  Pessimism Removal Resolution               :  Nearest Common Node
  Enable Input Delay Default Clock           :  No
  Enable Preset / Clear Arcs                 :  No
  Disable Flight Delays                      :  No
  Ignore I/O Paths                           :  No
  Timing Early Launch at Borrowing Latches   :  No
  Borrow Time for Max Delay Exceptions       :  Yes
  Merge Timing Exceptions                    :  Yes

  Corner  Analyze    Analyze    
  Name    Max Paths  Min Paths  
  ------  ---------  ---------  
  Slow    Yes        Yes        
  Fast    Yes        Yes        



check_timing report

Table of Contents
-----------------
1. checking no_clock (0)
2. checking constant_clock (0)
3. checking pulse_width_clock (0)
4. checking unconstrained_internal_endpoints (0)
5. checking no_input_delay (64)
6. checking no_output_delay (64)
7. checking multiple_clock (0)
8. checking generated_clocks (0)
9. checking loops (0)
10. checking partial_input_delay (0)
11. checking partial_output_delay (0)
12. checking latch_loops (0)

1. checking no_clock (0)
------------------------
 There are 0 register/latch pins with no clock.


2. checking constant_clock (0)
------------------------------
 There are 0 register/latch pins with constant_clock.


3. checking pulse_width_clock (0)
---------------------------------
 There are 0 register/latch pins which need pulse_width check


4. checking unconstrained_internal_endpoints (0)
------------------------------------------------
 There are 0 pins that are not constrained for maximum delay.

 There are 0 pins that are not constrained for maximum delay due to constant clock.


5. checking no_input_delay (64)
-------------------------------
 There are 64 input ports with no input delay specified. (HIGH)

 There are 0 input ports with no input delay but user has a false path constraint.


6. checking no_output_delay (64)
--------------------------------
 There are 64 ports with no output delay specified. (HIGH)

 There are 0 ports with no output delay but user has a false path constraint

 There are 0 ports with no output delay but with a timing clock defined on it or propagating through it


7. checking multiple_clock (0)
------------------------------
 There are 0 register/latch pins with multiple clocks.


8. checking generated_clocks (0)
--------------------------------
 There are 0 generated clocks that are not connected to a clock source.


9. checking loops (0)
---------------------
 There are 0 combinational loops in the design.


10. checking partial_input_delay (0)
------------------------------------
 There are 0 input ports with partial input delay specified.


11. checking partial_output_delay (0)
-------------------------------------
 There are 0 ports with partial output delay specified.


12. checking latch_loops (0)
----------------------------
 There are 0 combinational latch loops in the design through latch input



------------------------------------------------------------------------------------------------
| Design Timing Summary
| ---------------------
------------------------------------------------------------------------------------------------

    WNS(ns)      TNS(ns)  TNS Failing Endpoints  TNS Total Endpoints      WHS(ns)      THS(ns)  THS Failing Endpoints  THS Total Endpoints     WPWS(ns)     TPWS(ns)  TPWS Failing Endpoints  TPWS Total Endpoints  
    -------      -------  ---------------------  -------------------      -------      -------  ---------------------  -------------------     --------     --------  ----------------------  --------------------  
      0.545        0.000                      0                 8851        0.011        0.000                      0                 8851        1.391        0.000                       0                 10355  


All user specified timing constraints are met.


------------------------------------------------------------------------------------------------
| Clock Summary
| -------------
------------------------------------------------------------------------------------------------

Clock     Waveform(ns)         Period(ns)      Frequency(MHz)
-----     ------------         ----------      --------------
host_clk  {0.000 1.666}        3.333           300.030         


------------------------------------------------------------------------------------------------
| Intra Clock Table
| -----------------
------------------------------------------------------------------------------------------------

Clock             WNS(ns)      TNS(ns)  TNS Failing Endpoints  TNS Total Endpoints      WHS(ns)      THS(ns)  THS Failing Endpoints  THS Total Endpoints     WPWS(ns)     TPWS(ns)  TPWS Failing Endpoints  TPWS Total Endpoints  
-----             -------      -------  ---------------------  -------------------      -------      -------  ---------------------  -------------------     --------     --------  ----------------------  --------------------  
host_clk            0.545        0.000                      0                 8851        0.011        0.000                      0                 8851        1.391        0.000                       0                 10355  


------------------------------------------------------------------------------------------------
| Inter Clock Table
| -----------------
------------------------------------------------------------------------------------------------

From Clock    To Clock          WNS(ns)      TNS(ns)  TNS Failing Endpoints  TNS Total Endpoints      WHS(ns)      THS(ns)  THS Failing Endpoints  THS Total Endpoints  
----------    --------          -------      -------  ---------------------  -------------------      -------      -------  ---------------------  -------------------  


------------------------------------------------------------------------------------------------
| Other Path Groups Table
| -----------------------
------------------------------------------------------------------------------------------------

Path Group    From Clock    To Clock          WNS(ns)      TNS(ns)  TNS Failing Endpoints  TNS Total Endpoints      WHS(ns)      THS(ns)  THS Failing Endpoints  THS Total Endpoints  
----------    ----------    --------          -------      -------  ---------------------  -------------------      -------      -------  ---------------------  -------------------  


------------------------------------------------------------------------------------------------
| Timing Details
| --------------
------------------------------------------------------------------------------------------------


---------------------------------------------------------------------------------------------------
From Clock:  host_clk
  To Clock:  host_clk

Setup :            0  Failing Endpoints,  Worst Slack        0.545ns,  Total Violation        0.000ns
Hold  :            0  Failing Endpoints,  Worst Slack        0.011ns,  Total Violation        0.000ns
PW    :            0  Failing Endpoints,  Worst Slack        1.391ns,  Total Violation        0.000ns
---------------------------------------------------------------------------------------------------


Max Delay Paths
--------------------------------------------------------------------------------------
Slack (MET) :             0.545ns  (required time - arrival time)
  Source:                 u_510_parest_r/glen[12].core_i/c_q_reg[3]/C
                            (rising edge-triggered cell FDRE clocked by host_clk  {rise@0.000ns fall@1.666ns period=3.333ns})
  Destination:            u_510_parest_r/glen[12].core_i/core/g[1].g_normal.alu_i/g_imul.y_reg__0/DSP_OUTPUT_INST/ALU_OUT[0]
                            (rising edge-triggered cell DSP_OUTPUT clocked by host_clk  {rise@0.000ns fall@1.666ns period=3.333ns})
  Path Group:             host_clk
  Path Type:              Setup (Max at Slow Process Corner)
  Requirement:            3.333ns  (host_clk rise@3.333ns - host_clk rise@0.000ns)
  Data Path Delay:        2.597ns  (logic 2.198ns (84.636%)  route 0.399ns (15.364%))
  Logic Levels:           7  (DSP_A_B_DATA=1 DSP_ALU=2 DSP_M_DATA=1 DSP_MULTIPLIER=1 DSP_OUTPUT=1 DSP_PREADD_DATA=1)
  Clock Path Skew:        -0.170ns (DCD - SCD + CPR)
    Destination Clock Delay (DCD):    2.027ns = ( 5.360 - 3.333 ) 
    Source Clock Delay      (SCD):    2.598ns
    Clock Pessimism Removal (CPR):    0.401ns
  Clock Uncertainty:      0.035ns  ((TSJ^2 + TIJ^2)^1/2 + DJ) / 2 + PE
    Total System Jitter     (TSJ):    0.071ns
    Total Input Jitter      (TIJ):    0.000ns
    Discrete Jitter          (DJ):    0.000ns
    Phase Error              (PE):    0.000ns
  Clock Net Delay (Source):      1.708ns (routing 0.757ns, distribution 0.951ns)
  Clock Net Delay (Destination): 1.430ns (routing 0.688ns, distribution 0.742ns)

    Location             Delay type                Incr(ns)  Path(ns)    Netlist Resource(s)
  -------------------------------------------------------------------    -------------------
                         (clock host_clk rise edge)
                                                      0.000     0.000 r  
    H17                                               0.000     0.000 r  clk (IN)
                         net (fo=0)                   0.000     0.000    clk_IBUF_inst/I
    H17                  INBUF (Prop_INBUF_HPIOB_M_PAD_O)
                                                      0.514     0.514 r  clk_IBUF_inst/INBUF_INST/O
                         net (fo=1, routed)           0.000     0.514    clk_IBUF_inst/OUT
    H17                  IBUFCTRL (Prop_IBUFCTRL_HPIOB_M_I_O)
                                                      0.000     0.514 r  clk_IBUF_inst/IBUFCTRL_INST/O
                         net (fo=1, routed)           0.348     0.862    clk_IBUF
    BUFGCE_X1Y290        BUFGCE (Prop_BUFCE_BUFGCE_I_O)
                                                      0.028     0.890 r  clk_IBUF_BUFG_inst/O
    X4Y14 (CLOCK_ROOT)   net (fo=10444, routed)       1.708     2.598    u_510_parest_r/glen[12].core_i/clk
    SLICE_X148Y877       FDRE                                         r  u_510_parest_r/glen[12].core_i/c_q_reg[3]/C
  -------------------------------------------------------------------    -------------------
    SLICE_X148Y877       FDRE (Prop_AFF2_SLICEM_C_Q)
                                                      0.080     2.678 f  u_510_parest_r/glen[12].core_i/c_q_reg[3]/Q
                         net (fo=2, routed)           0.385     3.063    u_510_parest_r/glen[12].core_i/core/g[1].g_normal.alu_i/y0/B[3]
    DSP48E2_X16Y350      DSP_A_B_DATA (Prop_DSP_A_B_DATA_DSP48E2_B[3]_B2_DATA[3])
                                                      0.151     3.214 r  u_510_parest_r/glen[12].core_i/core/g[1].g_normal.alu_i/y0/DSP_A_B_DATA_INST/B2_DATA[3]
                         net (fo=1, routed)           0.000     3.214    u_510_parest_r/glen[12].core_i/core/g[1].g_normal.alu_i/y0/DSP_A_B_DATA.B2_DATA<3>
    DSP48E2_X16Y350      DSP_PREADD_DATA (Prop_DSP_PREADD_DATA_DSP48E2_B2_DATA[3]_B2B1[3])
                                                      0.073     3.287 r  u_510_parest_r/glen[12].core_i/core/g[1].g_normal.alu_i/y0/DSP_PREADD_DATA_INST/B2B1[3]
                         net (fo=1, routed)           0.000     3.287    u_510_parest_r/glen[12].core_i/core/g[1].g_normal.alu_i/y0/DSP_PREADD_DATA.B2B1<3>
    DSP48E2_X16Y350      DSP_MULTIPLIER (Prop_DSP_MULTIPLIER_DSP48E2_B2B1[3]_V[34])
                                                      0.609     3.896 f  u_510_parest_r/glen[12].core_i/core/g[1].g_normal.alu_i/y0/DSP_MULTIPLIER_INST/V[34]
                         net (fo=1, routed)           0.000     3.896    u_510_parest_r/glen[12].core_i/core/g[1].g_normal.alu_i/y0/DSP_MULTIPLIER.V<34>
    DSP48E2_X16Y350      DSP_M_DATA (Prop_DSP_M_DATA_DSP48E2_V[34]_V_DATA[34])
                                                      0.046     3.942 r  u_510_parest_r/glen[12].core_i/core/g[1].g_normal.alu_i/y0/DSP_M_DATA_INST/V_DATA[34]
                         net (fo=1, routed)           0.000     3.942    u_510_parest_r/glen[12].core_i/core/g[1].g_normal.alu_i/y0/DSP_M_DATA.V_DATA<34>
    DSP48E2_X16Y350      DSP_ALU (Prop_DSP_ALU_DSP48E2_V_DATA[34]_ALU_OUT[47])
                                                      0.571     4.513 f  u_510_parest_r/glen[12].core_i/core/g[1].g_normal.alu_i/y0/DSP_ALU_INST/ALU_OUT[47]
                         net (fo=1, routed)           0.000     4.513    u_510_parest_r/glen[12].core_i/core/g[1].g_normal.alu_i/y0/DSP_ALU.ALU_OUT<47>
    DSP48E2_X16Y350      DSP_OUTPUT (Prop_DSP_OUTPUT_DSP48E2_ALU_OUT[47]_PCOUT[47])
                                                      0.122     4.635 r  u_510_parest_r/glen[12].core_i/core/g[1].g_normal.alu_i/y0/DSP_OUTPUT_INST/PCOUT[47]
                         net (fo=1, routed)           0.014     4.649    u_510_parest_r/glen[12].core_i/core/g[1].g_normal.alu_i/g_imul.y_reg__0/PCIN[47]
    DSP48E2_X16Y351      DSP_ALU (Prop_DSP_ALU_DSP48E2_PCIN[47]_ALU_OUT[0])
                                                      0.546     5.195 r  u_510_parest_r/glen[12].core_i/core/g[1].g_normal.alu_i/g_imul.y_reg__0/DSP_ALU_INST/ALU_OUT[0]
                         net (fo=1, routed)           0.000     5.195    u_510_parest_r/glen[12].core_i/core/g[1].g_normal.alu_i/g_imul.y_reg__0/DSP_ALU.ALU_OUT<0>
    DSP48E2_X16Y351      DSP_OUTPUT                                   r  u_510_parest_r/glen[12].core_i/core/g[1].g_normal.alu_i/g_imul.y_reg__0/DSP_OUTPUT_INST/ALU_OUT[0]
  -------------------------------------------------------------------    -------------------

                         (clock host_clk rise edge)
                                                      3.333     3.333 r  
    H17                                               0.000     3.333 r  clk (IN)
                         net (fo=0)                   0.000     3.333    clk_IBUF_inst/I
    H17                  INBUF (Prop_INBUF_HPIOB_M_PAD_O)
                                                      0.264     3.597 r  clk_IBUF_inst/INBUF_INST/O
                         net (fo=1, routed)           0.000     3.597    clk_IBUF_inst/OUT
    H17                  IBUFCTRL (Prop_IBUFCTRL_HPIOB_M_I_O)
                                                      0.000     3.597 r  clk_IBUF_inst/IBUFCTRL_INST/O
                         net (fo=1, routed)           0.309     3.906    clk_IBUF
    BUFGCE_X1Y290        BUFGCE (Prop_BUFCE_BUFGCE_I_O)
                                                      0.024     3.930 r  clk_IBUF_BUFG_inst/O
    X4Y14 (CLOCK_ROOT)   net (fo=10444, routed)       1.430     5.360    u_510_parest_r/glen[12].core_i/core/g[1].g_normal.alu_i/g_imul.y_reg__0/CLK
    DSP48E2_X16Y351      DSP_OUTPUT                                   r  u_510_parest_r/glen[12].core_i/core/g[1].g_normal.alu_i/g_imul.y_reg__0/DSP_OUTPUT_INST/CLK
                         clock pessimism              0.401     5.761    
                         clock uncertainty           -0.035     5.725    
    DSP48E2_X16Y351      DSP_OUTPUT (Setup_DSP_OUTPUT_DSP48E2_CLK_ALU_OUT[0])
                                                      0.015     5.740    u_510_parest_r/glen[12].core_i/core/g[1].g_normal.alu_i/g_imul.y_reg__0/DSP_OUTPUT_INST
  -------------------------------------------------------------------
                         required time                          5.740    
                         arrival time                          -5.195    
  -------------------------------------------------------------------
                         slack                                  0.545    





Min Delay Paths
--------------------------------------------------------------------------------------
Slack (MET) :             0.011ns  (arrival time - required time)
  Source:                 u_510_parest_r/glen[35].core_i/core/g[2].g_normal.alu_i/g_iadd.use_ip.u_addsub/U0/xst_addsub/i_baseblox.i_baseblox_addsub/no_pipelining.the_addsub/i_lut6.i_lut6_addsub/i_q.i_simple.qreg/i_no_async_controls.output_reg[14]/C
                            (rising edge-triggered cell FDRE clocked by host_clk  {rise@0.000ns fall@1.666ns period=3.333ns})
  Destination:            u_510_parest_r/glen[35].core_i/core/g[2].g_normal.alu_i/g_iadd.y_reg[13]/D
                            (rising edge-triggered cell FDRE clocked by host_clk  {rise@0.000ns fall@1.666ns period=3.333ns})
  Path Group:             host_clk
  Path Type:              Hold (Min at Slow Process Corner)
  Requirement:            0.000ns  (host_clk rise@0.000ns - host_clk rise@0.000ns)
  Data Path Delay:        0.180ns  (logic 0.058ns (32.222%)  route 0.122ns (67.778%))
  Logic Levels:           0  
  Clock Path Skew:        0.109ns (DCD - SCD - CPR)
    Destination Clock Delay (DCD):    2.616ns
    Source Clock Delay      (SCD):    2.098ns
    Clock Pessimism Removal (CPR):    0.409ns
  Clock Net Delay (Source):      1.501ns (routing 0.688ns, distribution 0.813ns)
  Clock Net Delay (Destination): 1.726ns (routing 0.757ns, distribution 0.969ns)

    Location             Delay type                Incr(ns)  Path(ns)    Netlist Resource(s)
  -------------------------------------------------------------------    -------------------
                         (clock host_clk rise edge)
                                                      0.000     0.000 r  
    H17                                               0.000     0.000 r  clk (IN)
                         net (fo=0)                   0.000     0.000    clk_IBUF_inst/I
    H17                  INBUF (Prop_INBUF_HPIOB_M_PAD_O)
                                                      0.264     0.264 r  clk_IBUF_inst/INBUF_INST/O
                         net (fo=1, routed)           0.000     0.264    clk_IBUF_inst/OUT
    H17                  IBUFCTRL (Prop_IBUFCTRL_HPIOB_M_I_O)
                                                      0.000     0.264 r  clk_IBUF_inst/IBUFCTRL_INST/O
                         net (fo=1, routed)           0.309     0.573    clk_IBUF
    BUFGCE_X1Y290        BUFGCE (Prop_BUFCE_BUFGCE_I_O)
                                                      0.024     0.597 r  clk_IBUF_BUFG_inst/O
    X4Y14 (CLOCK_ROOT)   net (fo=10444, routed)       1.501     2.098    u_510_parest_r/glen[35].core_i/core/g[2].g_normal.alu_i/g_iadd.use_ip.u_addsub/U0/xst_addsub/i_baseblox.i_baseblox_addsub/no_pipelining.the_addsub/i_lut6.i_lut6_addsub/i_q.i_simple.qreg/CLK
    SLICE_X143Y847       FDRE                                         r  u_510_parest_r/glen[35].core_i/core/g[2].g_normal.alu_i/g_iadd.use_ip.u_addsub/U0/xst_addsub/i_baseblox.i_baseblox_addsub/no_pipelining.the_addsub/i_lut6.i_lut6_addsub/i_q.i_simple.qreg/i_no_async_controls.output_reg[14]/C
  -------------------------------------------------------------------    -------------------
    SLICE_X143Y847       FDRE (Prop_FFF_SLICEL_C_Q)
                                                      0.058     2.156 r  u_510_parest_r/glen[35].core_i/core/g[2].g_normal.alu_i/g_iadd.use_ip.u_addsub/U0/xst_addsub/i_baseblox.i_baseblox_addsub/no_pipelining.the_addsub/i_lut6.i_lut6_addsub/i_q.i_simple.qreg/i_no_async_controls.output_reg[14]/Q
                         net (fo=1, routed)           0.122     2.278    u_510_parest_r/glen[35].core_i/core/g[2].g_normal.alu_i/g_iadd.s_ip[13]
    SLICE_X146Y847       FDRE                                         r  u_510_parest_r/glen[35].core_i/core/g[2].g_normal.alu_i/g_iadd.y_reg[13]/D
  -------------------------------------------------------------------    -------------------

                         (clock host_clk rise edge)
                                                      0.000     0.000 r  
    H17                                               0.000     0.000 r  clk (IN)
                         net (fo=0)                   0.000     0.000    clk_IBUF_inst/I
    H17                  INBUF (Prop_INBUF_HPIOB_M_PAD_O)
                                                      0.514     0.514 r  clk_IBUF_inst/INBUF_INST/O
                         net (fo=1, routed)           0.000     0.514    clk_IBUF_inst/OUT
    H17                  IBUFCTRL (Prop_IBUFCTRL_HPIOB_M_I_O)
                                                      0.000     0.514 r  clk_IBUF_inst/IBUFCTRL_INST/O
                         net (fo=1, routed)           0.348     0.862    clk_IBUF
    BUFGCE_X1Y290        BUFGCE (Prop_BUFCE_BUFGCE_I_O)
                                                      0.028     0.890 r  clk_IBUF_BUFG_inst/O
    X4Y14 (CLOCK_ROOT)   net (fo=10444, routed)       1.726     2.616    u_510_parest_r/glen[35].core_i/core/g[2].g_normal.alu_i/clk
    SLICE_X146Y847       FDRE                                         r  u_510_parest_r/glen[35].core_i/core/g[2].g_normal.alu_i/g_iadd.y_reg[13]/C
                         clock pessimism             -0.409     2.207    
    SLICE_X146Y847       FDRE (Hold_HFF_SLICEM_C_D)
                                                      0.060     2.267    u_510_parest_r/glen[35].core_i/core/g[2].g_normal.alu_i/g_iadd.y_reg[13]
  -------------------------------------------------------------------
                         required time                         -2.267    
                         arrival time                           2.278    
  -------------------------------------------------------------------
                         slack                                  0.011    





Pulse Width Checks
--------------------------------------------------------------------------------------
Clock Name:         host_clk
Waveform(ns):       { 0.000 1.666 }
Period(ns):         3.333
Sources:            { clk }

Check Type        Corner  Lib Pin   Reference Pin  Required(ns)  Actual(ns)  Slack(ns)  Location        Pin
Min Period        n/a     BUFGCE/I  n/a            1.290         3.333       2.043      BUFGCE_X1Y290   clk_IBUF_BUFG_inst/I
Low Pulse Width   Slow    FDRE/C    n/a            0.275         1.666       1.391      SLICE_X145Y875  u_510_parest_r/glen[12].core_i/g_out_ff.dst_o_reg[20]/C
High Pulse Width  Fast    FDRE/C    n/a            0.275         1.666       1.391      SLICE_X151Y855  u_510_parest_r/glen[2].core_i/core/g[3].g_ff.stage_reg[4][19]/C



