Copyright 1986-2020 Xilinx, Inc. All Rights Reserved.
-----------------------------------------------------------------------------------------------------------------------------------------------------
| Tool Version      : Vivado v.2020.1 (lin64) Build 2902540 Wed May 27 19:54:35 MDT 2020
| Date              : Sun Sep 21 19:46:57 2025
| Host              : orthanc running 64-bit Ubuntu 22.04.4 LTS
| Command           : report_timing_summary -file /home/jyoo/custom_v_2/custom-core-tool/reports/wo_simd_div/single/654_roms_s/post_route_timing.rpt
| Design            : top_bench__654_roms_s
| Device            : xcu200-fsgd2104
| Speed File        : -2  PRODUCTION 1.27 02-28-2020
| Temperature Grade : E
-----------------------------------------------------------------------------------------------------------------------------------------------------

Timing Summary Report

------------------------------------------------------------------------------------------------
| Timer Settings
| --------------
------------------------------------------------------------------------------------------------

  Enable Multi Corner Analysis               :  Yes
  Enable Pessimism Removal                   :  Yes
  Pessimism Removal Resolution               :  Nearest Common Node
  Enable Input Delay Default Clock           :  No
  Enable Preset / Clear Arcs                 :  No
  Disable Flight Delays                      :  No
  Ignore I/O Paths                           :  No
  Timing Early Launch at Borrowing Latches   :  No
  Borrow Time for Max Delay Exceptions       :  Yes
  Merge Timing Exceptions                    :  Yes

  Corner  Analyze    Analyze    
  Name    Max Paths  Min Paths  
  ------  ---------  ---------  
  Slow    Yes        Yes        
  Fast    Yes        Yes        



check_timing report

Table of Contents
-----------------
1. checking no_clock (0)
2. checking constant_clock (0)
3. checking pulse_width_clock (0)
4. checking unconstrained_internal_endpoints (0)
5. checking no_input_delay (7)
6. checking no_output_delay (7)
7. checking multiple_clock (0)
8. checking generated_clocks (0)
9. checking loops (0)
10. checking partial_input_delay (0)
11. checking partial_output_delay (0)
12. checking latch_loops (0)

1. checking no_clock (0)
------------------------
 There are 0 register/latch pins with no clock.


2. checking constant_clock (0)
------------------------------
 There are 0 register/latch pins with constant_clock.


3. checking pulse_width_clock (0)
---------------------------------
 There are 0 register/latch pins which need pulse_width check


4. checking unconstrained_internal_endpoints (0)
------------------------------------------------
 There are 0 pins that are not constrained for maximum delay.

 There are 0 pins that are not constrained for maximum delay due to constant clock.


5. checking no_input_delay (7)
------------------------------
 There are 7 input ports with no input delay specified. (HIGH)

 There are 0 input ports with no input delay but user has a false path constraint.


6. checking no_output_delay (7)
-------------------------------
 There are 7 ports with no output delay specified. (HIGH)

 There are 0 ports with no output delay but user has a false path constraint

 There are 0 ports with no output delay but with a timing clock defined on it or propagating through it


7. checking multiple_clock (0)
------------------------------
 There are 0 register/latch pins with multiple clocks.


8. checking generated_clocks (0)
--------------------------------
 There are 0 generated clocks that are not connected to a clock source.


9. checking loops (0)
---------------------
 There are 0 combinational loops in the design.


10. checking partial_input_delay (0)
------------------------------------
 There are 0 input ports with partial input delay specified.


11. checking partial_output_delay (0)
-------------------------------------
 There are 0 ports with partial output delay specified.


12. checking latch_loops (0)
----------------------------
 There are 0 combinational latch loops in the design through latch input



------------------------------------------------------------------------------------------------
| Design Timing Summary
| ---------------------
------------------------------------------------------------------------------------------------

    WNS(ns)      TNS(ns)  TNS Failing Endpoints  TNS Total Endpoints      WHS(ns)      THS(ns)  THS Failing Endpoints  THS Total Endpoints     WPWS(ns)     TPWS(ns)  TPWS Failing Endpoints  TPWS Total Endpoints  
    -------      -------  ---------------------  -------------------      -------      -------  ---------------------  -------------------     --------     --------  ----------------------  --------------------  
      2.818        0.000                      0                   21        0.046        0.000                      0                   21        1.391        0.000                       0                    29  


All user specified timing constraints are met.


------------------------------------------------------------------------------------------------
| Clock Summary
| -------------
------------------------------------------------------------------------------------------------

Clock     Waveform(ns)         Period(ns)      Frequency(MHz)
-----     ------------         ----------      --------------
host_clk  {0.000 1.666}        3.333           300.030         


------------------------------------------------------------------------------------------------
| Intra Clock Table
| -----------------
------------------------------------------------------------------------------------------------

Clock             WNS(ns)      TNS(ns)  TNS Failing Endpoints  TNS Total Endpoints      WHS(ns)      THS(ns)  THS Failing Endpoints  THS Total Endpoints     WPWS(ns)     TPWS(ns)  TPWS Failing Endpoints  TPWS Total Endpoints  
-----             -------      -------  ---------------------  -------------------      -------      -------  ---------------------  -------------------     --------     --------  ----------------------  --------------------  
host_clk            2.818        0.000                      0                   21        0.046        0.000                      0                   21        1.391        0.000                       0                    29  


------------------------------------------------------------------------------------------------
| Inter Clock Table
| -----------------
------------------------------------------------------------------------------------------------

From Clock    To Clock          WNS(ns)      TNS(ns)  TNS Failing Endpoints  TNS Total Endpoints      WHS(ns)      THS(ns)  THS Failing Endpoints  THS Total Endpoints  
----------    --------          -------      -------  ---------------------  -------------------      -------      -------  ---------------------  -------------------  


------------------------------------------------------------------------------------------------
| Other Path Groups Table
| -----------------------
------------------------------------------------------------------------------------------------

Path Group    From Clock    To Clock          WNS(ns)      TNS(ns)  TNS Failing Endpoints  TNS Total Endpoints      WHS(ns)      THS(ns)  THS Failing Endpoints  THS Total Endpoints  
----------    ----------    --------          -------      -------  ---------------------  -------------------      -------      -------  ---------------------  -------------------  


------------------------------------------------------------------------------------------------
| Timing Details
| --------------
------------------------------------------------------------------------------------------------


---------------------------------------------------------------------------------------------------
From Clock:  host_clk
  To Clock:  host_clk

Setup :            0  Failing Endpoints,  Worst Slack        2.818ns,  Total Violation        0.000ns
Hold  :            0  Failing Endpoints,  Worst Slack        0.046ns,  Total Violation        0.000ns
PW    :            0  Failing Endpoints,  Worst Slack        1.391ns,  Total Violation        0.000ns
---------------------------------------------------------------------------------------------------


Max Delay Paths
--------------------------------------------------------------------------------------
Slack (MET) :             2.818ns  (required time - arrival time)
  Source:                 u_654_roms_s/glen[0].core_i/src_q_reg[2]/C
                            (rising edge-triggered cell FDRE clocked by host_clk  {rise@0.000ns fall@1.666ns period=3.333ns})
  Destination:            u_654_roms_s/glen[0].core_i/core/g[0].g_normal.alu_i/g_soft_only.y_reg[2]/D
                            (rising edge-triggered cell FDRE clocked by host_clk  {rise@0.000ns fall@1.666ns period=3.333ns})
  Path Group:             host_clk
  Path Type:              Setup (Max at Slow Process Corner)
  Requirement:            3.333ns  (host_clk rise@3.333ns - host_clk rise@0.000ns)
  Data Path Delay:        0.469ns  (logic 0.077ns (16.418%)  route 0.392ns (83.582%))
  Logic Levels:           0  
  Clock Path Skew:        -0.036ns (DCD - SCD + CPR)
    Destination Clock Delay (DCD):    1.964ns = ( 5.297 - 3.333 ) 
    Source Clock Delay      (SCD):    2.444ns
    Clock Pessimism Removal (CPR):    0.444ns
  Clock Uncertainty:      0.035ns  ((TSJ^2 + TIJ^2)^1/2 + DJ) / 2 + PE
    Total System Jitter     (TSJ):    0.071ns
    Total Input Jitter      (TIJ):    0.000ns
    Discrete Jitter          (DJ):    0.000ns
    Phase Error              (PE):    0.000ns
  Clock Net Delay (Source):      1.584ns (routing 0.771ns, distribution 0.813ns)
  Clock Net Delay (Destination): 1.394ns (routing 0.701ns, distribution 0.693ns)

    Location             Delay type                Incr(ns)  Path(ns)    Netlist Resource(s)
  -------------------------------------------------------------------    -------------------
                         (clock host_clk rise edge)
                                                      0.000     0.000 r  
    G25                                               0.000     0.000 r  clk (IN)
                         net (fo=0)                   0.000     0.000    clk_IBUF_inst/I
    G25                  INBUF (Prop_INBUF_HPIOB_M_PAD_O)
                                                      0.509     0.509 r  clk_IBUF_inst/INBUF_INST/O
                         net (fo=1, routed)           0.000     0.509    clk_IBUF_inst/OUT
    G25                  IBUFCTRL (Prop_IBUFCTRL_HPIOB_M_I_O)
                                                      0.000     0.509 r  clk_IBUF_inst/IBUFCTRL_INST/O
                         net (fo=1, routed)           0.323     0.832    clk_IBUF
    BUFGCE_X1Y314        BUFGCE (Prop_BUFCE_BUFGCE_I_O)
                                                      0.028     0.860 r  clk_IBUF_BUFG_inst/O
    X5Y14 (CLOCK_ROOT)   net (fo=28, routed)          1.584     2.444    u_654_roms_s/glen[0].core_i/clk
    SLICE_X144Y840       FDRE                                         r  u_654_roms_s/glen[0].core_i/src_q_reg[2]/C
  -------------------------------------------------------------------    -------------------
    SLICE_X144Y840       FDRE (Prop_AFF_SLICEM_C_Q)
                                                      0.077     2.521 r  u_654_roms_s/glen[0].core_i/src_q_reg[2]/Q
                         net (fo=1, routed)           0.392     2.913    u_654_roms_s/glen[0].core_i/core/g[0].g_normal.alu_i/a[2]
    SLICE_X144Y841       FDRE                                         r  u_654_roms_s/glen[0].core_i/core/g[0].g_normal.alu_i/g_soft_only.y_reg[2]/D
  -------------------------------------------------------------------    -------------------

                         (clock host_clk rise edge)
                                                      3.333     3.333 r  
    G25                                               0.000     3.333 r  clk (IN)
                         net (fo=0)                   0.000     3.333    clk_IBUF_inst/I
    G25                  INBUF (Prop_INBUF_HPIOB_M_PAD_O)
                                                      0.259     3.592 r  clk_IBUF_inst/INBUF_INST/O
                         net (fo=1, routed)           0.000     3.592    clk_IBUF_inst/OUT
    G25                  IBUFCTRL (Prop_IBUFCTRL_HPIOB_M_I_O)
                                                      0.000     3.592 r  clk_IBUF_inst/IBUFCTRL_INST/O
                         net (fo=1, routed)           0.287     3.879    clk_IBUF
    BUFGCE_X1Y314        BUFGCE (Prop_BUFCE_BUFGCE_I_O)
                                                      0.024     3.903 r  clk_IBUF_BUFG_inst/O
    X5Y14 (CLOCK_ROOT)   net (fo=28, routed)          1.394     5.297    u_654_roms_s/glen[0].core_i/core/g[0].g_normal.alu_i/clk
    SLICE_X144Y841       FDRE                                         r  u_654_roms_s/glen[0].core_i/core/g[0].g_normal.alu_i/g_soft_only.y_reg[2]/C
                         clock pessimism              0.444     5.741    
                         clock uncertainty           -0.035     5.706    
    SLICE_X144Y841       FDRE (Setup_AFF_SLICEM_C_D)
                                                      0.025     5.731    u_654_roms_s/glen[0].core_i/core/g[0].g_normal.alu_i/g_soft_only.y_reg[2]
  -------------------------------------------------------------------
                         required time                          5.731    
                         arrival time                          -2.913    
  -------------------------------------------------------------------
                         slack                                  2.818    





Min Delay Paths
--------------------------------------------------------------------------------------
Slack (MET) :             0.046ns  (arrival time - required time)
  Source:                 u_654_roms_s/glen[0].core_i/src_q_reg[5]/C
                            (rising edge-triggered cell FDRE clocked by host_clk  {rise@0.000ns fall@1.666ns period=3.333ns})
  Destination:            u_654_roms_s/glen[0].core_i/core/g[0].g_normal.alu_i/g_soft_only.y_reg[5]/D
                            (rising edge-triggered cell FDRE clocked by host_clk  {rise@0.000ns fall@1.666ns period=3.333ns})
  Path Group:             host_clk
  Path Type:              Hold (Min at Fast Process Corner)
  Requirement:            0.000ns  (host_clk rise@0.000ns - host_clk rise@0.000ns)
  Data Path Delay:        0.112ns  (logic 0.038ns (33.929%)  route 0.074ns (66.071%))
  Logic Levels:           0  
  Clock Path Skew:        0.020ns (DCD - SCD - CPR)
    Destination Clock Delay (DCD):    1.521ns
    Source Clock Delay      (SCD):    1.179ns
    Clock Pessimism Removal (CPR):    0.321ns
  Clock Net Delay (Source):      0.874ns (routing 0.423ns, distribution 0.451ns)
  Clock Net Delay (Destination): 0.992ns (routing 0.470ns, distribution 0.522ns)

    Location             Delay type                Incr(ns)  Path(ns)    Netlist Resource(s)
  -------------------------------------------------------------------    -------------------
                         (clock host_clk rise edge)
                                                      0.000     0.000 r  
    G25                                               0.000     0.000 r  clk (IN)
                         net (fo=0)                   0.000     0.000    clk_IBUF_inst/I
    G25                  INBUF (Prop_INBUF_HPIOB_M_PAD_O)
                                                      0.144     0.144 r  clk_IBUF_inst/INBUF_INST/O
                         net (fo=1, routed)           0.000     0.144    clk_IBUF_inst/OUT
    G25                  IBUFCTRL (Prop_IBUFCTRL_HPIOB_M_I_O)
                                                      0.000     0.144 r  clk_IBUF_inst/IBUFCTRL_INST/O
                         net (fo=1, routed)           0.144     0.288    clk_IBUF
    BUFGCE_X1Y314        BUFGCE (Prop_BUFCE_BUFGCE_I_O)
                                                      0.017     0.305 r  clk_IBUF_BUFG_inst/O
    X5Y14 (CLOCK_ROOT)   net (fo=28, routed)          0.874     1.179    u_654_roms_s/glen[0].core_i/clk
    SLICE_X144Y840       FDRE                                         r  u_654_roms_s/glen[0].core_i/src_q_reg[5]/C
  -------------------------------------------------------------------    -------------------
    SLICE_X144Y840       FDRE (Prop_BFF_SLICEM_C_Q)
                                                      0.038     1.217 r  u_654_roms_s/glen[0].core_i/src_q_reg[5]/Q
                         net (fo=1, routed)           0.074     1.291    u_654_roms_s/glen[0].core_i/core/g[0].g_normal.alu_i/a[5]
    SLICE_X144Y841       FDRE                                         r  u_654_roms_s/glen[0].core_i/core/g[0].g_normal.alu_i/g_soft_only.y_reg[5]/D
  -------------------------------------------------------------------    -------------------

                         (clock host_clk rise edge)
                                                      0.000     0.000 r  
    G25                                               0.000     0.000 r  clk (IN)
                         net (fo=0)                   0.000     0.000    clk_IBUF_inst/I
    G25                  INBUF (Prop_INBUF_HPIOB_M_PAD_O)
                                                      0.329     0.329 r  clk_IBUF_inst/INBUF_INST/O
                         net (fo=1, routed)           0.000     0.329    clk_IBUF_inst/OUT
    G25                  IBUFCTRL (Prop_IBUFCTRL_HPIOB_M_I_O)
                                                      0.000     0.329 r  clk_IBUF_inst/IBUFCTRL_INST/O
                         net (fo=1, routed)           0.181     0.510    clk_IBUF
    BUFGCE_X1Y314        BUFGCE (Prop_BUFCE_BUFGCE_I_O)
                                                      0.019     0.529 r  clk_IBUF_BUFG_inst/O
    X5Y14 (CLOCK_ROOT)   net (fo=28, routed)          0.992     1.521    u_654_roms_s/glen[0].core_i/core/g[0].g_normal.alu_i/clk
    SLICE_X144Y841       FDRE                                         r  u_654_roms_s/glen[0].core_i/core/g[0].g_normal.alu_i/g_soft_only.y_reg[5]/C
                         clock pessimism             -0.321     1.199    
    SLICE_X144Y841       FDRE (Hold_BFF_SLICEM_C_D)
                                                      0.046     1.245    u_654_roms_s/glen[0].core_i/core/g[0].g_normal.alu_i/g_soft_only.y_reg[5]
  -------------------------------------------------------------------
                         required time                         -1.245    
                         arrival time                           1.291    
  -------------------------------------------------------------------
                         slack                                  0.046    





Pulse Width Checks
--------------------------------------------------------------------------------------
Clock Name:         host_clk
Waveform(ns):       { 0.000 1.666 }
Period(ns):         3.333
Sources:            { clk }

Check Type        Corner  Lib Pin   Reference Pin  Required(ns)  Actual(ns)  Slack(ns)  Location        Pin
Min Period        n/a     BUFGCE/I  n/a            1.290         3.333       2.043      BUFGCE_X1Y314   clk_IBUF_BUFG_inst/I
Low Pulse Width   Fast    FDRE/C    n/a            0.275         1.666       1.391      SLICE_X144Y841  u_654_roms_s/glen[0].core_i/core/g[0].g_normal.alu_i/g_soft_only.y_reg[0]/C
High Pulse Width  Fast    FDRE/C    n/a            0.275         1.666       1.391      SLICE_X144Y841  u_654_roms_s/glen[0].core_i/core/g[0].g_normal.alu_i/g_soft_only.y_reg[2]/C



