Copyright 1986-2020 Xilinx, Inc. All Rights Reserved.
---------------------------------------------------------------------------------------------------------------------------------------------------
| Tool Version      : Vivado v.2020.1 (lin64) Build 2902540 Wed May 27 19:54:35 MDT 2020
| Date              : Sun Sep 21 19:48:26 2025
| Host              : orthanc running 64-bit Ubuntu 22.04.4 LTS
| Command           : report_timing_summary -file /home/jyoo/custom_v_2/custom-core-tool/reports/wo_simd_div/single/657_xz_s/post_route_timing.rpt
| Design            : top_bench__657_xz_s
| Device            : xcu200-fsgd2104
| Speed File        : -2  PRODUCTION 1.27 02-28-2020
| Temperature Grade : E
---------------------------------------------------------------------------------------------------------------------------------------------------

Timing Summary Report

------------------------------------------------------------------------------------------------
| Timer Settings
| --------------
------------------------------------------------------------------------------------------------

  Enable Multi Corner Analysis               :  Yes
  Enable Pessimism Removal                   :  Yes
  Pessimism Removal Resolution               :  Nearest Common Node
  Enable Input Delay Default Clock           :  No
  Enable Preset / Clear Arcs                 :  No
  Disable Flight Delays                      :  No
  Ignore I/O Paths                           :  No
  Timing Early Launch at Borrowing Latches   :  No
  Borrow Time for Max Delay Exceptions       :  Yes
  Merge Timing Exceptions                    :  Yes

  Corner  Analyze    Analyze    
  Name    Max Paths  Min Paths  
  ------  ---------  ---------  
  Slow    Yes        Yes        
  Fast    Yes        Yes        



check_timing report

Table of Contents
-----------------
1. checking no_clock (0)
2. checking constant_clock (0)
3. checking pulse_width_clock (0)
4. checking unconstrained_internal_endpoints (0)
5. checking no_input_delay (64)
6. checking no_output_delay (64)
7. checking multiple_clock (0)
8. checking generated_clocks (0)
9. checking loops (0)
10. checking partial_input_delay (0)
11. checking partial_output_delay (0)
12. checking latch_loops (0)

1. checking no_clock (0)
------------------------
 There are 0 register/latch pins with no clock.


2. checking constant_clock (0)
------------------------------
 There are 0 register/latch pins with constant_clock.


3. checking pulse_width_clock (0)
---------------------------------
 There are 0 register/latch pins which need pulse_width check


4. checking unconstrained_internal_endpoints (0)
------------------------------------------------
 There are 0 pins that are not constrained for maximum delay.

 There are 0 pins that are not constrained for maximum delay due to constant clock.


5. checking no_input_delay (64)
-------------------------------
 There are 64 input ports with no input delay specified. (HIGH)

 There are 0 input ports with no input delay but user has a false path constraint.


6. checking no_output_delay (64)
--------------------------------
 There are 64 ports with no output delay specified. (HIGH)

 There are 0 ports with no output delay but user has a false path constraint

 There are 0 ports with no output delay but with a timing clock defined on it or propagating through it


7. checking multiple_clock (0)
------------------------------
 There are 0 register/latch pins with multiple clocks.


8. checking generated_clocks (0)
--------------------------------
 There are 0 generated clocks that are not connected to a clock source.


9. checking loops (0)
---------------------
 There are 0 combinational loops in the design.


10. checking partial_input_delay (0)
------------------------------------
 There are 0 input ports with partial input delay specified.


11. checking partial_output_delay (0)
-------------------------------------
 There are 0 ports with partial output delay specified.


12. checking latch_loops (0)
----------------------------
 There are 0 combinational latch loops in the design through latch input



------------------------------------------------------------------------------------------------
| Design Timing Summary
| ---------------------
------------------------------------------------------------------------------------------------

    WNS(ns)      TNS(ns)  TNS Failing Endpoints  TNS Total Endpoints      WHS(ns)      THS(ns)  THS Failing Endpoints  THS Total Endpoints     WPWS(ns)     TPWS(ns)  TPWS Failing Endpoints  TPWS Total Endpoints  
    -------      -------  ---------------------  -------------------      -------      -------  ---------------------  -------------------     --------     --------  ----------------------  --------------------  
      1.964        0.000                      0                 2792        0.009        0.000                      0                 2792        1.391        0.000                       0                  3609  


All user specified timing constraints are met.


------------------------------------------------------------------------------------------------
| Clock Summary
| -------------
------------------------------------------------------------------------------------------------

Clock     Waveform(ns)         Period(ns)      Frequency(MHz)
-----     ------------         ----------      --------------
host_clk  {0.000 1.666}        3.333           300.030         


------------------------------------------------------------------------------------------------
| Intra Clock Table
| -----------------
------------------------------------------------------------------------------------------------

Clock             WNS(ns)      TNS(ns)  TNS Failing Endpoints  TNS Total Endpoints      WHS(ns)      THS(ns)  THS Failing Endpoints  THS Total Endpoints     WPWS(ns)     TPWS(ns)  TPWS Failing Endpoints  TPWS Total Endpoints  
-----             -------      -------  ---------------------  -------------------      -------      -------  ---------------------  -------------------     --------     --------  ----------------------  --------------------  
host_clk            1.964        0.000                      0                 2792        0.009        0.000                      0                 2792        1.391        0.000                       0                  3609  


------------------------------------------------------------------------------------------------
| Inter Clock Table
| -----------------
------------------------------------------------------------------------------------------------

From Clock    To Clock          WNS(ns)      TNS(ns)  TNS Failing Endpoints  TNS Total Endpoints      WHS(ns)      THS(ns)  THS Failing Endpoints  THS Total Endpoints  
----------    --------          -------      -------  ---------------------  -------------------      -------      -------  ---------------------  -------------------  


------------------------------------------------------------------------------------------------
| Other Path Groups Table
| -----------------------
------------------------------------------------------------------------------------------------

Path Group    From Clock    To Clock          WNS(ns)      TNS(ns)  TNS Failing Endpoints  TNS Total Endpoints      WHS(ns)      THS(ns)  THS Failing Endpoints  THS Total Endpoints  
----------    ----------    --------          -------      -------  ---------------------  -------------------      -------      -------  ---------------------  -------------------  


------------------------------------------------------------------------------------------------
| Timing Details
| --------------
------------------------------------------------------------------------------------------------


---------------------------------------------------------------------------------------------------
From Clock:  host_clk
  To Clock:  host_clk

Setup :            0  Failing Endpoints,  Worst Slack        1.964ns,  Total Violation        0.000ns
Hold  :            0  Failing Endpoints,  Worst Slack        0.009ns,  Total Violation        0.000ns
PW    :            0  Failing Endpoints,  Worst Slack        1.391ns,  Total Violation        0.000ns
---------------------------------------------------------------------------------------------------


Max Delay Paths
--------------------------------------------------------------------------------------
Slack (MET) :             1.964ns  (required time - arrival time)
  Source:                 u_657_xz_s/glen[18].core_i/core/g[0].g_normal.alu_i/g_soft_only.y_reg[1]/C
                            (rising edge-triggered cell FDRE clocked by host_clk  {rise@0.000ns fall@1.666ns period=3.333ns})
  Destination:            u_657_xz_s/glen[18].core_i/core/g[1].g_normal.alu_i/g_iadd.use_ip.int_addsub_i/U0/xst_addsub/i_baseblox.i_baseblox_addsub/no_pipelining.the_addsub/i_lut6.i_lut6_addsub/i_q.i_simple.qreg/i_no_async_controls.output_reg[64]/D
                            (rising edge-triggered cell FDRE clocked by host_clk  {rise@0.000ns fall@1.666ns period=3.333ns})
  Path Group:             host_clk
  Path Type:              Setup (Max at Slow Process Corner)
  Requirement:            3.333ns  (host_clk rise@3.333ns - host_clk rise@0.000ns)
  Data Path Delay:        1.253ns  (logic 0.471ns (37.590%)  route 0.782ns (62.410%))
  Logic Levels:           8  (CARRY8=8)
  Clock Path Skew:        -0.106ns (DCD - SCD + CPR)
    Destination Clock Delay (DCD):    2.175ns = ( 5.508 - 3.333 ) 
    Source Clock Delay      (SCD):    2.697ns
    Clock Pessimism Removal (CPR):    0.416ns
  Clock Uncertainty:      0.035ns  ((TSJ^2 + TIJ^2)^1/2 + DJ) / 2 + PE
    Total System Jitter     (TSJ):    0.071ns
    Total Input Jitter      (TIJ):    0.000ns
    Discrete Jitter          (DJ):    0.000ns
    Phase Error              (PE):    0.000ns
  Clock Net Delay (Source):      1.807ns (routing 0.985ns, distribution 0.822ns)
  Clock Net Delay (Destination): 1.578ns (routing 0.896ns, distribution 0.682ns)

    Location             Delay type                Incr(ns)  Path(ns)    Netlist Resource(s)
  -------------------------------------------------------------------    -------------------
                         (clock host_clk rise edge)
                                                      0.000     0.000 r  
    H17                                               0.000     0.000 r  clk (IN)
                         net (fo=0)                   0.000     0.000    clk_IBUF_inst/I
    H17                  INBUF (Prop_INBUF_HPIOB_M_PAD_O)
                                                      0.514     0.514 r  clk_IBUF_inst/INBUF_INST/O
                         net (fo=1, routed)           0.000     0.514    clk_IBUF_inst/OUT
    H17                  IBUFCTRL (Prop_IBUFCTRL_HPIOB_M_I_O)
                                                      0.000     0.514 r  clk_IBUF_inst/IBUFCTRL_INST/O
                         net (fo=1, routed)           0.348     0.862    clk_IBUF
    BUFGCE_X1Y290        BUFGCE (Prop_BUFCE_BUFGCE_I_O)
                                                      0.028     0.890 r  clk_IBUF_BUFG_inst/O
    X5Y14 (CLOCK_ROOT)   net (fo=3608, routed)        1.807     2.697    u_657_xz_s/glen[18].core_i/core/g[0].g_normal.alu_i/clk
    SLICE_X145Y850       FDRE                                         r  u_657_xz_s/glen[18].core_i/core/g[0].g_normal.alu_i/g_soft_only.y_reg[1]/C
  -------------------------------------------------------------------    -------------------
    SLICE_X145Y850       FDRE (Prop_DFF_SLICEL_C_Q)
                                                      0.079     2.776 r  u_657_xz_s/glen[18].core_i/core/g[0].g_normal.alu_i/g_soft_only.y_reg[1]/Q
                         net (fo=2, routed)           0.574     3.350    u_657_xz_s/glen[18].core_i/core/g[1].g_normal.alu_i/g_iadd.use_ip.int_addsub_i/U0/xst_addsub/i_baseblox.i_baseblox_addsub/no_pipelining.the_addsub/i_lut6.i_lut6_addsub/A[1]
    SLICE_X147Y858       CARRY8 (Prop_CARRY8_SLICEL_S[1]_CO[7])
                                                      0.186     3.536 r  u_657_xz_s/glen[18].core_i/core/g[1].g_normal.alu_i/g_iadd.use_ip.int_addsub_i/U0/xst_addsub/i_baseblox.i_baseblox_addsub/no_pipelining.the_addsub/i_lut6.i_lut6_addsub/i_simple_model.carrymux0_CARRY4_CARRY8/CO[7]
                         net (fo=1, routed)           0.026     3.562    u_657_xz_s/glen[18].core_i/core/g[1].g_normal.alu_i/g_iadd.use_ip.int_addsub_i/U0/xst_addsub/i_baseblox.i_baseblox_addsub/no_pipelining.the_addsub/i_lut6.i_lut6_addsub/carry_simple_7
    SLICE_X147Y859       CARRY8 (Prop_CARRY8_SLICEL_CI_CO[7])
                                                      0.015     3.577 r  u_657_xz_s/glen[18].core_i/core/g[1].g_normal.alu_i/g_iadd.use_ip.int_addsub_i/U0/xst_addsub/i_baseblox.i_baseblox_addsub/no_pipelining.the_addsub/i_lut6.i_lut6_addsub/i_simple_model.i_gt_1.carrychaingen[8].carrymux_CARRY4_CARRY8/CO[7]
                         net (fo=1, routed)           0.026     3.603    u_657_xz_s/glen[18].core_i/core/g[1].g_normal.alu_i/g_iadd.use_ip.int_addsub_i/U0/xst_addsub/i_baseblox.i_baseblox_addsub/no_pipelining.the_addsub/i_lut6.i_lut6_addsub/carry_simple_15
    SLICE_X147Y860       CARRY8 (Prop_CARRY8_SLICEL_CI_CO[7])
                                                      0.015     3.618 r  u_657_xz_s/glen[18].core_i/core/g[1].g_normal.alu_i/g_iadd.use_ip.int_addsub_i/U0/xst_addsub/i_baseblox.i_baseblox_addsub/no_pipelining.the_addsub/i_lut6.i_lut6_addsub/i_simple_model.i_gt_1.carrychaingen[16].carrymux_CARRY4_CARRY8/CO[7]
                         net (fo=1, routed)           0.026     3.644    u_657_xz_s/glen[18].core_i/core/g[1].g_normal.alu_i/g_iadd.use_ip.int_addsub_i/U0/xst_addsub/i_baseblox.i_baseblox_addsub/no_pipelining.the_addsub/i_lut6.i_lut6_addsub/carry_simple_23
    SLICE_X147Y861       CARRY8 (Prop_CARRY8_SLICEL_CI_CO[7])
                                                      0.015     3.659 r  u_657_xz_s/glen[18].core_i/core/g[1].g_normal.alu_i/g_iadd.use_ip.int_addsub_i/U0/xst_addsub/i_baseblox.i_baseblox_addsub/no_pipelining.the_addsub/i_lut6.i_lut6_addsub/i_simple_model.i_gt_1.carrychaingen[24].carrymux_CARRY4_CARRY8/CO[7]
                         net (fo=1, routed)           0.026     3.685    u_657_xz_s/glen[18].core_i/core/g[1].g_normal.alu_i/g_iadd.use_ip.int_addsub_i/U0/xst_addsub/i_baseblox.i_baseblox_addsub/no_pipelining.the_addsub/i_lut6.i_lut6_addsub/carry_simple_31
    SLICE_X147Y862       CARRY8 (Prop_CARRY8_SLICEL_CI_CO[7])
                                                      0.015     3.700 r  u_657_xz_s/glen[18].core_i/core/g[1].g_normal.alu_i/g_iadd.use_ip.int_addsub_i/U0/xst_addsub/i_baseblox.i_baseblox_addsub/no_pipelining.the_addsub/i_lut6.i_lut6_addsub/i_simple_model.i_gt_1.carrychaingen[32].carrymux_CARRY4_CARRY8/CO[7]
                         net (fo=1, routed)           0.026     3.726    u_657_xz_s/glen[18].core_i/core/g[1].g_normal.alu_i/g_iadd.use_ip.int_addsub_i/U0/xst_addsub/i_baseblox.i_baseblox_addsub/no_pipelining.the_addsub/i_lut6.i_lut6_addsub/carry_simple_39
    SLICE_X147Y863       CARRY8 (Prop_CARRY8_SLICEL_CI_CO[7])
                                                      0.015     3.741 r  u_657_xz_s/glen[18].core_i/core/g[1].g_normal.alu_i/g_iadd.use_ip.int_addsub_i/U0/xst_addsub/i_baseblox.i_baseblox_addsub/no_pipelining.the_addsub/i_lut6.i_lut6_addsub/i_simple_model.i_gt_1.carrychaingen[40].carrymux_CARRY4_CARRY8/CO[7]
                         net (fo=1, routed)           0.026     3.767    u_657_xz_s/glen[18].core_i/core/g[1].g_normal.alu_i/g_iadd.use_ip.int_addsub_i/U0/xst_addsub/i_baseblox.i_baseblox_addsub/no_pipelining.the_addsub/i_lut6.i_lut6_addsub/carry_simple_47
    SLICE_X147Y864       CARRY8 (Prop_CARRY8_SLICEL_CI_CO[7])
                                                      0.015     3.782 r  u_657_xz_s/glen[18].core_i/core/g[1].g_normal.alu_i/g_iadd.use_ip.int_addsub_i/U0/xst_addsub/i_baseblox.i_baseblox_addsub/no_pipelining.the_addsub/i_lut6.i_lut6_addsub/i_simple_model.i_gt_1.carrychaingen[48].carrymux_CARRY4_CARRY8/CO[7]
                         net (fo=1, routed)           0.026     3.808    u_657_xz_s/glen[18].core_i/core/g[1].g_normal.alu_i/g_iadd.use_ip.int_addsub_i/U0/xst_addsub/i_baseblox.i_baseblox_addsub/no_pipelining.the_addsub/i_lut6.i_lut6_addsub/carry_simple_55
    SLICE_X147Y865       CARRY8 (Prop_CARRY8_SLICEL_CI_O[7])
                                                      0.116     3.924 r  u_657_xz_s/glen[18].core_i/core/g[1].g_normal.alu_i/g_iadd.use_ip.int_addsub_i/U0/xst_addsub/i_baseblox.i_baseblox_addsub/no_pipelining.the_addsub/i_lut6.i_lut6_addsub/i_simple_model.i_gt_1.carrychaingen[56].carrymux_CARRY4_CARRY8/O[7]
                         net (fo=1, routed)           0.026     3.950    u_657_xz_s/glen[18].core_i/core/g[1].g_normal.alu_i/g_iadd.use_ip.int_addsub_i/U0/xst_addsub/i_baseblox.i_baseblox_addsub/no_pipelining.the_addsub/i_lut6.i_lut6_addsub/i_q.i_simple.qreg/D[63]
    SLICE_X147Y865       FDRE                                         r  u_657_xz_s/glen[18].core_i/core/g[1].g_normal.alu_i/g_iadd.use_ip.int_addsub_i/U0/xst_addsub/i_baseblox.i_baseblox_addsub/no_pipelining.the_addsub/i_lut6.i_lut6_addsub/i_q.i_simple.qreg/i_no_async_controls.output_reg[64]/D
  -------------------------------------------------------------------    -------------------

                         (clock host_clk rise edge)
                                                      3.333     3.333 r  
    H17                                               0.000     3.333 r  clk (IN)
                         net (fo=0)                   0.000     3.333    clk_IBUF_inst/I
    H17                  INBUF (Prop_INBUF_HPIOB_M_PAD_O)
                                                      0.264     3.597 r  clk_IBUF_inst/INBUF_INST/O
                         net (fo=1, routed)           0.000     3.597    clk_IBUF_inst/OUT
    H17                  IBUFCTRL (Prop_IBUFCTRL_HPIOB_M_I_O)
                                                      0.000     3.597 r  clk_IBUF_inst/IBUFCTRL_INST/O
                         net (fo=1, routed)           0.309     3.906    clk_IBUF
    BUFGCE_X1Y290        BUFGCE (Prop_BUFCE_BUFGCE_I_O)
                                                      0.024     3.930 r  clk_IBUF_BUFG_inst/O
    X5Y14 (CLOCK_ROOT)   net (fo=3608, routed)        1.578     5.508    u_657_xz_s/glen[18].core_i/core/g[1].g_normal.alu_i/g_iadd.use_ip.int_addsub_i/U0/xst_addsub/i_baseblox.i_baseblox_addsub/no_pipelining.the_addsub/i_lut6.i_lut6_addsub/i_q.i_simple.qreg/CLK
    SLICE_X147Y865       FDRE                                         r  u_657_xz_s/glen[18].core_i/core/g[1].g_normal.alu_i/g_iadd.use_ip.int_addsub_i/U0/xst_addsub/i_baseblox.i_baseblox_addsub/no_pipelining.the_addsub/i_lut6.i_lut6_addsub/i_q.i_simple.qreg/i_no_async_controls.output_reg[64]/C
                         clock pessimism              0.416     5.924    
                         clock uncertainty           -0.035     5.889    
    SLICE_X147Y865       FDRE (Setup_HFF_SLICEL_C_D)
                                                      0.025     5.914    u_657_xz_s/glen[18].core_i/core/g[1].g_normal.alu_i/g_iadd.use_ip.int_addsub_i/U0/xst_addsub/i_baseblox.i_baseblox_addsub/no_pipelining.the_addsub/i_lut6.i_lut6_addsub/i_q.i_simple.qreg/i_no_async_controls.output_reg[64]
  -------------------------------------------------------------------
                         required time                          5.914    
                         arrival time                          -3.950    
  -------------------------------------------------------------------
                         slack                                  1.964    





Min Delay Paths
--------------------------------------------------------------------------------------
Slack (MET) :             0.009ns  (arrival time - required time)
  Source:                 u_657_xz_s/glen[0].core_i/src_q_reg[28]/C
                            (rising edge-triggered cell FDRE clocked by host_clk  {rise@0.000ns fall@1.666ns period=3.333ns})
  Destination:            u_657_xz_s/glen[0].core_i/core/g[0].g_normal.alu_i/g_soft_only.y_reg[28]/D
                            (rising edge-triggered cell FDRE clocked by host_clk  {rise@0.000ns fall@1.666ns period=3.333ns})
  Path Group:             host_clk
  Path Type:              Hold (Min at Slow Process Corner)
  Requirement:            0.000ns  (host_clk rise@0.000ns - host_clk rise@0.000ns)
  Data Path Delay:        0.169ns  (logic 0.082ns (48.521%)  route 0.087ns (51.479%))
  Logic Levels:           1  (LUT1=1)
  Clock Path Skew:        0.100ns (DCD - SCD - CPR)
    Destination Clock Delay (DCD):    2.693ns
    Source Clock Delay      (SCD):    2.177ns
    Clock Pessimism Removal (CPR):    0.416ns
  Clock Net Delay (Source):      1.580ns (routing 0.896ns, distribution 0.684ns)
  Clock Net Delay (Destination): 1.803ns (routing 0.985ns, distribution 0.818ns)

    Location             Delay type                Incr(ns)  Path(ns)    Netlist Resource(s)
  -------------------------------------------------------------------    -------------------
                         (clock host_clk rise edge)
                                                      0.000     0.000 r  
    H17                                               0.000     0.000 r  clk (IN)
                         net (fo=0)                   0.000     0.000    clk_IBUF_inst/I
    H17                  INBUF (Prop_INBUF_HPIOB_M_PAD_O)
                                                      0.264     0.264 r  clk_IBUF_inst/INBUF_INST/O
                         net (fo=1, routed)           0.000     0.264    clk_IBUF_inst/OUT
    H17                  IBUFCTRL (Prop_IBUFCTRL_HPIOB_M_I_O)
                                                      0.000     0.264 r  clk_IBUF_inst/IBUFCTRL_INST/O
                         net (fo=1, routed)           0.309     0.573    clk_IBUF
    BUFGCE_X1Y290        BUFGCE (Prop_BUFCE_BUFGCE_I_O)
                                                      0.024     0.597 r  clk_IBUF_BUFG_inst/O
    X5Y14 (CLOCK_ROOT)   net (fo=3608, routed)        1.580     2.177    u_657_xz_s/glen[0].core_i/clk
    SLICE_X151Y860       FDRE                                         r  u_657_xz_s/glen[0].core_i/src_q_reg[28]/C
  -------------------------------------------------------------------    -------------------
    SLICE_X151Y860       FDRE (Prop_EFF2_SLICEL_C_Q)
                                                      0.060     2.237 f  u_657_xz_s/glen[0].core_i/src_q_reg[28]/Q
                         net (fo=1, routed)           0.063     2.300    u_657_xz_s/glen[0].core_i/core/g[0].g_normal.alu_i/a[28]
    SLICE_X149Y860       LUT1 (Prop_C6LUT_SLICEL_I0_O)
                                                      0.022     2.322 r  u_657_xz_s/glen[0].core_i/core/g[0].g_normal.alu_i/g_soft_only.y[28]_i_1/O
                         net (fo=1, routed)           0.024     2.346    u_657_xz_s/glen[0].core_i/core/g[0].g_normal.alu_i/g_soft_only.y_comb[28]
    SLICE_X149Y860       FDRE                                         r  u_657_xz_s/glen[0].core_i/core/g[0].g_normal.alu_i/g_soft_only.y_reg[28]/D
  -------------------------------------------------------------------    -------------------

                         (clock host_clk rise edge)
                                                      0.000     0.000 r  
    H17                                               0.000     0.000 r  clk (IN)
                         net (fo=0)                   0.000     0.000    clk_IBUF_inst/I
    H17                  INBUF (Prop_INBUF_HPIOB_M_PAD_O)
                                                      0.514     0.514 r  clk_IBUF_inst/INBUF_INST/O
                         net (fo=1, routed)           0.000     0.514    clk_IBUF_inst/OUT
    H17                  IBUFCTRL (Prop_IBUFCTRL_HPIOB_M_I_O)
                                                      0.000     0.514 r  clk_IBUF_inst/IBUFCTRL_INST/O
                         net (fo=1, routed)           0.348     0.862    clk_IBUF
    BUFGCE_X1Y290        BUFGCE (Prop_BUFCE_BUFGCE_I_O)
                                                      0.028     0.890 r  clk_IBUF_BUFG_inst/O
    X5Y14 (CLOCK_ROOT)   net (fo=3608, routed)        1.803     2.693    u_657_xz_s/glen[0].core_i/core/g[0].g_normal.alu_i/clk
    SLICE_X149Y860       FDRE                                         r  u_657_xz_s/glen[0].core_i/core/g[0].g_normal.alu_i/g_soft_only.y_reg[28]/C
                         clock pessimism             -0.416     2.277    
    SLICE_X149Y860       FDRE (Hold_CFF_SLICEL_C_D)
                                                      0.060     2.337    u_657_xz_s/glen[0].core_i/core/g[0].g_normal.alu_i/g_soft_only.y_reg[28]
  -------------------------------------------------------------------
                         required time                         -2.337    
                         arrival time                           2.346    
  -------------------------------------------------------------------
                         slack                                  0.009    





Pulse Width Checks
--------------------------------------------------------------------------------------
Clock Name:         host_clk
Waveform(ns):       { 0.000 1.666 }
Period(ns):         3.333
Sources:            { clk }

Check Type        Corner  Lib Pin   Reference Pin  Required(ns)  Actual(ns)  Slack(ns)  Location        Pin
Min Period        n/a     BUFGCE/I  n/a            1.290         3.333       2.043      BUFGCE_X1Y290   clk_IBUF_BUFG_inst/I
Low Pulse Width   Slow    FDRE/C    n/a            0.275         1.666       1.391      SLICE_X149Y848  u_657_xz_s/glen[11].core_i/src_q_reg[13]/C
High Pulse Width  Fast    FDRE/C    n/a            0.275         1.666       1.391      SLICE_X154Y850  u_657_xz_s/glen[10].core_i/core/g[1].g_normal.alu_i/g_iadd.y_reg[8]/C



