Copyright 1986-2020 Xilinx, Inc. All Rights Reserved.
-------------------------------------------------------------------------------------------------------------------------------------------------
| Tool Version : Vivado v.2020.1 (lin64) Build 2902540 Wed May 27 19:54:35 MDT 2020
| Date         : Fri Sep 19 11:16:11 2025
| Host         : orthanc running 64-bit Ubuntu 22.04.4 LTS
| Command      : report_utilization -hierarchical -file /home/jyoo/custom_v_2/custom-core-tool/reports/benches/519_lbm_r/519_lbm_r_util_hier.rpt
| Design       : top_bench__519_lbm_r
| Device       : xcu200fsgd2104-2
| Design State : Optimized
-------------------------------------------------------------------------------------------------------------------------------------------------

Utilization Design Information

Table of Contents
-----------------
1. Utilization by Hierarchy

1. Utilization by Hierarchy
---------------------------

+-----------------------------------------------------------------------------------+------------------------------------------------------+------------+------------+---------+------+------+--------+--------+------+------------+
|                                      Instance                                     |                        Module                        | Total LUTs | Logic LUTs | LUTRAMs | SRLs |  FFs | RAMB36 | RAMB18 | URAM | DSP Blocks |
+-----------------------------------------------------------------------------------+------------------------------------------------------+------------+------------+---------+------+------+--------+--------+------+------------+
| top_bench__519_lbm_r                                                              |                                                (top) |        673 |        596 |       0 |   77 | 5641 |      0 |      0 |    0 |         10 |
|   (top_bench__519_lbm_r)                                                          |                                                (top) |          0 |          0 |       0 |    0 |    0 |      0 |      0 |    0 |          0 |
|   u_519_lbm_r                                                                     |                                bench_core__519_lbm_r |        673 |        596 |       0 |   77 | 5641 |      0 |      0 |    0 |         10 |
|     (u_519_lbm_r)                                                                 |                                bench_core__519_lbm_r |        224 |        224 |       0 |    0 |    0 |      0 |      0 |    0 |          0 |
|     glen[0].core_i                                                                |                                       uop_block_wrap |          3 |          3 |       0 |    0 |  128 |      0 |      0 |    0 |          0 |
|       (glen[0].core_i)                                                            |                                       uop_block_wrap |          0 |          0 |       0 |    0 |   64 |      0 |      0 |    0 |          0 |
|       core                                                                        |                                            uop_block |          3 |          3 |       0 |    0 |   64 |      0 |      0 |    0 |          0 |
|         (core)                                                                    |                                            uop_block |          1 |          1 |       0 |    0 |    0 |      0 |      0 |    0 |          0 |
|         g[0].g_normal.alu_i                                                       |                                         microop_unit |          2 |          2 |       0 |    0 |   32 |      0 |      0 |    0 |          0 |
|         g[1].g_normal.alu_i                                                       |                      microop_unit__parameterized0__1 |          0 |          0 |       0 |    0 |   32 |      0 |      0 |    0 |          0 |
|     glen[10].core_i                                                               |                    uop_block_wrap__parameterized7__3 |          1 |          1 |       0 |    0 |  320 |      0 |      0 |    0 |          0 |
|       (glen[10].core_i)                                                           |                    uop_block_wrap__parameterized7__3 |          0 |          0 |       0 |    0 |  128 |      0 |      0 |    0 |          0 |
|       core                                                                        |                         uop_block__parameterized7__3 |          1 |          1 |       0 |    0 |  192 |      0 |      0 |    0 |          0 |
|         (core)                                                                    |                         uop_block__parameterized7__3 |          1 |          1 |       0 |    0 |   64 |      0 |      0 |    0 |          0 |
|         g[0].g_normal.alu_i                                                       |                      microop_unit__parameterized5__3 |          0 |          0 |       0 |    0 |   64 |      0 |      0 |    0 |          0 |
|         g[1].g_normal.alu_i                                                       |                     microop_unit__parameterized1__18 |          0 |          0 |       0 |    0 |   64 |      0 |      0 |    0 |          0 |
|     glen[11].core_i                                                               |            uop_block_wrap__parameterized8__xdcDup__1 |         64 |         64 |       0 |    0 |  320 |      0 |      0 |    0 |          0 |
|       (glen[11].core_i)                                                           |            uop_block_wrap__parameterized8__xdcDup__1 |          0 |          0 |       0 |    0 |  128 |      0 |      0 |    0 |          0 |
|       core                                                                        |                 uop_block__parameterized8__xdcDup__1 |         64 |         64 |       0 |    0 |  192 |      0 |      0 |    0 |          0 |
|         (core)                                                                    |                 uop_block__parameterized8__xdcDup__1 |          1 |          1 |       0 |    0 |    0 |      0 |      0 |    0 |          0 |
|         g[0].g_normal.alu_i                                                       |              microop_unit__parameterized3__xdcDup__2 |         63 |         63 |       0 |    0 |  128 |      0 |      0 |    0 |          0 |
|           (g[0].g_normal.alu_i)                                                   |              microop_unit__parameterized3__xdcDup__2 |          0 |          0 |       0 |    0 |   64 |      0 |      0 |    0 |          0 |
|           g_iadd.use_ip.int_addsub_i                                              |                                integer_addsub_HD1358 |         63 |         63 |       0 |    0 |   64 |      0 |      0 |    0 |          0 |
|             U0                                                                    |               integer_addsubc_addsub_v12_0_14_HD1359 |         63 |         63 |       0 |    0 |   64 |      0 |      0 |    0 |          0 |
|               xst_addsub                                                          |           integer_addsubc_addsub_v12_0_14_viv_HD1360 |         63 |         63 |       0 |    0 |   64 |      0 |      0 |    0 |          0 |
|                 i_baseblox.i_baseblox_addsub                                      |        integer_addsubc_addsub_v12_0_14_legacy_HD1361 |         63 |         63 |       0 |    0 |   64 |      0 |      0 |    0 |          0 |
|                   no_pipelining.the_addsub                                        | integer_addsubc_addsub_v12_0_14_fabric_legacy_HD1362 |         63 |         63 |       0 |    0 |   64 |      0 |      0 |    0 |          0 |
|                     i_lut6.i_lut6_addsub                                          |   integer_addsubc_addsub_v12_0_14_lut6_legacy_HD1363 |         63 |         63 |       0 |    0 |   64 |      0 |      0 |    0 |          0 |
|                       (i_lut6.i_lut6_addsub)                                      |   integer_addsubc_addsub_v12_0_14_lut6_legacy_HD1363 |         63 |         63 |       0 |    0 |    0 |      0 |      0 |    0 |          0 |
|                       i_q.i_simple.qreg                                           |            integer_addsubc_reg_fd_v12_0_6_viv_HD1364 |          0 |          0 |       0 |    0 |   64 |      0 |      0 |    0 |          0 |
|         g[1].g_normal.alu_i                                                       |                     microop_unit__parameterized1__12 |          0 |          0 |       0 |    0 |   64 |      0 |      0 |    0 |          0 |
|     glen[12].core_i                                                               |            uop_block_wrap__parameterized8__xdcDup__2 |         64 |         64 |       0 |    0 |  320 |      0 |      0 |    0 |          0 |
|       (glen[12].core_i)                                                           |            uop_block_wrap__parameterized8__xdcDup__2 |          0 |          0 |       0 |    0 |  128 |      0 |      0 |    0 |          0 |
|       core                                                                        |                 uop_block__parameterized8__xdcDup__2 |         64 |         64 |       0 |    0 |  192 |      0 |      0 |    0 |          0 |
|         (core)                                                                    |                 uop_block__parameterized8__xdcDup__2 |          1 |          1 |       0 |    0 |    0 |      0 |      0 |    0 |          0 |
|         g[0].g_normal.alu_i                                                       |              microop_unit__parameterized3__xdcDup__3 |         63 |         63 |       0 |    0 |  128 |      0 |      0 |    0 |          0 |
|           (g[0].g_normal.alu_i)                                                   |              microop_unit__parameterized3__xdcDup__3 |          0 |          0 |       0 |    0 |   64 |      0 |      0 |    0 |          0 |
|           g_iadd.use_ip.int_addsub_i                                              |                                integer_addsub_HD1365 |         63 |         63 |       0 |    0 |   64 |      0 |      0 |    0 |          0 |
|             U0                                                                    |               integer_addsubc_addsub_v12_0_14_HD1366 |         63 |         63 |       0 |    0 |   64 |      0 |      0 |    0 |          0 |
|               xst_addsub                                                          |           integer_addsubc_addsub_v12_0_14_viv_HD1367 |         63 |         63 |       0 |    0 |   64 |      0 |      0 |    0 |          0 |
|                 i_baseblox.i_baseblox_addsub                                      |        integer_addsubc_addsub_v12_0_14_legacy_HD1368 |         63 |         63 |       0 |    0 |   64 |      0 |      0 |    0 |          0 |
|                   no_pipelining.the_addsub                                        | integer_addsubc_addsub_v12_0_14_fabric_legacy_HD1369 |         63 |         63 |       0 |    0 |   64 |      0 |      0 |    0 |          0 |
|                     i_lut6.i_lut6_addsub                                          |   integer_addsubc_addsub_v12_0_14_lut6_legacy_HD1370 |         63 |         63 |       0 |    0 |   64 |      0 |      0 |    0 |          0 |
|                       (i_lut6.i_lut6_addsub)                                      |   integer_addsubc_addsub_v12_0_14_lut6_legacy_HD1370 |         63 |         63 |       0 |    0 |    0 |      0 |      0 |    0 |          0 |
|                       i_q.i_simple.qreg                                           |            integer_addsubc_reg_fd_v12_0_6_viv_HD1371 |          0 |          0 |       0 |    0 |   64 |      0 |      0 |    0 |          0 |
|         g[1].g_normal.alu_i                                                       |                     microop_unit__parameterized1__13 |          0 |          0 |       0 |    0 |   64 |      0 |      0 |    0 |          0 |
|     glen[13].core_i                                                               |                       uop_block_wrap__parameterized8 |         64 |         64 |       0 |    0 |  320 |      0 |      0 |    0 |          0 |
|       (glen[13].core_i)                                                           |                       uop_block_wrap__parameterized8 |          0 |          0 |       0 |    0 |  128 |      0 |      0 |    0 |          0 |
|       core                                                                        |                            uop_block__parameterized8 |         64 |         64 |       0 |    0 |  192 |      0 |      0 |    0 |          0 |
|         (core)                                                                    |                            uop_block__parameterized8 |          1 |          1 |       0 |    0 |    0 |      0 |      0 |    0 |          0 |
|         g[0].g_normal.alu_i                                                       |              microop_unit__parameterized3__xdcDup__4 |         63 |         63 |       0 |    0 |  128 |      0 |      0 |    0 |          0 |
|           (g[0].g_normal.alu_i)                                                   |              microop_unit__parameterized3__xdcDup__4 |          0 |          0 |       0 |    0 |   64 |      0 |      0 |    0 |          0 |
|           g_iadd.use_ip.int_addsub_i                                              |                                integer_addsub_HD1372 |         63 |         63 |       0 |    0 |   64 |      0 |      0 |    0 |          0 |
|             U0                                                                    |               integer_addsubc_addsub_v12_0_14_HD1373 |         63 |         63 |       0 |    0 |   64 |      0 |      0 |    0 |          0 |
|               xst_addsub                                                          |           integer_addsubc_addsub_v12_0_14_viv_HD1374 |         63 |         63 |       0 |    0 |   64 |      0 |      0 |    0 |          0 |
|                 i_baseblox.i_baseblox_addsub                                      |        integer_addsubc_addsub_v12_0_14_legacy_HD1375 |         63 |         63 |       0 |    0 |   64 |      0 |      0 |    0 |          0 |
|                   no_pipelining.the_addsub                                        | integer_addsubc_addsub_v12_0_14_fabric_legacy_HD1376 |         63 |         63 |       0 |    0 |   64 |      0 |      0 |    0 |          0 |
|                     i_lut6.i_lut6_addsub                                          |   integer_addsubc_addsub_v12_0_14_lut6_legacy_HD1377 |         63 |         63 |       0 |    0 |   64 |      0 |      0 |    0 |          0 |
|                       (i_lut6.i_lut6_addsub)                                      |   integer_addsubc_addsub_v12_0_14_lut6_legacy_HD1377 |         63 |         63 |       0 |    0 |    0 |      0 |      0 |    0 |          0 |
|                       i_q.i_simple.qreg                                           |            integer_addsubc_reg_fd_v12_0_6_viv_HD1378 |          0 |          0 |       0 |    0 |   64 |      0 |      0 |    0 |          0 |
|         g[1].g_normal.alu_i                                                       |                         microop_unit__parameterized1 |          0 |          0 |       0 |    0 |   64 |      0 |      0 |    0 |          0 |
|     glen[14].core_i                                                               |                    uop_block_wrap__parameterized7__4 |          1 |          1 |       0 |    0 |  320 |      0 |      0 |    0 |          0 |
|       (glen[14].core_i)                                                           |                    uop_block_wrap__parameterized7__4 |          0 |          0 |       0 |    0 |  128 |      0 |      0 |    0 |          0 |
|       core                                                                        |                         uop_block__parameterized7__4 |          1 |          1 |       0 |    0 |  192 |      0 |      0 |    0 |          0 |
|         (core)                                                                    |                         uop_block__parameterized7__4 |          1 |          1 |       0 |    0 |   64 |      0 |      0 |    0 |          0 |
|         g[0].g_normal.alu_i                                                       |                      microop_unit__parameterized5__4 |          0 |          0 |       0 |    0 |   64 |      0 |      0 |    0 |          0 |
|         g[1].g_normal.alu_i                                                       |                     microop_unit__parameterized1__19 |          0 |          0 |       0 |    0 |   64 |      0 |      0 |    0 |          0 |
|     glen[15].core_i                                                               |                       uop_block_wrap__parameterized7 |          1 |          1 |       0 |    0 |  320 |      0 |      0 |    0 |          0 |
|       (glen[15].core_i)                                                           |                       uop_block_wrap__parameterized7 |          0 |          0 |       0 |    0 |  128 |      0 |      0 |    0 |          0 |
|       core                                                                        |                            uop_block__parameterized7 |          1 |          1 |       0 |    0 |  192 |      0 |      0 |    0 |          0 |
|         (core)                                                                    |                            uop_block__parameterized7 |          1 |          1 |       0 |    0 |   64 |      0 |      0 |    0 |          0 |
|         g[0].g_normal.alu_i                                                       |                         microop_unit__parameterized5 |          0 |          0 |       0 |    0 |   64 |      0 |      0 |    0 |          0 |
|         g[1].g_normal.alu_i                                                       |                     microop_unit__parameterized1__11 |          0 |          0 |       0 |    0 |   64 |      0 |      0 |    0 |          0 |
|     glen[16].core_i                                                               |                       uop_block_wrap__parameterized9 |         65 |         65 |       0 |    0 |  384 |      0 |      0 |    0 |          0 |
|       (glen[16].core_i)                                                           |                       uop_block_wrap__parameterized9 |          0 |          0 |       0 |    0 |  128 |      0 |      0 |    0 |          0 |
|       core                                                                        |                            uop_block__parameterized9 |         65 |         65 |       0 |    0 |  256 |      0 |      0 |    0 |          0 |
|         (core)                                                                    |                            uop_block__parameterized9 |          1 |          1 |       0 |    0 |    0 |      0 |      0 |    0 |          0 |
|         g[0].g_normal.alu_i                                                       |                         microop_unit__parameterized2 |          1 |          1 |       0 |    0 |  128 |      0 |      0 |    0 |          0 |
|           (g[0].g_normal.alu_i)                                                   |                         microop_unit__parameterized2 |          0 |          0 |       0 |    0 |   64 |      0 |      0 |    0 |          0 |
|           g_iadd.use_ip.int_addsub_i                                              |                                integer_addsub_HD1379 |          1 |          1 |       0 |    0 |   64 |      0 |      0 |    0 |          0 |
|             U0                                                                    |               integer_addsubc_addsub_v12_0_14_HD1380 |          1 |          1 |       0 |    0 |   64 |      0 |      0 |    0 |          0 |
|               xst_addsub                                                          |           integer_addsubc_addsub_v12_0_14_viv_HD1381 |          1 |          1 |       0 |    0 |   64 |      0 |      0 |    0 |          0 |
|                 i_baseblox.i_baseblox_addsub                                      |        integer_addsubc_addsub_v12_0_14_legacy_HD1382 |          1 |          1 |       0 |    0 |   64 |      0 |      0 |    0 |          0 |
|                   no_pipelining.the_addsub                                        | integer_addsubc_addsub_v12_0_14_fabric_legacy_HD1383 |          1 |          1 |       0 |    0 |   64 |      0 |      0 |    0 |          0 |
|                     i_lut6.i_lut6_addsub                                          |   integer_addsubc_addsub_v12_0_14_lut6_legacy_HD1384 |          1 |          1 |       0 |    0 |   64 |      0 |      0 |    0 |          0 |
|                       (i_lut6.i_lut6_addsub)                                      |   integer_addsubc_addsub_v12_0_14_lut6_legacy_HD1384 |          1 |          1 |       0 |    0 |    0 |      0 |      0 |    0 |          0 |
|                       i_q.i_simple.qreg                                           |            integer_addsubc_reg_fd_v12_0_6_viv_HD1385 |          0 |          0 |       0 |    0 |   64 |      0 |      0 |    0 |          0 |
|         g[1].g_normal.alu_i                                                       |                         microop_unit__parameterized3 |         63 |         63 |       0 |    0 |  128 |      0 |      0 |    0 |          0 |
|           (g[1].g_normal.alu_i)                                                   |                         microop_unit__parameterized3 |          0 |          0 |       0 |    0 |   64 |      0 |      0 |    0 |          0 |
|           g_iadd.use_ip.int_addsub_i                                              |                                integer_addsub_HD1386 |         63 |         63 |       0 |    0 |   64 |      0 |      0 |    0 |          0 |
|             U0                                                                    |               integer_addsubc_addsub_v12_0_14_HD1387 |         63 |         63 |       0 |    0 |   64 |      0 |      0 |    0 |          0 |
|               xst_addsub                                                          |           integer_addsubc_addsub_v12_0_14_viv_HD1388 |         63 |         63 |       0 |    0 |   64 |      0 |      0 |    0 |          0 |
|                 i_baseblox.i_baseblox_addsub                                      |        integer_addsubc_addsub_v12_0_14_legacy_HD1389 |         63 |         63 |       0 |    0 |   64 |      0 |      0 |    0 |          0 |
|                   no_pipelining.the_addsub                                        | integer_addsubc_addsub_v12_0_14_fabric_legacy_HD1390 |         63 |         63 |       0 |    0 |   64 |      0 |      0 |    0 |          0 |
|                     i_lut6.i_lut6_addsub                                          |   integer_addsubc_addsub_v12_0_14_lut6_legacy_HD1391 |         63 |         63 |       0 |    0 |   64 |      0 |      0 |    0 |          0 |
|                       (i_lut6.i_lut6_addsub)                                      |   integer_addsubc_addsub_v12_0_14_lut6_legacy_HD1391 |         63 |         63 |       0 |    0 |    0 |      0 |      0 |    0 |          0 |
|                       i_q.i_simple.qreg                                           |            integer_addsubc_reg_fd_v12_0_6_viv_HD1392 |          0 |          0 |       0 |    0 |   64 |      0 |      0 |    0 |          0 |
|     glen[17].core_i                                                               |                      uop_block_wrap__parameterized10 |          1 |          1 |       0 |    0 |   80 |      0 |      0 |    0 |          0 |
|       (glen[17].core_i)                                                           |                      uop_block_wrap__parameterized10 |          0 |          0 |       0 |    0 |   40 |      0 |      0 |    0 |          0 |
|       core                                                                        |                           uop_block__parameterized10 |          1 |          1 |       0 |    0 |   40 |      0 |      0 |    0 |          0 |
|         (core)                                                                    |                           uop_block__parameterized10 |          1 |          1 |       0 |    0 |    0 |      0 |      0 |    0 |          0 |
|         g[0].g_normal.alu_i                                                       |                         microop_unit__parameterized6 |          0 |          0 |       0 |    0 |    8 |      0 |      0 |    0 |          0 |
|         g[1].g_normal.alu_i                                                       |                         microop_unit__parameterized0 |          0 |          0 |       0 |    0 |   32 |      0 |      0 |    0 |          0 |
|     glen[18].core_i                                                               |                      uop_block_wrap__parameterized11 |         33 |         33 |       0 |    0 |  160 |      0 |      0 |    0 |          0 |
|       (glen[18].core_i)                                                           |                      uop_block_wrap__parameterized11 |          0 |          0 |       0 |    0 |   64 |      0 |      0 |    0 |          0 |
|       core                                                                        |                           uop_block__parameterized11 |         33 |         33 |       0 |    0 |   96 |      0 |      0 |    0 |          0 |
|         (core)                                                                    |                           uop_block__parameterized11 |          1 |          1 |       0 |    0 |   32 |      0 |      0 |    0 |          0 |
|         g[0].g_normal.alu_i                                                       |                         microop_unit__parameterized7 |          0 |          0 |       0 |    0 |   32 |      0 |      0 |    0 |          0 |
|         g[1].g_normal.alu_i                                                       |                         microop_unit__parameterized8 |         32 |         32 |       0 |    0 |   32 |      0 |      0 |    0 |          0 |
|     glen[19].core_i                                                               |                       uop_block_wrap__parameterized4 |          1 |          1 |       0 |    0 |  256 |      0 |      0 |    0 |          0 |
|       (glen[19].core_i)                                                           |                       uop_block_wrap__parameterized4 |          0 |          0 |       0 |    0 |  128 |      0 |      0 |    0 |          0 |
|       core                                                                        |                            uop_block__parameterized4 |          1 |          1 |       0 |    0 |  128 |      0 |      0 |    0 |          0 |
|         (core)                                                                    |                            uop_block__parameterized4 |          1 |          1 |       0 |    0 |    0 |      0 |      0 |    0 |          0 |
|         g[0].g_normal.alu_i                                                       |                      microop_unit__parameterized1__7 |          0 |          0 |       0 |    0 |   64 |      0 |      0 |    0 |          0 |
|         g[1].g_normal.alu_i                                                       |                      microop_unit__parameterized1__8 |          0 |          0 |       0 |    0 |   64 |      0 |      0 |    0 |          0 |
|     glen[1].core_i                                                                |                       uop_block_wrap__parameterized0 |          1 |          1 |       0 |    0 |  320 |      0 |      0 |    0 |          0 |
|       (glen[1].core_i)                                                            |                       uop_block_wrap__parameterized0 |          0 |          0 |       0 |    0 |  128 |      0 |      0 |    0 |          0 |
|       core                                                                        |                            uop_block__parameterized0 |          1 |          1 |       0 |    0 |  192 |      0 |      0 |    0 |          0 |
|         (core)                                                                    |                            uop_block__parameterized0 |          1 |          1 |       0 |    0 |    0 |      0 |      0 |    0 |          0 |
|         g[0].g_normal.alu_i                                                       |                      microop_unit__parameterized1__3 |          0 |          0 |       0 |    0 |   64 |      0 |      0 |    0 |          0 |
|         g[1].g_normal.alu_i                                                       |              microop_unit__parameterized2__xdcDup__1 |          0 |          0 |       0 |    0 |  128 |      0 |      0 |    0 |          0 |
|           (g[1].g_normal.alu_i)                                                   |              microop_unit__parameterized2__xdcDup__1 |          0 |          0 |       0 |    0 |   64 |      0 |      0 |    0 |          0 |
|           g_iadd.use_ip.int_addsub_i                                              |                                       integer_addsub |          0 |          0 |       0 |    0 |   64 |      0 |      0 |    0 |          0 |
|             U0                                                                    |                      integer_addsubc_addsub_v12_0_14 |          0 |          0 |       0 |    0 |   64 |      0 |      0 |    0 |          0 |
|               xst_addsub                                                          |                  integer_addsubc_addsub_v12_0_14_viv |          0 |          0 |       0 |    0 |   64 |      0 |      0 |    0 |          0 |
|                 i_baseblox.i_baseblox_addsub                                      |               integer_addsubc_addsub_v12_0_14_legacy |          0 |          0 |       0 |    0 |   64 |      0 |      0 |    0 |          0 |
|                   no_pipelining.the_addsub                                        |        integer_addsubc_addsub_v12_0_14_fabric_legacy |          0 |          0 |       0 |    0 |   64 |      0 |      0 |    0 |          0 |
|                     i_lut6.i_lut6_addsub                                          |          integer_addsubc_addsub_v12_0_14_lut6_legacy |          0 |          0 |       0 |    0 |   64 |      0 |      0 |    0 |          0 |
|                       (i_lut6.i_lut6_addsub)                                      |          integer_addsubc_addsub_v12_0_14_lut6_legacy |          0 |          0 |       0 |    0 |    0 |      0 |      0 |    0 |          0 |
|                       i_q.i_simple.qreg                                           |                   integer_addsubc_reg_fd_v12_0_6_viv |          0 |          0 |       0 |    0 |   64 |      0 |      0 |    0 |          0 |
|     glen[2].core_i                                                                |                       uop_block_wrap__parameterized1 |         65 |         65 |       0 |    0 |  320 |      0 |      0 |    0 |          0 |
|       (glen[2].core_i)                                                            |                       uop_block_wrap__parameterized1 |          0 |          0 |       0 |    0 |  128 |      0 |      0 |    0 |          0 |
|       core                                                                        |                            uop_block__parameterized1 |         65 |         65 |       0 |    0 |  192 |      0 |      0 |    0 |          0 |
|         (core)                                                                    |                            uop_block__parameterized1 |          1 |          1 |       0 |    0 |    0 |      0 |      0 |    0 |          0 |
|         g[0].g_normal.alu_i                                                       |                      microop_unit__parameterized1__4 |          0 |          0 |       0 |    0 |   64 |      0 |      0 |    0 |          0 |
|         g[1].g_normal.alu_i                                                       |              microop_unit__parameterized3__xdcDup__1 |         64 |         64 |       0 |    0 |  128 |      0 |      0 |    0 |          0 |
|           (g[1].g_normal.alu_i)                                                   |              microop_unit__parameterized3__xdcDup__1 |          0 |          0 |       0 |    0 |   64 |      0 |      0 |    0 |          0 |
|           g_iadd.use_ip.int_addsub_i                                              |                                integer_addsub_HD1344 |         64 |         64 |       0 |    0 |   64 |      0 |      0 |    0 |          0 |
|             U0                                                                    |               integer_addsubc_addsub_v12_0_14_HD1345 |         64 |         64 |       0 |    0 |   64 |      0 |      0 |    0 |          0 |
|               xst_addsub                                                          |           integer_addsubc_addsub_v12_0_14_viv_HD1346 |         64 |         64 |       0 |    0 |   64 |      0 |      0 |    0 |          0 |
|                 i_baseblox.i_baseblox_addsub                                      |        integer_addsubc_addsub_v12_0_14_legacy_HD1347 |         64 |         64 |       0 |    0 |   64 |      0 |      0 |    0 |          0 |
|                   no_pipelining.the_addsub                                        | integer_addsubc_addsub_v12_0_14_fabric_legacy_HD1348 |         64 |         64 |       0 |    0 |   64 |      0 |      0 |    0 |          0 |
|                     i_lut6.i_lut6_addsub                                          |   integer_addsubc_addsub_v12_0_14_lut6_legacy_HD1349 |         64 |         64 |       0 |    0 |   64 |      0 |      0 |    0 |          0 |
|                       (i_lut6.i_lut6_addsub)                                      |   integer_addsubc_addsub_v12_0_14_lut6_legacy_HD1349 |         64 |         64 |       0 |    0 |    0 |      0 |      0 |    0 |          0 |
|                       i_q.i_simple.qreg                                           |            integer_addsubc_reg_fd_v12_0_6_viv_HD1350 |          0 |          0 |       0 |    0 |   64 |      0 |      0 |    0 |          0 |
|     glen[3].core_i                                                                |                       uop_block_wrap__parameterized2 |         78 |          1 |       0 |   77 |  482 |      0 |      0 |    0 |         10 |
|       (glen[3].core_i)                                                            |                       uop_block_wrap__parameterized2 |          0 |          0 |       0 |    0 |  128 |      0 |      0 |    0 |          0 |
|       core                                                                        |                            uop_block__parameterized2 |         78 |          1 |       0 |   77 |  354 |      0 |      0 |    0 |         10 |
|         (core)                                                                    |                            uop_block__parameterized2 |          1 |          1 |       0 |    0 |   64 |      0 |      0 |    0 |          0 |
|         g[0].g_normal.alu_i                                                       |                      microop_unit__parameterized1__5 |          0 |          0 |       0 |    0 |   64 |      0 |      0 |    0 |          0 |
|         g[1].g_normal.alu_i                                                       |                         microop_unit__parameterized4 |         77 |          0 |       0 |   77 |  226 |      0 |      0 |    0 |         10 |
|           (g[1].g_normal.alu_i)                                                   |                         microop_unit__parameterized4 |          0 |          0 |       0 |    0 |   64 |      0 |      0 |    0 |          0 |
|           g_imul.mul64_ip.mul_i                                                   |                                          integer_mul |         77 |          0 |       0 |   77 |  162 |      0 |      0 |    0 |         10 |
|             U0                                                                    |                         integer_mulmult_gen_v12_0_16 |         77 |          0 |       0 |   77 |  162 |      0 |      0 |    0 |         10 |
|               i_mult                                                              |                     integer_mulmult_gen_v12_0_16_viv |         77 |          0 |       0 |   77 |  162 |      0 |      0 |    0 |         10 |
|                 gDSP.gDSP_only.iDSP                                               |                                       integer_muldsp |         77 |          0 |       0 |   77 |  162 |      0 |      0 |    0 |         10 |
|                   (gDSP.gDSP_only.iDSP)                                           |                                       integer_muldsp |          0 |          0 |       0 |    0 |    0 |      0 |      0 |    0 |         10 |
|                   use_prim.appDSP48[0].bppDSP48[0].need_output_delay.output_delay |               integer_muldelay_line__parameterized16 |          9 |          0 |       0 |    9 |   17 |      0 |      0 |    0 |          0 |
|                   use_prim.appDSP48[0].bppDSP48[2].need_output_delay.output_delay |               integer_muldelay_line__parameterized18 |          9 |          0 |       0 |    9 |   17 |      0 |      0 |    0 |          0 |
|                   use_prim.appDSP48[1].bppDSP48[0].need_output_delay.output_delay |               integer_muldelay_line__parameterized19 |          9 |          0 |       0 |    9 |   17 |      0 |      0 |    0 |          0 |
|                   use_prim.appDSP48[3].bppDSP48[0].need_output_delay.output_delay |               integer_muldelay_line__parameterized21 |          7 |          0 |       0 |    7 |   13 |      0 |      0 |    0 |          0 |
|                   use_prim.iAdelx[0].iAdely[2].use_delay_line.Adelay              |                integer_muldelay_line__parameterized0 |          9 |          0 |       0 |    9 |   17 |      0 |      0 |    0 |          0 |
|                   use_prim.iAdelx[1].iAdely[1].use_delay_line.Adelay              |                integer_muldelay_line__parameterized1 |          9 |          0 |       0 |    9 |   17 |      0 |      0 |    0 |          0 |
|                   use_prim.iAdelx[1].iAdely[2].use_delay_line.Adelay              |                integer_muldelay_line__parameterized2 |          9 |          0 |       0 |    9 |   17 |      0 |      0 |    0 |          0 |
|                   use_prim.iAdelx[2].iAdely[0].use_delay_line.Adelay              |                integer_muldelay_line__parameterized4 |          0 |          0 |       0 |    0 |   17 |      0 |      0 |    0 |          0 |
|                   use_prim.iAdelx[2].iAdely[1].use_delay_line.Adelay              |                integer_muldelay_line__parameterized5 |          9 |          0 |       0 |    9 |   17 |      0 |      0 |    0 |          0 |
|                   use_prim.iAdelx[3].iAdely[0].use_delay_line.Adelay              |                integer_muldelay_line__parameterized8 |          7 |          0 |       0 |    7 |   13 |      0 |      0 |    0 |          0 |
|                   use_prim.iBdelx[0].iBdely[2].need_delay_line.Bdelay             |              integer_muldelay_line__parameterized0_0 |          0 |          0 |       0 |    0 |    0 |      0 |      0 |    0 |          0 |
|                   use_prim.iBdelx[0].iBdely[3].need_delay_line.Bdelay             |               integer_muldelay_line__parameterized10 |          0 |          0 |       0 |    0 |    0 |      0 |      0 |    0 |          0 |
|                   use_prim.iBdelx[1].iBdely[0].need_delay_line.Bdelay             |              integer_muldelay_line__parameterized4_1 |          0 |          0 |       0 |    0 |    0 |      0 |      0 |    0 |          0 |
|                   use_prim.iBdelx[1].iBdely[1].need_delay_line.Bdelay             |              integer_muldelay_line__parameterized1_2 |          0 |          0 |       0 |    0 |    0 |      0 |      0 |    0 |          0 |
|                   use_prim.iBdelx[1].iBdely[2].need_delay_line.Bdelay             |              integer_muldelay_line__parameterized2_3 |          0 |          0 |       0 |    0 |    0 |      0 |      0 |    0 |          0 |
|                   use_prim.iBdelx[2].iBdely[1].need_delay_line.Bdelay             |              integer_muldelay_line__parameterized5_5 |          0 |          0 |       0 |    0 |    0 |      0 |      0 |    0 |          0 |
|                   use_prim.iBdelx[3].iBdely[0].need_delay_line.Bdelay             |               integer_muldelay_line__parameterized11 |          0 |          0 |       0 |    0 |    0 |      0 |      0 |    0 |          0 |
|     glen[4].core_i                                                                |                       uop_block_wrap__parameterized3 |          1 |          1 |       0 |    0 |  183 |      0 |      0 |    0 |          0 |
|       (glen[4].core_i)                                                            |                       uop_block_wrap__parameterized3 |          0 |          0 |       0 |    0 |  122 |      0 |      0 |    0 |          0 |
|       core                                                                        |                            uop_block__parameterized3 |          1 |          1 |       0 |    0 |   61 |      0 |      0 |    0 |          0 |
|         (core)                                                                    |                            uop_block__parameterized3 |          1 |          1 |       0 |    0 |    0 |      0 |      0 |    0 |          0 |
|         g[1].g_normal.alu_i                                                       |                      microop_unit__parameterized1__6 |          0 |          0 |       0 |    0 |   61 |      0 |      0 |    0 |          0 |
|     glen[5].core_i                                                                |                    uop_block_wrap__parameterized4__1 |          1 |          1 |       0 |    0 |  256 |      0 |      0 |    0 |          0 |
|       (glen[5].core_i)                                                            |                    uop_block_wrap__parameterized4__1 |          0 |          0 |       0 |    0 |  128 |      0 |      0 |    0 |          0 |
|       core                                                                        |                         uop_block__parameterized4__1 |          1 |          1 |       0 |    0 |  128 |      0 |      0 |    0 |          0 |
|         (core)                                                                    |                         uop_block__parameterized4__1 |          1 |          1 |       0 |    0 |    0 |      0 |      0 |    0 |          0 |
|         g[0].g_normal.alu_i                                                       |                     microop_unit__parameterized1__15 |          0 |          0 |       0 |    0 |   64 |      0 |      0 |    0 |          0 |
|         g[1].g_normal.alu_i                                                       |                     microop_unit__parameterized1__14 |          0 |          0 |       0 |    0 |   64 |      0 |      0 |    0 |          0 |
|     glen[6].core_i                                                                |                       uop_block_wrap__parameterized5 |          2 |          2 |       0 |    0 |  384 |      0 |      0 |    0 |          0 |
|       (glen[6].core_i)                                                            |                       uop_block_wrap__parameterized5 |          0 |          0 |       0 |    0 |  128 |      0 |      0 |    0 |          0 |
|       core                                                                        |                            uop_block__parameterized5 |          2 |          2 |       0 |    0 |  256 |      0 |      0 |    0 |          0 |
|         (core)                                                                    |                            uop_block__parameterized5 |          1 |          1 |       0 |    0 |    0 |      0 |      0 |    0 |          0 |
|         g[0].g_normal.alu_i                                                       |                      microop_unit__parameterized1__9 |          0 |          0 |       0 |    0 |   64 |      0 |      0 |    0 |          0 |
|         g[1].g_normal.alu_i                                                       |                     microop_unit__parameterized1__10 |          0 |          0 |       0 |    0 |   64 |      0 |      0 |    0 |          0 |
|         g[2].g_normal.alu_i                                                       |              microop_unit__parameterized2__xdcDup__2 |          1 |          1 |       0 |    0 |  128 |      0 |      0 |    0 |          0 |
|           (g[2].g_normal.alu_i)                                                   |              microop_unit__parameterized2__xdcDup__2 |          0 |          0 |       0 |    0 |   64 |      0 |      0 |    0 |          0 |
|           g_iadd.use_ip.int_addsub_i                                              |                                integer_addsub_HD1351 |          1 |          1 |       0 |    0 |   64 |      0 |      0 |    0 |          0 |
|             U0                                                                    |               integer_addsubc_addsub_v12_0_14_HD1352 |          1 |          1 |       0 |    0 |   64 |      0 |      0 |    0 |          0 |
|               xst_addsub                                                          |           integer_addsubc_addsub_v12_0_14_viv_HD1353 |          1 |          1 |       0 |    0 |   64 |      0 |      0 |    0 |          0 |
|                 i_baseblox.i_baseblox_addsub                                      |        integer_addsubc_addsub_v12_0_14_legacy_HD1354 |          1 |          1 |       0 |    0 |   64 |      0 |      0 |    0 |          0 |
|                   no_pipelining.the_addsub                                        | integer_addsubc_addsub_v12_0_14_fabric_legacy_HD1355 |          1 |          1 |       0 |    0 |   64 |      0 |      0 |    0 |          0 |
|                     i_lut6.i_lut6_addsub                                          |   integer_addsubc_addsub_v12_0_14_lut6_legacy_HD1356 |          1 |          1 |       0 |    0 |   64 |      0 |      0 |    0 |          0 |
|                       (i_lut6.i_lut6_addsub)                                      |   integer_addsubc_addsub_v12_0_14_lut6_legacy_HD1356 |          1 |          1 |       0 |    0 |    0 |      0 |      0 |    0 |          0 |
|                       i_q.i_simple.qreg                                           |            integer_addsubc_reg_fd_v12_0_6_viv_HD1357 |          0 |          0 |       0 |    0 |   64 |      0 |      0 |    0 |          0 |
|     glen[7].core_i                                                                |                       uop_block_wrap__parameterized6 |          1 |          1 |       0 |    0 |  128 |      0 |      0 |    0 |          0 |
|       (glen[7].core_i)                                                            |                       uop_block_wrap__parameterized6 |          0 |          0 |       0 |    0 |   64 |      0 |      0 |    0 |          0 |
|       core                                                                        |                            uop_block__parameterized6 |          1 |          1 |       0 |    0 |   64 |      0 |      0 |    0 |          0 |
|         (core)                                                                    |                            uop_block__parameterized6 |          1 |          1 |       0 |    0 |    0 |      0 |      0 |    0 |          0 |
|         g[0].g_normal.alu_i                                                       |                      microop_unit__parameterized0__2 |          0 |          0 |       0 |    0 |   32 |      0 |      0 |    0 |          0 |
|         g[1].g_normal.alu_i                                                       |                      microop_unit__parameterized0__3 |          0 |          0 |       0 |    0 |   32 |      0 |      0 |    0 |          0 |
|     glen[8].core_i                                                                |                    uop_block_wrap__parameterized7__1 |          1 |          1 |       0 |    0 |  320 |      0 |      0 |    0 |          0 |
|       (glen[8].core_i)                                                            |                    uop_block_wrap__parameterized7__1 |          0 |          0 |       0 |    0 |  128 |      0 |      0 |    0 |          0 |
|       core                                                                        |                         uop_block__parameterized7__1 |          1 |          1 |       0 |    0 |  192 |      0 |      0 |    0 |          0 |
|         (core)                                                                    |                         uop_block__parameterized7__1 |          1 |          1 |       0 |    0 |   64 |      0 |      0 |    0 |          0 |
|         g[0].g_normal.alu_i                                                       |                      microop_unit__parameterized5__1 |          0 |          0 |       0 |    0 |   64 |      0 |      0 |    0 |          0 |
|         g[1].g_normal.alu_i                                                       |                     microop_unit__parameterized1__16 |          0 |          0 |       0 |    0 |   64 |      0 |      0 |    0 |          0 |
|     glen[9].core_i                                                                |                    uop_block_wrap__parameterized7__2 |          1 |          1 |       0 |    0 |  320 |      0 |      0 |    0 |          0 |
|       (glen[9].core_i)                                                            |                    uop_block_wrap__parameterized7__2 |          0 |          0 |       0 |    0 |  128 |      0 |      0 |    0 |          0 |
|       core                                                                        |                         uop_block__parameterized7__2 |          1 |          1 |       0 |    0 |  192 |      0 |      0 |    0 |          0 |
|         (core)                                                                    |                         uop_block__parameterized7__2 |          1 |          1 |       0 |    0 |   64 |      0 |      0 |    0 |          0 |
|         g[0].g_normal.alu_i                                                       |                      microop_unit__parameterized5__2 |          0 |          0 |       0 |    0 |   64 |      0 |      0 |    0 |          0 |
|         g[1].g_normal.alu_i                                                       |                     microop_unit__parameterized1__17 |          0 |          0 |       0 |    0 |   64 |      0 |      0 |    0 |          0 |
+-----------------------------------------------------------------------------------+------------------------------------------------------+------------+------------+---------+------+------+--------+--------+------+------------+


