Copyright 1986-2022 Xilinx, Inc. All Rights Reserved. Copyright 2022-2024 Advanced Micro Devices, Inc. All Rights Reserved.
--------------------------------------------------------------------------------------------------------------------------------------------------
| Tool Version      : Vivado v.2024.1 (win64) Build 5076996 Wed May 22 18:37:14 MDT 2024
| Date              : Fri Jul 11 00:18:28 2025
| Host              : Jason_X1_Laptop running 64-bit major release  (build 9200)
| Command           : report_timing_summary -file C:/Users/joshu/AppData/Roaming/Xilinx/reports/post_route_timing.rpt
| Design            : top_multi_len
| Device            : xcu200-fsgd2104
| Speed File        : -2  PRODUCTION 1.28 03-30-2022
| Design State      : Routed
| Temperature Grade : E
--------------------------------------------------------------------------------------------------------------------------------------------------

Timing Summary Report

------------------------------------------------------------------------------------------------
| Timer Settings
| --------------
------------------------------------------------------------------------------------------------

  Enable Multi Corner Analysis               :  Yes
  Enable Pessimism Removal                   :  Yes
  Pessimism Removal Resolution               :  Nearest Common Node
  Enable Input Delay Default Clock           :  No
  Enable Preset / Clear Arcs                 :  No
  Disable Flight Delays                      :  No
  Ignore I/O Paths                           :  No
  Timing Early Launch at Borrowing Latches   :  No
  Borrow Time for Max Delay Exceptions       :  Yes
  Merge Timing Exceptions                    :  Yes
  Inter-SLR Compensation                     :  Conservative

  Corner  Analyze    Analyze    
  Name    Max Paths  Min Paths  
  ------  ---------  ---------  
  Slow    Yes        Yes        
  Fast    Yes        Yes        


------------------------------------------------------------------------------------------------
| Report Methodology
| ------------------
------------------------------------------------------------------------------------------------

Rule       Severity  Description                    Violations  
---------  --------  -----------------------------  ----------  
TIMING-18  Warning   Missing input or output delay  128         

Note: This report is based on the most recent report_methodology run and may not be up-to-date. Run report_methodology on the current design for the latest report.



check_timing report

Table of Contents
-----------------
1. checking no_clock (0)
2. checking constant_clock (0)
3. checking pulse_width_clock (0)
4. checking unconstrained_internal_endpoints (0)
5. checking no_input_delay (64)
6. checking no_output_delay (64)
7. checking multiple_clock (0)
8. checking generated_clocks (0)
9. checking loops (0)
10. checking partial_input_delay (0)
11. checking partial_output_delay (0)
12. checking latch_loops (0)

1. checking no_clock (0)
------------------------
 There are 0 register/latch pins with no clock.


2. checking constant_clock (0)
------------------------------
 There are 0 register/latch pins with constant_clock.


3. checking pulse_width_clock (0)
---------------------------------
 There are 0 register/latch pins which need pulse_width check


4. checking unconstrained_internal_endpoints (0)
------------------------------------------------
 There are 0 pins that are not constrained for maximum delay.

 There are 0 pins that are not constrained for maximum delay due to constant clock.


5. checking no_input_delay (64)
-------------------------------
 There are 64 input ports with no input delay specified. (HIGH)

 There are 0 input ports with no input delay but user has a false path constraint.


6. checking no_output_delay (64)
--------------------------------
 There are 64 ports with no output delay specified. (HIGH)

 There are 0 ports with no output delay but user has a false path constraint

 There are 0 ports with no output delay but with a timing clock defined on it or propagating through it


7. checking multiple_clock (0)
------------------------------
 There are 0 register/latch pins with multiple clocks.


8. checking generated_clocks (0)
--------------------------------
 There are 0 generated clocks that are not connected to a clock source.


9. checking loops (0)
---------------------
 There are 0 combinational loops in the design.


10. checking partial_input_delay (0)
------------------------------------
 There are 0 input ports with partial input delay specified.


11. checking partial_output_delay (0)
-------------------------------------
 There are 0 ports with partial output delay specified.


12. checking latch_loops (0)
----------------------------
 There are 0 combinational latch loops in the design through latch input



------------------------------------------------------------------------------------------------
| Design Timing Summary
| ---------------------
------------------------------------------------------------------------------------------------

    WNS(ns)      TNS(ns)  TNS Failing Endpoints  TNS Total Endpoints      WHS(ns)      THS(ns)  THS Failing Endpoints  THS Total Endpoints     WPWS(ns)     TPWS(ns)  TPWS Failing Endpoints  TPWS Total Endpoints  
    -------      -------  ---------------------  -------------------      -------      -------  ---------------------  -------------------     --------     --------  ----------------------  --------------------  
      0.678        0.000                      0                76797        0.010        0.000                      0                76797        1.134        0.000                       0                 49739  


All user specified timing constraints are met.


------------------------------------------------------------------------------------------------
| Clock Summary
| -------------
------------------------------------------------------------------------------------------------

Clock     Waveform(ns)         Period(ns)      Frequency(MHz)
-----     ------------         ----------      --------------
host_clk  {0.000 1.666}        3.333           300.030         


------------------------------------------------------------------------------------------------
| Intra Clock Table
| -----------------
------------------------------------------------------------------------------------------------

Clock             WNS(ns)      TNS(ns)  TNS Failing Endpoints  TNS Total Endpoints      WHS(ns)      THS(ns)  THS Failing Endpoints  THS Total Endpoints     WPWS(ns)     TPWS(ns)  TPWS Failing Endpoints  TPWS Total Endpoints  
-----             -------      -------  ---------------------  -------------------      -------      -------  ---------------------  -------------------     --------     --------  ----------------------  --------------------  
host_clk            0.678        0.000                      0                76797        0.010        0.000                      0                76797        1.134        0.000                       0                 49739  


------------------------------------------------------------------------------------------------
| Inter Clock Table
| -----------------
------------------------------------------------------------------------------------------------

From Clock    To Clock          WNS(ns)      TNS(ns)  TNS Failing Endpoints  TNS Total Endpoints      WHS(ns)      THS(ns)  THS Failing Endpoints  THS Total Endpoints  
----------    --------          -------      -------  ---------------------  -------------------      -------      -------  ---------------------  -------------------  


------------------------------------------------------------------------------------------------
| Other Path Groups Table
| -----------------------
------------------------------------------------------------------------------------------------

Path Group    From Clock    To Clock          WNS(ns)      TNS(ns)  TNS Failing Endpoints  TNS Total Endpoints      WHS(ns)      THS(ns)  THS Failing Endpoints  THS Total Endpoints  
----------    ----------    --------          -------      -------  ---------------------  -------------------      -------      -------  ---------------------  -------------------  


------------------------------------------------------------------------------------------------
| Timing Details
| --------------
------------------------------------------------------------------------------------------------


---------------------------------------------------------------------------------------------------
From Clock:  host_clk
  To Clock:  host_clk

Setup :            0  Failing Endpoints,  Worst Slack        0.678ns,  Total Violation        0.000ns
Hold  :            0  Failing Endpoints,  Worst Slack        0.010ns,  Total Violation        0.000ns
PW    :            0  Failing Endpoints,  Worst Slack        1.134ns,  Total Violation        0.000ns
---------------------------------------------------------------------------------------------------


Max Delay Paths
--------------------------------------------------------------------------------------
Slack (MET) :             0.678ns  (required time - arrival time)
  Source:                 glen[1].blk_i/core/g[37].alu_i/g_fadd.lanes[0].fp_addsub_inst/inst/i_synth/ADDSUB_OP.ADDSUB/LOGIC_SPEED.OP/ALIGN_BLK/ALIGN_SHIFT/ALIGN_Z_D/MUX_LOOP[1].SKEW_DIST_DEL.DEL_DIST/i_pipe/opt_has_pipe.first_q_reg[0]/C
                            (rising edge-triggered cell FDRE clocked by host_clk  {rise@0.000ns fall@1.666ns period=3.333ns})
  Destination:            glen[1].blk_i/core/g[37].alu_i/g_fadd.lanes[0].fp_addsub_inst/inst/i_synth/ADDSUB_OP.ADDSUB/LOGIC_SPEED.OP/ALIGN_BLK/ALIGN_SHIFT/ALIGN_SHIFT/MUX_LOOP[1].DEL_SHIFT/i_pipe/opt_has_pipe.first_q_reg[23]/D
                            (rising edge-triggered cell FDRE clocked by host_clk  {rise@0.000ns fall@1.666ns period=3.333ns})
  Path Group:             host_clk
  Path Type:              Setup (Max at Slow Process Corner)
  Requirement:            3.333ns  (host_clk rise@3.333ns - host_clk rise@0.000ns)
  Data Path Delay:        2.413ns  (logic 0.200ns (8.289%)  route 2.213ns (91.711%))
  Logic Levels:           1  (LUT6=1)
  Clock Path Skew:        -0.232ns (DCD - SCD + CPR)
    Destination Clock Delay (DCD):    2.724ns = ( 6.057 - 3.333 ) 
    Source Clock Delay      (SCD):    3.417ns
    Clock Pessimism Removal (CPR):    0.460ns
  Clock Uncertainty:      0.035ns  ((TSJ^2 + TIJ^2)^1/2 + DJ) / 2 + PE
    Total System Jitter     (TSJ):    0.071ns
    Total Input Jitter      (TIJ):    0.000ns
    Discrete Jitter          (DJ):    0.000ns
    Phase Error              (PE):    0.000ns
  Clock Net Delay (Source):      2.542ns (routing 1.456ns, distribution 1.086ns)
  Clock Net Delay (Destination): 2.141ns (routing 1.329ns, distribution 0.812ns)

    Location             Delay type                Incr(ns)  Path(ns)    PBlock               Netlist Resource(s)
  -------------------------------------------------------------------    ----------------------------------------
                         (clock host_clk rise edge)
                                                      0.000     0.000 r                       
    J18                                               0.000     0.000 r                       clk (IN)
                         net (fo=0)                   0.000     0.000                         clk_IBUF_inst/I
    J18                  INBUF (Prop_INBUF_HPIOB_M_PAD_O)
                                                      0.512     0.512 r                       clk_IBUF_inst/INBUF_INST/O
                         net (fo=1, routed)           0.000     0.512                         clk_IBUF_inst/OUT
    J18                  IBUFCTRL (Prop_IBUFCTRL_HPIOB_M_I_O)
                                                      0.000     0.512 r                       clk_IBUF_inst/IBUFCTRL_INST/O
                         net (fo=1, routed)           0.335     0.847                         clk_IBUF
    BUFGCE_X1Y288        BUFGCE (Prop_BUFCE_BUFGCE_I_O)
                                                      0.028     0.875 r                       clk_IBUF_BUFG_inst/O
    X1Y13 (CLOCK_ROOT)   net (fo=50258, routed)       2.542     3.417                         glen[1].blk_i/core/g[37].alu_i/g_fadd.lanes[0].fp_addsub_inst/inst/i_synth/ADDSUB_OP.ADDSUB/LOGIC_SPEED.OP/ALIGN_BLK/ALIGN_SHIFT/ALIGN_Z_D/MUX_LOOP[1].SKEW_DIST_DEL.DEL_DIST/i_pipe/aclk
    SLICE_X60Y855        FDRE                                         r  pblock_2             glen[1].blk_i/core/g[37].alu_i/g_fadd.lanes[0].fp_addsub_inst/inst/i_synth/ADDSUB_OP.ADDSUB/LOGIC_SPEED.OP/ALIGN_BLK/ALIGN_SHIFT/ALIGN_Z_D/MUX_LOOP[1].SKEW_DIST_DEL.DEL_DIST/i_pipe/opt_has_pipe.first_q_reg[0]/C
  -------------------------------------------------------------------    ----------------------------------------
    SLICE_X60Y855        FDRE (Prop_EFF_SLICEM_C_Q)
                                                      0.076     3.493 r  pblock_2             glen[1].blk_i/core/g[37].alu_i/g_fadd.lanes[0].fp_addsub_inst/inst/i_synth/ADDSUB_OP.ADDSUB/LOGIC_SPEED.OP/ALIGN_BLK/ALIGN_SHIFT/ALIGN_Z_D/MUX_LOOP[1].SKEW_DIST_DEL.DEL_DIST/i_pipe/opt_has_pipe.first_q_reg[0]/Q
                         net (fo=59, routed)          2.165     5.658                         glen[1].blk_i/core/g[37].alu_i/g_fadd.lanes[0].fp_addsub_inst/inst/i_synth/ADDSUB_OP.ADDSUB/LOGIC_SPEED.OP/ALIGN_BLK/ALIGN_SHIFT/ALIGN_SHIFT/MUX_LOOP[0].DEL_SHIFT/i_pipe/ext_del_distance_2[0]
    SLICE_X52Y851        LUT6 (Prop_A6LUT_SLICEL_I2_O)
                                                      0.124     5.782 r  pblock_2             glen[1].blk_i/core/g[37].alu_i/g_fadd.lanes[0].fp_addsub_inst/inst/i_synth/ADDSUB_OP.ADDSUB/LOGIC_SPEED.OP/ALIGN_BLK/ALIGN_SHIFT/ALIGN_SHIFT/MUX_LOOP[0].DEL_SHIFT/i_pipe/opt_has_pipe.first_q[23]_i_1__0/O
                         net (fo=1, routed)           0.048     5.830                         glen[1].blk_i/core/g[37].alu_i/g_fadd.lanes[0].fp_addsub_inst/inst/i_synth/ADDSUB_OP.ADDSUB/LOGIC_SPEED.OP/ALIGN_BLK/ALIGN_SHIFT/ALIGN_SHIFT/MUX_LOOP[1].DEL_SHIFT/i_pipe/MUX_LOOP[1].shifted_temp[23]
    SLICE_X52Y851        FDRE                                         r  pblock_2             glen[1].blk_i/core/g[37].alu_i/g_fadd.lanes[0].fp_addsub_inst/inst/i_synth/ADDSUB_OP.ADDSUB/LOGIC_SPEED.OP/ALIGN_BLK/ALIGN_SHIFT/ALIGN_SHIFT/MUX_LOOP[1].DEL_SHIFT/i_pipe/opt_has_pipe.first_q_reg[23]/D
  -------------------------------------------------------------------    ----------------------------------------

                         (clock host_clk rise edge)
                                                      3.333     3.333 r                       
    J18                                               0.000     3.333 r                       clk (IN)
                         net (fo=0)                   0.000     3.333                         clk_IBUF_inst/I
    J18                  INBUF (Prop_INBUF_HPIOB_M_PAD_O)
                                                      0.262     3.595 r                       clk_IBUF_inst/INBUF_INST/O
                         net (fo=1, routed)           0.000     3.595                         clk_IBUF_inst/OUT
    J18                  IBUFCTRL (Prop_IBUFCTRL_HPIOB_M_I_O)
                                                      0.000     3.595 r                       clk_IBUF_inst/IBUFCTRL_INST/O
                         net (fo=1, routed)           0.297     3.892                         clk_IBUF
    BUFGCE_X1Y288        BUFGCE (Prop_BUFCE_BUFGCE_I_O)
                                                      0.024     3.916 r                       clk_IBUF_BUFG_inst/O
    X1Y13 (CLOCK_ROOT)   net (fo=50258, routed)       2.141     6.057                         glen[1].blk_i/core/g[37].alu_i/g_fadd.lanes[0].fp_addsub_inst/inst/i_synth/ADDSUB_OP.ADDSUB/LOGIC_SPEED.OP/ALIGN_BLK/ALIGN_SHIFT/ALIGN_SHIFT/MUX_LOOP[1].DEL_SHIFT/i_pipe/aclk
    SLICE_X52Y851        FDRE                                         r  pblock_2             glen[1].blk_i/core/g[37].alu_i/g_fadd.lanes[0].fp_addsub_inst/inst/i_synth/ADDSUB_OP.ADDSUB/LOGIC_SPEED.OP/ALIGN_BLK/ALIGN_SHIFT/ALIGN_SHIFT/MUX_LOOP[1].DEL_SHIFT/i_pipe/opt_has_pipe.first_q_reg[23]/C
                         clock pessimism              0.460     6.518                           
                         clock uncertainty           -0.035     6.483                           
    SLICE_X52Y851        FDRE (Setup_AFF_SLICEL_C_D)
                                                      0.025     6.508    pblock_2               glen[1].blk_i/core/g[37].alu_i/g_fadd.lanes[0].fp_addsub_inst/inst/i_synth/ADDSUB_OP.ADDSUB/LOGIC_SPEED.OP/ALIGN_BLK/ALIGN_SHIFT/ALIGN_SHIFT/MUX_LOOP[1].DEL_SHIFT/i_pipe/opt_has_pipe.first_q_reg[23]
  -------------------------------------------------------------------
                         required time                          6.508                           
                         arrival time                          -5.830                           
  -------------------------------------------------------------------
                         slack                                  0.678                           





Min Delay Paths
--------------------------------------------------------------------------------------
Slack (MET) :             0.010ns  (arrival time - required time)
  Source:                 glen[1].blk_i/core/g[5].alu_i/g_fadd.lanes[0].fp_addsub_inst/inst/i_synth/ADDSUB_OP.ADDSUB/LOGIC_SPEED.OP/EXP/EXP_OFF.LRG_EXP_ALIGN_DELAY/i_pipe/opt_has_pipe.first_q_reg[8]/C
                            (rising edge-triggered cell FDRE clocked by host_clk  {rise@0.000ns fall@1.666ns period=3.333ns})
  Destination:            glen[1].blk_i/core/g[5].alu_i/g_fadd.lanes[0].fp_addsub_inst/inst/i_synth/ADDSUB_OP.ADDSUB/LOGIC_SPEED.OP/EXP/EXP_OFF.LRG_EXP_DELAY/i_pipe/opt_has_pipe.i_pipe[5].pipe_reg[5][8]_srl5/D
                            (rising edge-triggered cell SRL16E clocked by host_clk  {rise@0.000ns fall@1.666ns period=3.333ns})
  Path Group:             host_clk
  Path Type:              Hold (Min at Slow Process Corner)
  Requirement:            0.000ns  (host_clk rise@0.000ns - host_clk rise@0.000ns)
  Data Path Delay:        0.170ns  (logic 0.058ns (34.037%)  route 0.112ns (65.963%))
  Logic Levels:           0  
  Clock Path Skew:        0.105ns (DCD - SCD - CPR)
    Destination Clock Delay (DCD):    3.393ns
    Source Clock Delay      (SCD):    2.822ns
    Clock Pessimism Removal (CPR):    0.466ns
  Clock Net Delay (Source):      2.239ns (routing 1.329ns, distribution 0.910ns)
  Clock Net Delay (Destination): 2.518ns (routing 1.456ns, distribution 1.062ns)

    Location             Delay type                Incr(ns)  Path(ns)    PBlock               Netlist Resource(s)
  -------------------------------------------------------------------    ----------------------------------------
                         (clock host_clk rise edge)
                                                      0.000     0.000 r                       
    J18                                               0.000     0.000 r                       clk (IN)
                         net (fo=0)                   0.000     0.000                         clk_IBUF_inst/I
    J18                  INBUF (Prop_INBUF_HPIOB_M_PAD_O)
                                                      0.262     0.262 r                       clk_IBUF_inst/INBUF_INST/O
                         net (fo=1, routed)           0.000     0.262                         clk_IBUF_inst/OUT
    J18                  IBUFCTRL (Prop_IBUFCTRL_HPIOB_M_I_O)
                                                      0.000     0.262 r                       clk_IBUF_inst/IBUFCTRL_INST/O
                         net (fo=1, routed)           0.297     0.559                         clk_IBUF
    BUFGCE_X1Y288        BUFGCE (Prop_BUFCE_BUFGCE_I_O)
                                                      0.024     0.583 r                       clk_IBUF_BUFG_inst/O
    X1Y13 (CLOCK_ROOT)   net (fo=50258, routed)       2.239     2.822                         glen[1].blk_i/core/g[5].alu_i/g_fadd.lanes[0].fp_addsub_inst/inst/i_synth/ADDSUB_OP.ADDSUB/LOGIC_SPEED.OP/EXP/EXP_OFF.LRG_EXP_ALIGN_DELAY/i_pipe/aclk
    SLICE_X72Y815        FDRE                                         r  pblock_2             glen[1].blk_i/core/g[5].alu_i/g_fadd.lanes[0].fp_addsub_inst/inst/i_synth/ADDSUB_OP.ADDSUB/LOGIC_SPEED.OP/EXP/EXP_OFF.LRG_EXP_ALIGN_DELAY/i_pipe/opt_has_pipe.first_q_reg[8]/C
  -------------------------------------------------------------------    ----------------------------------------
    SLICE_X72Y815        FDRE (Prop_AFF_SLICEM_C_Q)
                                                      0.058     2.880 r  pblock_2             glen[1].blk_i/core/g[5].alu_i/g_fadd.lanes[0].fp_addsub_inst/inst/i_synth/ADDSUB_OP.ADDSUB/LOGIC_SPEED.OP/EXP/EXP_OFF.LRG_EXP_ALIGN_DELAY/i_pipe/opt_has_pipe.first_q_reg[8]/Q
                         net (fo=2, routed)           0.112     2.992                         glen[1].blk_i/core/g[5].alu_i/g_fadd.lanes[0].fp_addsub_inst/inst/i_synth/ADDSUB_OP.ADDSUB/LOGIC_SPEED.OP/EXP/EXP_OFF.LRG_EXP_DELAY/i_pipe/out[8]
    SLICE_X70Y817        SRL16E                                       r  pblock_2             glen[1].blk_i/core/g[5].alu_i/g_fadd.lanes[0].fp_addsub_inst/inst/i_synth/ADDSUB_OP.ADDSUB/LOGIC_SPEED.OP/EXP/EXP_OFF.LRG_EXP_DELAY/i_pipe/opt_has_pipe.i_pipe[5].pipe_reg[5][8]_srl5/D
  -------------------------------------------------------------------    ----------------------------------------

                         (clock host_clk rise edge)
                                                      0.000     0.000 r                       
    J18                                               0.000     0.000 r                       clk (IN)
                         net (fo=0)                   0.000     0.000                         clk_IBUF_inst/I
    J18                  INBUF (Prop_INBUF_HPIOB_M_PAD_O)
                                                      0.512     0.512 r                       clk_IBUF_inst/INBUF_INST/O
                         net (fo=1, routed)           0.000     0.512                         clk_IBUF_inst/OUT
    J18                  IBUFCTRL (Prop_IBUFCTRL_HPIOB_M_I_O)
                                                      0.000     0.512 r                       clk_IBUF_inst/IBUFCTRL_INST/O
                         net (fo=1, routed)           0.335     0.847                         clk_IBUF
    BUFGCE_X1Y288        BUFGCE (Prop_BUFCE_BUFGCE_I_O)
                                                      0.028     0.875 r                       clk_IBUF_BUFG_inst/O
    X1Y13 (CLOCK_ROOT)   net (fo=50258, routed)       2.518     3.393                         glen[1].blk_i/core/g[5].alu_i/g_fadd.lanes[0].fp_addsub_inst/inst/i_synth/ADDSUB_OP.ADDSUB/LOGIC_SPEED.OP/EXP/EXP_OFF.LRG_EXP_DELAY/i_pipe/aclk
    SLICE_X70Y817        SRL16E                                       r  pblock_2             glen[1].blk_i/core/g[5].alu_i/g_fadd.lanes[0].fp_addsub_inst/inst/i_synth/ADDSUB_OP.ADDSUB/LOGIC_SPEED.OP/EXP/EXP_OFF.LRG_EXP_DELAY/i_pipe/opt_has_pipe.i_pipe[5].pipe_reg[5][8]_srl5/CLK
                         clock pessimism             -0.466     2.927                           
    SLICE_X70Y817        SRL16E (Hold_A5LUT_SLICEM_CLK_D)
                                                      0.055     2.982    pblock_2               glen[1].blk_i/core/g[5].alu_i/g_fadd.lanes[0].fp_addsub_inst/inst/i_synth/ADDSUB_OP.ADDSUB/LOGIC_SPEED.OP/EXP/EXP_OFF.LRG_EXP_DELAY/i_pipe/opt_has_pipe.i_pipe[5].pipe_reg[5][8]_srl5
  -------------------------------------------------------------------
                         required time                         -2.982                           
                         arrival time                           2.992                           
  -------------------------------------------------------------------
                         slack                                  0.010                           





Pulse Width Checks
--------------------------------------------------------------------------------------
Clock Name:         host_clk
Waveform(ns):       { 0.000 1.666 }
Period(ns):         3.333
Sources:            { clk }

Check Type        Corner  Lib Pin     Reference Pin  Required(ns)  Actual(ns)  Slack(ns)  Location       Pin
Min Period        n/a     BUFGCE/I    n/a            1.290         3.333       2.043      BUFGCE_X1Y288  clk_IBUF_BUFG_inst/I
Low Pulse Width   Slow    SRL16E/CLK  n/a            0.532         1.667       1.135      SLICE_X72Y888  glen[0].blk_i/core/g[1].alu_i/g_fadd.lanes[0].fp_addsub_inst/inst/i_synth/ADDSUB_OP.ADDSUB/LOGIC_SPEED.OP/ALIGN_BLK/FRAC_ADDSUB/DSP_ADD.FRAC_ADDSUB/i_no_versal_es1_workaround.LOGIC_ADD.LRG_LOGIC_DEL/i_pipe/opt_has_pipe.i_pipe[3].pipe_reg[3][0]_srl2/CLK
High Pulse Width  Slow    SRL16E/CLK  n/a            0.532         1.666       1.134      SLICE_X72Y888  glen[0].blk_i/core/g[1].alu_i/g_fadd.lanes[0].fp_addsub_inst/inst/i_synth/ADDSUB_OP.ADDSUB/LOGIC_SPEED.OP/ALIGN_BLK/FRAC_ADDSUB/DSP_ADD.FRAC_ADDSUB/i_no_versal_es1_workaround.LOGIC_ADD.LRG_LOGIC_DEL/i_pipe/opt_has_pipe.i_pipe[3].pipe_reg[3][0]_srl2/CLK



