Copyright 1986-2020 Xilinx, Inc. All Rights Reserved.
---------------------------------------------------------------------------------------------------------------------------------------------------------------
| Tool Version : Vivado v.2020.1 (lin64) Build 2902540 Wed May 27 19:54:35 MDT 2020
| Date         : Fri Oct  3 01:17:44 2025
| Host         : orthanc running 64-bit Ubuntu 22.04.4 LTS
| Command      : report_utilization -hierarchical -file /home/jyoo/custom_v_2/custom-core-tool/reports/memory_wo_simd/benches/544_nab_r/pre_impl_util_hier.rpt
| Design       : top_multi_len
| Device       : xcu200fsgd2104-2
| Design State : Synthesized
---------------------------------------------------------------------------------------------------------------------------------------------------------------

Utilization Design Information

Table of Contents
-----------------
1. Utilization by Hierarchy

1. Utilization by Hierarchy
---------------------------

+------------------------------------+----------------------------------+------------+------------+---------+------+------+--------+--------+------+------------+
|              Instance              |              Module              | Total LUTs | Logic LUTs | LUTRAMs | SRLs |  FFs | RAMB36 | RAMB18 | URAM | DSP Blocks |
+------------------------------------+----------------------------------+------------+------------+---------+------+------+--------+--------+------+------------+
| top_multi_len                      |                            (top) |       2292 |       2292 |       0 |    0 | 5102 |      8 |      0 |    0 |          3 |
|   (top_multi_len)                  |                            (top) |        109 |        109 |       0 |    0 |  335 |      0 |      0 |    0 |          0 |
|   g_has_mem.glen_mem[0].blk_i      |                   uop_block_wrap |         35 |         35 |       0 |    0 |  107 |      0 |      0 |    0 |          0 |
|     (g_has_mem.glen_mem[0].blk_i)  |                   uop_block_wrap |          0 |          0 |       0 |    0 |   42 |      0 |      0 |    0 |          0 |
|     core                           |                        uop_block |         35 |         35 |       0 |    0 |   65 |      0 |      0 |    0 |          0 |
|       (core)                       |                        uop_block |          3 |          3 |       0 |    0 |    1 |      0 |      0 |    0 |          0 |
|       g[0].g_normal.alu_i          |                  microop_unit__1 |          0 |          0 |       0 |    0 |   32 |      0 |      0 |    0 |          0 |
|       g[1].g_normal.alu_i          |     microop_unit__parameterized0 |         32 |         32 |       0 |    0 |   32 |      0 |      0 |    0 |          0 |
|   g_has_mem.glen_mem[10].blk_i     |   uop_block_wrap__parameterized4 |          1 |          1 |       0 |    0 |  102 |      0 |      0 |    0 |          0 |
|     (g_has_mem.glen_mem[10].blk_i) |   uop_block_wrap__parameterized4 |          0 |          0 |       0 |    0 |   38 |      0 |      0 |    0 |          0 |
|     core                           |     uop_block__parameterized4_15 |          1 |          1 |       0 |    0 |   64 |      0 |      0 |    0 |          0 |
|       (core)                       |     uop_block__parameterized4_15 |          0 |          0 |       0 |    0 |    0 |      0 |      0 |    0 |          0 |
|       g[0].g_normal.alu_i          |     microop_unit__parameterized4 |          1 |          1 |       0 |    0 |   32 |      0 |      0 |    0 |          0 |
|       g[1].g_normal.alu_i          |  microop_unit__parameterized3__2 |          0 |          0 |       0 |    0 |   32 |      0 |      0 |    0 |          0 |
|   g_has_mem.glen_mem[11].blk_i     |   uop_block_wrap__parameterized7 |         70 |         70 |       0 |    0 |  207 |      0 |      0 |    0 |          0 |
|     (g_has_mem.glen_mem[11].blk_i) |   uop_block_wrap__parameterized7 |          3 |          3 |       0 |    0 |   78 |      0 |      0 |    0 |          0 |
|     core                           |     uop_block__parameterized7_14 |         67 |         67 |       0 |    0 |  129 |      0 |      0 |    0 |          0 |
|       (core)                       |     uop_block__parameterized7_14 |          3 |          3 |       0 |    0 |    1 |      0 |      0 |    0 |          0 |
|       g[0].g_normal.alu_i          |  microop_unit__parameterized1__2 |         64 |         64 |       0 |    0 |   64 |      0 |      0 |    0 |          0 |
|       g[1].g_normal.alu_i          |  microop_unit__parameterized5__5 |          0 |          0 |       0 |    0 |   64 |      0 |      0 |    0 |          0 |
|   g_has_mem.glen_mem[12].blk_i     | uop_block_wrap__parameterized7_0 |         69 |         69 |       0 |    0 |  207 |      0 |      0 |    0 |          0 |
|     (g_has_mem.glen_mem[12].blk_i) | uop_block_wrap__parameterized7_0 |          2 |          2 |       0 |    0 |   78 |      0 |      0 |    0 |          0 |
|     core                           |     uop_block__parameterized7_13 |         67 |         67 |       0 |    0 |  129 |      0 |      0 |    0 |          0 |
|       (core)                       |     uop_block__parameterized7_13 |          3 |          3 |       0 |    0 |    1 |      0 |      0 |    0 |          0 |
|       g[0].g_normal.alu_i          |  microop_unit__parameterized1__3 |         64 |         64 |       0 |    0 |   64 |      0 |      0 |    0 |          0 |
|       g[1].g_normal.alu_i          |  microop_unit__parameterized5__6 |          0 |          0 |       0 |    0 |   64 |      0 |      0 |    0 |          0 |
|   g_has_mem.glen_mem[13].blk_i     |   uop_block_wrap__parameterized8 |          4 |          4 |       0 |    0 |  207 |      0 |      0 |    0 |          0 |
|     (g_has_mem.glen_mem[13].blk_i) |   uop_block_wrap__parameterized8 |          2 |          2 |       0 |    0 |   78 |      0 |      0 |    0 |          0 |
|     core                           |        uop_block__parameterized8 |          2 |          2 |       0 |    0 |  129 |      0 |      0 |    0 |          0 |
|       (core)                       |        uop_block__parameterized8 |          2 |          2 |       0 |    0 |    1 |      0 |      0 |    0 |          0 |
|       g[0].g_normal.alu_i          |  microop_unit__parameterized5__3 |          0 |          0 |       0 |    0 |   64 |      0 |      0 |    0 |          0 |
|       g[1].g_normal.alu_i          |  microop_unit__parameterized5__4 |          0 |          0 |       0 |    0 |   64 |      0 |      0 |    0 |          0 |
|   g_has_mem.glen_mem[14].blk_i     |   uop_block_wrap__parameterized9 |          0 |          0 |       0 |    0 |  166 |      0 |      0 |    0 |          0 |
|     (g_has_mem.glen_mem[14].blk_i) |   uop_block_wrap__parameterized9 |          0 |          0 |       0 |    0 |   70 |      0 |      0 |    0 |          0 |
|     core                           |        uop_block__parameterized9 |          0 |          0 |       0 |    0 |   96 |      0 |      0 |    0 |          0 |
|       (core)                       |        uop_block__parameterized9 |          0 |          0 |       0 |    0 |    0 |      0 |      0 |    0 |          0 |
|       g[0].g_normal.alu_i          |     microop_unit__parameterized3 |          0 |          0 |       0 |    0 |   32 |      0 |      0 |    0 |          0 |
|       g[1].g_normal.alu_i          |     microop_unit__parameterized5 |          0 |          0 |       0 |    0 |   64 |      0 |      0 |    0 |          0 |
|   g_has_mem.glen_mem[15].blk_i     | uop_block_wrap__parameterized7_1 |         69 |         69 |       0 |    0 |  206 |      0 |      0 |    0 |          0 |
|     (g_has_mem.glen_mem[15].blk_i) | uop_block_wrap__parameterized7_1 |          2 |          2 |       0 |    0 |   77 |      0 |      0 |    0 |          0 |
|     core                           |     uop_block__parameterized7_12 |         67 |         67 |       0 |    0 |  129 |      0 |      0 |    0 |          0 |
|       (core)                       |     uop_block__parameterized7_12 |          3 |          3 |       0 |    0 |    1 |      0 |      0 |    0 |          0 |
|       g[0].g_normal.alu_i          |  microop_unit__parameterized1__4 |         64 |         64 |       0 |    0 |   64 |      0 |      0 |    0 |          0 |
|       g[1].g_normal.alu_i          |  microop_unit__parameterized5__7 |          0 |          0 |       0 |    0 |   64 |      0 |      0 |    0 |          0 |
|   g_has_mem.glen_mem[16].blk_i     | uop_block_wrap__parameterized7_2 |         68 |         68 |       0 |    0 |  206 |      0 |      0 |    0 |          0 |
|     (g_has_mem.glen_mem[16].blk_i) | uop_block_wrap__parameterized7_2 |          1 |          1 |       0 |    0 |   77 |      0 |      0 |    0 |          0 |
|     core                           |     uop_block__parameterized7_11 |         67 |         67 |       0 |    0 |  129 |      0 |      0 |    0 |          0 |
|       (core)                       |     uop_block__parameterized7_11 |          3 |          3 |       0 |    0 |    1 |      0 |      0 |    0 |          0 |
|       g[0].g_normal.alu_i          |  microop_unit__parameterized1__5 |         64 |         64 |       0 |    0 |   64 |      0 |      0 |    0 |          0 |
|       g[1].g_normal.alu_i          |  microop_unit__parameterized5__8 |          0 |          0 |       0 |    0 |   64 |      0 |      0 |    0 |          0 |
|   g_has_mem.glen_mem[17].blk_i     | uop_block_wrap__parameterized7_3 |         70 |         70 |       0 |    0 |  204 |      0 |      0 |    0 |          0 |
|     (g_has_mem.glen_mem[17].blk_i) | uop_block_wrap__parameterized7_3 |          3 |          3 |       0 |    0 |   75 |      0 |      0 |    0 |          0 |
|     core                           |     uop_block__parameterized7_10 |         67 |         67 |       0 |    0 |  129 |      0 |      0 |    0 |          0 |
|       (core)                       |     uop_block__parameterized7_10 |          3 |          3 |       0 |    0 |    1 |      0 |      0 |    0 |          0 |
|       g[0].g_normal.alu_i          |  microop_unit__parameterized1__6 |         64 |         64 |       0 |    0 |   64 |      0 |      0 |    0 |          0 |
|       g[1].g_normal.alu_i          |  microop_unit__parameterized5__9 |          0 |          0 |       0 |    0 |   64 |      0 |      0 |    0 |          0 |
|   g_has_mem.glen_mem[18].blk_i     | uop_block_wrap__parameterized7_4 |         77 |         77 |       0 |    0 |  209 |      0 |      0 |    0 |          0 |
|     (g_has_mem.glen_mem[18].blk_i) | uop_block_wrap__parameterized7_4 |          9 |          9 |       0 |    0 |   80 |      0 |      0 |    0 |          0 |
|     core                           |        uop_block__parameterized7 |         68 |         68 |       0 |    0 |  129 |      0 |      0 |    0 |          0 |
|       (core)                       |        uop_block__parameterized7 |          4 |          4 |       0 |    0 |    1 |      0 |      0 |    0 |          0 |
|       g[0].g_normal.alu_i          |     microop_unit__parameterized1 |         64 |         64 |       0 |    0 |   64 |      0 |      0 |    0 |          0 |
|       g[1].g_normal.alu_i          |  microop_unit__parameterized5__2 |          0 |          0 |       0 |    0 |   64 |      0 |      0 |    0 |          0 |
|   g_has_mem.glen_mem[19].blk_i     |  uop_block_wrap__parameterized10 |         45 |         45 |       0 |    0 |  115 |      0 |      0 |    0 |          0 |
|     (g_has_mem.glen_mem[19].blk_i) |  uop_block_wrap__parameterized10 |         10 |         10 |       0 |    0 |   50 |      0 |      0 |    0 |          0 |
|     core                           |       uop_block__parameterized10 |         35 |         35 |       0 |    0 |   65 |      0 |      0 |    0 |          0 |
|       (core)                       |       uop_block__parameterized10 |          3 |          3 |       0 |    0 |    1 |      0 |      0 |    0 |          0 |
|       g[0].g_normal.alu_i          |     microop_unit__parameterized7 |         32 |         32 |       0 |    0 |   32 |      0 |      0 |    0 |          0 |
|       g[1].g_normal.alu_i          |                     microop_unit |          0 |          0 |       0 |    0 |   32 |      0 |      0 |    0 |          0 |
|   g_has_mem.glen_mem[1].blk_i      |   uop_block_wrap__parameterized0 |          8 |          8 |       0 |    0 |  144 |      0 |      0 |    0 |          0 |
|     (g_has_mem.glen_mem[1].blk_i)  |   uop_block_wrap__parameterized0 |          2 |          2 |       0 |    0 |   46 |      0 |      0 |    0 |          0 |
|     core                           |        uop_block__parameterized0 |          6 |          6 |       0 |    0 |   98 |      0 |      0 |    0 |          0 |
|       (core)                       |        uop_block__parameterized0 |          6 |          6 |       0 |    0 |    2 |      0 |      0 |    0 |          0 |
|       g[0].g_normal.alu_i          |                  microop_unit__2 |          0 |          0 |       0 |    0 |   32 |      0 |      0 |    0 |          0 |
|       g[1].g_normal.alu_i          |                  microop_unit__3 |          0 |          0 |       0 |    0 |   32 |      0 |      0 |    0 |          0 |
|       g[2].g_normal.alu_i          |                  microop_unit__4 |          0 |          0 |       0 |    0 |   32 |      0 |      0 |    0 |          0 |
|   g_has_mem.glen_mem[2].blk_i      |   uop_block_wrap__parameterized1 |         69 |         69 |       0 |    0 |  176 |      0 |      0 |    0 |          0 |
|     (g_has_mem.glen_mem[2].blk_i)  |   uop_block_wrap__parameterized1 |          3 |          3 |       0 |    0 |   79 |      0 |      0 |    0 |          0 |
|     core                           |      uop_block__parameterized1_9 |         66 |         66 |       0 |    0 |   97 |      0 |      0 |    0 |          0 |
|       (core)                       |      uop_block__parameterized1_9 |          2 |          2 |       0 |    0 |    1 |      0 |      0 |    0 |          0 |
|       g[0].g_normal.alu_i          |  microop_unit__parameterized1__7 |         64 |         64 |       0 |    0 |   64 |      0 |      0 |    0 |          0 |
|       g[1].g_normal.alu_i          |                 microop_unit__10 |          0 |          0 |       0 |    0 |   32 |      0 |      0 |    0 |          0 |
|   g_has_mem.glen_mem[3].blk_i      |   uop_block_wrap__parameterized2 |         40 |         40 |       0 |    0 |  146 |      0 |      0 |    0 |          0 |
|     (g_has_mem.glen_mem[3].blk_i)  |   uop_block_wrap__parameterized2 |          3 |          3 |       0 |    0 |   48 |      0 |      0 |    0 |          0 |
|     core                           |        uop_block__parameterized2 |         37 |         37 |       0 |    0 |   98 |      0 |      0 |    0 |          0 |
|       (core)                       |        uop_block__parameterized2 |          5 |          5 |       0 |    0 |    2 |      0 |      0 |    0 |          0 |
|       g[0].g_normal.alu_i          |                  microop_unit__6 |          0 |          0 |       0 |    0 |   32 |      0 |      0 |    0 |          0 |
|       g[1].g_normal.alu_i          |     microop_unit__parameterized2 |         32 |         32 |       0 |    0 |   32 |      0 |      0 |    0 |          0 |
|       g[2].g_normal.alu_i          |  microop_unit__parameterized3__1 |          0 |          0 |       0 |    0 |   32 |      0 |      0 |    0 |          0 |
|   g_has_mem.glen_mem[4].blk_i      |   uop_block_wrap__parameterized3 |          4 |          4 |       0 |    0 |  110 |      0 |      0 |    0 |          0 |
|     (g_has_mem.glen_mem[4].blk_i)  |   uop_block_wrap__parameterized3 |          1 |          1 |       0 |    0 |   45 |      0 |      0 |    0 |          0 |
|     core                           |        uop_block__parameterized3 |          3 |          3 |       0 |    0 |   65 |      0 |      0 |    0 |          0 |
|       (core)                       |        uop_block__parameterized3 |          3 |          3 |       0 |    0 |    1 |      0 |      0 |    0 |          0 |
|       g[0].g_normal.alu_i          |                  microop_unit__7 |          0 |          0 |       0 |    0 |   32 |      0 |      0 |    0 |          0 |
|       g[1].g_normal.alu_i          |                  microop_unit__8 |          0 |          0 |       0 |    0 |   32 |      0 |      0 |    0 |          0 |
|   g_has_mem.glen_mem[5].blk_i      | uop_block_wrap__parameterized1_5 |         67 |         67 |       0 |    0 |  172 |      0 |      0 |    0 |          0 |
|     (g_has_mem.glen_mem[5].blk_i)  | uop_block_wrap__parameterized1_5 |          1 |          1 |       0 |    0 |   75 |      0 |      0 |    0 |          0 |
|     core                           |        uop_block__parameterized1 |         66 |         66 |       0 |    0 |   97 |      0 |      0 |    0 |          0 |
|       (core)                       |        uop_block__parameterized1 |          2 |          2 |       0 |    0 |    1 |      0 |      0 |    0 |          0 |
|       g[0].g_normal.alu_i          |  microop_unit__parameterized1__1 |         64 |         64 |       0 |    0 |   64 |      0 |      0 |    0 |          0 |
|       g[1].g_normal.alu_i          |                  microop_unit__5 |          0 |          0 |       0 |    0 |   32 |      0 |      0 |    0 |          0 |
|   g_has_mem.glen_mem[6].blk_i      | uop_block_wrap__parameterized4_6 |          1 |          1 |       0 |    0 |  102 |      0 |      0 |    0 |          0 |
|     (g_has_mem.glen_mem[6].blk_i)  | uop_block_wrap__parameterized4_6 |          0 |          0 |       0 |    0 |   38 |      0 |      0 |    0 |          0 |
|     core                           |      uop_block__parameterized4_8 |          1 |          1 |       0 |    0 |   64 |      0 |      0 |    0 |          0 |
|       (core)                       |      uop_block__parameterized4_8 |          0 |          0 |       0 |    0 |    0 |      0 |      0 |    0 |          0 |
|       g[0].g_normal.alu_i          |  microop_unit__parameterized4__1 |          1 |          1 |       0 |    0 |   32 |      0 |      0 |    0 |          0 |
|       g[1].g_normal.alu_i          |  microop_unit__parameterized3__4 |          0 |          0 |       0 |    0 |   32 |      0 |      0 |    0 |          0 |
|   g_has_mem.glen_mem[7].blk_i      | uop_block_wrap__parameterized4_7 |          1 |          1 |       0 |    0 |  102 |      0 |      0 |    0 |          0 |
|     (g_has_mem.glen_mem[7].blk_i)  | uop_block_wrap__parameterized4_7 |          0 |          0 |       0 |    0 |   38 |      0 |      0 |    0 |          0 |
|     core                           |        uop_block__parameterized4 |          1 |          1 |       0 |    0 |   64 |      0 |      0 |    0 |          0 |
|       (core)                       |        uop_block__parameterized4 |          0 |          0 |       0 |    0 |    0 |      0 |      0 |    0 |          0 |
|       g[0].g_normal.alu_i          |  microop_unit__parameterized4__2 |          1 |          1 |       0 |    0 |   32 |      0 |      0 |    0 |          0 |
|       g[1].g_normal.alu_i          |  microop_unit__parameterized3__5 |          0 |          0 |       0 |    0 |   32 |      0 |      0 |    0 |          0 |
|   g_has_mem.glen_mem[8].blk_i      |   uop_block_wrap__parameterized5 |          4 |          4 |       0 |    0 |  173 |      0 |      0 |    0 |          0 |
|     (g_has_mem.glen_mem[8].blk_i)  |   uop_block_wrap__parameterized5 |          2 |          2 |       0 |    0 |   76 |      0 |      0 |    0 |          0 |
|     core                           |        uop_block__parameterized5 |          2 |          2 |       0 |    0 |   97 |      0 |      0 |    0 |          0 |
|       (core)                       |        uop_block__parameterized5 |          2 |          2 |       0 |    0 |    1 |      0 |      0 |    0 |          0 |
|       g[0].g_normal.alu_i          |  microop_unit__parameterized5__1 |          0 |          0 |       0 |    0 |   64 |      0 |      0 |    0 |          0 |
|       g[1].g_normal.alu_i          |  microop_unit__parameterized3__3 |          0 |          0 |       0 |    0 |   32 |      0 |      0 |    0 |          0 |
|   g_has_mem.glen_mem[9].blk_i      |   uop_block_wrap__parameterized6 |         15 |         15 |       0 |    0 |   86 |      0 |      0 |    0 |          3 |
|     (g_has_mem.glen_mem[9].blk_i)  |   uop_block_wrap__parameterized6 |          0 |          0 |       0 |    0 |   37 |      0 |      0 |    0 |          0 |
|     core                           |        uop_block__parameterized6 |         15 |         15 |       0 |    0 |   49 |      0 |      0 |    0 |          3 |
|       (core)                       |        uop_block__parameterized6 |          0 |          0 |       0 |    0 |    0 |      0 |      0 |    0 |          0 |
|       g[0].g_normal.alu_i          |                  microop_unit__9 |          0 |          0 |       0 |    0 |   32 |      0 |      0 |    0 |          0 |
|       g[1].g_normal.alu_i          |     microop_unit__parameterized6 |         15 |         15 |       0 |    0 |   17 |      0 |      0 |    0 |          3 |
|   g_has_mem.u_pool                 |                         spm_pool |       1466 |       1466 |       0 |    0 | 1620 |      8 |      0 |    0 |          0 |
|     (g_has_mem.u_pool)             |                         spm_pool |       1274 |       1274 |       0 |    0 | 1556 |      0 |      0 |    0 |          0 |
|     g_banks.gb[0].u_bank64         |                      spm_bank__1 |          5 |          5 |       0 |    0 |    2 |      1 |      0 |    0 |          0 |
|       (g_banks.gb[0].u_bank64)     |                      spm_bank__1 |          1 |          1 |       0 |    0 |    2 |      0 |      0 |    0 |          0 |
|       u_mem                        |             xpm_memory_sdpram_22 |          4 |          4 |       0 |    0 |    0 |      1 |      0 |    0 |          0 |
|         (u_mem)                    |             xpm_memory_sdpram_22 |          4 |          4 |       0 |    0 |    0 |      0 |      0 |    0 |          0 |
|         xpm_memory_base_inst       |               xpm_memory_base__1 |          0 |          0 |       0 |    0 |    0 |      1 |      0 |    0 |          0 |
|     g_banks.gb[1].u_bank64         |                      spm_bank__2 |          5 |          5 |       0 |    0 |    2 |      1 |      0 |    0 |          0 |
|       (g_banks.gb[1].u_bank64)     |                      spm_bank__2 |          1 |          1 |       0 |    0 |    2 |      0 |      0 |    0 |          0 |
|       u_mem                        |             xpm_memory_sdpram_21 |          4 |          4 |       0 |    0 |    0 |      1 |      0 |    0 |          0 |
|         (u_mem)                    |             xpm_memory_sdpram_21 |          4 |          4 |       0 |    0 |    0 |      0 |      0 |    0 |          0 |
|         xpm_memory_base_inst       |               xpm_memory_base__2 |          0 |          0 |       0 |    0 |    0 |      1 |      0 |    0 |          0 |
|     g_banks.gb[2].u_bank64         |                      spm_bank__3 |          5 |          5 |       0 |    0 |    2 |      1 |      0 |    0 |          0 |
|       (g_banks.gb[2].u_bank64)     |                      spm_bank__3 |          1 |          1 |       0 |    0 |    2 |      0 |      0 |    0 |          0 |
|       u_mem                        |             xpm_memory_sdpram_20 |          4 |          4 |       0 |    0 |    0 |      1 |      0 |    0 |          0 |
|         (u_mem)                    |             xpm_memory_sdpram_20 |          4 |          4 |       0 |    0 |    0 |      0 |      0 |    0 |          0 |
|         xpm_memory_base_inst       |               xpm_memory_base__3 |          0 |          0 |       0 |    0 |    0 |      1 |      0 |    0 |          0 |
|     g_banks.gb[3].u_bank64         |                      spm_bank__4 |          5 |          5 |       0 |    0 |    2 |      1 |      0 |    0 |          0 |
|       (g_banks.gb[3].u_bank64)     |                      spm_bank__4 |          1 |          1 |       0 |    0 |    2 |      0 |      0 |    0 |          0 |
|       u_mem                        |             xpm_memory_sdpram_19 |          4 |          4 |       0 |    0 |    0 |      1 |      0 |    0 |          0 |
|         (u_mem)                    |             xpm_memory_sdpram_19 |          4 |          4 |       0 |    0 |    0 |      0 |      0 |    0 |          0 |
|         xpm_memory_base_inst       |               xpm_memory_base__4 |          0 |          0 |       0 |    0 |    0 |      1 |      0 |    0 |          0 |
|     g_banks.gb[4].u_bank64         |                      spm_bank__5 |          5 |          5 |       0 |    0 |    2 |      1 |      0 |    0 |          0 |
|       (g_banks.gb[4].u_bank64)     |                      spm_bank__5 |          1 |          1 |       0 |    0 |    2 |      0 |      0 |    0 |          0 |
|       u_mem                        |             xpm_memory_sdpram_18 |          4 |          4 |       0 |    0 |    0 |      1 |      0 |    0 |          0 |
|         (u_mem)                    |             xpm_memory_sdpram_18 |          4 |          4 |       0 |    0 |    0 |      0 |      0 |    0 |          0 |
|         xpm_memory_base_inst       |               xpm_memory_base__5 |          0 |          0 |       0 |    0 |    0 |      1 |      0 |    0 |          0 |
|     g_banks.gb[5].u_bank64         |                      spm_bank__6 |          5 |          5 |       0 |    0 |    2 |      1 |      0 |    0 |          0 |
|       (g_banks.gb[5].u_bank64)     |                      spm_bank__6 |          1 |          1 |       0 |    0 |    2 |      0 |      0 |    0 |          0 |
|       u_mem                        |             xpm_memory_sdpram_17 |          4 |          4 |       0 |    0 |    0 |      1 |      0 |    0 |          0 |
|         (u_mem)                    |             xpm_memory_sdpram_17 |          4 |          4 |       0 |    0 |    0 |      0 |      0 |    0 |          0 |
|         xpm_memory_base_inst       |               xpm_memory_base__6 |          0 |          0 |       0 |    0 |    0 |      1 |      0 |    0 |          0 |
|     g_banks.gb[6].u_bank64         |                      spm_bank__7 |          5 |          5 |       0 |    0 |    2 |      1 |      0 |    0 |          0 |
|       (g_banks.gb[6].u_bank64)     |                      spm_bank__7 |          1 |          1 |       0 |    0 |    2 |      0 |      0 |    0 |          0 |
|       u_mem                        |             xpm_memory_sdpram_16 |          4 |          4 |       0 |    0 |    0 |      1 |      0 |    0 |          0 |
|         (u_mem)                    |             xpm_memory_sdpram_16 |          4 |          4 |       0 |    0 |    0 |      0 |      0 |    0 |          0 |
|         xpm_memory_base_inst       |               xpm_memory_base__7 |          0 |          0 |       0 |    0 |    0 |      1 |      0 |    0 |          0 |
|     g_banks.gb[7].u_bank64         |                         spm_bank |          5 |          5 |       0 |    0 |    2 |      1 |      0 |    0 |          0 |
|       (g_banks.gb[7].u_bank64)     |                         spm_bank |          1 |          1 |       0 |    0 |    2 |      0 |      0 |    0 |          0 |
|       u_mem                        |                xpm_memory_sdpram |          4 |          4 |       0 |    0 |    0 |      1 |      0 |    0 |          0 |
|         (u_mem)                    |                xpm_memory_sdpram |          4 |          4 |       0 |    0 |    0 |      0 |      0 |    0 |          0 |
|         xpm_memory_base_inst       |                  xpm_memory_base |          0 |          0 |       0 |    0 |    0 |      1 |      0 |    0 |          0 |
|     u_rrA                          |                    rr_arbiter__1 |         76 |         76 |       0 |    0 |   24 |      0 |      0 |    0 |          0 |
|     u_rrB                          |                       rr_arbiter |         76 |         76 |       0 |    0 |   24 |      0 |      0 |    0 |          0 |
+------------------------------------+----------------------------------+------------+------------+---------+------+------+--------+--------+------+------------+


