Copyright 1986-2020 Xilinx, Inc. All Rights Reserved.
--------------------------------------------------------------------------------------------------------------------------------------------------------------------------------------------------------------------------------------------------------------
| Tool Version      : Vivado v.2020.1 (lin64) Build 2902540 Wed May 27 19:54:35 MDT 2020
| Date              : Thu Sep 18 19:16:48 2025
| Host              : orthanc running 64-bit Ubuntu 22.04.4 LTS
| Command           : report_timing -through [get_pins -quiet -of_objects [get_cells -quiet -of_objects pblock_u_557_xz_r]] -max_paths 100 -path_type summary -file /home/jyoo/custom_v_2/custom-core-tool/reports/multi/pblocks/pblock_u_557_xz_r_timing.rpt
| Design            : top_multi_bench
| Device            : xcu200-fsgd2104
| Speed File        : -2  PRODUCTION 1.27 02-28-2020
| Temperature Grade : E
--------------------------------------------------------------------------------------------------------------------------------------------------------------------------------------------------------------------------------------------------------------

Timing Report

Startpoint                     Endpoint                       Slack(ns)     
----------------------------------------------------------------------------
src_val[18]                    u_557_xz_r/glen[13].core_i/src_q_reg[18]/D
                                                              inf           
src_val[18]                    u_557_xz_r/glen[11].core_i/src_q_reg[18]/D
                                                              inf           
src_val[18]                    u_557_xz_r/glen[20].core_i/src_q_reg[18]/D
                                                              inf           
src_val[18]                    u_557_xz_r/glen[12].core_i/src_q_reg[18]/D
                                                              inf           
src_val[18]                    u_557_xz_r/glen[32].core_i/src_q_reg[18]/D
                                                              inf           
src_val[18]                    u_557_xz_r/glen[9].core_i/src_q_reg[18]/D
                                                              inf           
src_val[18]                    u_557_xz_r/glen[4].core_i/src_q_reg[18]/D
                                                              inf           
src_val[18]                    u_557_xz_r/glen[23].core_i/src_q_reg[18]/D
                                                              inf           
src_val[18]                    u_557_xz_r/glen[21].core_i/src_q_reg[18]/D
                                                              inf           
src_val[18]                    u_557_xz_r/glen[19].core_i/src_q_reg[18]/D
                                                              inf           
src_val[18]                    u_557_xz_r/glen[7].core_i/src_q_reg[18]/D
                                                              inf           
src_val[18]                    u_557_xz_r/glen[16].core_i/src_q_reg[18]/D
                                                              inf           
src_val[18]                    u_557_xz_r/glen[22].core_i/src_q_reg[18]/D
                                                              inf           
src_val[18]                    u_557_xz_r/glen[3].core_i/src_q_reg[18]/D
                                                              inf           
src_val[18]                    u_557_xz_r/glen[17].core_i/src_q_reg[18]/D
                                                              inf           
src_val[9]                     u_557_xz_r/glen[16].core_i/src_q_reg[9]/D
                                                              inf           
src_val[11]                    u_557_xz_r/glen[17].core_i/src_q_reg[11]/D
                                                              inf           
src_val[18]                    u_557_xz_r/glen[8].core_i/src_q_reg[18]/D
                                                              inf           
src_val[18]                    u_557_xz_r/glen[14].core_i/src_q_reg[18]/D
                                                              inf           
src_val[18]                    u_557_xz_r/glen[0].core_i/src_q_reg[18]/D
                                                              inf           
src_val[9]                     u_557_xz_r/glen[22].core_i/src_q_reg[9]/D
                                                              inf           
src_val[18]                    u_557_xz_r/glen[5].core_i/src_q_reg[18]/D
                                                              inf           
src_val[9]                     u_557_xz_r/glen[23].core_i/src_q_reg[9]/D
                                                              inf           
src_val[9]                     u_557_xz_r/glen[7].core_i/src_q_reg[9]/D
                                                              inf           
src_val[28]                    u_557_xz_r/glen[8].core_i/src_q_reg[28]/D
                                                              inf           
src_val[28]                    u_557_xz_r/glen[17].core_i/src_q_reg[28]/D
                                                              inf           
src_val[28]                    u_557_xz_r/glen[0].core_i/src_q_reg[28]/D
                                                              inf           
src_val[6]                     u_557_xz_r/glen[0].core_i/src_q_reg[6]/D
                                                              inf           
src_val[9]                     u_557_xz_r/glen[3].core_i/src_q_reg[9]/D
                                                              inf           
src_val[11]                    u_557_xz_r/glen[3].core_i/src_q_reg[11]/D
                                                              inf           
src_val[6]                     u_557_xz_r/glen[24].core_i/src_q_reg[6]/D
                                                              inf           
src_val[11]                    u_557_xz_r/glen[2].core_i/src_q_reg[11]/D
                                                              inf           
src_val[6]                     u_557_xz_r/glen[25].core_i/src_q_reg[6]/D
                                                              inf           
src_val[6]                     u_557_xz_r/glen[31].core_i/src_q_reg[6]/D
                                                              inf           
src_val[6]                     u_557_xz_r/glen[14].core_i/src_q_reg[6]/D
                                                              inf           
src_val[9]                     u_557_xz_r/glen[5].core_i/src_q_reg[9]/D
                                                              inf           
src_val[4]                     u_557_xz_r/glen[8].core_i/src_q_reg[4]/D
                                                              inf           
src_val[6]                     u_557_xz_r/glen[17].core_i/src_q_reg[6]/D
                                                              inf           
src_val[6]                     u_557_xz_r/glen[15].core_i/src_q_reg[6]/D
                                                              inf           
src_val[6]                     u_557_xz_r/glen[26].core_i/src_q_reg[6]/D
                                                              inf           
src_val[9]                     u_557_xz_r/glen[15].core_i/src_q_reg[9]/D
                                                              inf           
src_val[6]                     u_557_xz_r/glen[1].core_i/src_q_reg[6]/D
                                                              inf           
src_val[17]                    u_557_xz_r/glen[22].core_i/src_q_reg[17]/D
                                                              inf           
src_val[6]                     u_557_xz_r/glen[2].core_i/src_q_reg[6]/D
                                                              inf           
src_val[6]                     u_557_xz_r/glen[23].core_i/src_q_reg[6]/D
                                                              inf           
src_val[6]                     u_557_xz_r/glen[3].core_i/src_q_reg[6]/D
                                                              inf           
src_val[28]                    u_557_xz_r/glen[5].core_i/src_q_reg[28]/D
                                                              inf           
src_val[28]                    u_557_xz_r/glen[16].core_i/src_q_reg[28]/D
                                                              inf           
src_val[18]                    u_557_xz_r/glen[24].core_i/src_q_reg[18]/D
                                                              inf           
src_val[18]                    u_557_xz_r/glen[26].core_i/src_q_reg[18]/D
                                                              inf           
src_val[15]                    u_557_xz_r/glen[16].core_i/src_q_reg[15]/D
                                                              inf           
src_val[26]                    u_557_xz_r/glen[24].core_i/src_q_reg[26]/D
                                                              inf           
src_val[26]                    u_557_xz_r/glen[22].core_i/src_q_reg[26]/D
                                                              inf           
src_val[26]                    u_557_xz_r/glen[26].core_i/src_q_reg[26]/D
                                                              inf           
src_val[41]                    u_557_xz_r/glen[28].core_i/src_q_reg[41]/D
                                                              inf           
src_val[9]                     u_557_xz_r/glen[24].core_i/src_q_reg[9]/D
                                                              inf           
src_val[41]                    u_557_xz_r/glen[13].core_i/src_q_reg[41]/D
                                                              inf           
src_val[9]                     u_557_xz_r/glen[25].core_i/src_q_reg[9]/D
                                                              inf           
src_val[9]                     u_557_xz_r/glen[26].core_i/src_q_reg[9]/D
                                                              inf           
src_val[15]                    u_557_xz_r/glen[22].core_i/src_q_reg[15]/D
                                                              inf           
src_val[9]                     u_557_xz_r/glen[14].core_i/src_q_reg[9]/D
                                                              inf           
src_val[41]                    u_557_xz_r/glen[11].core_i/src_q_reg[41]/D
                                                              inf           
src_val[6]                     u_557_xz_r/glen[16].core_i/src_q_reg[6]/D
                                                              inf           
src_val[15]                    u_557_xz_r/glen[24].core_i/src_q_reg[15]/D
                                                              inf           
src_val[6]                     u_557_xz_r/glen[22].core_i/src_q_reg[6]/D
                                                              inf           
src_val[25]                    u_557_xz_r/glen[22].core_i/src_q_reg[25]/D
                                                              inf           
src_val[15]                    u_557_xz_r/glen[26].core_i/src_q_reg[15]/D
                                                              inf           
src_val[29]                    u_557_xz_r/glen[3].core_i/src_q_reg[29]/D
                                                              inf           
src_val[9]                     u_557_xz_r/glen[20].core_i/src_q_reg[9]/D
                                                              inf           
src_val[25]                    u_557_xz_r/glen[24].core_i/src_q_reg[25]/D
                                                              inf           
src_val[9]                     u_557_xz_r/glen[0].core_i/src_q_reg[9]/D
                                                              inf           
src_val[15]                    u_557_xz_r/glen[23].core_i/src_q_reg[15]/D
                                                              inf           
src_val[25]                    u_557_xz_r/glen[0].core_i/src_q_reg[25]/D
                                                              inf           
src_val[25]                    u_557_xz_r/glen[7].core_i/src_q_reg[25]/D
                                                              inf           
src_val[29]                    u_557_xz_r/glen[20].core_i/src_q_reg[29]/D
                                                              inf           
src_val[15]                    u_557_xz_r/glen[3].core_i/src_q_reg[15]/D
                                                              inf           
src_val[41]                    u_557_xz_r/glen[12].core_i/src_q_reg[41]/D
                                                              inf           
src_val[13]                    u_557_xz_r/glen[17].core_i/src_q_reg[13]/D
                                                              inf           
src_val[21]                    u_557_xz_r/glen[22].core_i/src_q_reg[21]/D
                                                              inf           
src_val[24]                    u_557_xz_r/glen[23].core_i/src_q_reg[24]/D
                                                              inf           
src_val[11]                    u_557_xz_r/glen[25].core_i/src_q_reg[11]/D
                                                              inf           
src_val[29]                    u_557_xz_r/glen[23].core_i/src_q_reg[29]/D
                                                              inf           
src_val[9]                     u_557_xz_r/glen[17].core_i/src_q_reg[9]/D
                                                              inf           
src_val[1]                     u_557_xz_r/glen[3].core_i/src_q_reg[1]/D
                                                              inf           
src_val[1]                     u_557_xz_r/glen[16].core_i/src_q_reg[1]/D
                                                              inf           
src_val[13]                    u_557_xz_r/glen[24].core_i/src_q_reg[13]/D
                                                              inf           
src_val[9]                     u_557_xz_r/glen[2].core_i/src_q_reg[9]/D
                                                              inf           
src_val[30]                    u_557_xz_r/glen[22].core_i/src_q_reg[30]/D
                                                              inf           
src_val[20]                    u_557_xz_r/glen[22].core_i/src_q_reg[20]/D
                                                              inf           
src_val[41]                    u_557_xz_r/glen[7].core_i/src_q_reg[41]/D
                                                              inf           
src_val[14]                    u_557_xz_r/glen[22].core_i/src_q_reg[14]/D
                                                              inf           
src_val[31]                    u_557_xz_r/glen[5].core_i/src_q_reg[31]/D
                                                              inf           
src_val[21]                    u_557_xz_r/glen[24].core_i/src_q_reg[21]/D
                                                              inf           
src_val[10]                    u_557_xz_r/glen[26].core_i/src_q_reg[10]/D
                                                              inf           
src_val[24]                    u_557_xz_r/glen[24].core_i/src_q_reg[24]/D
                                                              inf           
src_val[10]                    u_557_xz_r/glen[23].core_i/src_q_reg[10]/D
                                                              inf           
src_val[11]                    u_557_xz_r/glen[22].core_i/src_q_reg[11]/D
                                                              inf           
src_val[28]                    u_557_xz_r/glen[3].core_i/src_q_reg[28]/D
                                                              inf           
src_val[4]                     u_557_xz_r/glen[26].core_i/src_q_reg[4]/D
                                                              inf           
src_val[13]                    u_557_xz_r/glen[3].core_i/src_q_reg[13]/D
                                                              inf           



