Copyright 1986-2020 Xilinx, Inc. All Rights Reserved.
---------------------------------------------------------------------------------------------------------------------------------------------------------------------------------------------------------------------------
| Tool Version : Vivado v.2020.1 (lin64) Build 2902540 Wed May 27 19:54:35 MDT 2020
| Date         : Thu Sep 18 19:18:03 2025
| Host         : orthanc running 64-bit Ubuntu 22.04.4 LTS
| Command      : report_utilization -hierarchical -cells [get_cells -quiet -of_objects pblock_u_631_deepsjeng_s] -file /home/jyoo/custom_v_2/custom-core-tool/reports/multi/pblocks/pblock_u_631_deepsjeng_s_util_hier.rpt
| Design       : top_multi_bench
| Device       : xcu200fsgd2104-2
| Design State : Routed
---------------------------------------------------------------------------------------------------------------------------------------------------------------------------------------------------------------------------

Utilization Design Information

Table of Contents
-----------------
1. Utilization by Hierarchy

1. Utilization by Hierarchy
---------------------------

+-----------------------------------------------------------------------------------+------------------------------------------------+------------+------------+---------+------+------+--------+--------+------+------------+
|                                      Instance                                     |                     Module                     | Total LUTs | Logic LUTs | LUTRAMs | SRLs |  FFs | RAMB36 | RAMB18 | URAM | DSP Blocks |
+-----------------------------------------------------------------------------------+------------------------------------------------+------------+------------+---------+------+------+--------+--------+------+------------+
| u_631_deepsjeng_s                                                                 |                    bench_core__631_deepsjeng_s |        159 |        155 |       0 |    4 | 1380 |      0 |      0 |    0 |         10 |
|   u_631_deepsjeng_s                                                               |                    bench_core__631_deepsjeng_s |        159 |        155 |       0 |    4 | 1380 |      0 |      0 |    0 |         10 |
|     (u_631_deepsjeng_s)                                                           |                    bench_core__631_deepsjeng_s |        134 |        134 |       0 |    0 |    0 |      0 |      0 |    0 |          0 |
|     glen[0].core_i                                                                |             uop_block_wrap__parameterized88__1 |          1 |          1 |       0 |    0 |   12 |      0 |      0 |    0 |          0 |
|       (glen[0].core_i)                                                            |             uop_block_wrap__parameterized88__1 |          0 |          0 |       0 |    0 |    8 |      0 |      0 |    0 |          0 |
|       core                                                                        |                  uop_block__parameterized88__1 |          1 |          1 |       0 |    0 |    4 |      0 |      0 |    0 |          0 |
|         (core)                                                                    |                  uop_block__parameterized88__1 |          1 |          1 |       0 |    0 |    0 |      0 |      0 |    0 |          0 |
|         g[1].g_normal.alu_i                                                       |               microop_unit__parameterized2__68 |          0 |          0 |       0 |    0 |    4 |      0 |      0 |    0 |          0 |
|     glen[10].core_i                                                               |             uop_block_wrap__parameterized85__1 |          1 |          1 |       0 |    0 |   36 |      0 |      0 |    0 |          0 |
|       (glen[10].core_i)                                                           |             uop_block_wrap__parameterized85__1 |          0 |          0 |       0 |    0 |   12 |      0 |      0 |    0 |          0 |
|       core                                                                        |                  uop_block__parameterized85__1 |          1 |          1 |       0 |    0 |   24 |      0 |      0 |    0 |          0 |
|         (core)                                                                    |                  uop_block__parameterized85__1 |          1 |          1 |       0 |    0 |    6 |      0 |      0 |    0 |          0 |
|         g[0].g_normal.alu_i                                                       |              microop_unit__parameterized1__120 |          0 |          0 |       0 |    0 |    6 |      0 |      0 |    0 |          0 |
|         g[2].g_normal.alu_i                                                       |               microop_unit__parameterized2__64 |          0 |          0 |       0 |    0 |    6 |      0 |      0 |    0 |          0 |
|         g[3].g_normal.alu_i                                                       |              microop_unit__parameterized1__121 |          0 |          0 |       0 |    0 |    6 |      0 |      0 |    0 |          0 |
|     glen[11].core_i                                                               |              uop_block_wrap__parameterized0__7 |          1 |          1 |       0 |    0 |   24 |      0 |      0 |    0 |          0 |
|       (glen[11].core_i)                                                           |              uop_block_wrap__parameterized0__7 |          0 |          0 |       0 |    0 |   12 |      0 |      0 |    0 |          0 |
|       core                                                                        |                   uop_block__parameterized0__7 |          1 |          1 |       0 |    0 |   12 |      0 |      0 |    0 |          0 |
|         (core)                                                                    |                   uop_block__parameterized0__7 |          1 |          1 |       0 |    0 |    0 |      0 |      0 |    0 |          0 |
|         g[0].g_normal.alu_i                                                       |              microop_unit__parameterized1__129 |          0 |          0 |       0 |    0 |    6 |      0 |      0 |    0 |          0 |
|         g[1].g_normal.alu_i                                                       |               microop_unit__parameterized2__70 |          0 |          0 |       0 |    0 |    6 |      0 |      0 |    0 |          0 |
|     glen[12].core_i                                                               |             uop_block_wrap__parameterized86__1 |          1 |          1 |       0 |    0 |   16 |      0 |      0 |    0 |          0 |
|       (glen[12].core_i)                                                           |             uop_block_wrap__parameterized86__1 |          0 |          0 |       0 |    0 |    8 |      0 |      0 |    0 |          0 |
|       core                                                                        |                  uop_block__parameterized86__1 |          1 |          1 |       0 |    0 |    8 |      0 |      0 |    0 |          0 |
|         (core)                                                                    |                  uop_block__parameterized86__1 |          1 |          1 |       0 |    0 |    0 |      0 |      0 |    0 |          0 |
|         g[0].g_normal.alu_i                                                       |              microop_unit__parameterized1__119 |          0 |          0 |       0 |    0 |    4 |      0 |      0 |    0 |          0 |
|         g[2].g_normal.alu_i                                                       |               microop_unit__parameterized2__63 |          0 |          0 |       0 |    0 |    4 |      0 |      0 |    0 |          0 |
|     glen[13].core_i                                                               |             uop_block_wrap__parameterized76__3 |          1 |          1 |       0 |    0 |   12 |      0 |      0 |    0 |          0 |
|       (glen[13].core_i)                                                           |             uop_block_wrap__parameterized76__3 |          0 |          0 |       0 |    0 |    6 |      0 |      0 |    0 |          0 |
|       core                                                                        |                  uop_block__parameterized76__3 |          1 |          1 |       0 |    0 |    6 |      0 |      0 |    0 |          0 |
|         (core)                                                                    |                  uop_block__parameterized76__3 |          1 |          1 |       0 |    0 |    0 |      0 |      0 |    0 |          0 |
|         g[0].g_normal.alu_i                                                       |              microop_unit__parameterized1__118 |          0 |          0 |       0 |    0 |    3 |      0 |      0 |    0 |          0 |
|         g[1].g_normal.alu_i                                                       |               microop_unit__parameterized2__62 |          0 |          0 |       0 |    0 |    3 |      0 |      0 |    0 |          0 |
|     glen[14].core_i                                                               |             uop_block_wrap__parameterized87__1 |          1 |          1 |       0 |    0 |  242 |      0 |      0 |    0 |          0 |
|       (glen[14].core_i)                                                           |             uop_block_wrap__parameterized87__1 |          0 |          0 |       0 |    0 |  124 |      0 |      0 |    0 |          0 |
|       core                                                                        |                  uop_block__parameterized87__1 |          1 |          1 |       0 |    0 |  118 |      0 |      0 |    0 |          0 |
|         (core)                                                                    |                  uop_block__parameterized87__1 |          1 |          1 |       0 |    0 |   59 |      0 |      0 |    0 |          0 |
|         g[0].g_normal.alu_i                                                       |               microop_unit__parameterized4__49 |          0 |          0 |       0 |    0 |   59 |      0 |      0 |    0 |          0 |
|     glen[15].core_i                                                               |             uop_block_wrap__parameterized79__1 |          1 |          1 |       0 |    0 |  117 |      0 |      0 |    0 |          0 |
|       (glen[15].core_i)                                                           |             uop_block_wrap__parameterized79__1 |          0 |          0 |       0 |    0 |   59 |      0 |      0 |    0 |          0 |
|       core                                                                        |                  uop_block__parameterized79__1 |          1 |          1 |       0 |    0 |   58 |      0 |      0 |    0 |          0 |
|         (core)                                                                    |                  uop_block__parameterized79__1 |          1 |          1 |       0 |    0 |    0 |      0 |      0 |    0 |          0 |
|         g[0].g_normal.alu_i                                                       |              microop_unit__parameterized1__117 |          0 |          0 |       0 |    0 |   29 |      0 |      0 |    0 |          0 |
|         g[1].g_normal.alu_i                                                       |               microop_unit__parameterized2__61 |          0 |          0 |       0 |    0 |   29 |      0 |      0 |    0 |          0 |
|     glen[16].core_i                                                               |              uop_block_wrap__parameterized0__8 |          1 |          1 |       0 |    0 |   24 |      0 |      0 |    0 |          0 |
|       (glen[16].core_i)                                                           |              uop_block_wrap__parameterized0__8 |          0 |          0 |       0 |    0 |   12 |      0 |      0 |    0 |          0 |
|       core                                                                        |                   uop_block__parameterized0__8 |          1 |          1 |       0 |    0 |   12 |      0 |      0 |    0 |          0 |
|         (core)                                                                    |                   uop_block__parameterized0__8 |          1 |          1 |       0 |    0 |    0 |      0 |      0 |    0 |          0 |
|         g[0].g_normal.alu_i                                                       |              microop_unit__parameterized1__130 |          0 |          0 |       0 |    0 |    6 |      0 |      0 |    0 |          0 |
|         g[1].g_normal.alu_i                                                       |               microop_unit__parameterized2__71 |          0 |          0 |       0 |    0 |    6 |      0 |      0 |    0 |          0 |
|     glen[17].core_i                                                               |             uop_block_wrap__parameterized82__1 |          1 |          1 |       0 |    0 |   42 |      0 |      0 |    0 |          0 |
|       (glen[17].core_i)                                                           |             uop_block_wrap__parameterized82__1 |          0 |          0 |       0 |    0 |   12 |      0 |      0 |    0 |          0 |
|       core                                                                        |                  uop_block__parameterized82__1 |          1 |          1 |       0 |    0 |   30 |      0 |      0 |    0 |          0 |
|         (core)                                                                    |                  uop_block__parameterized82__1 |          1 |          1 |       0 |    0 |    6 |      0 |      0 |    0 |          0 |
|         g[0].g_normal.alu_i                                                       |              microop_unit__parameterized1__115 |          0 |          0 |       0 |    0 |    6 |      0 |      0 |    0 |          0 |
|         g[2].g_normal.alu_i                                                       |              microop_unit__parameterized1__116 |          0 |          0 |       0 |    0 |    6 |      0 |      0 |    0 |          0 |
|         g[3].g_normal.alu_i                                                       |               microop_unit__parameterized2__59 |          0 |          0 |       0 |    0 |    6 |      0 |      0 |    0 |          0 |
|         g[4].g_normal.alu_i                                                       |               microop_unit__parameterized2__60 |          0 |          0 |       0 |    0 |    6 |      0 |      0 |    0 |          0 |
|     glen[18].core_i                                                               |              uop_block_wrap__parameterized0__9 |          1 |          1 |       0 |    0 |   24 |      0 |      0 |    0 |          0 |
|       (glen[18].core_i)                                                           |              uop_block_wrap__parameterized0__9 |          0 |          0 |       0 |    0 |   12 |      0 |      0 |    0 |          0 |
|       core                                                                        |                   uop_block__parameterized0__9 |          1 |          1 |       0 |    0 |   12 |      0 |      0 |    0 |          0 |
|         (core)                                                                    |                   uop_block__parameterized0__9 |          1 |          1 |       0 |    0 |    0 |      0 |      0 |    0 |          0 |
|         g[0].g_normal.alu_i                                                       |              microop_unit__parameterized1__114 |          0 |          0 |       0 |    0 |    6 |      0 |      0 |    0 |          0 |
|         g[1].g_normal.alu_i                                                       |               microop_unit__parameterized2__58 |          0 |          0 |       0 |    0 |    6 |      0 |      0 |    0 |          0 |
|     glen[19].core_i                                                               |             uop_block_wrap__parameterized83__1 |          1 |          1 |       0 |    0 |   16 |      0 |      0 |    0 |          0 |
|       (glen[19].core_i)                                                           |             uop_block_wrap__parameterized83__1 |          0 |          0 |       0 |    0 |    8 |      0 |      0 |    0 |          0 |
|       core                                                                        |                  uop_block__parameterized83__1 |          1 |          1 |       0 |    0 |    8 |      0 |      0 |    0 |          0 |
|         (core)                                                                    |                  uop_block__parameterized83__1 |          1 |          1 |       0 |    0 |    0 |      0 |      0 |    0 |          0 |
|         g[0].g_normal.alu_i                                                       |              microop_unit__parameterized1__113 |          0 |          0 |       0 |    0 |    4 |      0 |      0 |    0 |          0 |
|         g[2].g_normal.alu_i                                                       |               microop_unit__parameterized2__57 |          0 |          0 |       0 |    0 |    4 |      0 |      0 |    0 |          0 |
|     glen[1].core_i                                                                |             uop_block_wrap__parameterized13__4 |          1 |          1 |       0 |    0 |  128 |      0 |      0 |    0 |          0 |
|       (glen[1].core_i)                                                            |             uop_block_wrap__parameterized13__4 |          0 |          0 |       0 |    0 |   64 |      0 |      0 |    0 |          0 |
|       core                                                                        |                  uop_block__parameterized13__4 |          1 |          1 |       0 |    0 |   64 |      0 |      0 |    0 |          0 |
|         (core)                                                                    |                  uop_block__parameterized13__4 |          1 |          1 |       0 |    0 |    0 |      0 |      0 |    0 |          0 |
|         g[0].g_normal.alu_i                                                       |              microop_unit__parameterized1__134 |          0 |          0 |       0 |    0 |   32 |      0 |      0 |    0 |          0 |
|         g[1].g_normal.alu_i                                                       |              microop_unit__parameterized1__133 |          0 |          0 |       0 |    0 |   32 |      0 |      0 |    0 |          0 |
|     glen[20].core_i                                                               |             uop_block_wrap__parameterized84__1 |          1 |          1 |       0 |    0 |   12 |      0 |      0 |    0 |          0 |
|       (glen[20].core_i)                                                           |             uop_block_wrap__parameterized84__1 |          0 |          0 |       0 |    0 |    6 |      0 |      0 |    0 |          0 |
|       core                                                                        |                  uop_block__parameterized84__1 |          1 |          1 |       0 |    0 |    6 |      0 |      0 |    0 |          0 |
|         (core)                                                                    |                  uop_block__parameterized84__1 |          1 |          1 |       0 |    0 |    0 |      0 |      0 |    0 |          0 |
|         g[0].g_normal.alu_i                                                       |              microop_unit__parameterized1__112 |          0 |          0 |       0 |    0 |    3 |      0 |      0 |    0 |          0 |
|         g[2].g_normal.alu_i                                                       |               microop_unit__parameterized2__56 |          0 |          0 |       0 |    0 |    3 |      0 |      0 |    0 |          0 |
|     glen[2].core_i                                                                |             uop_block_wrap__parameterized76__1 |          1 |          1 |       0 |    0 |   12 |      0 |      0 |    0 |          0 |
|       (glen[2].core_i)                                                            |             uop_block_wrap__parameterized76__1 |          0 |          0 |       0 |    0 |    6 |      0 |      0 |    0 |          0 |
|       core                                                                        |                  uop_block__parameterized76__1 |          1 |          1 |       0 |    0 |    6 |      0 |      0 |    0 |          0 |
|         (core)                                                                    |                  uop_block__parameterized76__1 |          1 |          1 |       0 |    0 |    0 |      0 |      0 |    0 |          0 |
|         g[0].g_normal.alu_i                                                       |              microop_unit__parameterized1__131 |          0 |          0 |       0 |    0 |    3 |      0 |      0 |    0 |          0 |
|         g[1].g_normal.alu_i                                                       |               microop_unit__parameterized2__72 |          0 |          0 |       0 |    0 |    3 |      0 |      0 |    0 |          0 |
|     glen[3].core_i                                                                |                uop_block_wrap__parameterized78 |          5 |          1 |       0 |    4 |   24 |      0 |      0 |    0 |         10 |
|       (glen[3].core_i)                                                            |                uop_block_wrap__parameterized78 |          0 |          0 |       0 |    0 |    6 |      0 |      0 |    0 |          0 |
|       core                                                                        |                     uop_block__parameterized78 |          5 |          1 |       0 |    4 |   18 |      0 |      0 |    0 |         10 |
|         (core)                                                                    |                     uop_block__parameterized78 |          1 |          1 |       0 |    0 |    6 |      0 |      0 |    0 |          0 |
|         g[4].g_normal.alu_i                                                       |      microop_unit__parameterized19__xdcDup__17 |          4 |          0 |       0 |    4 |   12 |      0 |      0 |    0 |         10 |
|           (g[4].g_normal.alu_i)                                                   |      microop_unit__parameterized19__xdcDup__17 |          0 |          0 |       0 |    0 |    6 |      0 |      0 |    0 |          0 |
|           g_imul.mul64_ip.mul_i                                                   |                             integer_mul_HD3733 |          4 |          0 |       0 |    4 |    6 |      0 |      0 |    0 |         10 |
|             U0                                                                    |            integer_mulmult_gen_v12_0_16_HD3734 |          4 |          0 |       0 |    4 |    6 |      0 |      0 |    0 |         10 |
|               i_mult                                                              |        integer_mulmult_gen_v12_0_16_viv_HD3735 |          4 |          0 |       0 |    4 |    6 |      0 |      0 |    0 |         10 |
|                 gDSP.gDSP_only.iDSP                                               |                          integer_muldsp_HD3736 |          4 |          0 |       0 |    4 |    6 |      0 |      0 |    0 |         10 |
|                   (gDSP.gDSP_only.iDSP)                                           |                          integer_muldsp_HD3736 |          0 |          0 |       0 |    0 |    0 |      0 |      0 |    0 |         10 |
|                   use_prim.appDSP48[3].bppDSP48[0].need_output_delay.output_delay |  integer_muldelay_line__parameterized21_HD3741 |          4 |          0 |       0 |    4 |    6 |      0 |      0 |    0 |          0 |
|                   use_prim.iAdelx[0].iAdely[2].use_delay_line.Adelay              |   integer_muldelay_line__parameterized0_HD3743 |          0 |          0 |       0 |    0 |    0 |      0 |      0 |    0 |          0 |
|                   use_prim.iAdelx[1].iAdely[1].use_delay_line.Adelay              |   integer_muldelay_line__parameterized1_HD3744 |          0 |          0 |       0 |    0 |    0 |      0 |      0 |    0 |          0 |
|                   use_prim.iAdelx[1].iAdely[2].use_delay_line.Adelay              |   integer_muldelay_line__parameterized2_HD3745 |          0 |          0 |       0 |    0 |    0 |      0 |      0 |    0 |          0 |
|                   use_prim.iAdelx[2].iAdely[0].use_delay_line.Adelay              |   integer_muldelay_line__parameterized4_HD3747 |          0 |          0 |       0 |    0 |    0 |      0 |      0 |    0 |          0 |
|                   use_prim.iAdelx[2].iAdely[1].use_delay_line.Adelay              |   integer_muldelay_line__parameterized5_HD3748 |          0 |          0 |       0 |    0 |    0 |      0 |      0 |    0 |          0 |
|                   use_prim.iAdelx[3].iAdely[0].use_delay_line.Adelay              |   integer_muldelay_line__parameterized8_HD3751 |          0 |          0 |       0 |    0 |    0 |      0 |      0 |    0 |          0 |
|                   use_prim.iBdelx[0].iBdely[2].need_delay_line.Bdelay             | integer_muldelay_line__parameterized0_0_HD3753 |          0 |          0 |       0 |    0 |    0 |      0 |      0 |    0 |          0 |
|                   use_prim.iBdelx[0].iBdely[3].need_delay_line.Bdelay             |  integer_muldelay_line__parameterized10_HD3754 |          0 |          0 |       0 |    0 |    0 |      0 |      0 |    0 |          0 |
|                   use_prim.iBdelx[1].iBdely[0].need_delay_line.Bdelay             | integer_muldelay_line__parameterized4_1_HD3755 |          0 |          0 |       0 |    0 |    0 |      0 |      0 |    0 |          0 |
|                   use_prim.iBdelx[1].iBdely[1].need_delay_line.Bdelay             | integer_muldelay_line__parameterized1_2_HD3756 |          0 |          0 |       0 |    0 |    0 |      0 |      0 |    0 |          0 |
|                   use_prim.iBdelx[1].iBdely[2].need_delay_line.Bdelay             | integer_muldelay_line__parameterized2_3_HD3757 |          0 |          0 |       0 |    0 |    0 |      0 |      0 |    0 |          0 |
|                   use_prim.iBdelx[2].iBdely[1].need_delay_line.Bdelay             | integer_muldelay_line__parameterized5_5_HD3759 |          0 |          0 |       0 |    0 |    0 |      0 |      0 |    0 |          0 |
|                   use_prim.iBdelx[3].iBdely[0].need_delay_line.Bdelay             |  integer_muldelay_line__parameterized11_HD3761 |          0 |          0 |       0 |    0 |    0 |      0 |      0 |    0 |          0 |
|     glen[4].core_i                                                                |             uop_block_wrap__parameterized19__7 |          1 |          1 |       0 |    0 |  192 |      0 |      0 |    0 |          0 |
|       (glen[4].core_i)                                                            |             uop_block_wrap__parameterized19__7 |          0 |          0 |       0 |    0 |   96 |      0 |      0 |    0 |          0 |
|       core                                                                        |                  uop_block__parameterized19__7 |          1 |          1 |       0 |    0 |   96 |      0 |      0 |    0 |          0 |
|         (core)                                                                    |                  uop_block__parameterized19__7 |          1 |          1 |       0 |    0 |   32 |      0 |      0 |    0 |          0 |
|         g[0].g_normal.alu_i                                                       |             microop_unit__parameterized14__132 |          0 |          0 |       0 |    0 |   32 |      0 |      0 |    0 |          0 |
|         g[1].g_normal.alu_i                                                       |               microop_unit__parameterized0__30 |          0 |          0 |       0 |    0 |   32 |      0 |      0 |    0 |          0 |
|     glen[5].core_i                                                                |             uop_block_wrap__parameterized81__1 |          1 |          1 |       0 |    0 |   24 |      0 |      0 |    0 |          0 |
|       (glen[5].core_i)                                                            |             uop_block_wrap__parameterized81__1 |          0 |          0 |       0 |    0 |   12 |      0 |      0 |    0 |          0 |
|       core                                                                        |                  uop_block__parameterized81__1 |          1 |          1 |       0 |    0 |   12 |      0 |      0 |    0 |          0 |
|         (core)                                                                    |                  uop_block__parameterized81__1 |          1 |          1 |       0 |    0 |    0 |      0 |      0 |    0 |          0 |
|         g[0].g_normal.alu_i                                                       |              microop_unit__parameterized1__124 |          0 |          0 |       0 |    0 |    6 |      0 |      0 |    0 |          0 |
|         g[2].g_normal.alu_i                                                       |               microop_unit__parameterized2__67 |          0 |          0 |       0 |    0 |    6 |      0 |      0 |    0 |          0 |
|     glen[6].core_i                                                                |            uop_block_wrap__parameterized10__10 |          1 |          1 |       0 |    0 |  256 |      0 |      0 |    0 |          0 |
|       (glen[6].core_i)                                                            |            uop_block_wrap__parameterized10__10 |          0 |          0 |       0 |    0 |  128 |      0 |      0 |    0 |          0 |
|       core                                                                        |                 uop_block__parameterized10__10 |          1 |          1 |       0 |    0 |  128 |      0 |      0 |    0 |          0 |
|         (core)                                                                    |                 uop_block__parameterized10__10 |          1 |          1 |       0 |    0 |    0 |      0 |      0 |    0 |          0 |
|         g[0].g_normal.alu_i                                                       |              microop_unit__parameterized5__128 |          0 |          0 |       0 |    0 |   64 |      0 |      0 |    0 |          0 |
|         g[1].g_normal.alu_i                                                       |              microop_unit__parameterized5__127 |          0 |          0 |       0 |    0 |   64 |      0 |      0 |    0 |          0 |
|     glen[7].core_i                                                                |             uop_block_wrap__parameterized75__1 |          1 |          1 |       0 |    0 |  154 |      0 |      0 |    0 |          0 |
|       (glen[7].core_i)                                                            |             uop_block_wrap__parameterized75__1 |          0 |          0 |       0 |    0 |   93 |      0 |      0 |    0 |          0 |
|       core                                                                        |                  uop_block__parameterized75__1 |          1 |          1 |       0 |    0 |   61 |      0 |      0 |    0 |          0 |
|         (core)                                                                    |                  uop_block__parameterized75__1 |          1 |          1 |       0 |    0 |    0 |      0 |      0 |    0 |          0 |
|         g[0].g_normal.alu_i                                                       |              microop_unit__parameterized1__123 |          0 |          0 |       0 |    0 |   29 |      0 |      0 |    0 |          0 |
|         g[2].g_normal.alu_i                                                       |              microop_unit__parameterized15__44 |          0 |          0 |       0 |    0 |   32 |      0 |      0 |    0 |          0 |
|     glen[8].core_i                                                                |             uop_block_wrap__parameterized76__2 |          1 |          1 |       0 |    0 |   12 |      0 |      0 |    0 |          0 |
|       (glen[8].core_i)                                                            |             uop_block_wrap__parameterized76__2 |          0 |          0 |       0 |    0 |    6 |      0 |      0 |    0 |          0 |
|       core                                                                        |                  uop_block__parameterized76__2 |          1 |          1 |       0 |    0 |    6 |      0 |      0 |    0 |          0 |
|         (core)                                                                    |                  uop_block__parameterized76__2 |          1 |          1 |       0 |    0 |    0 |      0 |      0 |    0 |          0 |
|         g[0].g_normal.alu_i                                                       |              microop_unit__parameterized1__132 |          0 |          0 |       0 |    0 |    3 |      0 |      0 |    0 |          0 |
|         g[1].g_normal.alu_i                                                       |               microop_unit__parameterized2__73 |          0 |          0 |       0 |    0 |    3 |      0 |      0 |    0 |          0 |
|     glen[9].core_i                                                                |             uop_block_wrap__parameterized80__1 |          1 |          1 |       0 |    0 |    1 |      0 |      0 |    0 |          0 |
|       (glen[9].core_i)                                                            |             uop_block_wrap__parameterized80__1 |          0 |          0 |       0 |    0 |    1 |      0 |      0 |    0 |          0 |
|       core                                                                        |                  uop_block__parameterized80__1 |          1 |          1 |       0 |    0 |    0 |      0 |      0 |    0 |          0 |
|         (core)                                                                    |                  uop_block__parameterized80__1 |          1 |          1 |       0 |    0 |    0 |      0 |      0 |    0 |          0 |
|         g[4].g_normal.alu_i                                                       |               microop_unit__parameterized24__1 |          0 |          0 |       0 |    0 |    0 |      0 |      0 |    0 |          0 |
+-----------------------------------------------------------------------------------+------------------------------------------------+------------+------------+---------+------+------+--------+--------+------+------------+
* Note: The sum of lower-level cells may be larger than their parent cells total, due to cross-hierarchy LUT combining


