Copyright 1986-2020 Xilinx, Inc. All Rights Reserved.
---------------------------------------------------------------------------------------------------------------------------------------------------------------------------------------------------------------------
| Tool Version : Vivado v.2020.1 (lin64) Build 2902540 Wed May 27 19:54:35 MDT 2020
| Date         : Thu Sep 18 19:14:34 2025
| Host         : orthanc running 64-bit Ubuntu 22.04.4 LTS
| Command      : report_utilization -hierarchical -cells [get_cells -quiet -of_objects pblock_u_503_bwaves_r] -file /home/jyoo/custom_v_2/custom-core-tool/reports/multi/pblocks/pblock_u_503_bwaves_r_util_hier.rpt
| Design       : top_multi_bench
| Device       : xcu200fsgd2104-2
| Design State : Routed
---------------------------------------------------------------------------------------------------------------------------------------------------------------------------------------------------------------------

Utilization Design Information

Table of Contents
-----------------
1. Utilization by Hierarchy

1. Utilization by Hierarchy
---------------------------

+----------------------------------------------+------------------------------------------------------+------------+------------+---------+------+-------+--------+--------+------+------------+
|                   Instance                   |                        Module                        | Total LUTs | Logic LUTs | LUTRAMs | SRLs |  FFs  | RAMB36 | RAMB18 | URAM | DSP Blocks |
+----------------------------------------------+------------------------------------------------------+------------+------------+---------+------+-------+--------+--------+------+------------+
| u_503_bwaves_r                               |                             bench_core__503_bwaves_r |        737 |        737 |       0 |    0 | 10544 |      0 |      0 |    0 |          0 |
|   u_503_bwaves_r                             |                             bench_core__503_bwaves_r |        737 |        737 |       0 |    0 | 10544 |      0 |      0 |    0 |          0 |
|     (u_503_bwaves_r)                         |                             bench_core__503_bwaves_r |        664 |        664 |       0 |    0 |     0 |      0 |      0 |    0 |          0 |
|     glen[0].core_i                           |                  uop_block_wrap__parameterized17__33 |          1 |          1 |       0 |    0 |   192 |      0 |      0 |    0 |          0 |
|       (glen[0].core_i)                       |                  uop_block_wrap__parameterized17__33 |          0 |          0 |       0 |    0 |    96 |      0 |      0 |    0 |          0 |
|       core                                   |                       uop_block__parameterized17__33 |          1 |          1 |       0 |    0 |    96 |      0 |      0 |    0 |          0 |
|         (core)                               |                       uop_block__parameterized17__33 |          1 |          1 |       0 |    0 |    32 |      0 |      0 |    0 |          0 |
|         g[0].g_normal.alu_i                  |                   microop_unit__parameterized14__141 |          0 |          0 |       0 |    0 |    32 |      0 |      0 |    0 |          0 |
|         g[1].g_normal.alu_i                  |                    microop_unit__parameterized15__51 |          0 |          0 |       0 |    0 |    32 |      0 |      0 |    0 |          0 |
|     glen[10].core_i                          |           uop_block_wrap__parameterized22__xdcDup__1 |          2 |          2 |       0 |    0 |   242 |      0 |      0 |    0 |          0 |
|       (glen[10].core_i)                      |           uop_block_wrap__parameterized22__xdcDup__1 |          0 |          0 |       0 |    0 |   124 |      0 |      0 |    0 |          0 |
|       core                                   |                uop_block__parameterized22__xdcDup__1 |          2 |          2 |       0 |    0 |   118 |      0 |      0 |    0 |          0 |
|         (core)                               |                uop_block__parameterized22__xdcDup__1 |          1 |          1 |       0 |    0 |     0 |      0 |      0 |    0 |          0 |
|         g[0].g_normal.alu_i                  |             microop_unit__parameterized18__xdcDup__1 |          1 |          1 |       0 |    0 |   118 |      0 |      0 |    0 |          0 |
|           (g[0].g_normal.alu_i)              |             microop_unit__parameterized18__xdcDup__1 |          0 |          0 |       0 |    0 |    59 |      0 |      0 |    0 |          0 |
|           g_iadd.use_ip.int_addsub_i         |                                integer_addsub_HD2350 |          1 |          1 |       0 |    0 |    59 |      0 |      0 |    0 |          0 |
|             U0                               |               integer_addsubc_addsub_v12_0_14_HD2351 |          1 |          1 |       0 |    0 |    59 |      0 |      0 |    0 |          0 |
|               xst_addsub                     |           integer_addsubc_addsub_v12_0_14_viv_HD2352 |          1 |          1 |       0 |    0 |    59 |      0 |      0 |    0 |          0 |
|                 i_baseblox.i_baseblox_addsub |        integer_addsubc_addsub_v12_0_14_legacy_HD2353 |          1 |          1 |       0 |    0 |    59 |      0 |      0 |    0 |          0 |
|                   no_pipelining.the_addsub   | integer_addsubc_addsub_v12_0_14_fabric_legacy_HD2354 |          1 |          1 |       0 |    0 |    59 |      0 |      0 |    0 |          0 |
|                     i_lut6.i_lut6_addsub     |   integer_addsubc_addsub_v12_0_14_lut6_legacy_HD2355 |          1 |          1 |       0 |    0 |    59 |      0 |      0 |    0 |          0 |
|                       (i_lut6.i_lut6_addsub) |   integer_addsubc_addsub_v12_0_14_lut6_legacy_HD2355 |          1 |          1 |       0 |    0 |     0 |      0 |      0 |    0 |          0 |
|                       i_q.i_simple.qreg      |            integer_addsubc_reg_fd_v12_0_6_viv_HD2356 |          0 |          0 |       0 |    0 |    59 |      0 |      0 |    0 |          0 |
|     glen[11].core_i                          |           uop_block_wrap__parameterized23__xdcDup__1 |          1 |          1 |       0 |    0 |   256 |      0 |      0 |    0 |          0 |
|       (glen[11].core_i)                      |           uop_block_wrap__parameterized23__xdcDup__1 |          0 |          0 |       0 |    0 |    96 |      0 |      0 |    0 |          0 |
|       core                                   |                uop_block__parameterized23__xdcDup__1 |          1 |          1 |       0 |    0 |   160 |      0 |      0 |    0 |          0 |
|         (core)                               |                uop_block__parameterized23__xdcDup__1 |          1 |          1 |       0 |    0 |     0 |      0 |      0 |    0 |          0 |
|         g[0].g_normal.alu_i                  |                        microop_unit__parameterized15 |          0 |          0 |       0 |    0 |    32 |      0 |      0 |    0 |          0 |
|         g[1].g_normal.alu_i                  |             microop_unit__parameterized11__xdcDup__5 |          0 |          0 |       0 |    0 |   128 |      0 |      0 |    0 |          0 |
|           (g[1].g_normal.alu_i)              |             microop_unit__parameterized11__xdcDup__5 |          0 |          0 |       0 |    0 |    64 |      0 |      0 |    0 |          0 |
|           g_iadd.use_ip.int_addsub_i         |                                integer_addsub_HD2357 |          0 |          0 |       0 |    0 |    64 |      0 |      0 |    0 |          0 |
|             U0                               |               integer_addsubc_addsub_v12_0_14_HD2358 |          0 |          0 |       0 |    0 |    64 |      0 |      0 |    0 |          0 |
|               xst_addsub                     |           integer_addsubc_addsub_v12_0_14_viv_HD2359 |          0 |          0 |       0 |    0 |    64 |      0 |      0 |    0 |          0 |
|                 i_baseblox.i_baseblox_addsub |        integer_addsubc_addsub_v12_0_14_legacy_HD2360 |          0 |          0 |       0 |    0 |    64 |      0 |      0 |    0 |          0 |
|                   no_pipelining.the_addsub   | integer_addsubc_addsub_v12_0_14_fabric_legacy_HD2361 |          0 |          0 |       0 |    0 |    64 |      0 |      0 |    0 |          0 |
|                     i_lut6.i_lut6_addsub     |   integer_addsubc_addsub_v12_0_14_lut6_legacy_HD2362 |          0 |          0 |       0 |    0 |    64 |      0 |      0 |    0 |          0 |
|                       (i_lut6.i_lut6_addsub) |   integer_addsubc_addsub_v12_0_14_lut6_legacy_HD2362 |          0 |          0 |       0 |    0 |     0 |      0 |      0 |    0 |          0 |
|                       i_q.i_simple.qreg      |            integer_addsubc_reg_fd_v12_0_6_viv_HD2363 |          0 |          0 |       0 |    0 |    64 |      0 |      0 |    0 |          0 |
|     glen[12].core_i                          |           uop_block_wrap__parameterized22__xdcDup__2 |          2 |          2 |       0 |    0 |   242 |      0 |      0 |    0 |          0 |
|       (glen[12].core_i)                      |           uop_block_wrap__parameterized22__xdcDup__2 |          0 |          0 |       0 |    0 |   124 |      0 |      0 |    0 |          0 |
|       core                                   |                uop_block__parameterized22__xdcDup__2 |          2 |          2 |       0 |    0 |   118 |      0 |      0 |    0 |          0 |
|         (core)                               |                uop_block__parameterized22__xdcDup__2 |          1 |          1 |       0 |    0 |     0 |      0 |      0 |    0 |          0 |
|         g[0].g_normal.alu_i                  |             microop_unit__parameterized18__xdcDup__2 |          1 |          1 |       0 |    0 |   118 |      0 |      0 |    0 |          0 |
|           (g[0].g_normal.alu_i)              |             microop_unit__parameterized18__xdcDup__2 |          0 |          0 |       0 |    0 |    59 |      0 |      0 |    0 |          0 |
|           g_iadd.use_ip.int_addsub_i         |                                integer_addsub_HD2364 |          1 |          1 |       0 |    0 |    59 |      0 |      0 |    0 |          0 |
|             U0                               |               integer_addsubc_addsub_v12_0_14_HD2365 |          1 |          1 |       0 |    0 |    59 |      0 |      0 |    0 |          0 |
|               xst_addsub                     |           integer_addsubc_addsub_v12_0_14_viv_HD2366 |          1 |          1 |       0 |    0 |    59 |      0 |      0 |    0 |          0 |
|                 i_baseblox.i_baseblox_addsub |        integer_addsubc_addsub_v12_0_14_legacy_HD2367 |          1 |          1 |       0 |    0 |    59 |      0 |      0 |    0 |          0 |
|                   no_pipelining.the_addsub   | integer_addsubc_addsub_v12_0_14_fabric_legacy_HD2368 |          1 |          1 |       0 |    0 |    59 |      0 |      0 |    0 |          0 |
|                     i_lut6.i_lut6_addsub     |   integer_addsubc_addsub_v12_0_14_lut6_legacy_HD2369 |          1 |          1 |       0 |    0 |    59 |      0 |      0 |    0 |          0 |
|                       (i_lut6.i_lut6_addsub) |   integer_addsubc_addsub_v12_0_14_lut6_legacy_HD2369 |          1 |          1 |       0 |    0 |     0 |      0 |      0 |    0 |          0 |
|                       i_q.i_simple.qreg      |            integer_addsubc_reg_fd_v12_0_6_viv_HD2370 |          0 |          0 |       0 |    0 |    59 |      0 |      0 |    0 |          0 |
|     glen[13].core_i                          |                   uop_block_wrap__parameterized24__8 |          1 |          1 |       0 |    0 |    28 |      0 |      0 |    0 |          0 |
|       (glen[13].core_i)                      |                   uop_block_wrap__parameterized24__8 |          0 |          0 |       0 |    0 |    14 |      0 |      0 |    0 |          0 |
|       core                                   |                        uop_block__parameterized24__8 |          1 |          1 |       0 |    0 |    14 |      0 |      0 |    0 |          0 |
|         (core)                               |                        uop_block__parameterized24__8 |          1 |          1 |       0 |    0 |     0 |      0 |      0 |    0 |          0 |
|         g[0].g_normal.alu_i                  |                    microop_unit__parameterized2__101 |          0 |          0 |       0 |    0 |     7 |      0 |      0 |    0 |          0 |
|         g[1].g_normal.alu_i                  |                    microop_unit__parameterized2__100 |          0 |          0 |       0 |    0 |     7 |      0 |      0 |    0 |          0 |
|     glen[14].core_i                          |                  uop_block_wrap__parameterized17__39 |          1 |          1 |       0 |    0 |   192 |      0 |      0 |    0 |          0 |
|       (glen[14].core_i)                      |                  uop_block_wrap__parameterized17__39 |          0 |          0 |       0 |    0 |    96 |      0 |      0 |    0 |          0 |
|       core                                   |                       uop_block__parameterized17__39 |          1 |          1 |       0 |    0 |    96 |      0 |      0 |    0 |          0 |
|         (core)                               |                       uop_block__parameterized17__39 |          1 |          1 |       0 |    0 |    32 |      0 |      0 |    0 |          0 |
|         g[0].g_normal.alu_i                  |                   microop_unit__parameterized14__147 |          0 |          0 |       0 |    0 |    32 |      0 |      0 |    0 |          0 |
|         g[1].g_normal.alu_i                  |                    microop_unit__parameterized15__57 |          0 |          0 |       0 |    0 |    32 |      0 |      0 |    0 |          0 |
|     glen[15].core_i                          |                  uop_block_wrap__parameterized17__40 |          1 |          1 |       0 |    0 |   192 |      0 |      0 |    0 |          0 |
|       (glen[15].core_i)                      |                  uop_block_wrap__parameterized17__40 |          0 |          0 |       0 |    0 |    96 |      0 |      0 |    0 |          0 |
|       core                                   |                       uop_block__parameterized17__40 |          1 |          1 |       0 |    0 |    96 |      0 |      0 |    0 |          0 |
|         (core)                               |                       uop_block__parameterized17__40 |          1 |          1 |       0 |    0 |    32 |      0 |      0 |    0 |          0 |
|         g[0].g_normal.alu_i                  |                   microop_unit__parameterized14__148 |          0 |          0 |       0 |    0 |    32 |      0 |      0 |    0 |          0 |
|         g[1].g_normal.alu_i                  |                    microop_unit__parameterized15__58 |          0 |          0 |       0 |    0 |    32 |      0 |      0 |    0 |          0 |
|     glen[16].core_i                          |                   uop_block_wrap__parameterized18__6 |          1 |          1 |       0 |    0 |   128 |      0 |      0 |    0 |          0 |
|       (glen[16].core_i)                      |                   uop_block_wrap__parameterized18__6 |          0 |          0 |       0 |    0 |    64 |      0 |      0 |    0 |          0 |
|       core                                   |                        uop_block__parameterized18__6 |          1 |          1 |       0 |    0 |    64 |      0 |      0 |    0 |          0 |
|         (core)                               |                        uop_block__parameterized18__6 |          1 |          1 |       0 |    0 |     0 |      0 |      0 |    0 |          0 |
|         g[0].g_normal.alu_i                  |                    microop_unit__parameterized1__194 |          0 |          0 |       0 |    0 |    32 |      0 |      0 |    0 |          0 |
|         g[1].g_normal.alu_i                  |                     microop_unit__parameterized16__6 |          0 |          0 |       0 |    0 |    32 |      0 |      0 |    0 |          0 |
|     glen[17].core_i                          |                  uop_block_wrap__parameterized19__12 |          1 |          1 |       0 |    0 |   192 |      0 |      0 |    0 |          0 |
|       (glen[17].core_i)                      |                  uop_block_wrap__parameterized19__12 |          0 |          0 |       0 |    0 |    96 |      0 |      0 |    0 |          0 |
|       core                                   |                       uop_block__parameterized19__12 |          1 |          1 |       0 |    0 |    96 |      0 |      0 |    0 |          0 |
|         (core)                               |                       uop_block__parameterized19__12 |          1 |          1 |       0 |    0 |    32 |      0 |      0 |    0 |          0 |
|         g[0].g_normal.alu_i                  |                   microop_unit__parameterized14__139 |          0 |          0 |       0 |    0 |    32 |      0 |      0 |    0 |          0 |
|         g[1].g_normal.alu_i                  |                     microop_unit__parameterized0__58 |          0 |          0 |       0 |    0 |    32 |      0 |      0 |    0 |          0 |
|     glen[18].core_i                          |                  uop_block_wrap__parameterized17__41 |          1 |          1 |       0 |    0 |   192 |      0 |      0 |    0 |          0 |
|       (glen[18].core_i)                      |                  uop_block_wrap__parameterized17__41 |          0 |          0 |       0 |    0 |    96 |      0 |      0 |    0 |          0 |
|       core                                   |                       uop_block__parameterized17__41 |          1 |          1 |       0 |    0 |    96 |      0 |      0 |    0 |          0 |
|         (core)                               |                       uop_block__parameterized17__41 |          1 |          1 |       0 |    0 |    32 |      0 |      0 |    0 |          0 |
|         g[0].g_normal.alu_i                  |                   microop_unit__parameterized14__149 |          0 |          0 |       0 |    0 |    32 |      0 |      0 |    0 |          0 |
|         g[1].g_normal.alu_i                  |                    microop_unit__parameterized15__59 |          0 |          0 |       0 |    0 |    32 |      0 |      0 |    0 |          0 |
|     glen[19].core_i                          |                  uop_block_wrap__parameterized17__42 |          1 |          1 |       0 |    0 |   192 |      0 |      0 |    0 |          0 |
|       (glen[19].core_i)                      |                  uop_block_wrap__parameterized17__42 |          0 |          0 |       0 |    0 |    96 |      0 |      0 |    0 |          0 |
|       core                                   |                       uop_block__parameterized17__42 |          1 |          1 |       0 |    0 |    96 |      0 |      0 |    0 |          0 |
|         (core)                               |                       uop_block__parameterized17__42 |          1 |          1 |       0 |    0 |    32 |      0 |      0 |    0 |          0 |
|         g[0].g_normal.alu_i                  |                   microop_unit__parameterized14__150 |          0 |          0 |       0 |    0 |    32 |      0 |      0 |    0 |          0 |
|         g[1].g_normal.alu_i                  |                    microop_unit__parameterized15__60 |          0 |          0 |       0 |    0 |    32 |      0 |      0 |    0 |          0 |
|     glen[1].core_i                           |                  uop_block_wrap__parameterized17__34 |          1 |          1 |       0 |    0 |   192 |      0 |      0 |    0 |          0 |
|       (glen[1].core_i)                       |                  uop_block_wrap__parameterized17__34 |          0 |          0 |       0 |    0 |    96 |      0 |      0 |    0 |          0 |
|       core                                   |                       uop_block__parameterized17__34 |          1 |          1 |       0 |    0 |    96 |      0 |      0 |    0 |          0 |
|         (core)                               |                       uop_block__parameterized17__34 |          1 |          1 |       0 |    0 |    32 |      0 |      0 |    0 |          0 |
|         g[0].g_normal.alu_i                  |                   microop_unit__parameterized14__142 |          0 |          0 |       0 |    0 |    32 |      0 |      0 |    0 |          0 |
|         g[1].g_normal.alu_i                  |                    microop_unit__parameterized15__52 |          0 |          0 |       0 |    0 |    32 |      0 |      0 |    0 |          0 |
|     glen[20].core_i                          |           uop_block_wrap__parameterized20__xdcDup__2 |          3 |          3 |       0 |    0 |   384 |      0 |      0 |    0 |          0 |
|       (glen[20].core_i)                      |           uop_block_wrap__parameterized20__xdcDup__2 |          0 |          0 |       0 |    0 |   128 |      0 |      0 |    0 |          0 |
|       core                                   |                uop_block__parameterized20__xdcDup__2 |          3 |          3 |       0 |    0 |   256 |      0 |      0 |    0 |          0 |
|         (core)                               |                uop_block__parameterized20__xdcDup__2 |          1 |          1 |       0 |    0 |    64 |      0 |      0 |    0 |          0 |
|         g[0].g_normal.alu_i                  |                     microop_unit__parameterized4__67 |          0 |          0 |       0 |    0 |    64 |      0 |      0 |    0 |          0 |
|         g[1].g_normal.alu_i                  |             microop_unit__parameterized11__xdcDup__6 |          2 |          2 |       0 |    0 |   128 |      0 |      0 |    0 |          0 |
|           (g[1].g_normal.alu_i)              |             microop_unit__parameterized11__xdcDup__6 |          0 |          0 |       0 |    0 |    64 |      0 |      0 |    0 |          0 |
|           g_iadd.use_ip.int_addsub_i         |                                integer_addsub_HD2371 |          2 |          2 |       0 |    0 |    64 |      0 |      0 |    0 |          0 |
|             U0                               |               integer_addsubc_addsub_v12_0_14_HD2372 |          2 |          2 |       0 |    0 |    64 |      0 |      0 |    0 |          0 |
|               xst_addsub                     |           integer_addsubc_addsub_v12_0_14_viv_HD2373 |          2 |          2 |       0 |    0 |    64 |      0 |      0 |    0 |          0 |
|                 i_baseblox.i_baseblox_addsub |        integer_addsubc_addsub_v12_0_14_legacy_HD2374 |          2 |          2 |       0 |    0 |    64 |      0 |      0 |    0 |          0 |
|                   no_pipelining.the_addsub   | integer_addsubc_addsub_v12_0_14_fabric_legacy_HD2375 |          2 |          2 |       0 |    0 |    64 |      0 |      0 |    0 |          0 |
|                     i_lut6.i_lut6_addsub     |   integer_addsubc_addsub_v12_0_14_lut6_legacy_HD2376 |          2 |          2 |       0 |    0 |    64 |      0 |      0 |    0 |          0 |
|                       (i_lut6.i_lut6_addsub) |   integer_addsubc_addsub_v12_0_14_lut6_legacy_HD2376 |          2 |          2 |       0 |    0 |     0 |      0 |      0 |    0 |          0 |
|                       i_q.i_simple.qreg      |            integer_addsubc_reg_fd_v12_0_6_viv_HD2377 |          0 |          0 |       0 |    0 |    64 |      0 |      0 |    0 |          0 |
|     glen[21].core_i                          |                  uop_block_wrap__parameterized21__12 |          1 |          1 |       0 |    0 |    80 |      0 |      0 |    0 |          0 |
|       (glen[21].core_i)                      |                  uop_block_wrap__parameterized21__12 |          0 |          0 |       0 |    0 |    40 |      0 |      0 |    0 |          0 |
|       core                                   |                       uop_block__parameterized21__12 |          1 |          1 |       0 |    0 |    40 |      0 |      0 |    0 |          0 |
|         (core)                               |                       uop_block__parameterized21__12 |          1 |          1 |       0 |    0 |     0 |      0 |      0 |    0 |          0 |
|         g[0].g_normal.alu_i                  |                    microop_unit__parameterized17__12 |          0 |          0 |       0 |    0 |     8 |      0 |      0 |    0 |          0 |
|         g[1].g_normal.alu_i                  |                    microop_unit__parameterized1__188 |          0 |          0 |       0 |    0 |    32 |      0 |      0 |    0 |          0 |
|     glen[22].core_i                          |           uop_block_wrap__parameterized22__xdcDup__3 |          2 |          2 |       0 |    0 |   242 |      0 |      0 |    0 |          0 |
|       (glen[22].core_i)                      |           uop_block_wrap__parameterized22__xdcDup__3 |          0 |          0 |       0 |    0 |   124 |      0 |      0 |    0 |          0 |
|       core                                   |                uop_block__parameterized22__xdcDup__3 |          2 |          2 |       0 |    0 |   118 |      0 |      0 |    0 |          0 |
|         (core)                               |                uop_block__parameterized22__xdcDup__3 |          1 |          1 |       0 |    0 |     0 |      0 |      0 |    0 |          0 |
|         g[0].g_normal.alu_i                  |             microop_unit__parameterized18__xdcDup__3 |          1 |          1 |       0 |    0 |   118 |      0 |      0 |    0 |          0 |
|           (g[0].g_normal.alu_i)              |             microop_unit__parameterized18__xdcDup__3 |          0 |          0 |       0 |    0 |    59 |      0 |      0 |    0 |          0 |
|           g_iadd.use_ip.int_addsub_i         |                                integer_addsub_HD2378 |          1 |          1 |       0 |    0 |    59 |      0 |      0 |    0 |          0 |
|             U0                               |               integer_addsubc_addsub_v12_0_14_HD2379 |          1 |          1 |       0 |    0 |    59 |      0 |      0 |    0 |          0 |
|               xst_addsub                     |           integer_addsubc_addsub_v12_0_14_viv_HD2380 |          1 |          1 |       0 |    0 |    59 |      0 |      0 |    0 |          0 |
|                 i_baseblox.i_baseblox_addsub |        integer_addsubc_addsub_v12_0_14_legacy_HD2381 |          1 |          1 |       0 |    0 |    59 |      0 |      0 |    0 |          0 |
|                   no_pipelining.the_addsub   | integer_addsubc_addsub_v12_0_14_fabric_legacy_HD2382 |          1 |          1 |       0 |    0 |    59 |      0 |      0 |    0 |          0 |
|                     i_lut6.i_lut6_addsub     |   integer_addsubc_addsub_v12_0_14_lut6_legacy_HD2383 |          1 |          1 |       0 |    0 |    59 |      0 |      0 |    0 |          0 |
|                       (i_lut6.i_lut6_addsub) |   integer_addsubc_addsub_v12_0_14_lut6_legacy_HD2383 |          1 |          1 |       0 |    0 |     0 |      0 |      0 |    0 |          0 |
|                       i_q.i_simple.qreg      |            integer_addsubc_reg_fd_v12_0_6_viv_HD2384 |          0 |          0 |       0 |    0 |    59 |      0 |      0 |    0 |          0 |
|     glen[23].core_i                          |                  uop_block_wrap__parameterized21__13 |          1 |          1 |       0 |    0 |    80 |      0 |      0 |    0 |          0 |
|       (glen[23].core_i)                      |                  uop_block_wrap__parameterized21__13 |          0 |          0 |       0 |    0 |    40 |      0 |      0 |    0 |          0 |
|       core                                   |                       uop_block__parameterized21__13 |          1 |          1 |       0 |    0 |    40 |      0 |      0 |    0 |          0 |
|         (core)                               |                       uop_block__parameterized21__13 |          1 |          1 |       0 |    0 |     0 |      0 |      0 |    0 |          0 |
|         g[0].g_normal.alu_i                  |                    microop_unit__parameterized17__13 |          0 |          0 |       0 |    0 |     8 |      0 |      0 |    0 |          0 |
|         g[1].g_normal.alu_i                  |                    microop_unit__parameterized1__189 |          0 |          0 |       0 |    0 |    32 |      0 |      0 |    0 |          0 |
|     glen[24].core_i                          |           uop_block_wrap__parameterized22__xdcDup__4 |          2 |          2 |       0 |    0 |   242 |      0 |      0 |    0 |          0 |
|       (glen[24].core_i)                      |           uop_block_wrap__parameterized22__xdcDup__4 |          0 |          0 |       0 |    0 |   124 |      0 |      0 |    0 |          0 |
|       core                                   |                uop_block__parameterized22__xdcDup__4 |          2 |          2 |       0 |    0 |   118 |      0 |      0 |    0 |          0 |
|         (core)                               |                uop_block__parameterized22__xdcDup__4 |          1 |          1 |       0 |    0 |     0 |      0 |      0 |    0 |          0 |
|         g[0].g_normal.alu_i                  |             microop_unit__parameterized18__xdcDup__4 |          1 |          1 |       0 |    0 |   118 |      0 |      0 |    0 |          0 |
|           (g[0].g_normal.alu_i)              |             microop_unit__parameterized18__xdcDup__4 |          0 |          0 |       0 |    0 |    59 |      0 |      0 |    0 |          0 |
|           g_iadd.use_ip.int_addsub_i         |                                integer_addsub_HD2385 |          1 |          1 |       0 |    0 |    59 |      0 |      0 |    0 |          0 |
|             U0                               |               integer_addsubc_addsub_v12_0_14_HD2386 |          1 |          1 |       0 |    0 |    59 |      0 |      0 |    0 |          0 |
|               xst_addsub                     |           integer_addsubc_addsub_v12_0_14_viv_HD2387 |          1 |          1 |       0 |    0 |    59 |      0 |      0 |    0 |          0 |
|                 i_baseblox.i_baseblox_addsub |        integer_addsubc_addsub_v12_0_14_legacy_HD2388 |          1 |          1 |       0 |    0 |    59 |      0 |      0 |    0 |          0 |
|                   no_pipelining.the_addsub   | integer_addsubc_addsub_v12_0_14_fabric_legacy_HD2389 |          1 |          1 |       0 |    0 |    59 |      0 |      0 |    0 |          0 |
|                     i_lut6.i_lut6_addsub     |   integer_addsubc_addsub_v12_0_14_lut6_legacy_HD2390 |          1 |          1 |       0 |    0 |    59 |      0 |      0 |    0 |          0 |
|                       (i_lut6.i_lut6_addsub) |   integer_addsubc_addsub_v12_0_14_lut6_legacy_HD2390 |          1 |          1 |       0 |    0 |     0 |      0 |      0 |    0 |          0 |
|                       i_q.i_simple.qreg      |            integer_addsubc_reg_fd_v12_0_6_viv_HD2391 |          0 |          0 |       0 |    0 |    59 |      0 |      0 |    0 |          0 |
|     glen[25].core_i                          |                   uop_block_wrap__parameterized24__9 |          1 |          1 |       0 |    0 |    28 |      0 |      0 |    0 |          0 |
|       (glen[25].core_i)                      |                   uop_block_wrap__parameterized24__9 |          0 |          0 |       0 |    0 |    14 |      0 |      0 |    0 |          0 |
|       core                                   |                        uop_block__parameterized24__9 |          1 |          1 |       0 |    0 |    14 |      0 |      0 |    0 |          0 |
|         (core)                               |                        uop_block__parameterized24__9 |          1 |          1 |       0 |    0 |     0 |      0 |      0 |    0 |          0 |
|         g[0].g_normal.alu_i                  |                    microop_unit__parameterized2__103 |          0 |          0 |       0 |    0 |     7 |      0 |      0 |    0 |          0 |
|         g[1].g_normal.alu_i                  |                    microop_unit__parameterized2__102 |          0 |          0 |       0 |    0 |     7 |      0 |      0 |    0 |          0 |
|     glen[26].core_i                          |                  uop_block_wrap__parameterized17__43 |          1 |          1 |       0 |    0 |   192 |      0 |      0 |    0 |          0 |
|       (glen[26].core_i)                      |                  uop_block_wrap__parameterized17__43 |          0 |          0 |       0 |    0 |    96 |      0 |      0 |    0 |          0 |
|       core                                   |                       uop_block__parameterized17__43 |          1 |          1 |       0 |    0 |    96 |      0 |      0 |    0 |          0 |
|         (core)                               |                       uop_block__parameterized17__43 |          1 |          1 |       0 |    0 |    32 |      0 |      0 |    0 |          0 |
|         g[0].g_normal.alu_i                  |                   microop_unit__parameterized14__151 |          0 |          0 |       0 |    0 |    32 |      0 |      0 |    0 |          0 |
|         g[1].g_normal.alu_i                  |                    microop_unit__parameterized15__61 |          0 |          0 |       0 |    0 |    32 |      0 |      0 |    0 |          0 |
|     glen[27].core_i                          |                  uop_block_wrap__parameterized17__44 |          1 |          1 |       0 |    0 |   192 |      0 |      0 |    0 |          0 |
|       (glen[27].core_i)                      |                  uop_block_wrap__parameterized17__44 |          0 |          0 |       0 |    0 |    96 |      0 |      0 |    0 |          0 |
|       core                                   |                       uop_block__parameterized17__44 |          1 |          1 |       0 |    0 |    96 |      0 |      0 |    0 |          0 |
|         (core)                               |                       uop_block__parameterized17__44 |          1 |          1 |       0 |    0 |    32 |      0 |      0 |    0 |          0 |
|         g[0].g_normal.alu_i                  |                   microop_unit__parameterized14__152 |          0 |          0 |       0 |    0 |    32 |      0 |      0 |    0 |          0 |
|         g[1].g_normal.alu_i                  |                    microop_unit__parameterized15__62 |          0 |          0 |       0 |    0 |    32 |      0 |      0 |    0 |          0 |
|     glen[28].core_i                          |                   uop_block_wrap__parameterized18__7 |          1 |          1 |       0 |    0 |   128 |      0 |      0 |    0 |          0 |
|       (glen[28].core_i)                      |                   uop_block_wrap__parameterized18__7 |          0 |          0 |       0 |    0 |    64 |      0 |      0 |    0 |          0 |
|       core                                   |                        uop_block__parameterized18__7 |          1 |          1 |       0 |    0 |    64 |      0 |      0 |    0 |          0 |
|         (core)                               |                        uop_block__parameterized18__7 |          1 |          1 |       0 |    0 |     0 |      0 |      0 |    0 |          0 |
|         g[0].g_normal.alu_i                  |                    microop_unit__parameterized1__195 |          0 |          0 |       0 |    0 |    32 |      0 |      0 |    0 |          0 |
|         g[1].g_normal.alu_i                  |                     microop_unit__parameterized16__7 |          0 |          0 |       0 |    0 |    32 |      0 |      0 |    0 |          0 |
|     glen[29].core_i                          |                  uop_block_wrap__parameterized19__13 |          1 |          1 |       0 |    0 |   192 |      0 |      0 |    0 |          0 |
|       (glen[29].core_i)                      |                  uop_block_wrap__parameterized19__13 |          0 |          0 |       0 |    0 |    96 |      0 |      0 |    0 |          0 |
|       core                                   |                       uop_block__parameterized19__13 |          1 |          1 |       0 |    0 |    96 |      0 |      0 |    0 |          0 |
|         (core)                               |                       uop_block__parameterized19__13 |          1 |          1 |       0 |    0 |    32 |      0 |      0 |    0 |          0 |
|         g[0].g_normal.alu_i                  |                   microop_unit__parameterized14__140 |          0 |          0 |       0 |    0 |    32 |      0 |      0 |    0 |          0 |
|         g[1].g_normal.alu_i                  |                     microop_unit__parameterized0__59 |          0 |          0 |       0 |    0 |    32 |      0 |      0 |    0 |          0 |
|     glen[2].core_i                           |                  uop_block_wrap__parameterized17__35 |          1 |          1 |       0 |    0 |   192 |      0 |      0 |    0 |          0 |
|       (glen[2].core_i)                       |                  uop_block_wrap__parameterized17__35 |          0 |          0 |       0 |    0 |    96 |      0 |      0 |    0 |          0 |
|       core                                   |                       uop_block__parameterized17__35 |          1 |          1 |       0 |    0 |    96 |      0 |      0 |    0 |          0 |
|         (core)                               |                       uop_block__parameterized17__35 |          1 |          1 |       0 |    0 |    32 |      0 |      0 |    0 |          0 |
|         g[0].g_normal.alu_i                  |                   microop_unit__parameterized14__143 |          0 |          0 |       0 |    0 |    32 |      0 |      0 |    0 |          0 |
|         g[1].g_normal.alu_i                  |                    microop_unit__parameterized15__53 |          0 |          0 |       0 |    0 |    32 |      0 |      0 |    0 |          0 |
|     glen[30].core_i                          |                  uop_block_wrap__parameterized17__45 |          1 |          1 |       0 |    0 |   192 |      0 |      0 |    0 |          0 |
|       (glen[30].core_i)                      |                  uop_block_wrap__parameterized17__45 |          0 |          0 |       0 |    0 |    96 |      0 |      0 |    0 |          0 |
|       core                                   |                       uop_block__parameterized17__45 |          1 |          1 |       0 |    0 |    96 |      0 |      0 |    0 |          0 |
|         (core)                               |                       uop_block__parameterized17__45 |          1 |          1 |       0 |    0 |    32 |      0 |      0 |    0 |          0 |
|         g[0].g_normal.alu_i                  |                   microop_unit__parameterized14__153 |          0 |          0 |       0 |    0 |    32 |      0 |      0 |    0 |          0 |
|         g[1].g_normal.alu_i                  |                    microop_unit__parameterized15__63 |          0 |          0 |       0 |    0 |    32 |      0 |      0 |    0 |          0 |
|     glen[31].core_i                          |                  uop_block_wrap__parameterized17__46 |          1 |          1 |       0 |    0 |   192 |      0 |      0 |    0 |          0 |
|       (glen[31].core_i)                      |                  uop_block_wrap__parameterized17__46 |          0 |          0 |       0 |    0 |    96 |      0 |      0 |    0 |          0 |
|       core                                   |                       uop_block__parameterized17__46 |          1 |          1 |       0 |    0 |    96 |      0 |      0 |    0 |          0 |
|         (core)                               |                       uop_block__parameterized17__46 |          1 |          1 |       0 |    0 |    32 |      0 |      0 |    0 |          0 |
|         g[0].g_normal.alu_i                  |                   microop_unit__parameterized14__154 |          0 |          0 |       0 |    0 |    32 |      0 |      0 |    0 |          0 |
|         g[1].g_normal.alu_i                  |                    microop_unit__parameterized15__64 |          0 |          0 |       0 |    0 |    32 |      0 |      0 |    0 |          0 |
|     glen[32].core_i                          |                  uop_block_wrap__parameterized17__47 |          1 |          1 |       0 |    0 |   192 |      0 |      0 |    0 |          0 |
|       (glen[32].core_i)                      |                  uop_block_wrap__parameterized17__47 |          0 |          0 |       0 |    0 |    96 |      0 |      0 |    0 |          0 |
|       core                                   |                       uop_block__parameterized17__47 |          1 |          1 |       0 |    0 |    96 |      0 |      0 |    0 |          0 |
|         (core)                               |                       uop_block__parameterized17__47 |          1 |          1 |       0 |    0 |    32 |      0 |      0 |    0 |          0 |
|         g[0].g_normal.alu_i                  |                   microop_unit__parameterized14__155 |          0 |          0 |       0 |    0 |    32 |      0 |      0 |    0 |          0 |
|         g[1].g_normal.alu_i                  |                    microop_unit__parameterized15__65 |          0 |          0 |       0 |    0 |    32 |      0 |      0 |    0 |          0 |
|     glen[33].core_i                          |                  uop_block_wrap__parameterized17__48 |          1 |          1 |       0 |    0 |   192 |      0 |      0 |    0 |          0 |
|       (glen[33].core_i)                      |                  uop_block_wrap__parameterized17__48 |          0 |          0 |       0 |    0 |    96 |      0 |      0 |    0 |          0 |
|       core                                   |                       uop_block__parameterized17__48 |          1 |          1 |       0 |    0 |    96 |      0 |      0 |    0 |          0 |
|         (core)                               |                       uop_block__parameterized17__48 |          1 |          1 |       0 |    0 |    32 |      0 |      0 |    0 |          0 |
|         g[0].g_normal.alu_i                  |                   microop_unit__parameterized14__156 |          0 |          0 |       0 |    0 |    32 |      0 |      0 |    0 |          0 |
|         g[1].g_normal.alu_i                  |                    microop_unit__parameterized15__66 |          0 |          0 |       0 |    0 |    32 |      0 |      0 |    0 |          0 |
|     glen[34].core_i                          |                  uop_block_wrap__parameterized17__49 |          1 |          1 |       0 |    0 |   192 |      0 |      0 |    0 |          0 |
|       (glen[34].core_i)                      |                  uop_block_wrap__parameterized17__49 |          0 |          0 |       0 |    0 |    96 |      0 |      0 |    0 |          0 |
|       core                                   |                       uop_block__parameterized17__49 |          1 |          1 |       0 |    0 |    96 |      0 |      0 |    0 |          0 |
|         (core)                               |                       uop_block__parameterized17__49 |          1 |          1 |       0 |    0 |    32 |      0 |      0 |    0 |          0 |
|         g[0].g_normal.alu_i                  |                   microop_unit__parameterized14__157 |          0 |          0 |       0 |    0 |    32 |      0 |      0 |    0 |          0 |
|         g[1].g_normal.alu_i                  |                    microop_unit__parameterized15__67 |          0 |          0 |       0 |    0 |    32 |      0 |      0 |    0 |          0 |
|     glen[35].core_i                          |                  uop_block_wrap__parameterized17__50 |          1 |          1 |       0 |    0 |   192 |      0 |      0 |    0 |          0 |
|       (glen[35].core_i)                      |                  uop_block_wrap__parameterized17__50 |          0 |          0 |       0 |    0 |    96 |      0 |      0 |    0 |          0 |
|       core                                   |                       uop_block__parameterized17__50 |          1 |          1 |       0 |    0 |    96 |      0 |      0 |    0 |          0 |
|         (core)                               |                       uop_block__parameterized17__50 |          1 |          1 |       0 |    0 |    32 |      0 |      0 |    0 |          0 |
|         g[0].g_normal.alu_i                  |                   microop_unit__parameterized14__158 |          0 |          0 |       0 |    0 |    32 |      0 |      0 |    0 |          0 |
|         g[1].g_normal.alu_i                  |                    microop_unit__parameterized15__68 |          0 |          0 |       0 |    0 |    32 |      0 |      0 |    0 |          0 |
|     glen[36].core_i                          |           uop_block_wrap__parameterized20__xdcDup__3 |          3 |          3 |       0 |    0 |   384 |      0 |      0 |    0 |          0 |
|       (glen[36].core_i)                      |           uop_block_wrap__parameterized20__xdcDup__3 |          0 |          0 |       0 |    0 |   128 |      0 |      0 |    0 |          0 |
|       core                                   |                uop_block__parameterized20__xdcDup__3 |          3 |          3 |       0 |    0 |   256 |      0 |      0 |    0 |          0 |
|         (core)                               |                uop_block__parameterized20__xdcDup__3 |          1 |          1 |       0 |    0 |    64 |      0 |      0 |    0 |          0 |
|         g[0].g_normal.alu_i                  |                     microop_unit__parameterized4__66 |          0 |          0 |       0 |    0 |    64 |      0 |      0 |    0 |          0 |
|         g[1].g_normal.alu_i                  |             microop_unit__parameterized11__xdcDup__7 |          2 |          2 |       0 |    0 |   128 |      0 |      0 |    0 |          0 |
|           (g[1].g_normal.alu_i)              |             microop_unit__parameterized11__xdcDup__7 |          0 |          0 |       0 |    0 |    64 |      0 |      0 |    0 |          0 |
|           g_iadd.use_ip.int_addsub_i         |                                integer_addsub_HD2392 |          2 |          2 |       0 |    0 |    64 |      0 |      0 |    0 |          0 |
|             U0                               |               integer_addsubc_addsub_v12_0_14_HD2393 |          2 |          2 |       0 |    0 |    64 |      0 |      0 |    0 |          0 |
|               xst_addsub                     |           integer_addsubc_addsub_v12_0_14_viv_HD2394 |          2 |          2 |       0 |    0 |    64 |      0 |      0 |    0 |          0 |
|                 i_baseblox.i_baseblox_addsub |        integer_addsubc_addsub_v12_0_14_legacy_HD2395 |          2 |          2 |       0 |    0 |    64 |      0 |      0 |    0 |          0 |
|                   no_pipelining.the_addsub   | integer_addsubc_addsub_v12_0_14_fabric_legacy_HD2396 |          2 |          2 |       0 |    0 |    64 |      0 |      0 |    0 |          0 |
|                     i_lut6.i_lut6_addsub     |   integer_addsubc_addsub_v12_0_14_lut6_legacy_HD2397 |          2 |          2 |       0 |    0 |    64 |      0 |      0 |    0 |          0 |
|                       (i_lut6.i_lut6_addsub) |   integer_addsubc_addsub_v12_0_14_lut6_legacy_HD2397 |          2 |          2 |       0 |    0 |     0 |      0 |      0 |    0 |          0 |
|                       i_q.i_simple.qreg      |            integer_addsubc_reg_fd_v12_0_6_viv_HD2398 |          0 |          0 |       0 |    0 |    64 |      0 |      0 |    0 |          0 |
|     glen[37].core_i                          |                  uop_block_wrap__parameterized21__14 |          1 |          1 |       0 |    0 |    80 |      0 |      0 |    0 |          0 |
|       (glen[37].core_i)                      |                  uop_block_wrap__parameterized21__14 |          0 |          0 |       0 |    0 |    40 |      0 |      0 |    0 |          0 |
|       core                                   |                       uop_block__parameterized21__14 |          1 |          1 |       0 |    0 |    40 |      0 |      0 |    0 |          0 |
|         (core)                               |                       uop_block__parameterized21__14 |          1 |          1 |       0 |    0 |     0 |      0 |      0 |    0 |          0 |
|         g[0].g_normal.alu_i                  |                    microop_unit__parameterized17__14 |          0 |          0 |       0 |    0 |     8 |      0 |      0 |    0 |          0 |
|         g[1].g_normal.alu_i                  |                    microop_unit__parameterized1__190 |          0 |          0 |       0 |    0 |    32 |      0 |      0 |    0 |          0 |
|     glen[38].core_i                          |           uop_block_wrap__parameterized22__xdcDup__5 |          2 |          2 |       0 |    0 |   242 |      0 |      0 |    0 |          0 |
|       (glen[38].core_i)                      |           uop_block_wrap__parameterized22__xdcDup__5 |          0 |          0 |       0 |    0 |   124 |      0 |      0 |    0 |          0 |
|       core                                   |                uop_block__parameterized22__xdcDup__5 |          2 |          2 |       0 |    0 |   118 |      0 |      0 |    0 |          0 |
|         (core)                               |                uop_block__parameterized22__xdcDup__5 |          1 |          1 |       0 |    0 |     0 |      0 |      0 |    0 |          0 |
|         g[0].g_normal.alu_i                  |             microop_unit__parameterized18__xdcDup__5 |          1 |          1 |       0 |    0 |   118 |      0 |      0 |    0 |          0 |
|           (g[0].g_normal.alu_i)              |             microop_unit__parameterized18__xdcDup__5 |          0 |          0 |       0 |    0 |    59 |      0 |      0 |    0 |          0 |
|           g_iadd.use_ip.int_addsub_i         |                                integer_addsub_HD2399 |          1 |          1 |       0 |    0 |    59 |      0 |      0 |    0 |          0 |
|             U0                               |               integer_addsubc_addsub_v12_0_14_HD2400 |          1 |          1 |       0 |    0 |    59 |      0 |      0 |    0 |          0 |
|               xst_addsub                     |           integer_addsubc_addsub_v12_0_14_viv_HD2401 |          1 |          1 |       0 |    0 |    59 |      0 |      0 |    0 |          0 |
|                 i_baseblox.i_baseblox_addsub |        integer_addsubc_addsub_v12_0_14_legacy_HD2402 |          1 |          1 |       0 |    0 |    59 |      0 |      0 |    0 |          0 |
|                   no_pipelining.the_addsub   | integer_addsubc_addsub_v12_0_14_fabric_legacy_HD2403 |          1 |          1 |       0 |    0 |    59 |      0 |      0 |    0 |          0 |
|                     i_lut6.i_lut6_addsub     |   integer_addsubc_addsub_v12_0_14_lut6_legacy_HD2404 |          1 |          1 |       0 |    0 |    59 |      0 |      0 |    0 |          0 |
|                       (i_lut6.i_lut6_addsub) |   integer_addsubc_addsub_v12_0_14_lut6_legacy_HD2404 |          1 |          1 |       0 |    0 |     0 |      0 |      0 |    0 |          0 |
|                       i_q.i_simple.qreg      |            integer_addsubc_reg_fd_v12_0_6_viv_HD2405 |          0 |          0 |       0 |    0 |    59 |      0 |      0 |    0 |          0 |
|     glen[39].core_i                          |           uop_block_wrap__parameterized22__xdcDup__6 |          2 |          2 |       0 |    0 |   242 |      0 |      0 |    0 |          0 |
|       (glen[39].core_i)                      |           uop_block_wrap__parameterized22__xdcDup__6 |          0 |          0 |       0 |    0 |   124 |      0 |      0 |    0 |          0 |
|       core                                   |                uop_block__parameterized22__xdcDup__6 |          2 |          2 |       0 |    0 |   118 |      0 |      0 |    0 |          0 |
|         (core)                               |                uop_block__parameterized22__xdcDup__6 |          1 |          1 |       0 |    0 |     0 |      0 |      0 |    0 |          0 |
|         g[0].g_normal.alu_i                  |             microop_unit__parameterized18__xdcDup__6 |          1 |          1 |       0 |    0 |   118 |      0 |      0 |    0 |          0 |
|           (g[0].g_normal.alu_i)              |             microop_unit__parameterized18__xdcDup__6 |          0 |          0 |       0 |    0 |    59 |      0 |      0 |    0 |          0 |
|           g_iadd.use_ip.int_addsub_i         |                                integer_addsub_HD2406 |          1 |          1 |       0 |    0 |    59 |      0 |      0 |    0 |          0 |
|             U0                               |               integer_addsubc_addsub_v12_0_14_HD2407 |          1 |          1 |       0 |    0 |    59 |      0 |      0 |    0 |          0 |
|               xst_addsub                     |           integer_addsubc_addsub_v12_0_14_viv_HD2408 |          1 |          1 |       0 |    0 |    59 |      0 |      0 |    0 |          0 |
|                 i_baseblox.i_baseblox_addsub |        integer_addsubc_addsub_v12_0_14_legacy_HD2409 |          1 |          1 |       0 |    0 |    59 |      0 |      0 |    0 |          0 |
|                   no_pipelining.the_addsub   | integer_addsubc_addsub_v12_0_14_fabric_legacy_HD2410 |          1 |          1 |       0 |    0 |    59 |      0 |      0 |    0 |          0 |
|                     i_lut6.i_lut6_addsub     |   integer_addsubc_addsub_v12_0_14_lut6_legacy_HD2411 |          1 |          1 |       0 |    0 |    59 |      0 |      0 |    0 |          0 |
|                       (i_lut6.i_lut6_addsub) |   integer_addsubc_addsub_v12_0_14_lut6_legacy_HD2411 |          1 |          1 |       0 |    0 |     0 |      0 |      0 |    0 |          0 |
|                       i_q.i_simple.qreg      |            integer_addsubc_reg_fd_v12_0_6_viv_HD2412 |          0 |          0 |       0 |    0 |    59 |      0 |      0 |    0 |          0 |
|     glen[3].core_i                           |                  uop_block_wrap__parameterized17__36 |          1 |          1 |       0 |    0 |   192 |      0 |      0 |    0 |          0 |
|       (glen[3].core_i)                       |                  uop_block_wrap__parameterized17__36 |          0 |          0 |       0 |    0 |    96 |      0 |      0 |    0 |          0 |
|       core                                   |                       uop_block__parameterized17__36 |          1 |          1 |       0 |    0 |    96 |      0 |      0 |    0 |          0 |
|         (core)                               |                       uop_block__parameterized17__36 |          1 |          1 |       0 |    0 |    32 |      0 |      0 |    0 |          0 |
|         g[0].g_normal.alu_i                  |                   microop_unit__parameterized14__144 |          0 |          0 |       0 |    0 |    32 |      0 |      0 |    0 |          0 |
|         g[1].g_normal.alu_i                  |                    microop_unit__parameterized15__54 |          0 |          0 |       0 |    0 |    32 |      0 |      0 |    0 |          0 |
|     glen[40].core_i                          |                  uop_block_wrap__parameterized21__15 |          1 |          1 |       0 |    0 |    80 |      0 |      0 |    0 |          0 |
|       (glen[40].core_i)                      |                  uop_block_wrap__parameterized21__15 |          0 |          0 |       0 |    0 |    40 |      0 |      0 |    0 |          0 |
|       core                                   |                       uop_block__parameterized21__15 |          1 |          1 |       0 |    0 |    40 |      0 |      0 |    0 |          0 |
|         (core)                               |                       uop_block__parameterized21__15 |          1 |          1 |       0 |    0 |     0 |      0 |      0 |    0 |          0 |
|         g[0].g_normal.alu_i                  |                    microop_unit__parameterized17__15 |          0 |          0 |       0 |    0 |     8 |      0 |      0 |    0 |          0 |
|         g[1].g_normal.alu_i                  |                    microop_unit__parameterized1__191 |          0 |          0 |       0 |    0 |    32 |      0 |      0 |    0 |          0 |
|     glen[41].core_i                          |           uop_block_wrap__parameterized22__xdcDup__7 |          2 |          2 |       0 |    0 |   242 |      0 |      0 |    0 |          0 |
|       (glen[41].core_i)                      |           uop_block_wrap__parameterized22__xdcDup__7 |          0 |          0 |       0 |    0 |   124 |      0 |      0 |    0 |          0 |
|       core                                   |                uop_block__parameterized22__xdcDup__7 |          2 |          2 |       0 |    0 |   118 |      0 |      0 |    0 |          0 |
|         (core)                               |                uop_block__parameterized22__xdcDup__7 |          1 |          1 |       0 |    0 |     0 |      0 |      0 |    0 |          0 |
|         g[0].g_normal.alu_i                  |             microop_unit__parameterized18__xdcDup__7 |          1 |          1 |       0 |    0 |   118 |      0 |      0 |    0 |          0 |
|           (g[0].g_normal.alu_i)              |             microop_unit__parameterized18__xdcDup__7 |          0 |          0 |       0 |    0 |    59 |      0 |      0 |    0 |          0 |
|           g_iadd.use_ip.int_addsub_i         |                                integer_addsub_HD2413 |          1 |          1 |       0 |    0 |    59 |      0 |      0 |    0 |          0 |
|             U0                               |               integer_addsubc_addsub_v12_0_14_HD2414 |          1 |          1 |       0 |    0 |    59 |      0 |      0 |    0 |          0 |
|               xst_addsub                     |           integer_addsubc_addsub_v12_0_14_viv_HD2415 |          1 |          1 |       0 |    0 |    59 |      0 |      0 |    0 |          0 |
|                 i_baseblox.i_baseblox_addsub |        integer_addsubc_addsub_v12_0_14_legacy_HD2416 |          1 |          1 |       0 |    0 |    59 |      0 |      0 |    0 |          0 |
|                   no_pipelining.the_addsub   | integer_addsubc_addsub_v12_0_14_fabric_legacy_HD2417 |          1 |          1 |       0 |    0 |    59 |      0 |      0 |    0 |          0 |
|                     i_lut6.i_lut6_addsub     |   integer_addsubc_addsub_v12_0_14_lut6_legacy_HD2418 |          1 |          1 |       0 |    0 |    59 |      0 |      0 |    0 |          0 |
|                       (i_lut6.i_lut6_addsub) |   integer_addsubc_addsub_v12_0_14_lut6_legacy_HD2418 |          1 |          1 |       0 |    0 |     0 |      0 |      0 |    0 |          0 |
|                       i_q.i_simple.qreg      |            integer_addsubc_reg_fd_v12_0_6_viv_HD2419 |          0 |          0 |       0 |    0 |    59 |      0 |      0 |    0 |          0 |
|     glen[42].core_i                          |                  uop_block_wrap__parameterized24__10 |          1 |          1 |       0 |    0 |    28 |      0 |      0 |    0 |          0 |
|       (glen[42].core_i)                      |                  uop_block_wrap__parameterized24__10 |          0 |          0 |       0 |    0 |    14 |      0 |      0 |    0 |          0 |
|       core                                   |                       uop_block__parameterized24__10 |          1 |          1 |       0 |    0 |    14 |      0 |      0 |    0 |          0 |
|         (core)                               |                       uop_block__parameterized24__10 |          1 |          1 |       0 |    0 |     0 |      0 |      0 |    0 |          0 |
|         g[0].g_normal.alu_i                  |                    microop_unit__parameterized2__105 |          0 |          0 |       0 |    0 |     7 |      0 |      0 |    0 |          0 |
|         g[1].g_normal.alu_i                  |                    microop_unit__parameterized2__104 |          0 |          0 |       0 |    0 |     7 |      0 |      0 |    0 |          0 |
|     glen[43].core_i                          |                  uop_block_wrap__parameterized17__51 |          1 |          1 |       0 |    0 |   192 |      0 |      0 |    0 |          0 |
|       (glen[43].core_i)                      |                  uop_block_wrap__parameterized17__51 |          0 |          0 |       0 |    0 |    96 |      0 |      0 |    0 |          0 |
|       core                                   |                       uop_block__parameterized17__51 |          1 |          1 |       0 |    0 |    96 |      0 |      0 |    0 |          0 |
|         (core)                               |                       uop_block__parameterized17__51 |          1 |          1 |       0 |    0 |    32 |      0 |      0 |    0 |          0 |
|         g[0].g_normal.alu_i                  |                   microop_unit__parameterized14__159 |          0 |          0 |       0 |    0 |    32 |      0 |      0 |    0 |          0 |
|         g[1].g_normal.alu_i                  |                    microop_unit__parameterized15__69 |          0 |          0 |       0 |    0 |    32 |      0 |      0 |    0 |          0 |
|     glen[44].core_i                          |                  uop_block_wrap__parameterized17__52 |          1 |          1 |       0 |    0 |   192 |      0 |      0 |    0 |          0 |
|       (glen[44].core_i)                      |                  uop_block_wrap__parameterized17__52 |          0 |          0 |       0 |    0 |    96 |      0 |      0 |    0 |          0 |
|       core                                   |                       uop_block__parameterized17__52 |          1 |          1 |       0 |    0 |    96 |      0 |      0 |    0 |          0 |
|         (core)                               |                       uop_block__parameterized17__52 |          1 |          1 |       0 |    0 |    32 |      0 |      0 |    0 |          0 |
|         g[0].g_normal.alu_i                  |                   microop_unit__parameterized14__160 |          0 |          0 |       0 |    0 |    32 |      0 |      0 |    0 |          0 |
|         g[1].g_normal.alu_i                  |                    microop_unit__parameterized15__70 |          0 |          0 |       0 |    0 |    32 |      0 |      0 |    0 |          0 |
|     glen[45].core_i                          |                  uop_block_wrap__parameterized17__53 |          1 |          1 |       0 |    0 |   192 |      0 |      0 |    0 |          0 |
|       (glen[45].core_i)                      |                  uop_block_wrap__parameterized17__53 |          0 |          0 |       0 |    0 |    96 |      0 |      0 |    0 |          0 |
|       core                                   |                       uop_block__parameterized17__53 |          1 |          1 |       0 |    0 |    96 |      0 |      0 |    0 |          0 |
|         (core)                               |                       uop_block__parameterized17__53 |          1 |          1 |       0 |    0 |    32 |      0 |      0 |    0 |          0 |
|         g[0].g_normal.alu_i                  |                   microop_unit__parameterized14__161 |          0 |          0 |       0 |    0 |    32 |      0 |      0 |    0 |          0 |
|         g[1].g_normal.alu_i                  |                    microop_unit__parameterized15__71 |          0 |          0 |       0 |    0 |    32 |      0 |      0 |    0 |          0 |
|     glen[46].core_i                          |                  uop_block_wrap__parameterized17__54 |          1 |          1 |       0 |    0 |   192 |      0 |      0 |    0 |          0 |
|       (glen[46].core_i)                      |                  uop_block_wrap__parameterized17__54 |          0 |          0 |       0 |    0 |    96 |      0 |      0 |    0 |          0 |
|       core                                   |                       uop_block__parameterized17__54 |          1 |          1 |       0 |    0 |    96 |      0 |      0 |    0 |          0 |
|         (core)                               |                       uop_block__parameterized17__54 |          1 |          1 |       0 |    0 |    32 |      0 |      0 |    0 |          0 |
|         g[0].g_normal.alu_i                  |                   microop_unit__parameterized14__162 |          0 |          0 |       0 |    0 |    32 |      0 |      0 |    0 |          0 |
|         g[1].g_normal.alu_i                  |                    microop_unit__parameterized15__72 |          0 |          0 |       0 |    0 |    32 |      0 |      0 |    0 |          0 |
|     glen[47].core_i                          |                  uop_block_wrap__parameterized17__55 |          1 |          1 |       0 |    0 |   192 |      0 |      0 |    0 |          0 |
|       (glen[47].core_i)                      |                  uop_block_wrap__parameterized17__55 |          0 |          0 |       0 |    0 |    96 |      0 |      0 |    0 |          0 |
|       core                                   |                       uop_block__parameterized17__55 |          1 |          1 |       0 |    0 |    96 |      0 |      0 |    0 |          0 |
|         (core)                               |                       uop_block__parameterized17__55 |          1 |          1 |       0 |    0 |    32 |      0 |      0 |    0 |          0 |
|         g[0].g_normal.alu_i                  |                   microop_unit__parameterized14__163 |          0 |          0 |       0 |    0 |    32 |      0 |      0 |    0 |          0 |
|         g[1].g_normal.alu_i                  |                    microop_unit__parameterized15__73 |          0 |          0 |       0 |    0 |    32 |      0 |      0 |    0 |          0 |
|     glen[48].core_i                          |                      uop_block_wrap__parameterized17 |          1 |          1 |       0 |    0 |   192 |      0 |      0 |    0 |          0 |
|       (glen[48].core_i)                      |                      uop_block_wrap__parameterized17 |          0 |          0 |       0 |    0 |    96 |      0 |      0 |    0 |          0 |
|       core                                   |                           uop_block__parameterized17 |          1 |          1 |       0 |    0 |    96 |      0 |      0 |    0 |          0 |
|         (core)                               |                           uop_block__parameterized17 |          1 |          1 |       0 |    0 |    32 |      0 |      0 |    0 |          0 |
|         g[0].g_normal.alu_i                  |                        microop_unit__parameterized14 |          0 |          0 |       0 |    0 |    32 |      0 |      0 |    0 |          0 |
|         g[1].g_normal.alu_i                  |                    microop_unit__parameterized15__50 |          0 |          0 |       0 |    0 |    32 |      0 |      0 |    0 |          0 |
|     glen[49].core_i                          |           uop_block_wrap__parameterized20__xdcDup__4 |          3 |          3 |       0 |    0 |   384 |      0 |      0 |    0 |          0 |
|       (glen[49].core_i)                      |           uop_block_wrap__parameterized20__xdcDup__4 |          0 |          0 |       0 |    0 |   128 |      0 |      0 |    0 |          0 |
|       core                                   |                uop_block__parameterized20__xdcDup__4 |          3 |          3 |       0 |    0 |   256 |      0 |      0 |    0 |          0 |
|         (core)                               |                uop_block__parameterized20__xdcDup__4 |          1 |          1 |       0 |    0 |    64 |      0 |      0 |    0 |          0 |
|         g[0].g_normal.alu_i                  |                     microop_unit__parameterized4__65 |          0 |          0 |       0 |    0 |    64 |      0 |      0 |    0 |          0 |
|         g[1].g_normal.alu_i                  |             microop_unit__parameterized11__xdcDup__8 |          2 |          2 |       0 |    0 |   128 |      0 |      0 |    0 |          0 |
|           (g[1].g_normal.alu_i)              |             microop_unit__parameterized11__xdcDup__8 |          0 |          0 |       0 |    0 |    64 |      0 |      0 |    0 |          0 |
|           g_iadd.use_ip.int_addsub_i         |                                integer_addsub_HD2420 |          2 |          2 |       0 |    0 |    64 |      0 |      0 |    0 |          0 |
|             U0                               |               integer_addsubc_addsub_v12_0_14_HD2421 |          2 |          2 |       0 |    0 |    64 |      0 |      0 |    0 |          0 |
|               xst_addsub                     |           integer_addsubc_addsub_v12_0_14_viv_HD2422 |          2 |          2 |       0 |    0 |    64 |      0 |      0 |    0 |          0 |
|                 i_baseblox.i_baseblox_addsub |        integer_addsubc_addsub_v12_0_14_legacy_HD2423 |          2 |          2 |       0 |    0 |    64 |      0 |      0 |    0 |          0 |
|                   no_pipelining.the_addsub   | integer_addsubc_addsub_v12_0_14_fabric_legacy_HD2424 |          2 |          2 |       0 |    0 |    64 |      0 |      0 |    0 |          0 |
|                     i_lut6.i_lut6_addsub     |   integer_addsubc_addsub_v12_0_14_lut6_legacy_HD2425 |          2 |          2 |       0 |    0 |    64 |      0 |      0 |    0 |          0 |
|                       (i_lut6.i_lut6_addsub) |   integer_addsubc_addsub_v12_0_14_lut6_legacy_HD2425 |          2 |          2 |       0 |    0 |     0 |      0 |      0 |    0 |          0 |
|                       i_q.i_simple.qreg      |            integer_addsubc_reg_fd_v12_0_6_viv_HD2426 |          0 |          0 |       0 |    0 |    64 |      0 |      0 |    0 |          0 |
|     glen[4].core_i                           |                   uop_block_wrap__parameterized18__5 |          1 |          1 |       0 |    0 |   128 |      0 |      0 |    0 |          0 |
|       (glen[4].core_i)                       |                   uop_block_wrap__parameterized18__5 |          0 |          0 |       0 |    0 |    64 |      0 |      0 |    0 |          0 |
|       core                                   |                        uop_block__parameterized18__5 |          1 |          1 |       0 |    0 |    64 |      0 |      0 |    0 |          0 |
|         (core)                               |                        uop_block__parameterized18__5 |          1 |          1 |       0 |    0 |     0 |      0 |      0 |    0 |          0 |
|         g[0].g_normal.alu_i                  |                    microop_unit__parameterized1__193 |          0 |          0 |       0 |    0 |    32 |      0 |      0 |    0 |          0 |
|         g[1].g_normal.alu_i                  |                     microop_unit__parameterized16__5 |          0 |          0 |       0 |    0 |    32 |      0 |      0 |    0 |          0 |
|     glen[50].core_i                          |                      uop_block_wrap__parameterized18 |          1 |          1 |       0 |    0 |   128 |      0 |      0 |    0 |          0 |
|       (glen[50].core_i)                      |                      uop_block_wrap__parameterized18 |          0 |          0 |       0 |    0 |    64 |      0 |      0 |    0 |          0 |
|       core                                   |                           uop_block__parameterized18 |          1 |          1 |       0 |    0 |    64 |      0 |      0 |    0 |          0 |
|         (core)                               |                           uop_block__parameterized18 |          1 |          1 |       0 |    0 |     0 |      0 |      0 |    0 |          0 |
|         g[0].g_normal.alu_i                  |                    microop_unit__parameterized1__196 |          0 |          0 |       0 |    0 |    32 |      0 |      0 |    0 |          0 |
|         g[1].g_normal.alu_i                  |                        microop_unit__parameterized16 |          0 |          0 |       0 |    0 |    32 |      0 |      0 |    0 |          0 |
|     glen[51].core_i                          |                      uop_block_wrap__parameterized19 |          1 |          1 |       0 |    0 |   192 |      0 |      0 |    0 |          0 |
|       (glen[51].core_i)                      |                      uop_block_wrap__parameterized19 |          0 |          0 |       0 |    0 |    96 |      0 |      0 |    0 |          0 |
|       core                                   |                           uop_block__parameterized19 |          1 |          1 |       0 |    0 |    96 |      0 |      0 |    0 |          0 |
|         (core)                               |                           uop_block__parameterized19 |          1 |          1 |       0 |    0 |    32 |      0 |      0 |    0 |          0 |
|         g[0].g_normal.alu_i                  |                   microop_unit__parameterized14__137 |          0 |          0 |       0 |    0 |    32 |      0 |      0 |    0 |          0 |
|         g[1].g_normal.alu_i                  |                         microop_unit__parameterized0 |          0 |          0 |       0 |    0 |    32 |      0 |      0 |    0 |          0 |
|     glen[52].core_i                          |                  uop_block_wrap__parameterized21__16 |          1 |          1 |       0 |    0 |    80 |      0 |      0 |    0 |          0 |
|       (glen[52].core_i)                      |                  uop_block_wrap__parameterized21__16 |          0 |          0 |       0 |    0 |    40 |      0 |      0 |    0 |          0 |
|       core                                   |                       uop_block__parameterized21__16 |          1 |          1 |       0 |    0 |    40 |      0 |      0 |    0 |          0 |
|         (core)                               |                       uop_block__parameterized21__16 |          1 |          1 |       0 |    0 |     0 |      0 |      0 |    0 |          0 |
|         g[0].g_normal.alu_i                  |                    microop_unit__parameterized17__16 |          0 |          0 |       0 |    0 |     8 |      0 |      0 |    0 |          0 |
|         g[1].g_normal.alu_i                  |                    microop_unit__parameterized1__192 |          0 |          0 |       0 |    0 |    32 |      0 |      0 |    0 |          0 |
|     glen[53].core_i                          |                      uop_block_wrap__parameterized23 |          1 |          1 |       0 |    0 |   256 |      0 |      0 |    0 |          0 |
|       (glen[53].core_i)                      |                      uop_block_wrap__parameterized23 |          0 |          0 |       0 |    0 |    96 |      0 |      0 |    0 |          0 |
|       core                                   |                           uop_block__parameterized23 |          1 |          1 |       0 |    0 |   160 |      0 |      0 |    0 |          0 |
|         (core)                               |                           uop_block__parameterized23 |          1 |          1 |       0 |    0 |     0 |      0 |      0 |    0 |          0 |
|         g[0].g_normal.alu_i                  |                    microop_unit__parameterized15__49 |          0 |          0 |       0 |    0 |    32 |      0 |      0 |    0 |          0 |
|         g[1].g_normal.alu_i                  |             microop_unit__parameterized11__xdcDup__9 |          0 |          0 |       0 |    0 |   128 |      0 |      0 |    0 |          0 |
|           (g[1].g_normal.alu_i)              |             microop_unit__parameterized11__xdcDup__9 |          0 |          0 |       0 |    0 |    64 |      0 |      0 |    0 |          0 |
|           g_iadd.use_ip.int_addsub_i         |                                integer_addsub_HD2427 |          0 |          0 |       0 |    0 |    64 |      0 |      0 |    0 |          0 |
|             U0                               |               integer_addsubc_addsub_v12_0_14_HD2428 |          0 |          0 |       0 |    0 |    64 |      0 |      0 |    0 |          0 |
|               xst_addsub                     |           integer_addsubc_addsub_v12_0_14_viv_HD2429 |          0 |          0 |       0 |    0 |    64 |      0 |      0 |    0 |          0 |
|                 i_baseblox.i_baseblox_addsub |        integer_addsubc_addsub_v12_0_14_legacy_HD2430 |          0 |          0 |       0 |    0 |    64 |      0 |      0 |    0 |          0 |
|                   no_pipelining.the_addsub   | integer_addsubc_addsub_v12_0_14_fabric_legacy_HD2431 |          0 |          0 |       0 |    0 |    64 |      0 |      0 |    0 |          0 |
|                     i_lut6.i_lut6_addsub     |   integer_addsubc_addsub_v12_0_14_lut6_legacy_HD2432 |          0 |          0 |       0 |    0 |    64 |      0 |      0 |    0 |          0 |
|                       (i_lut6.i_lut6_addsub) |   integer_addsubc_addsub_v12_0_14_lut6_legacy_HD2432 |          0 |          0 |       0 |    0 |     0 |      0 |      0 |    0 |          0 |
|                       i_q.i_simple.qreg      |            integer_addsubc_reg_fd_v12_0_6_viv_HD2433 |          0 |          0 |       0 |    0 |    64 |      0 |      0 |    0 |          0 |
|     glen[54].core_i                          |                  uop_block_wrap__parameterized21__17 |          1 |          1 |       0 |    0 |    80 |      0 |      0 |    0 |          0 |
|       (glen[54].core_i)                      |                  uop_block_wrap__parameterized21__17 |          0 |          0 |       0 |    0 |    40 |      0 |      0 |    0 |          0 |
|       core                                   |                       uop_block__parameterized21__17 |          1 |          1 |       0 |    0 |    40 |      0 |      0 |    0 |          0 |
|         (core)                               |                       uop_block__parameterized21__17 |          1 |          1 |       0 |    0 |     0 |      0 |      0 |    0 |          0 |
|         g[0].g_normal.alu_i                  |                    microop_unit__parameterized17__17 |          0 |          0 |       0 |    0 |     8 |      0 |      0 |    0 |          0 |
|         g[1].g_normal.alu_i                  |                    microop_unit__parameterized1__186 |          0 |          0 |       0 |    0 |    32 |      0 |      0 |    0 |          0 |
|     glen[55].core_i                          |           uop_block_wrap__parameterized22__xdcDup__8 |          2 |          2 |       0 |    0 |   242 |      0 |      0 |    0 |          0 |
|       (glen[55].core_i)                      |           uop_block_wrap__parameterized22__xdcDup__8 |          0 |          0 |       0 |    0 |   124 |      0 |      0 |    0 |          0 |
|       core                                   |                uop_block__parameterized22__xdcDup__8 |          2 |          2 |       0 |    0 |   118 |      0 |      0 |    0 |          0 |
|         (core)                               |                uop_block__parameterized22__xdcDup__8 |          1 |          1 |       0 |    0 |     0 |      0 |      0 |    0 |          0 |
|         g[0].g_normal.alu_i                  |             microop_unit__parameterized18__xdcDup__8 |          1 |          1 |       0 |    0 |   118 |      0 |      0 |    0 |          0 |
|           (g[0].g_normal.alu_i)              |             microop_unit__parameterized18__xdcDup__8 |          0 |          0 |       0 |    0 |    59 |      0 |      0 |    0 |          0 |
|           g_iadd.use_ip.int_addsub_i         |                                integer_addsub_HD2434 |          1 |          1 |       0 |    0 |    59 |      0 |      0 |    0 |          0 |
|             U0                               |               integer_addsubc_addsub_v12_0_14_HD2435 |          1 |          1 |       0 |    0 |    59 |      0 |      0 |    0 |          0 |
|               xst_addsub                     |           integer_addsubc_addsub_v12_0_14_viv_HD2436 |          1 |          1 |       0 |    0 |    59 |      0 |      0 |    0 |          0 |
|                 i_baseblox.i_baseblox_addsub |        integer_addsubc_addsub_v12_0_14_legacy_HD2437 |          1 |          1 |       0 |    0 |    59 |      0 |      0 |    0 |          0 |
|                   no_pipelining.the_addsub   | integer_addsubc_addsub_v12_0_14_fabric_legacy_HD2438 |          1 |          1 |       0 |    0 |    59 |      0 |      0 |    0 |          0 |
|                     i_lut6.i_lut6_addsub     |   integer_addsubc_addsub_v12_0_14_lut6_legacy_HD2439 |          1 |          1 |       0 |    0 |    59 |      0 |      0 |    0 |          0 |
|                       (i_lut6.i_lut6_addsub) |   integer_addsubc_addsub_v12_0_14_lut6_legacy_HD2439 |          1 |          1 |       0 |    0 |     0 |      0 |      0 |    0 |          0 |
|                       i_q.i_simple.qreg      |            integer_addsubc_reg_fd_v12_0_6_viv_HD2440 |          0 |          0 |       0 |    0 |    59 |      0 |      0 |    0 |          0 |
|     glen[56].core_i                          |                      uop_block_wrap__parameterized24 |          1 |          1 |       0 |    0 |    28 |      0 |      0 |    0 |          0 |
|       (glen[56].core_i)                      |                      uop_block_wrap__parameterized24 |          0 |          0 |       0 |    0 |    14 |      0 |      0 |    0 |          0 |
|       core                                   |                           uop_block__parameterized24 |          1 |          1 |       0 |    0 |    14 |      0 |      0 |    0 |          0 |
|         (core)                               |                           uop_block__parameterized24 |          1 |          1 |       0 |    0 |     0 |      0 |      0 |    0 |          0 |
|         g[0].g_normal.alu_i                  |                     microop_unit__parameterized2__99 |          0 |          0 |       0 |    0 |     7 |      0 |      0 |    0 |          0 |
|         g[1].g_normal.alu_i                  |                    microop_unit__parameterized2__106 |          0 |          0 |       0 |    0 |     7 |      0 |      0 |    0 |          0 |
|     glen[5].core_i                           |                  uop_block_wrap__parameterized19__11 |          1 |          1 |       0 |    0 |   192 |      0 |      0 |    0 |          0 |
|       (glen[5].core_i)                       |                  uop_block_wrap__parameterized19__11 |          0 |          0 |       0 |    0 |    96 |      0 |      0 |    0 |          0 |
|       core                                   |                       uop_block__parameterized19__11 |          1 |          1 |       0 |    0 |    96 |      0 |      0 |    0 |          0 |
|         (core)                               |                       uop_block__parameterized19__11 |          1 |          1 |       0 |    0 |    32 |      0 |      0 |    0 |          0 |
|         g[0].g_normal.alu_i                  |                   microop_unit__parameterized14__138 |          0 |          0 |       0 |    0 |    32 |      0 |      0 |    0 |          0 |
|         g[1].g_normal.alu_i                  |                     microop_unit__parameterized0__57 |          0 |          0 |       0 |    0 |    32 |      0 |      0 |    0 |          0 |
|     glen[6].core_i                           |                  uop_block_wrap__parameterized17__37 |          1 |          1 |       0 |    0 |   192 |      0 |      0 |    0 |          0 |
|       (glen[6].core_i)                       |                  uop_block_wrap__parameterized17__37 |          0 |          0 |       0 |    0 |    96 |      0 |      0 |    0 |          0 |
|       core                                   |                       uop_block__parameterized17__37 |          1 |          1 |       0 |    0 |    96 |      0 |      0 |    0 |          0 |
|         (core)                               |                       uop_block__parameterized17__37 |          1 |          1 |       0 |    0 |    32 |      0 |      0 |    0 |          0 |
|         g[0].g_normal.alu_i                  |                   microop_unit__parameterized14__145 |          0 |          0 |       0 |    0 |    32 |      0 |      0 |    0 |          0 |
|         g[1].g_normal.alu_i                  |                    microop_unit__parameterized15__55 |          0 |          0 |       0 |    0 |    32 |      0 |      0 |    0 |          0 |
|     glen[7].core_i                           |                  uop_block_wrap__parameterized17__38 |          1 |          1 |       0 |    0 |   192 |      0 |      0 |    0 |          0 |
|       (glen[7].core_i)                       |                  uop_block_wrap__parameterized17__38 |          0 |          0 |       0 |    0 |    96 |      0 |      0 |    0 |          0 |
|       core                                   |                       uop_block__parameterized17__38 |          1 |          1 |       0 |    0 |    96 |      0 |      0 |    0 |          0 |
|         (core)                               |                       uop_block__parameterized17__38 |          1 |          1 |       0 |    0 |    32 |      0 |      0 |    0 |          0 |
|         g[0].g_normal.alu_i                  |                   microop_unit__parameterized14__146 |          0 |          0 |       0 |    0 |    32 |      0 |      0 |    0 |          0 |
|         g[1].g_normal.alu_i                  |                    microop_unit__parameterized15__56 |          0 |          0 |       0 |    0 |    32 |      0 |      0 |    0 |          0 |
|     glen[8].core_i                           |           uop_block_wrap__parameterized20__xdcDup__1 |          3 |          3 |       0 |    0 |   384 |      0 |      0 |    0 |          0 |
|       (glen[8].core_i)                       |           uop_block_wrap__parameterized20__xdcDup__1 |          0 |          0 |       0 |    0 |   128 |      0 |      0 |    0 |          0 |
|       core                                   |                uop_block__parameterized20__xdcDup__1 |          3 |          3 |       0 |    0 |   256 |      0 |      0 |    0 |          0 |
|         (core)                               |                uop_block__parameterized20__xdcDup__1 |          1 |          1 |       0 |    0 |    64 |      0 |      0 |    0 |          0 |
|         g[0].g_normal.alu_i                  |                     microop_unit__parameterized4__68 |          0 |          0 |       0 |    0 |    64 |      0 |      0 |    0 |          0 |
|         g[1].g_normal.alu_i                  |             microop_unit__parameterized11__xdcDup__4 |          2 |          2 |       0 |    0 |   128 |      0 |      0 |    0 |          0 |
|           (g[1].g_normal.alu_i)              |             microop_unit__parameterized11__xdcDup__4 |          0 |          0 |       0 |    0 |    64 |      0 |      0 |    0 |          0 |
|           g_iadd.use_ip.int_addsub_i         |                                integer_addsub_HD2343 |          2 |          2 |       0 |    0 |    64 |      0 |      0 |    0 |          0 |
|             U0                               |               integer_addsubc_addsub_v12_0_14_HD2344 |          2 |          2 |       0 |    0 |    64 |      0 |      0 |    0 |          0 |
|               xst_addsub                     |           integer_addsubc_addsub_v12_0_14_viv_HD2345 |          2 |          2 |       0 |    0 |    64 |      0 |      0 |    0 |          0 |
|                 i_baseblox.i_baseblox_addsub |        integer_addsubc_addsub_v12_0_14_legacy_HD2346 |          2 |          2 |       0 |    0 |    64 |      0 |      0 |    0 |          0 |
|                   no_pipelining.the_addsub   | integer_addsubc_addsub_v12_0_14_fabric_legacy_HD2347 |          2 |          2 |       0 |    0 |    64 |      0 |      0 |    0 |          0 |
|                     i_lut6.i_lut6_addsub     |   integer_addsubc_addsub_v12_0_14_lut6_legacy_HD2348 |          2 |          2 |       0 |    0 |    64 |      0 |      0 |    0 |          0 |
|                       (i_lut6.i_lut6_addsub) |   integer_addsubc_addsub_v12_0_14_lut6_legacy_HD2348 |          2 |          2 |       0 |    0 |     0 |      0 |      0 |    0 |          0 |
|                       i_q.i_simple.qreg      |            integer_addsubc_reg_fd_v12_0_6_viv_HD2349 |          0 |          0 |       0 |    0 |    64 |      0 |      0 |    0 |          0 |
|     glen[9].core_i                           |                  uop_block_wrap__parameterized21__11 |          1 |          1 |       0 |    0 |    80 |      0 |      0 |    0 |          0 |
|       (glen[9].core_i)                       |                  uop_block_wrap__parameterized21__11 |          0 |          0 |       0 |    0 |    40 |      0 |      0 |    0 |          0 |
|       core                                   |                       uop_block__parameterized21__11 |          1 |          1 |       0 |    0 |    40 |      0 |      0 |    0 |          0 |
|         (core)                               |                       uop_block__parameterized21__11 |          1 |          1 |       0 |    0 |     0 |      0 |      0 |    0 |          0 |
|         g[0].g_normal.alu_i                  |                    microop_unit__parameterized17__11 |          0 |          0 |       0 |    0 |     8 |      0 |      0 |    0 |          0 |
|         g[1].g_normal.alu_i                  |                    microop_unit__parameterized1__187 |          0 |          0 |       0 |    0 |    32 |      0 |      0 |    0 |          0 |
+----------------------------------------------+------------------------------------------------------+------------+------------+---------+------+-------+--------+--------+------+------------+
* Note: The sum of lower-level cells may be larger than their parent cells total, due to cross-hierarchy LUT combining


