Copyright 1986-2020 Xilinx, Inc. All Rights Reserved.
---------------------------------------------------------------------------------------------------------------------------------------------------------------------------------------------------------------
| Tool Version : Vivado v.2020.1 (lin64) Build 2902540 Wed May 27 19:54:35 MDT 2020
| Date         : Thu Sep 18 19:17:37 2025
| Host         : orthanc running 64-bit Ubuntu 22.04.4 LTS
| Command      : report_utilization -hierarchical -cells [get_cells -quiet -of_objects pblock_u_621_wrf_s] -file /home/jyoo/custom_v_2/custom-core-tool/reports/multi/pblocks/pblock_u_621_wrf_s_util_hier.rpt
| Design       : top_multi_bench
| Device       : xcu200fsgd2104-2
| Design State : Routed
---------------------------------------------------------------------------------------------------------------------------------------------------------------------------------------------------------------

Utilization Design Information

Table of Contents
-----------------
1. Utilization by Hierarchy

1. Utilization by Hierarchy
---------------------------

+----------------------------------------------+------------------------------------------------------+------------+------------+---------+------+-----+--------+--------+------+------------+
|                   Instance                   |                        Module                        | Total LUTs | Logic LUTs | LUTRAMs | SRLs | FFs | RAMB36 | RAMB18 | URAM | DSP Blocks |
+----------------------------------------------+------------------------------------------------------+------------+------------+---------+------+-----+--------+--------+------+------------+
| u_621_wrf_s                                  |                                bench_core__621_wrf_s |          1 |          1 |       0 |    0 | 320 |      0 |      0 |    0 |          0 |
|   u_621_wrf_s                                |                                bench_core__621_wrf_s |          1 |          1 |       0 |    0 | 320 |      0 |      0 |    0 |          0 |
|     glen[0].core_i                           |           uop_block_wrap__parameterized48__xdcDup__6 |          1 |          1 |       0 |    0 | 320 |      0 |      0 |    0 |          0 |
|       (glen[0].core_i)                       |           uop_block_wrap__parameterized48__xdcDup__6 |          0 |          0 |       0 |    0 | 128 |      0 |      0 |    0 |          0 |
|       core                                   |                uop_block__parameterized48__xdcDup__6 |          1 |          1 |       0 |    0 | 192 |      0 |      0 |    0 |          0 |
|         (core)                               |                uop_block__parameterized48__xdcDup__6 |          1 |          1 |       0 |    0 |   0 |      0 |      0 |    0 |          0 |
|         g[0].g_normal.alu_i                  |                    microop_unit__parameterized5__110 |          0 |          0 |       0 |    0 |  64 |      0 |      0 |    0 |          0 |
|         g[1].g_normal.alu_i                  |            microop_unit__parameterized11__xdcDup__54 |          0 |          0 |       0 |    0 | 128 |      0 |      0 |    0 |          0 |
|           (g[1].g_normal.alu_i)              |            microop_unit__parameterized11__xdcDup__54 |          0 |          0 |       0 |    0 |  64 |      0 |      0 |    0 |          0 |
|           g_iadd.use_ip.int_addsub_i         |                                integer_addsub_HD2826 |          0 |          0 |       0 |    0 |  64 |      0 |      0 |    0 |          0 |
|             U0                               |               integer_addsubc_addsub_v12_0_14_HD2827 |          0 |          0 |       0 |    0 |  64 |      0 |      0 |    0 |          0 |
|               xst_addsub                     |           integer_addsubc_addsub_v12_0_14_viv_HD2828 |          0 |          0 |       0 |    0 |  64 |      0 |      0 |    0 |          0 |
|                 i_baseblox.i_baseblox_addsub |        integer_addsubc_addsub_v12_0_14_legacy_HD2829 |          0 |          0 |       0 |    0 |  64 |      0 |      0 |    0 |          0 |
|                   no_pipelining.the_addsub   | integer_addsubc_addsub_v12_0_14_fabric_legacy_HD2830 |          0 |          0 |       0 |    0 |  64 |      0 |      0 |    0 |          0 |
|                     i_lut6.i_lut6_addsub     |   integer_addsubc_addsub_v12_0_14_lut6_legacy_HD2831 |          0 |          0 |       0 |    0 |  64 |      0 |      0 |    0 |          0 |
|                       (i_lut6.i_lut6_addsub) |   integer_addsubc_addsub_v12_0_14_lut6_legacy_HD2831 |          0 |          0 |       0 |    0 |   0 |      0 |      0 |    0 |          0 |
|                       i_q.i_simple.qreg      |            integer_addsubc_reg_fd_v12_0_6_viv_HD2832 |          0 |          0 |       0 |    0 |  64 |      0 |      0 |    0 |          0 |
+----------------------------------------------+------------------------------------------------------+------------+------------+---------+------+-----+--------+--------+------+------------+
* Note: The sum of lower-level cells may be larger than their parent cells total, due to cross-hierarchy LUT combining


