Copyright 1986-2020 Xilinx, Inc. All Rights Reserved.
---------------------------------------------------------------------------------------------------------------------------------------------------------------------------------------------------------------
| Tool Version : Vivado v.2020.1 (lin64) Build 2902540 Wed May 27 19:54:35 MDT 2020
| Date         : Thu Sep 18 19:18:16 2025
| Host         : orthanc running 64-bit Ubuntu 22.04.4 LTS
| Command      : report_utilization -hierarchical -cells [get_cells -quiet -of_objects pblock_u_644_nab_s] -file /home/jyoo/custom_v_2/custom-core-tool/reports/multi/pblocks/pblock_u_644_nab_s_util_hier.rpt
| Design       : top_multi_bench
| Device       : xcu200fsgd2104-2
| Design State : Routed
---------------------------------------------------------------------------------------------------------------------------------------------------------------------------------------------------------------

Utilization Design Information

Table of Contents
-----------------
1. Utilization by Hierarchy

1. Utilization by Hierarchy
---------------------------

+-----------------------------+------------------------------------+------------+------------+---------+------+-----+--------+--------+------+------------+
|           Instance          |               Module               | Total LUTs | Logic LUTs | LUTRAMs | SRLs | FFs | RAMB36 | RAMB18 | URAM | DSP Blocks |
+-----------------------------+------------------------------------+------------+------------+---------+------+-----+--------+--------+------+------------+
| u_644_nab_s                 |              bench_core__644_nab_s |         87 |         87 |       0 |    0 | 785 |      0 |      0 |    0 |          3 |
|   u_644_nab_s               |              bench_core__644_nab_s |         87 |         87 |       0 |    0 | 785 |      0 |      0 |    0 |          3 |
|     (u_644_nab_s)           |              bench_core__644_nab_s |         64 |         64 |       0 |    0 |   0 |      0 |      0 |    0 |          0 |
|     glen[0].core_i          | uop_block_wrap__parameterized94__1 |          2 |          2 |       0 |    0 | 160 |      0 |      0 |    0 |          0 |
|       (glen[0].core_i)      | uop_block_wrap__parameterized94__1 |          0 |          0 |       0 |    0 |  96 |      0 |      0 |    0 |          0 |
|       core                  |      uop_block__parameterized94__1 |          2 |          2 |       0 |    0 |  64 |      0 |      0 |    0 |          0 |
|         (core)              |      uop_block__parameterized94__1 |          1 |          1 |       0 |    0 |   0 |      0 |      0 |    0 |          0 |
|         g[0].g_normal.alu_i |   microop_unit__parameterized20__1 |          1 |          1 |       0 |    0 |  32 |      0 |      0 |    0 |          0 |
|         g[1].g_normal.alu_i |   microop_unit__parameterized0__40 |          0 |          0 |       0 |    0 |  32 |      0 |      0 |    0 |          0 |
|     glen[1].core_i          | uop_block_wrap__parameterized95__1 |         16 |         16 |       0 |    0 | 113 |      0 |      0 |    0 |          3 |
|       (glen[1].core_i)      | uop_block_wrap__parameterized95__1 |          0 |          0 |       0 |    0 |  64 |      0 |      0 |    0 |          0 |
|       core                  |      uop_block__parameterized95__1 |         16 |         16 |       0 |    0 |  49 |      0 |      0 |    0 |          3 |
|         (core)              |      uop_block__parameterized95__1 |          1 |          1 |       0 |    0 |   0 |      0 |      0 |    0 |          0 |
|         g[0].g_normal.alu_i |  microop_unit__parameterized1__138 |          0 |          0 |       0 |    0 |  32 |      0 |      0 |    0 |          0 |
|         g[1].g_normal.alu_i |  microop_unit__parameterized22__17 |         15 |         15 |       0 |    0 |  17 |      0 |      0 |    0 |          3 |
|     glen[2].core_i          | uop_block_wrap__parameterized94__2 |          2 |          2 |       0 |    0 | 160 |      0 |      0 |    0 |          0 |
|       (glen[2].core_i)      | uop_block_wrap__parameterized94__2 |          0 |          0 |       0 |    0 |  96 |      0 |      0 |    0 |          0 |
|       core                  |      uop_block__parameterized94__2 |          2 |          2 |       0 |    0 |  64 |      0 |      0 |    0 |          0 |
|         (core)              |      uop_block__parameterized94__2 |          1 |          1 |       0 |    0 |   0 |      0 |      0 |    0 |          0 |
|         g[0].g_normal.alu_i |   microop_unit__parameterized20__2 |          1 |          1 |       0 |    0 |  32 |      0 |      0 |    0 |          0 |
|         g[1].g_normal.alu_i |   microop_unit__parameterized0__41 |          0 |          0 |       0 |    0 |  32 |      0 |      0 |    0 |          0 |
|     glen[3].core_i          | uop_block_wrap__parameterized96__1 |          1 |          1 |       0 |    0 | 192 |      0 |      0 |    0 |          0 |
|       (glen[3].core_i)      | uop_block_wrap__parameterized96__1 |          0 |          0 |       0 |    0 |  96 |      0 |      0 |    0 |          0 |
|       core                  |      uop_block__parameterized96__1 |          1 |          1 |       0 |    0 |  96 |      0 |      0 |    0 |          0 |
|         (core)              |      uop_block__parameterized96__1 |          1 |          1 |       0 |    0 |   0 |      0 |      0 |    0 |          0 |
|         g[0].g_normal.alu_i |   microop_unit__parameterized0__45 |          0 |          0 |       0 |    0 |  32 |      0 |      0 |    0 |          0 |
|         g[1].g_normal.alu_i |  microop_unit__parameterized5__131 |          0 |          0 |       0 |    0 |  64 |      0 |      0 |    0 |          0 |
|     glen[4].core_i          | uop_block_wrap__parameterized94__3 |          2 |          2 |       0 |    0 | 160 |      0 |      0 |    0 |          0 |
|       (glen[4].core_i)      | uop_block_wrap__parameterized94__3 |          0 |          0 |       0 |    0 |  96 |      0 |      0 |    0 |          0 |
|       core                  |      uop_block__parameterized94__3 |          2 |          2 |       0 |    0 |  64 |      0 |      0 |    0 |          0 |
|         (core)              |      uop_block__parameterized94__3 |          1 |          1 |       0 |    0 |   0 |      0 |      0 |    0 |          0 |
|         g[0].g_normal.alu_i |   microop_unit__parameterized20__3 |          1 |          1 |       0 |    0 |  32 |      0 |      0 |    0 |          0 |
|         g[1].g_normal.alu_i |   microop_unit__parameterized0__42 |          0 |          0 |       0 |    0 |  32 |      0 |      0 |    0 |          0 |
+-----------------------------+------------------------------------+------------+------------+---------+------+-----+--------+--------+------+------------+
* Note: The sum of lower-level cells may be larger than their parent cells total, due to cross-hierarchy LUT combining


