Copyright 1986-2020 Xilinx, Inc. All Rights Reserved.
---------------------------------------------------------------------------------------------------------------------------------------------------------------------------------------------------------------------
| Tool Version : Vivado v.2020.1 (lin64) Build 2902540 Wed May 27 19:54:35 MDT 2020
| Date         : Thu Sep 18 19:15:01 2025
| Host         : orthanc running 64-bit Ubuntu 22.04.4 LTS
| Command      : report_utilization -hierarchical -cells [get_cells -quiet -of_objects pblock_u_510_parest_r] -file /home/jyoo/custom_v_2/custom-core-tool/reports/multi/pblocks/pblock_u_510_parest_r_util_hier.rpt
| Design       : top_multi_bench
| Device       : xcu200fsgd2104-2
| Design State : Routed
---------------------------------------------------------------------------------------------------------------------------------------------------------------------------------------------------------------------

Utilization Design Information

Table of Contents
-----------------
1. Utilization by Hierarchy

1. Utilization by Hierarchy
---------------------------

+----------------------------------------------+------------------------------------------------------+------------+------------+---------+------+------+--------+--------+------+------------+
|                   Instance                   |                        Module                        | Total LUTs | Logic LUTs | LUTRAMs | SRLs |  FFs | RAMB36 | RAMB18 | URAM | DSP Blocks |
+----------------------------------------------+------------------------------------------------------+------------+------------+---------+------+------+--------+--------+------+------------+
| u_510_parest_r                               |                             bench_core__510_parest_r |        419 |        419 |       0 |    0 | 2512 |      0 |      0 |    0 |          6 |
|   u_510_parest_r                             |                             bench_core__510_parest_r |        419 |        419 |       0 |    0 | 2512 |      0 |      0 |    0 |          6 |
|     (u_510_parest_r)                         |                             bench_core__510_parest_r |         95 |         95 |       0 |    0 |    0 |      0 |      0 |    0 |          0 |
|     glen[0].core_i                           |                   uop_block_wrap__parameterized34__1 |         28 |         28 |       0 |    0 |  120 |      0 |      0 |    0 |          0 |
|       (glen[0].core_i)                       |                   uop_block_wrap__parameterized34__1 |          0 |          0 |       0 |    0 |   60 |      0 |      0 |    0 |          0 |
|       core                                   |                        uop_block__parameterized34__1 |         28 |         28 |       0 |    0 |   60 |      0 |      0 |    0 |          0 |
|         (core)                               |                        uop_block__parameterized34__1 |          1 |          1 |       0 |    0 |    0 |      0 |      0 |    0 |          0 |
|         g[0].g_normal.alu_i                  |                    microop_unit__parameterized1__183 |          0 |          0 |       0 |    0 |   28 |      0 |      0 |    0 |          0 |
|         g[2].g_normal.alu_i                  |                    microop_unit__parameterized21__22 |         27 |         27 |       0 |    0 |   32 |      0 |      0 |    0 |          0 |
|     glen[10].core_i                          |                      uop_block_wrap__parameterized43 |         65 |         65 |       0 |    0 |  500 |      0 |      0 |    0 |          0 |
|       (glen[10].core_i)                      |                      uop_block_wrap__parameterized43 |          0 |          0 |       0 |    0 |  125 |      0 |      0 |    0 |          0 |
|       core                                   |                           uop_block__parameterized43 |         65 |         65 |       0 |    0 |  375 |      0 |      0 |    0 |          0 |
|         (core)                               |                           uop_block__parameterized43 |          1 |          1 |       0 |    0 |   61 |      0 |      0 |    0 |          0 |
|         g[0].g_normal.alu_i                  |                    microop_unit__parameterized5__145 |          0 |          0 |       0 |    0 |   64 |      0 |      0 |    0 |          0 |
|         g[1].g_normal.alu_i                  |              microop_unit__parameterized7__xdcDup__6 |         64 |         64 |       0 |    0 |  128 |      0 |      0 |    0 |          0 |
|           (g[1].g_normal.alu_i)              |              microop_unit__parameterized7__xdcDup__6 |          0 |          0 |       0 |    0 |   64 |      0 |      0 |    0 |          0 |
|           g_iadd.use_ip.int_addsub_i         |                                integer_addsub_HD3078 |         64 |         64 |       0 |    0 |   64 |      0 |      0 |    0 |          0 |
|             U0                               |               integer_addsubc_addsub_v12_0_14_HD3079 |         64 |         64 |       0 |    0 |   64 |      0 |      0 |    0 |          0 |
|               xst_addsub                     |           integer_addsubc_addsub_v12_0_14_viv_HD3080 |         64 |         64 |       0 |    0 |   64 |      0 |      0 |    0 |          0 |
|                 i_baseblox.i_baseblox_addsub |        integer_addsubc_addsub_v12_0_14_legacy_HD3081 |         64 |         64 |       0 |    0 |   64 |      0 |      0 |    0 |          0 |
|                   no_pipelining.the_addsub   | integer_addsubc_addsub_v12_0_14_fabric_legacy_HD3082 |         64 |         64 |       0 |    0 |   64 |      0 |      0 |    0 |          0 |
|                     i_lut6.i_lut6_addsub     |   integer_addsubc_addsub_v12_0_14_lut6_legacy_HD3083 |         64 |         64 |       0 |    0 |   64 |      0 |      0 |    0 |          0 |
|                       (i_lut6.i_lut6_addsub) |   integer_addsubc_addsub_v12_0_14_lut6_legacy_HD3083 |         64 |         64 |       0 |    0 |    0 |      0 |      0 |    0 |          0 |
|                       i_q.i_simple.qreg      |            integer_addsubc_reg_fd_v12_0_6_viv_HD3084 |          0 |          0 |       0 |    0 |   64 |      0 |      0 |    0 |          0 |
|         g[2].g_normal.alu_i                  |            microop_unit__parameterized11__xdcDup__16 |          0 |          0 |       0 |    0 |  122 |      0 |      0 |    0 |          0 |
|           (g[2].g_normal.alu_i)              |            microop_unit__parameterized11__xdcDup__16 |          0 |          0 |       0 |    0 |   61 |      0 |      0 |    0 |          0 |
|           g_iadd.use_ip.int_addsub_i         |                                integer_addsub_HD3085 |          0 |          0 |       0 |    0 |   61 |      0 |      0 |    0 |          0 |
|             U0                               |               integer_addsubc_addsub_v12_0_14_HD3086 |          0 |          0 |       0 |    0 |   61 |      0 |      0 |    0 |          0 |
|               xst_addsub                     |           integer_addsubc_addsub_v12_0_14_viv_HD3087 |          0 |          0 |       0 |    0 |   61 |      0 |      0 |    0 |          0 |
|                 i_baseblox.i_baseblox_addsub |        integer_addsubc_addsub_v12_0_14_legacy_HD3088 |          0 |          0 |       0 |    0 |   61 |      0 |      0 |    0 |          0 |
|                   no_pipelining.the_addsub   | integer_addsubc_addsub_v12_0_14_fabric_legacy_HD3089 |          0 |          0 |       0 |    0 |   61 |      0 |      0 |    0 |          0 |
|                     i_lut6.i_lut6_addsub     |   integer_addsubc_addsub_v12_0_14_lut6_legacy_HD3090 |          0 |          0 |       0 |    0 |   61 |      0 |      0 |    0 |          0 |
|                       (i_lut6.i_lut6_addsub) |   integer_addsubc_addsub_v12_0_14_lut6_legacy_HD3090 |          0 |          0 |       0 |    0 |    0 |      0 |      0 |    0 |          0 |
|                       i_q.i_simple.qreg      |            integer_addsubc_reg_fd_v12_0_6_viv_HD3091 |          0 |          0 |       0 |    0 |   61 |      0 |      0 |    0 |          0 |
|     glen[1].core_i                           |                   uop_block_wrap__parameterized35__1 |          1 |          1 |       0 |    0 |  117 |      0 |      0 |    0 |          0 |
|       (glen[1].core_i)                       |                   uop_block_wrap__parameterized35__1 |          0 |          0 |       0 |    0 |   59 |      0 |      0 |    0 |          0 |
|       core                                   |                        uop_block__parameterized35__1 |          1 |          1 |       0 |    0 |   58 |      0 |      0 |    0 |          0 |
|         (core)                               |                        uop_block__parameterized35__1 |          1 |          1 |       0 |    0 |    0 |      0 |      0 |    0 |          0 |
|         g[0].g_normal.alu_i                  |                    microop_unit__parameterized5__160 |          0 |          0 |       0 |    0 |   29 |      0 |      0 |    0 |          0 |
|         g[1].g_normal.alu_i                  |                     microop_unit__parameterized6__18 |          0 |          0 |       0 |    0 |   29 |      0 |      0 |    0 |          0 |
|     glen[2].core_i                           |                      uop_block_wrap__parameterized36 |         16 |         16 |       0 |    0 |  177 |      0 |      0 |    0 |          3 |
|       (glen[2].core_i)                       |                      uop_block_wrap__parameterized36 |          0 |          0 |       0 |    0 |   64 |      0 |      0 |    0 |          0 |
|       core                                   |                           uop_block__parameterized36 |         16 |         16 |       0 |    0 |  113 |      0 |      0 |    0 |          3 |
|         (core)                               |                           uop_block__parameterized36 |          1 |          1 |       0 |    0 |   32 |      0 |      0 |    0 |          0 |
|         g[0].g_normal.alu_i                  |                        microop_unit__parameterized22 |         15 |         15 |       0 |    0 |   17 |      0 |      0 |    0 |          3 |
|         g[1].g_normal.alu_i                  |                    microop_unit__parameterized12__13 |          0 |          0 |       0 |    0 |   32 |      0 |      0 |    0 |          0 |
|         g[2].g_normal.alu_i                  |                    microop_unit__parameterized1__176 |          0 |          0 |       0 |    0 |   32 |      0 |      0 |    0 |          0 |
|     glen[3].core_i                           |                      uop_block_wrap__parameterized37 |         16 |         16 |       0 |    0 |  209 |      0 |      0 |    0 |          3 |
|       (glen[3].core_i)                       |                      uop_block_wrap__parameterized37 |          0 |          0 |       0 |    0 |   64 |      0 |      0 |    0 |          0 |
|       core                                   |                           uop_block__parameterized37 |         16 |         16 |       0 |    0 |  145 |      0 |      0 |    0 |          3 |
|         (core)                               |                           uop_block__parameterized37 |          1 |          1 |       0 |    0 |   32 |      0 |      0 |    0 |          0 |
|         g[0].g_normal.alu_i                  |                    microop_unit__parameterized1__174 |          0 |          0 |       0 |    0 |   32 |      0 |      0 |    0 |          0 |
|         g[1].g_normal.alu_i                  |                    microop_unit__parameterized22__19 |         15 |         15 |       0 |    0 |   17 |      0 |      0 |    0 |          3 |
|         g[2].g_normal.alu_i                  |                    microop_unit__parameterized12__12 |          0 |          0 |       0 |    0 |   32 |      0 |      0 |    0 |          0 |
|         g[3].g_normal.alu_i                  |                    microop_unit__parameterized1__175 |          0 |          0 |       0 |    0 |   32 |      0 |      0 |    0 |          0 |
|     glen[4].core_i                           |                      uop_block_wrap__parameterized38 |         65 |         65 |       0 |    0 |  128 |      0 |      0 |    0 |          0 |
|       (glen[4].core_i)                       |                      uop_block_wrap__parameterized38 |          0 |          0 |       0 |    0 |   64 |      0 |      0 |    0 |          0 |
|       core                                   |                           uop_block__parameterized38 |         65 |         65 |       0 |    0 |   64 |      0 |      0 |    0 |          0 |
|         (core)                               |                           uop_block__parameterized38 |          1 |          1 |       0 |    0 |    0 |      0 |      0 |    0 |          0 |
|         g[0].g_normal.alu_i                  |                                         microop_unit |         32 |         32 |       0 |    0 |   32 |      0 |      0 |    0 |          0 |
|         g[1].g_normal.alu_i                  |                    microop_unit__parameterized21__20 |         32 |         32 |       0 |    0 |   32 |      0 |      0 |    0 |          0 |
|     glen[5].core_i                           |                      uop_block_wrap__parameterized39 |          1 |          1 |       0 |    0 |  189 |      0 |      0 |    0 |          0 |
|       (glen[5].core_i)                       |                      uop_block_wrap__parameterized39 |          0 |          0 |       0 |    0 |  126 |      0 |      0 |    0 |          0 |
|       core                                   |                           uop_block__parameterized39 |          1 |          1 |       0 |    0 |   63 |      0 |      0 |    0 |          0 |
|         (core)                               |                           uop_block__parameterized39 |          1 |          1 |       0 |    0 |    0 |      0 |      0 |    0 |          0 |
|         g[0].g_normal.alu_i                  |                    microop_unit__parameterized5__147 |          0 |          0 |       0 |    0 |   63 |      0 |      0 |    0 |          0 |
|     glen[6].core_i                           |                      uop_block_wrap__parameterized40 |         65 |         65 |       0 |    0 |  250 |      0 |      0 |    0 |          0 |
|       (glen[6].core_i)                       |                      uop_block_wrap__parameterized40 |          0 |          0 |       0 |    0 |  126 |      0 |      0 |    0 |          0 |
|       core                                   |                           uop_block__parameterized40 |         65 |         65 |       0 |    0 |  124 |      0 |      0 |    0 |          0 |
|         (core)                               |                           uop_block__parameterized40 |          1 |          1 |       0 |    0 |    0 |      0 |      0 |    0 |          0 |
|         g[0].g_normal.alu_i                  |              microop_unit__parameterized7__xdcDup__4 |         64 |         64 |       0 |    0 |  124 |      0 |      0 |    0 |          0 |
|           (g[0].g_normal.alu_i)              |              microop_unit__parameterized7__xdcDup__4 |          0 |          0 |       0 |    0 |   62 |      0 |      0 |    0 |          0 |
|           g_iadd.use_ip.int_addsub_i         |                                integer_addsub_HD3064 |         64 |         64 |       0 |    0 |   62 |      0 |      0 |    0 |          0 |
|             U0                               |               integer_addsubc_addsub_v12_0_14_HD3065 |         64 |         64 |       0 |    0 |   62 |      0 |      0 |    0 |          0 |
|               xst_addsub                     |           integer_addsubc_addsub_v12_0_14_viv_HD3066 |         64 |         64 |       0 |    0 |   62 |      0 |      0 |    0 |          0 |
|                 i_baseblox.i_baseblox_addsub |        integer_addsubc_addsub_v12_0_14_legacy_HD3067 |         64 |         64 |       0 |    0 |   62 |      0 |      0 |    0 |          0 |
|                   no_pipelining.the_addsub   | integer_addsubc_addsub_v12_0_14_fabric_legacy_HD3068 |         64 |         64 |       0 |    0 |   62 |      0 |      0 |    0 |          0 |
|                     i_lut6.i_lut6_addsub     |   integer_addsubc_addsub_v12_0_14_lut6_legacy_HD3069 |         64 |         64 |       0 |    0 |   62 |      0 |      0 |    0 |          0 |
|                       (i_lut6.i_lut6_addsub) |   integer_addsubc_addsub_v12_0_14_lut6_legacy_HD3069 |         64 |         64 |       0 |    0 |    0 |      0 |      0 |    0 |          0 |
|                       i_q.i_simple.qreg      |            integer_addsubc_reg_fd_v12_0_6_viv_HD3070 |          0 |          0 |       0 |    0 |   62 |      0 |      0 |    0 |          0 |
|     glen[7].core_i                           |                  uop_block_wrap__parameterized13__10 |          1 |          1 |       0 |    0 |  128 |      0 |      0 |    0 |          0 |
|       (glen[7].core_i)                       |                  uop_block_wrap__parameterized13__10 |          0 |          0 |       0 |    0 |   64 |      0 |      0 |    0 |          0 |
|       core                                   |                       uop_block__parameterized13__10 |          1 |          1 |       0 |    0 |   64 |      0 |      0 |    0 |          0 |
|         (core)                               |                       uop_block__parameterized13__10 |          1 |          1 |       0 |    0 |    0 |      0 |      0 |    0 |          0 |
|         g[0].g_normal.alu_i                  |                    microop_unit__parameterized1__182 |          0 |          0 |       0 |    0 |   32 |      0 |      0 |    0 |          0 |
|         g[1].g_normal.alu_i                  |                    microop_unit__parameterized1__181 |          0 |          0 |       0 |    0 |   32 |      0 |      0 |    0 |          0 |
|     glen[8].core_i                           |                      uop_block_wrap__parameterized41 |         65 |         65 |       0 |    0 |  570 |      0 |      0 |    0 |          0 |
|       (glen[8].core_i)                       |                      uop_block_wrap__parameterized41 |          0 |          0 |       0 |    0 |  126 |      0 |      0 |    0 |          0 |
|       core                                   |                           uop_block__parameterized41 |         65 |         65 |       0 |    0 |  444 |      0 |      0 |    0 |          0 |
|         (core)                               |                           uop_block__parameterized41 |          1 |          1 |       0 |    0 |  128 |      0 |      0 |    0 |          0 |
|         g[0].g_normal.alu_i                  |                     microop_unit__parameterized4__54 |          0 |          0 |       0 |    0 |   64 |      0 |      0 |    0 |          0 |
|         g[1].g_normal.alu_i                  |                     microop_unit__parameterized4__55 |          0 |          0 |       0 |    0 |   64 |      0 |      0 |    0 |          0 |
|         g[2].g_normal.alu_i                  |                    microop_unit__parameterized5__146 |          0 |          0 |       0 |    0 |   64 |      0 |      0 |    0 |          0 |
|         g[3].g_normal.alu_i                  |              microop_unit__parameterized7__xdcDup__5 |         64 |         64 |       0 |    0 |  124 |      0 |      0 |    0 |          0 |
|           (g[3].g_normal.alu_i)              |              microop_unit__parameterized7__xdcDup__5 |          0 |          0 |       0 |    0 |   62 |      0 |      0 |    0 |          0 |
|           g_iadd.use_ip.int_addsub_i         |                                integer_addsub_HD3071 |         64 |         64 |       0 |    0 |   62 |      0 |      0 |    0 |          0 |
|             U0                               |               integer_addsubc_addsub_v12_0_14_HD3072 |         64 |         64 |       0 |    0 |   62 |      0 |      0 |    0 |          0 |
|               xst_addsub                     |           integer_addsubc_addsub_v12_0_14_viv_HD3073 |         64 |         64 |       0 |    0 |   62 |      0 |      0 |    0 |          0 |
|                 i_baseblox.i_baseblox_addsub |        integer_addsubc_addsub_v12_0_14_legacy_HD3074 |         64 |         64 |       0 |    0 |   62 |      0 |      0 |    0 |          0 |
|                   no_pipelining.the_addsub   | integer_addsubc_addsub_v12_0_14_fabric_legacy_HD3075 |         64 |         64 |       0 |    0 |   62 |      0 |      0 |    0 |          0 |
|                     i_lut6.i_lut6_addsub     |   integer_addsubc_addsub_v12_0_14_lut6_legacy_HD3076 |         64 |         64 |       0 |    0 |   62 |      0 |      0 |    0 |          0 |
|                       (i_lut6.i_lut6_addsub) |   integer_addsubc_addsub_v12_0_14_lut6_legacy_HD3076 |         64 |         64 |       0 |    0 |    0 |      0 |      0 |    0 |          0 |
|                       i_q.i_simple.qreg      |            integer_addsubc_reg_fd_v12_0_6_viv_HD3077 |          0 |          0 |       0 |    0 |   62 |      0 |      0 |    0 |          0 |
|     glen[9].core_i                           |                      uop_block_wrap__parameterized42 |          1 |          1 |       0 |    0 |  124 |      0 |      0 |    0 |          0 |
|       (glen[9].core_i)                       |                      uop_block_wrap__parameterized42 |          0 |          0 |       0 |    0 |   62 |      0 |      0 |    0 |          0 |
|       core                                   |                           uop_block__parameterized42 |          1 |          1 |       0 |    0 |   62 |      0 |      0 |    0 |          0 |
|         (core)                               |                           uop_block__parameterized42 |          1 |          1 |       0 |    0 |    0 |      0 |      0 |    0 |          0 |
|         g[0].g_normal.alu_i                  |                    microop_unit__parameterized1__170 |          0 |          0 |       0 |    0 |   31 |      0 |      0 |    0 |          0 |
|         g[2].g_normal.alu_i                  |                    microop_unit__parameterized1__171 |          0 |          0 |       0 |    0 |   31 |      0 |      0 |    0 |          0 |
+----------------------------------------------+------------------------------------------------------+------------+------------+---------+------+------+--------+--------+------+------------+
* Note: The sum of lower-level cells may be larger than their parent cells total, due to cross-hierarchy LUT combining


