Copyright 1986-2020 Xilinx, Inc. All Rights Reserved.
----------------------------------------------------------------------------------------------------------------------------------------------------------------------------------------------------------------------------------------------------------------
| Tool Version      : Vivado v.2020.1 (lin64) Build 2902540 Wed May 27 19:54:35 MDT 2020
| Date              : Thu Sep 18 19:17:00 2025
| Host              : orthanc running 64-bit Ubuntu 22.04.4 LTS
| Command           : report_timing -through [get_pins -quiet -of_objects [get_cells -quiet -of_objects pblock_u_602_gcc_s]] -max_paths 100 -path_type summary -file /home/jyoo/custom_v_2/custom-core-tool/reports/multi/pblocks/pblock_u_602_gcc_s_timing.rpt
| Design            : top_multi_bench
| Device            : xcu200-fsgd2104
| Speed File        : -2  PRODUCTION 1.27 02-28-2020
| Temperature Grade : E
----------------------------------------------------------------------------------------------------------------------------------------------------------------------------------------------------------------------------------------------------------------

Timing Report

Startpoint                     Endpoint                       Slack(ns)     
----------------------------------------------------------------------------
src_val[9]                     u_602_gcc_s/glen[13].core_i/src_q_reg[9]/D
                                                              inf           
src_val[9]                     u_602_gcc_s/glen[9].core_i/src_q_reg[9]/D
                                                              inf           
src_val[9]                     u_602_gcc_s/glen[19].core_i/src_q_reg[9]/D
                                                              inf           
src_val[9]                     u_602_gcc_s/glen[20].core_i/src_q_reg[9]/D
                                                              inf           
src_val[9]                     u_602_gcc_s/glen[10].core_i/src_q_reg[9]/D
                                                              inf           
src_val[9]                     u_602_gcc_s/glen[16].core_i/src_q_reg[9]/D
                                                              inf           
src_val[9]                     u_602_gcc_s/glen[1].core_i/src_q_reg[9]/D
                                                              inf           
src_val[9]                     u_602_gcc_s/glen[7].core_i/src_q_reg[9]/D
                                                              inf           
src_val[9]                     u_602_gcc_s/glen[11].core_i/src_q_reg[9]/D
                                                              inf           
src_val[9]                     u_602_gcc_s/glen[0].core_i/src_q_reg[9]/D
                                                              inf           
src_val[9]                     u_602_gcc_s/glen[18].core_i/src_q_reg[9]/D
                                                              inf           
src_val[9]                     u_602_gcc_s/glen[3].core_i/src_q_reg[9]/D
                                                              inf           
src_val[10]                    u_602_gcc_s/glen[20].core_i/src_q_reg[10]/D
                                                              inf           
src_val[21]                    u_602_gcc_s/glen[18].core_i/src_q_reg[21]/D
                                                              inf           
src_val[21]                    u_602_gcc_s/glen[7].core_i/src_q_reg[21]/D
                                                              inf           
src_val[21]                    u_602_gcc_s/glen[15].core_i/src_q_reg[21]/D
                                                              inf           
src_val[10]                    u_602_gcc_s/glen[9].core_i/src_q_reg[10]/D
                                                              inf           
src_val[10]                    u_602_gcc_s/glen[10].core_i/src_q_reg[10]/D
                                                              inf           
src_val[6]                     u_602_gcc_s/glen[0].core_i/src_q_reg[6]/D
                                                              inf           
src_val[6]                     u_602_gcc_s/glen[17].core_i/src_q_reg[6]/D
                                                              inf           
src_val[23]                    u_602_gcc_s/glen[10].core_i/src_q_reg[23]/D
                                                              inf           
src_val[6]                     u_602_gcc_s/glen[14].core_i/src_q_reg[6]/D
                                                              inf           
src_val[6]                     u_602_gcc_s/glen[21].core_i/src_q_reg[6]/D
                                                              inf           
src_val[23]                    u_602_gcc_s/glen[19].core_i/src_q_reg[23]/D
                                                              inf           
src_val[18]                    u_602_gcc_s/glen[20].core_i/src_q_reg[18]/D
                                                              inf           
src_val[6]                     u_602_gcc_s/glen[4].core_i/src_q_reg[6]/D
                                                              inf           
src_val[6]                     u_602_gcc_s/glen[9].core_i/src_q_reg[6]/D
                                                              inf           
src_val[9]                     u_602_gcc_s/glen[15].core_i/src_q_reg[9]/D
                                                              inf           
src_val[6]                     u_602_gcc_s/glen[20].core_i/src_q_reg[6]/D
                                                              inf           
src_val[18]                    u_602_gcc_s/glen[19].core_i/src_q_reg[18]/D
                                                              inf           
src_val[23]                    u_602_gcc_s/glen[15].core_i/src_q_reg[23]/D
                                                              inf           
src_val[9]                     u_602_gcc_s/glen[5].core_i/src_q_reg[9]/D
                                                              inf           
src_val[15]                    u_602_gcc_s/glen[19].core_i/src_q_reg[15]/D
                                                              inf           
src_val[6]                     u_602_gcc_s/glen[8].core_i/src_q_reg[6]/D
                                                              inf           
src_val[15]                    u_602_gcc_s/glen[3].core_i/src_q_reg[15]/D
                                                              inf           
src_val[15]                    u_602_gcc_s/glen[5].core_i/src_q_reg[15]/D
                                                              inf           
src_val[6]                     u_602_gcc_s/glen[2].core_i/src_q_reg[6]/D
                                                              inf           
src_val[15]                    u_602_gcc_s/glen[7].core_i/src_q_reg[15]/D
                                                              inf           
src_val[6]                     u_602_gcc_s/glen[12].core_i/src_q_reg[6]/D
                                                              inf           
src_val[1]                     u_602_gcc_s/glen[13].core_i/src_q_reg[1]/D
                                                              inf           
src_val[15]                    u_602_gcc_s/glen[10].core_i/src_q_reg[15]/D
                                                              inf           
src_val[23]                    u_602_gcc_s/glen[5].core_i/src_q_reg[23]/D
                                                              inf           
src_val[23]                    u_602_gcc_s/glen[1].core_i/src_q_reg[23]/D
                                                              inf           
src_val[6]                     u_602_gcc_s/glen[6].core_i/src_q_reg[6]/D
                                                              inf           
src_val[23]                    u_602_gcc_s/glen[13].core_i/src_q_reg[23]/D
                                                              inf           
src_val[23]                    u_602_gcc_s/glen[3].core_i/src_q_reg[23]/D
                                                              inf           
src_val[15]                    u_602_gcc_s/glen[18].core_i/src_q_reg[15]/D
                                                              inf           
src_val[15]                    u_602_gcc_s/glen[1].core_i/src_q_reg[15]/D
                                                              inf           
src_val[23]                    u_602_gcc_s/glen[18].core_i/src_q_reg[23]/D
                                                              inf           
src_val[23]                    u_602_gcc_s/glen[0].core_i/src_q_reg[23]/D
                                                              inf           
src_val[8]                     u_602_gcc_s/glen[13].core_i/src_q_reg[8]/D
                                                              inf           
src_val[15]                    u_602_gcc_s/glen[20].core_i/src_q_reg[15]/D
                                                              inf           
src_val[2]                     u_602_gcc_s/glen[19].core_i/src_q_reg[2]/D
                                                              inf           
src_val[28]                    u_602_gcc_s/glen[1].core_i/src_q_reg[28]/D
                                                              inf           
src_val[28]                    u_602_gcc_s/glen[9].core_i/src_q_reg[28]/D
                                                              inf           
src_val[28]                    u_602_gcc_s/glen[20].core_i/src_q_reg[28]/D
                                                              inf           
src_val[28]                    u_602_gcc_s/glen[3].core_i/src_q_reg[28]/D
                                                              inf           
src_val[28]                    u_602_gcc_s/glen[16].core_i/src_q_reg[28]/D
                                                              inf           
src_val[28]                    u_602_gcc_s/glen[19].core_i/src_q_reg[28]/D
                                                              inf           
src_val[31]                    u_602_gcc_s/glen[0].core_i/src_q_reg[31]/D
                                                              inf           
src_val[28]                    u_602_gcc_s/glen[10].core_i/src_q_reg[28]/D
                                                              inf           
src_val[28]                    u_602_gcc_s/glen[0].core_i/src_q_reg[28]/D
                                                              inf           
src_val[28]                    u_602_gcc_s/glen[7].core_i/src_q_reg[28]/D
                                                              inf           
src_val[31]                    u_602_gcc_s/glen[19].core_i/src_q_reg[31]/D
                                                              inf           
src_val[25]                    u_602_gcc_s/glen[13].core_i/src_q_reg[25]/D
                                                              inf           
src_val[28]                    u_602_gcc_s/glen[11].core_i/src_q_reg[28]/D
                                                              inf           
src_val[30]                    u_602_gcc_s/glen[0].core_i/src_q_reg[30]/D
                                                              inf           
src_val[28]                    u_602_gcc_s/glen[18].core_i/src_q_reg[28]/D
                                                              inf           
src_val[28]                    u_602_gcc_s/glen[15].core_i/src_q_reg[28]/D
                                                              inf           
src_val[28]                    u_602_gcc_s/glen[5].core_i/src_q_reg[28]/D
                                                              inf           
src_val[28]                    u_602_gcc_s/glen[13].core_i/src_q_reg[28]/D
                                                              inf           
src_val[31]                    u_602_gcc_s/glen[20].core_i/src_q_reg[31]/D
                                                              inf           
src_val[31]                    u_602_gcc_s/glen[9].core_i/src_q_reg[31]/D
                                                              inf           
src_val[4]                     u_602_gcc_s/glen[13].core_i/src_q_reg[4]/D
                                                              inf           
src_val[31]                    u_602_gcc_s/glen[13].core_i/src_q_reg[31]/D
                                                              inf           
src_val[30]                    u_602_gcc_s/glen[3].core_i/src_q_reg[30]/D
                                                              inf           
src_val[3]                     u_602_gcc_s/glen[13].core_i/src_q_reg[3]/D
                                                              inf           
src_val[30]                    u_602_gcc_s/glen[18].core_i/src_q_reg[30]/D
                                                              inf           
src_val[30]                    u_602_gcc_s/glen[7].core_i/src_q_reg[30]/D
                                                              inf           
src_val[30]                    u_602_gcc_s/glen[1].core_i/src_q_reg[30]/D
                                                              inf           
src_val[30]                    u_602_gcc_s/glen[11].core_i/src_q_reg[30]/D
                                                              inf           
src_val[27]                    u_602_gcc_s/glen[9].core_i/src_q_reg[27]/D
                                                              inf           
src_val[10]                    u_602_gcc_s/glen[15].core_i/src_q_reg[10]/D
                                                              inf           
src_val[3]                     u_602_gcc_s/glen[9].core_i/src_q_reg[3]/D
                                                              inf           
src_val[3]                     u_602_gcc_s/glen[10].core_i/src_q_reg[3]/D
                                                              inf           
src_val[10]                    u_602_gcc_s/glen[11].core_i/src_q_reg[10]/D
                                                              inf           
src_val[30]                    u_602_gcc_s/glen[20].core_i/src_q_reg[30]/D
                                                              inf           
src_val[10]                    u_602_gcc_s/glen[16].core_i/src_q_reg[10]/D
                                                              inf           
src_val[30]                    u_602_gcc_s/glen[9].core_i/src_q_reg[30]/D
                                                              inf           
src_val[10]                    u_602_gcc_s/glen[5].core_i/src_q_reg[10]/D
                                                              inf           
src_val[30]                    u_602_gcc_s/glen[19].core_i/src_q_reg[30]/D
                                                              inf           
src_val[25]                    u_602_gcc_s/glen[0].core_i/src_q_reg[25]/D
                                                              inf           
src_val[10]                    u_602_gcc_s/glen[7].core_i/src_q_reg[10]/D
                                                              inf           
src_val[25]                    u_602_gcc_s/glen[20].core_i/src_q_reg[25]/D
                                                              inf           
src_val[30]                    u_602_gcc_s/glen[10].core_i/src_q_reg[30]/D
                                                              inf           
src_val[25]                    u_602_gcc_s/glen[9].core_i/src_q_reg[25]/D
                                                              inf           
src_val[25]                    u_602_gcc_s/glen[10].core_i/src_q_reg[25]/D
                                                              inf           
src_val[25]                    u_602_gcc_s/glen[18].core_i/src_q_reg[25]/D
                                                              inf           
src_val[25]                    u_602_gcc_s/glen[19].core_i/src_q_reg[25]/D
                                                              inf           
src_val[25]                    u_602_gcc_s/glen[16].core_i/src_q_reg[25]/D
                                                              inf           



