Copyright 1986-2020 Xilinx, Inc. All Rights Reserved.
-------------------------------------------------------------------------------------------------------------------------------------------------------------------------------------------------------------------
| Tool Version : Vivado v.2020.1 (lin64) Build 2902540 Wed May 27 19:54:35 MDT 2020
| Date         : Thu Sep 18 19:16:12 2025
| Host         : orthanc running 64-bit Ubuntu 22.04.4 LTS
| Command      : report_utilization -hierarchical -cells [get_cells -quiet -of_objects pblock_u_541_leela_r] -file /home/jyoo/custom_v_2/custom-core-tool/reports/multi/pblocks/pblock_u_541_leela_r_util_hier.rpt
| Design       : top_multi_bench
| Device       : xcu200fsgd2104-2
| Design State : Routed
-------------------------------------------------------------------------------------------------------------------------------------------------------------------------------------------------------------------

Utilization Design Information

Table of Contents
-----------------
1. Utilization by Hierarchy

1. Utilization by Hierarchy
---------------------------

+-----------------------------------------------------------------------------------+------------------------------------------------+------------+------------+---------+------+------+--------+--------+------+------------+
|                                      Instance                                     |                     Module                     | Total LUTs | Logic LUTs | LUTRAMs | SRLs |  FFs | RAMB36 | RAMB18 | URAM | DSP Blocks |
+-----------------------------------------------------------------------------------+------------------------------------------------+------------+------------+---------+------+------+--------+--------+------+------------+
| u_541_leela_r                                                                     |                        bench_core__541_leela_r |        187 |         53 |       0 |  134 | 1114 |      0 |      0 |    0 |         20 |
|   u_541_leela_r                                                                   |                        bench_core__541_leela_r |        187 |         53 |       0 |  134 | 1114 |      0 |      0 |    0 |         20 |
|     (u_541_leela_r)                                                               |                        bench_core__541_leela_r |         48 |         48 |       0 |    0 |    0 |      0 |      0 |    0 |          0 |
|     glen[0].core_i                                                                |     uop_block_wrap__parameterized91__xdcDup__1 |         78 |          1 |       0 |   77 |  418 |      0 |      0 |    0 |         10 |
|       (glen[0].core_i)                                                            |     uop_block_wrap__parameterized91__xdcDup__1 |          0 |          0 |       0 |    0 |   96 |      0 |      0 |    0 |          0 |
|       core                                                                        |          uop_block__parameterized91__xdcDup__1 |         78 |          1 |       0 |   77 |  322 |      0 |      0 |    0 |         10 |
|         (core)                                                                    |          uop_block__parameterized91__xdcDup__1 |          1 |          1 |       0 |    0 |   64 |      0 |      0 |    0 |          0 |
|         g[0].g_normal.alu_i                                                       |               microop_unit__parameterized0__46 |          0 |          0 |       0 |    0 |   32 |      0 |      0 |    0 |          0 |
|         g[1].g_normal.alu_i                                                       |       microop_unit__parameterized19__xdcDup__7 |         77 |          0 |       0 |   77 |  226 |      0 |      0 |    0 |         10 |
|           (g[1].g_normal.alu_i)                                                   |       microop_unit__parameterized19__xdcDup__7 |          0 |          0 |       0 |    0 |   64 |      0 |      0 |    0 |          0 |
|           g_imul.mul64_ip.mul_i                                                   |                             integer_mul_HD3381 |         77 |          0 |       0 |   77 |  162 |      0 |      0 |    0 |         10 |
|             U0                                                                    |            integer_mulmult_gen_v12_0_16_HD3382 |         77 |          0 |       0 |   77 |  162 |      0 |      0 |    0 |         10 |
|               i_mult                                                              |        integer_mulmult_gen_v12_0_16_viv_HD3383 |         77 |          0 |       0 |   77 |  162 |      0 |      0 |    0 |         10 |
|                 gDSP.gDSP_only.iDSP                                               |                          integer_muldsp_HD3384 |         77 |          0 |       0 |   77 |  162 |      0 |      0 |    0 |         10 |
|                   (gDSP.gDSP_only.iDSP)                                           |                          integer_muldsp_HD3384 |          0 |          0 |       0 |    0 |    0 |      0 |      0 |    0 |         10 |
|                   use_prim.appDSP48[0].bppDSP48[0].need_output_delay.output_delay |  integer_muldelay_line__parameterized16_HD3385 |          9 |          0 |       0 |    9 |   17 |      0 |      0 |    0 |          0 |
|                   use_prim.appDSP48[0].bppDSP48[2].need_output_delay.output_delay |  integer_muldelay_line__parameterized18_HD3386 |          9 |          0 |       0 |    9 |   17 |      0 |      0 |    0 |          0 |
|                   use_prim.appDSP48[1].bppDSP48[0].need_output_delay.output_delay |  integer_muldelay_line__parameterized19_HD3387 |          9 |          0 |       0 |    9 |   17 |      0 |      0 |    0 |          0 |
|                   use_prim.appDSP48[3].bppDSP48[0].need_output_delay.output_delay |  integer_muldelay_line__parameterized21_HD3389 |          7 |          0 |       0 |    7 |   13 |      0 |      0 |    0 |          0 |
|                   use_prim.iAdelx[0].iAdely[2].use_delay_line.Adelay              |   integer_muldelay_line__parameterized0_HD3391 |          9 |          0 |       0 |    9 |   17 |      0 |      0 |    0 |          0 |
|                   use_prim.iAdelx[1].iAdely[1].use_delay_line.Adelay              |   integer_muldelay_line__parameterized1_HD3392 |          9 |          0 |       0 |    9 |   17 |      0 |      0 |    0 |          0 |
|                   use_prim.iAdelx[1].iAdely[2].use_delay_line.Adelay              |   integer_muldelay_line__parameterized2_HD3393 |          9 |          0 |       0 |    9 |   17 |      0 |      0 |    0 |          0 |
|                   use_prim.iAdelx[2].iAdely[0].use_delay_line.Adelay              |   integer_muldelay_line__parameterized4_HD3395 |          0 |          0 |       0 |    0 |   17 |      0 |      0 |    0 |          0 |
|                   use_prim.iAdelx[2].iAdely[1].use_delay_line.Adelay              |   integer_muldelay_line__parameterized5_HD3396 |          9 |          0 |       0 |    9 |   17 |      0 |      0 |    0 |          0 |
|                   use_prim.iAdelx[3].iAdely[0].use_delay_line.Adelay              |   integer_muldelay_line__parameterized8_HD3399 |          7 |          0 |       0 |    7 |   13 |      0 |      0 |    0 |          0 |
|                   use_prim.iBdelx[0].iBdely[2].need_delay_line.Bdelay             | integer_muldelay_line__parameterized0_0_HD3401 |          0 |          0 |       0 |    0 |    0 |      0 |      0 |    0 |          0 |
|                   use_prim.iBdelx[0].iBdely[3].need_delay_line.Bdelay             |  integer_muldelay_line__parameterized10_HD3402 |          0 |          0 |       0 |    0 |    0 |      0 |      0 |    0 |          0 |
|                   use_prim.iBdelx[1].iBdely[0].need_delay_line.Bdelay             | integer_muldelay_line__parameterized4_1_HD3403 |          0 |          0 |       0 |    0 |    0 |      0 |      0 |    0 |          0 |
|                   use_prim.iBdelx[1].iBdely[1].need_delay_line.Bdelay             | integer_muldelay_line__parameterized1_2_HD3404 |          0 |          0 |       0 |    0 |    0 |      0 |      0 |    0 |          0 |
|                   use_prim.iBdelx[1].iBdely[2].need_delay_line.Bdelay             | integer_muldelay_line__parameterized2_3_HD3405 |          0 |          0 |       0 |    0 |    0 |      0 |      0 |    0 |          0 |
|                   use_prim.iBdelx[2].iBdely[1].need_delay_line.Bdelay             | integer_muldelay_line__parameterized5_5_HD3407 |          0 |          0 |       0 |    0 |    0 |      0 |      0 |    0 |          0 |
|                   use_prim.iBdelx[3].iBdely[0].need_delay_line.Bdelay             |  integer_muldelay_line__parameterized11_HD3409 |          0 |          0 |       0 |    0 |    0 |      0 |      0 |    0 |          0 |
|     glen[1].core_i                                                                |                uop_block_wrap__parameterized92 |          1 |          1 |       0 |    0 |  110 |      0 |      0 |    0 |          0 |
|       (glen[1].core_i)                                                            |                uop_block_wrap__parameterized92 |          0 |          0 |       0 |    0 |   84 |      0 |      0 |    0 |          0 |
|       core                                                                        |                     uop_block__parameterized92 |          1 |          1 |       0 |    0 |   26 |      0 |      0 |    0 |          0 |
|         (core)                                                                    |                     uop_block__parameterized92 |          1 |          1 |       0 |    0 |    0 |      0 |      0 |    0 |          0 |
|         g[0].g_normal.alu_i                                                       |               microop_unit__parameterized0__32 |          0 |          0 |       0 |    0 |   26 |      0 |      0 |    0 |          0 |
|     glen[2].core_i                                                                |     uop_block_wrap__parameterized93__xdcDup__1 |         58 |          1 |       0 |   57 |  330 |      0 |      0 |    0 |         10 |
|       (glen[2].core_i)                                                            |     uop_block_wrap__parameterized93__xdcDup__1 |          0 |          0 |       0 |    0 |   58 |      0 |      0 |    0 |          0 |
|       core                                                                        |          uop_block__parameterized93__xdcDup__1 |         58 |          1 |       0 |   57 |  272 |      0 |      0 |    0 |         10 |
|         (core)                                                                    |          uop_block__parameterized93__xdcDup__1 |          1 |          1 |       0 |    0 |   90 |      0 |      0 |    0 |          0 |
|         g[0].g_normal.alu_i                                                       |               microop_unit__parameterized0__38 |          0 |          0 |       0 |    0 |   32 |      0 |      0 |    0 |          0 |
|         g[1].g_normal.alu_i                                                       |       microop_unit__parameterized19__xdcDup__8 |         57 |          0 |       0 |   57 |  150 |      0 |      0 |    0 |         10 |
|           (g[1].g_normal.alu_i)                                                   |       microop_unit__parameterized19__xdcDup__8 |          0 |          0 |       0 |    0 |   26 |      0 |      0 |    0 |          0 |
|           g_imul.mul64_ip.mul_i                                                   |                             integer_mul_HD3413 |         57 |          0 |       0 |   57 |  124 |      0 |      0 |    0 |         10 |
|             U0                                                                    |            integer_mulmult_gen_v12_0_16_HD3414 |         57 |          0 |       0 |   57 |  124 |      0 |      0 |    0 |         10 |
|               i_mult                                                              |        integer_mulmult_gen_v12_0_16_viv_HD3415 |         57 |          0 |       0 |   57 |  124 |      0 |      0 |    0 |         10 |
|                 gDSP.gDSP_only.iDSP                                               |                          integer_muldsp_HD3416 |         57 |          0 |       0 |   57 |  124 |      0 |      0 |    0 |         10 |
|                   (gDSP.gDSP_only.iDSP)                                           |                          integer_muldsp_HD3416 |          0 |          0 |       0 |    0 |    0 |      0 |      0 |    0 |         10 |
|                   use_prim.appDSP48[0].bppDSP48[2].need_output_delay.output_delay |  integer_muldelay_line__parameterized18_HD3418 |          7 |          0 |       0 |    7 |   13 |      0 |      0 |    0 |          0 |
|                   use_prim.appDSP48[3].bppDSP48[0].need_output_delay.output_delay |  integer_muldelay_line__parameterized21_HD3421 |          7 |          0 |       0 |    7 |   13 |      0 |      0 |    0 |          0 |
|                   use_prim.iAdelx[0].iAdely[2].use_delay_line.Adelay              |   integer_muldelay_line__parameterized0_HD3423 |          9 |          0 |       0 |    9 |   17 |      0 |      0 |    0 |          0 |
|                   use_prim.iAdelx[1].iAdely[1].use_delay_line.Adelay              |   integer_muldelay_line__parameterized1_HD3424 |          9 |          0 |       0 |    9 |   17 |      0 |      0 |    0 |          0 |
|                   use_prim.iAdelx[1].iAdely[2].use_delay_line.Adelay              |   integer_muldelay_line__parameterized2_HD3425 |          9 |          0 |       0 |    9 |   17 |      0 |      0 |    0 |          0 |
|                   use_prim.iAdelx[2].iAdely[0].use_delay_line.Adelay              |   integer_muldelay_line__parameterized4_HD3427 |          0 |          0 |       0 |    0 |   17 |      0 |      0 |    0 |          0 |
|                   use_prim.iAdelx[2].iAdely[1].use_delay_line.Adelay              |   integer_muldelay_line__parameterized5_HD3428 |          9 |          0 |       0 |    9 |   17 |      0 |      0 |    0 |          0 |
|                   use_prim.iAdelx[3].iAdely[0].use_delay_line.Adelay              |   integer_muldelay_line__parameterized8_HD3431 |          7 |          0 |       0 |    7 |   13 |      0 |      0 |    0 |          0 |
|                   use_prim.iBdelx[0].iBdely[2].need_delay_line.Bdelay             | integer_muldelay_line__parameterized0_0_HD3433 |          0 |          0 |       0 |    0 |    0 |      0 |      0 |    0 |          0 |
|                   use_prim.iBdelx[0].iBdely[3].need_delay_line.Bdelay             |  integer_muldelay_line__parameterized10_HD3434 |          0 |          0 |       0 |    0 |    0 |      0 |      0 |    0 |          0 |
|                   use_prim.iBdelx[1].iBdely[0].need_delay_line.Bdelay             | integer_muldelay_line__parameterized4_1_HD3435 |          0 |          0 |       0 |    0 |    0 |      0 |      0 |    0 |          0 |
|                   use_prim.iBdelx[1].iBdely[1].need_delay_line.Bdelay             | integer_muldelay_line__parameterized1_2_HD3436 |          0 |          0 |       0 |    0 |    0 |      0 |      0 |    0 |          0 |
|                   use_prim.iBdelx[1].iBdely[2].need_delay_line.Bdelay             | integer_muldelay_line__parameterized2_3_HD3437 |          0 |          0 |       0 |    0 |    0 |      0 |      0 |    0 |          0 |
|                   use_prim.iBdelx[2].iBdely[1].need_delay_line.Bdelay             | integer_muldelay_line__parameterized5_5_HD3439 |          0 |          0 |       0 |    0 |    0 |      0 |      0 |    0 |          0 |
|                   use_prim.iBdelx[3].iBdely[0].need_delay_line.Bdelay             |  integer_muldelay_line__parameterized11_HD3441 |          0 |          0 |       0 |    0 |    0 |      0 |      0 |    0 |          0 |
|     glen[3].core_i                                                                |             uop_block_wrap__parameterized18__4 |          1 |          1 |       0 |    0 |  128 |      0 |      0 |    0 |          0 |
|       (glen[3].core_i)                                                            |             uop_block_wrap__parameterized18__4 |          0 |          0 |       0 |    0 |   64 |      0 |      0 |    0 |          0 |
|       core                                                                        |                  uop_block__parameterized18__4 |          1 |          1 |       0 |    0 |   64 |      0 |      0 |    0 |          0 |
|         (core)                                                                    |                  uop_block__parameterized18__4 |          1 |          1 |       0 |    0 |    0 |      0 |      0 |    0 |          0 |
|         g[0].g_normal.alu_i                                                       |              microop_unit__parameterized1__127 |          0 |          0 |       0 |    0 |   32 |      0 |      0 |    0 |          0 |
|         g[1].g_normal.alu_i                                                       |               microop_unit__parameterized16__4 |          0 |          0 |       0 |    0 |   32 |      0 |      0 |    0 |          0 |
|     glen[4].core_i                                                                |             uop_block_wrap__parameterized13__6 |          1 |          1 |       0 |    0 |  128 |      0 |      0 |    0 |          0 |
|       (glen[4].core_i)                                                            |             uop_block_wrap__parameterized13__6 |          0 |          0 |       0 |    0 |   64 |      0 |      0 |    0 |          0 |
|       core                                                                        |                  uop_block__parameterized13__6 |          1 |          1 |       0 |    0 |   64 |      0 |      0 |    0 |          0 |
|         (core)                                                                    |                  uop_block__parameterized13__6 |          1 |          1 |       0 |    0 |    0 |      0 |      0 |    0 |          0 |
|         g[0].g_normal.alu_i                                                       |              microop_unit__parameterized1__125 |          0 |          0 |       0 |    0 |   32 |      0 |      0 |    0 |          0 |
|         g[1].g_normal.alu_i                                                       |              microop_unit__parameterized1__126 |          0 |          0 |       0 |    0 |   32 |      0 |      0 |    0 |          0 |
+-----------------------------------------------------------------------------------+------------------------------------------------+------------+------------+---------+------+------+--------+--------+------+------------+
* Note: The sum of lower-level cells may be larger than their parent cells total, due to cross-hierarchy LUT combining


