Copyright 1986-2020 Xilinx, Inc. All Rights Reserved.
--------------------------------------------------------------------------------------------------------------------------------------------------------------------------------
| Tool Version : Vivado v.2020.1 (lin64) Build 2902540 Wed May 27 19:54:35 MDT 2020
| Date         : Sun Sep 21 17:30:43 2025
| Host         : orthanc running 64-bit Ubuntu 22.04.4 LTS
| Command      : report_utilization -pblock [get_pblocks -quiet pblock_u_503_bwaves_r] -file /home/jyoo/custom_v_2/custom-core-tool/reports/single/503_bwaves_r/pblock_util.rpt
| Design       : top_bench__503_bwaves_r
| Device       : xcu200fsgd2104-2
| Design State : Routed
--------------------------------------------------------------------------------------------------------------------------------------------------------------------------------

Utilization Design Information

Table of Contents
-----------------
1. Pblock Summary
2. Clock Region Statistics
3. CLB Logic
3.1 Summary of Registers by Type
4. CLB Logic Distribution
5. BLOCKRAM
6. ARITHMETIC
7. I/O
8. CLOCK
9. ADVANCED
10. CONFIGURATION
11. Primitives
12. Black Boxes
13. Instantiated Netlists
14. SLR Connectivity
15. SLR Connectivity Matrix
16. SLR CLB Logic and Dedicated Block Utilization
17. SLR IO Utilization

1. Pblock Summary
-----------------

+-------+-----------------------+-------+-------------------+-----------------+----------------+
| Index |         Parent        | Child | EXCLUDE_PLACEMENT | CONTAIN_ROUTING | SLR(s) Covered |
+-------+-----------------------+-------+-------------------+-----------------+----------------+
| 1     | pblock_u_503_bwaves_r |       |                 1 |               0 |           SLR2 |
+-------+-----------------------+-------+-------------------+-----------------+----------------+


2. Clock Region Statistics
--------------------------

+-------------+--------------------+
| CLOCKREGION | Pblock Sites in CR |
+-------------+--------------------+
| X5Y14       |            100.00% |
+-------------+--------------------+


3. CLB Logic
------------

+-------------------------+--------+-------+--------------+-------+-------+-----------+-------+
|        Site Type        | Parent | Child | Non-Assigned |  Used | Fixed | Available | Util% |
+-------------------------+--------+-------+--------------+-------+-------+-----------+-------+
| CLB LUTs                |    736 |     0 |            0 |   736 |     0 |     11040 |  6.67 |
|   LUT as Logic          |    736 |     0 |            0 |   736 |     0 |     11040 |  6.67 |
|   LUT as Memory         |      0 |     0 |            0 |     0 |     0 |      5280 |  0.00 |
| CLB Registers           |  10544 |     0 |            0 | 10544 |     0 |     22080 | 47.75 |
|   Register as Flip Flop |  10544 |     0 |            0 | 10544 |     0 |     22080 | 47.75 |
|   Register as Latch     |      0 |     0 |            0 |     0 |     0 |     22080 |  0.00 |
| CARRY8                  |    256 |     0 |            0 |   256 |     0 |      1380 | 18.55 |
| F7 Muxes                |      0 |     0 |            0 |     0 |     0 |      5520 |  0.00 |
| F8 Muxes                |      0 |     0 |            0 |     0 |     0 |      2760 |  0.00 |
| F9 Muxes                |      0 |     0 |            0 |     0 |     0 |      1380 |  0.00 |
+-------------------------+--------+-------+--------------+-------+-------+-----------+-------+


3.1 Summary of Registers by Type
--------------------------------

+-------+--------------+-------------+--------------+
| Total | Clock Enable | Synchronous | Asynchronous |
+-------+--------------+-------------+--------------+
| 0     |            _ |           - |            - |
| 0     |            _ |           - |          Set |
| 0     |            _ |           - |        Reset |
| 0     |            _ |         Set |            - |
| 0     |            _ |       Reset |            - |
| 0     |          Yes |           - |            - |
| 0     |          Yes |           - |          Set |
| 0     |          Yes |           - |        Reset |
| 0     |          Yes |         Set |            - |
| 10544 |          Yes |       Reset |            - |
+-------+--------------+-------------+--------------+


4. CLB Logic Distribution
-------------------------

+--------------------------------------------+--------+-------+--------------+-------+-------+-----------+-------+
|                  Site Type                 | Parent | Child | Non-Assigned |  Used | Fixed | Available | Util% |
+--------------------------------------------+--------+-------+--------------+-------+-------+-----------+-------+
| CLB                                        |    861 |     0 |            0 |   861 |     0 |      1380 | 62.39 |
|   CLBL                                     |    454 |     0 |            0 |   454 |     0 |           |       |
|   CLBM                                     |    407 |     0 |            0 |   407 |     0 |           |       |
| LUT as Logic                               |    736 |     0 |            0 |   736 |     0 |     11040 |  6.67 |
|   using O5 output only                     |      0 |     0 |            0 |     0 |       |           |       |
|   using O6 output only                     |    735 |     0 |            0 |   735 |       |           |       |
|   using O5 and O6                          |      1 |     0 |            0 |     1 |       |           |       |
| LUT as Memory                              |      0 |     0 |            0 |     0 |     0 |      5280 |  0.00 |
|   LUT as Distributed RAM                   |      0 |     0 |            0 |     0 |     0 |           |       |
|   LUT as Shift Register                    |      0 |     0 |            0 |     0 |     0 |           |       |
| CLB Registers                              |  10544 |     0 |            0 | 10544 |     0 |     22080 | 47.75 |
|   Register driven from within the CLB      |   2577 |     0 |            0 |  2577 |       |           |       |
|   Register driven from outside the CLB     |   7967 |     0 |            0 |  7967 |       |           |       |
|     LUT in front of the register is unused |   7197 |     0 |            0 |  7197 |       |           |       |
|     LUT in front of the register is used   |    770 |     0 |            0 |   770 |       |           |       |
| Unique Control Sets                        |      1 |     0 |            0 |     1 |       |      2760 |  0.04 |
+--------------------------------------------+--------+-------+--------------+-------+-------+-----------+-------+
* * Note: Available Control Sets calculated as Slices * 2, Review the Control Sets Report for more information regarding control sets.


5. BLOCKRAM
-----------

+-----------+--------+-------+--------------+------+-------+-----------+-------+
| Site Type | Parent | Child | Non-Assigned | Used | Fixed | Available | Util% |
+-----------+--------+-------+--------------+------+-------+-----------+-------+
* Note: Each Block RAM Tile only has one FIFO logic available and therefore can accommodate only one FIFO36E2 or one FIFO18E2. However, if a FIFO18E2 occupies a Block RAM Tile, that tile can still accommodate a RAMB18E2


6. ARITHMETIC
-------------

+-----------+--------+-------+--------------+------+-------+-----------+-------+
| Site Type | Parent | Child | Non-Assigned | Used | Fixed | Available | Util% |
+-----------+--------+-------+--------------+------+-------+-----------+-------+


7. I/O
------

+-----------+--------+-------+--------------+------+-------+-----------+-------+
| Site Type | Parent | Child | Non-Assigned | Used | Fixed | Available | Util% |
+-----------+--------+-------+--------------+------+-------+-----------+-------+


8. CLOCK
--------

+-----------+--------+-------+--------------+------+-------+-----------+-------+
| Site Type | Parent | Child | Non-Assigned | Used | Fixed | Available | Util% |
+-----------+--------+-------+--------------+------+-------+-----------+-------+
* Note: Each used BUFGCTRL counts as two GLOBAL CLOCK BUFFERs. This table does not include global clocking resources, only buffer cell usage. See the Clock Utilization Report (report_clock_utilization) for detailed accounting of global clocking resource availability.


9. ADVANCED
-----------

+-----------+--------+-------+--------------+------+-------+-----------+-------+
| Site Type | Parent | Child | Non-Assigned | Used | Fixed | Available | Util% |
+-----------+--------+-------+--------------+------+-------+-----------+-------+


10. CONFIGURATION
-----------------

+-----------+--------+-------+--------------+------+-------+-----------+-------+
| Site Type | Parent | Child | Non-Assigned | Used | Fixed | Available | Util% |
+-----------+--------+-------+--------------+------+-------+-----------+-------+


11. Primitives
--------------

+----------+-------+---------------------+
| Ref Name |  Used | Functional Category |
+----------+-------+---------------------+
| FDRE     | 10544 |            Register |
| LUT6     |   472 |                 CLB |
| CARRY8   |   256 |                 CLB |
| LUT5     |   128 |                 CLB |
| LUT1     |    73 |                 CLB |
| LUT2     |    32 |                 CLB |
| LUT3     |    28 |                 CLB |
| LUT4     |     4 |                 CLB |
+----------+-------+---------------------+


12. Black Boxes
---------------

+----------+------+
| Ref Name | Used |
+----------+------+


13. Instantiated Netlists
-------------------------

+----------------+------+
|    Ref Name    | Used |
+----------------+------+
| integer_addsub |   14 |
+----------------+------+


14. SLR Connectivity
--------------------

+----------------------------------+------+-------+-----------+-------+
|                                  | Used | Fixed | Available | Util% |
+----------------------------------+------+-------+-----------+-------+
| SLR2 <-> SLR1                    |    0 |       |     17280 |  0.00 |
|   SLR1 -> SLR2                   |    0 |       |           |  0.00 |
|     Using TX_REG only            |    0 |     0 |           |       |
|     Using RX_REG only            |    0 |     0 |           |       |
|     Using Both TX_REG and RX_REG |    0 |     0 |           |       |
|   SLR2 -> SLR1                   |    0 |       |           |  0.00 |
|     Using TX_REG only            |    0 |     0 |           |       |
|     Using RX_REG only            |    0 |     0 |           |       |
|     Using Both TX_REG and RX_REG |    0 |     0 |           |       |
| SLR1 <-> SLR0                    |    0 |       |     17280 |  0.00 |
|   SLR0 -> SLR1                   |    0 |       |           |  0.00 |
|     Using TX_REG only            |    0 |     0 |           |       |
|     Using RX_REG only            |    0 |     0 |           |       |
|     Using Both TX_REG and RX_REG |    0 |     0 |           |       |
|   SLR1 -> SLR0                   |    0 |       |           |  0.00 |
|     Using TX_REG only            |    0 |     0 |           |       |
|     Using RX_REG only            |    0 |     0 |           |       |
|     Using Both TX_REG and RX_REG |    0 |     0 |           |       |
+----------------------------------+------+-------+-----------+-------+
| Total SLLs Used                  |    0 |       |           |       |
+----------------------------------+------+-------+-----------+-------+


15. SLR Connectivity Matrix
---------------------------

+-----------+------+------+------+
| FROM \ TO | SLR2 | SLR1 | SLR0 |
+-----------+------+------+------+
| SLR2      |    0 |    0 |    0 |
| SLR1      |    0 |    0 |    0 |
| SLR0      |    0 |    0 |    0 |
+-----------+------+------+------+


16. SLR CLB Logic and Dedicated Block Utilization
-------------------------------------------------

+----------------------------+------+------+-------+--------+--------+--------+
|          Site Type         | SLR0 | SLR1 |  SLR2 | SLR0 % | SLR1 % | SLR2 % |
+----------------------------+------+------+-------+--------+--------+--------+
| CLB                        |    0 |    0 |   861 |   0.00 |   0.00 |   1.75 |
|   CLBL                     |    0 |    0 |   454 |   0.00 |   0.00 |   1.85 |
|   CLBM                     |    0 |    0 |   407 |   0.00 |   0.00 |   1.65 |
| CLB LUTs                   |    0 |    0 |   736 |   0.00 |   0.00 |   0.19 |
|   LUT as Logic             |    0 |    0 |   736 |   0.00 |   0.00 |   0.19 |
|   LUT as Memory            |    0 |    0 |     0 |   0.00 |   0.00 |   0.00 |
|     LUT as Distributed RAM |    0 |    0 |     0 |   0.00 |   0.00 |   0.00 |
|     LUT as Shift Register  |    0 |    0 |     0 |   0.00 |   0.00 |   0.00 |
| CLB Registers              |    0 |    0 | 10544 |   0.00 |   0.00 |   1.34 |
| CARRY8                     |    0 |    0 |   256 |   0.00 |   0.00 |   0.52 |
| F7 Muxes                   |    0 |    0 |     0 |   0.00 |   0.00 |   0.00 |
| F8 Muxes                   |    0 |    0 |     0 |   0.00 |   0.00 |   0.00 |
| F9 Muxes                   |    0 |    0 |     0 |   0.00 |   0.00 |   0.00 |
| Block RAM Tile             |    0 |    0 |     0 |   0.00 |   0.00 |   0.00 |
|   RAMB36/FIFO              |    0 |    0 |     0 |   0.00 |   0.00 |   0.00 |
|   RAMB18                   |    0 |    0 |     0 |   0.00 |   0.00 |   0.00 |
| URAM                       |    0 |    0 |     0 |   0.00 |   0.00 |   0.00 |
| DSPs                       |    0 |    0 |     0 |   0.00 |   0.00 |   0.00 |
| PLL                        |    0 |    0 |     0 |   0.00 |   0.00 |   0.00 |
| MMCM                       |    0 |    0 |     0 |   0.00 |   0.00 |   0.00 |
| Unique Control Sets        |    0 |    0 |     1 |   0.00 |   0.00 |  <0.01 |
+----------------------------+------+------+-------+--------+--------+--------+
* Note: Available Control Sets based on CLB Registers / 8


17. SLR IO Utilization
----------------------

+-----------+-----------+---------+------------+----------+------------+----------+-----+
| SLR Index | Used IOBs | (%)IOBs | Used IPADs | (%)IPADs | Used OPADs | (%)OPADs | GTs |
+-----------+-----------+---------+------------+----------+------------+----------+-----+
| SLR2      |         0 |    0.00 |          0 |     0.00 |          0 |     0.00 |   0 |
| SLR1      |         0 |    0.00 |          0 |     0.00 |          0 |     0.00 |   0 |
| SLR0      |         0 |    0.00 |          0 |     0.00 |          0 |     0.00 |   0 |
+-----------+-----------+---------+------------+----------+------------+----------+-----+
| Total     |         0 |         |          0 |          |          0 |          |   0 |
+-----------+-----------+---------+------------+----------+------------+----------+-----+


