Copyright 1986-2020 Xilinx, Inc. All Rights Reserved.
--------------------------------------------------------------------------------------------------------------------------------------------------------
| Tool Version      : Vivado v.2020.1 (lin64) Build 2902540 Wed May 27 19:54:35 MDT 2020
| Date              : Mon Sep 22 19:18:15 2025
| Host              : orthanc running 64-bit Ubuntu 22.04.4 LTS
| Command           : report_timing_summary -file /home/jyoo/custom_v_2/custom-core-tool/reports/memory_wo_simd/single/627_cam4_s/post_route_timing.rpt
| Design            : top_bench__627_cam4_s
| Device            : xcu200-fsgd2104
| Speed File        : -2  PRODUCTION 1.27 02-28-2020
| Temperature Grade : E
--------------------------------------------------------------------------------------------------------------------------------------------------------

Timing Summary Report

------------------------------------------------------------------------------------------------
| Timer Settings
| --------------
------------------------------------------------------------------------------------------------

  Enable Multi Corner Analysis               :  Yes
  Enable Pessimism Removal                   :  Yes
  Pessimism Removal Resolution               :  Nearest Common Node
  Enable Input Delay Default Clock           :  No
  Enable Preset / Clear Arcs                 :  No
  Disable Flight Delays                      :  No
  Ignore I/O Paths                           :  No
  Timing Early Launch at Borrowing Latches   :  No
  Borrow Time for Max Delay Exceptions       :  Yes
  Merge Timing Exceptions                    :  Yes

  Corner  Analyze    Analyze    
  Name    Max Paths  Min Paths  
  ------  ---------  ---------  
  Slow    Yes        Yes        
  Fast    Yes        Yes        



check_timing report

Table of Contents
-----------------
1. checking no_clock (0)
2. checking constant_clock (0)
3. checking pulse_width_clock (0)
4. checking unconstrained_internal_endpoints (0)
5. checking no_input_delay (64)
6. checking no_output_delay (64)
7. checking multiple_clock (0)
8. checking generated_clocks (0)
9. checking loops (0)
10. checking partial_input_delay (0)
11. checking partial_output_delay (0)
12. checking latch_loops (0)

1. checking no_clock (0)
------------------------
 There are 0 register/latch pins with no clock.


2. checking constant_clock (0)
------------------------------
 There are 0 register/latch pins with constant_clock.


3. checking pulse_width_clock (0)
---------------------------------
 There are 0 register/latch pins which need pulse_width check


4. checking unconstrained_internal_endpoints (0)
------------------------------------------------
 There are 0 pins that are not constrained for maximum delay.

 There are 0 pins that are not constrained for maximum delay due to constant clock.


5. checking no_input_delay (64)
-------------------------------
 There are 64 input ports with no input delay specified. (HIGH)

 There are 0 input ports with no input delay but user has a false path constraint.


6. checking no_output_delay (64)
--------------------------------
 There are 64 ports with no output delay specified. (HIGH)

 There are 0 ports with no output delay but user has a false path constraint

 There are 0 ports with no output delay but with a timing clock defined on it or propagating through it


7. checking multiple_clock (0)
------------------------------
 There are 0 register/latch pins with multiple clocks.


8. checking generated_clocks (0)
--------------------------------
 There are 0 generated clocks that are not connected to a clock source.


9. checking loops (0)
---------------------
 There are 0 combinational loops in the design.


10. checking partial_input_delay (0)
------------------------------------
 There are 0 input ports with partial input delay specified.


11. checking partial_output_delay (0)
-------------------------------------
 There are 0 ports with partial output delay specified.


12. checking latch_loops (0)
----------------------------
 There are 0 combinational latch loops in the design through latch input



------------------------------------------------------------------------------------------------
| Design Timing Summary
| ---------------------
------------------------------------------------------------------------------------------------

    WNS(ns)      TNS(ns)  TNS Failing Endpoints  TNS Total Endpoints      WHS(ns)      THS(ns)  THS Failing Endpoints  THS Total Endpoints     WPWS(ns)     TPWS(ns)  TPWS Failing Endpoints  TPWS Total Endpoints  
    -------      -------  ---------------------  -------------------      -------      -------  ---------------------  -------------------     --------     --------  ----------------------  --------------------  
      2.141        0.000                      0                 2857        0.010        0.000                      0                 2857        1.134        0.000                       0                  3075  


All user specified timing constraints are met.


------------------------------------------------------------------------------------------------
| Clock Summary
| -------------
------------------------------------------------------------------------------------------------

Clock     Waveform(ns)         Period(ns)      Frequency(MHz)
-----     ------------         ----------      --------------
host_clk  {0.000 1.666}        3.333           300.030         


------------------------------------------------------------------------------------------------
| Intra Clock Table
| -----------------
------------------------------------------------------------------------------------------------

Clock             WNS(ns)      TNS(ns)  TNS Failing Endpoints  TNS Total Endpoints      WHS(ns)      THS(ns)  THS Failing Endpoints  THS Total Endpoints     WPWS(ns)     TPWS(ns)  TPWS Failing Endpoints  TPWS Total Endpoints  
-----             -------      -------  ---------------------  -------------------      -------      -------  ---------------------  -------------------     --------     --------  ----------------------  --------------------  
host_clk            2.141        0.000                      0                 2857        0.010        0.000                      0                 2857        1.134        0.000                       0                  3075  


------------------------------------------------------------------------------------------------
| Inter Clock Table
| -----------------
------------------------------------------------------------------------------------------------

From Clock    To Clock          WNS(ns)      TNS(ns)  TNS Failing Endpoints  TNS Total Endpoints      WHS(ns)      THS(ns)  THS Failing Endpoints  THS Total Endpoints  
----------    --------          -------      -------  ---------------------  -------------------      -------      -------  ---------------------  -------------------  


------------------------------------------------------------------------------------------------
| Other Path Groups Table
| -----------------------
------------------------------------------------------------------------------------------------

Path Group    From Clock    To Clock          WNS(ns)      TNS(ns)  TNS Failing Endpoints  TNS Total Endpoints      WHS(ns)      THS(ns)  THS Failing Endpoints  THS Total Endpoints  
----------    ----------    --------          -------      -------  ---------------------  -------------------      -------      -------  ---------------------  -------------------  


------------------------------------------------------------------------------------------------
| Timing Details
| --------------
------------------------------------------------------------------------------------------------


---------------------------------------------------------------------------------------------------
From Clock:  host_clk
  To Clock:  host_clk

Setup :            0  Failing Endpoints,  Worst Slack        2.141ns,  Total Violation        0.000ns
Hold  :            0  Failing Endpoints,  Worst Slack        0.010ns,  Total Violation        0.000ns
PW    :            0  Failing Endpoints,  Worst Slack        1.134ns,  Total Violation        0.000ns
---------------------------------------------------------------------------------------------------


Max Delay Paths
--------------------------------------------------------------------------------------
Slack (MET) :             2.141ns  (required time - arrival time)
  Source:                 u_627_cam4_s/glen[0].core_i/src_q_reg[2]/C
                            (rising edge-triggered cell FDRE clocked by host_clk  {rise@0.000ns fall@1.666ns period=3.333ns})
  Destination:            u_627_cam4_s/glen[0].core_i/core/g[0].g_normal.alu_i/g_soft_only.y_reg[63]/D
                            (rising edge-triggered cell FDRE clocked by host_clk  {rise@0.000ns fall@1.666ns period=3.333ns})
  Path Group:             host_clk
  Path Type:              Setup (Max at Slow Process Corner)
  Requirement:            3.333ns  (host_clk rise@3.333ns - host_clk rise@0.000ns)
  Data Path Delay:        1.131ns  (logic 0.392ns (34.660%)  route 0.739ns (65.340%))
  Logic Levels:           8  (CARRY8=8)
  Clock Path Skew:        -0.051ns (DCD - SCD + CPR)
    Destination Clock Delay (DCD):    2.178ns = ( 5.511 - 3.333 ) 
    Source Clock Delay      (SCD):    2.695ns
    Clock Pessimism Removal (CPR):    0.466ns
  Clock Uncertainty:      0.035ns  ((TSJ^2 + TIJ^2)^1/2 + DJ) / 2 + PE
    Total System Jitter     (TSJ):    0.071ns
    Total Input Jitter      (TIJ):    0.000ns
    Discrete Jitter          (DJ):    0.000ns
    Phase Error              (PE):    0.000ns
  Clock Net Delay (Source):      1.805ns (routing 0.985ns, distribution 0.820ns)
  Clock Net Delay (Destination): 1.581ns (routing 0.896ns, distribution 0.685ns)

    Location             Delay type                Incr(ns)  Path(ns)    Netlist Resource(s)
  -------------------------------------------------------------------    -------------------
                         (clock host_clk rise edge)
                                                      0.000     0.000 r  
    H17                                               0.000     0.000 r  clk (IN)
                         net (fo=0)                   0.000     0.000    clk_IBUF_inst/I
    H17                  INBUF (Prop_INBUF_HPIOB_M_PAD_O)
                                                      0.514     0.514 r  clk_IBUF_inst/INBUF_INST/O
                         net (fo=1, routed)           0.000     0.514    clk_IBUF_inst/OUT
    H17                  IBUFCTRL (Prop_IBUFCTRL_HPIOB_M_I_O)
                                                      0.000     0.514 r  clk_IBUF_inst/IBUFCTRL_INST/O
                         net (fo=1, routed)           0.348     0.862    clk_IBUF
    BUFGCE_X1Y290        BUFGCE (Prop_BUFCE_BUFGCE_I_O)
                                                      0.028     0.890 r  clk_IBUF_BUFG_inst/O
    X5Y14 (CLOCK_ROOT)   net (fo=3087, routed)        1.805     2.695    u_627_cam4_s/glen[0].core_i/clk
    SLICE_X145Y854       FDRE                                         r  u_627_cam4_s/glen[0].core_i/src_q_reg[2]/C
  -------------------------------------------------------------------    -------------------
    SLICE_X145Y854       FDRE (Prop_AFF2_SLICEL_C_Q)
                                                      0.081     2.776 r  u_627_cam4_s/glen[0].core_i/src_q_reg[2]/Q
                         net (fo=2, routed)           0.531     3.307    u_627_cam4_s/glen[0].core_i/core/g[0].g_normal.alu_i/a[2]
    SLICE_X145Y855       CARRY8 (Prop_CARRY8_SLICEL_DI[2]_CO[7])
                                                      0.105     3.412 r  u_627_cam4_s/glen[0].core_i/core/g[0].g_normal.alu_i/g_soft_only.y_reg[7]_i_1/CO[7]
                         net (fo=1, routed)           0.026     3.438    u_627_cam4_s/glen[0].core_i/core/g[0].g_normal.alu_i/g_soft_only.y_reg[7]_i_1_n_0
    SLICE_X145Y856       CARRY8 (Prop_CARRY8_SLICEL_CI_CO[7])
                                                      0.015     3.453 r  u_627_cam4_s/glen[0].core_i/core/g[0].g_normal.alu_i/g_soft_only.y_reg[15]_i_1/CO[7]
                         net (fo=1, routed)           0.026     3.479    u_627_cam4_s/glen[0].core_i/core/g[0].g_normal.alu_i/g_soft_only.y_reg[15]_i_1_n_0
    SLICE_X145Y857       CARRY8 (Prop_CARRY8_SLICEL_CI_CO[7])
                                                      0.015     3.494 r  u_627_cam4_s/glen[0].core_i/core/g[0].g_normal.alu_i/g_soft_only.y_reg[23]_i_1/CO[7]
                         net (fo=1, routed)           0.026     3.520    u_627_cam4_s/glen[0].core_i/core/g[0].g_normal.alu_i/g_soft_only.y_reg[23]_i_1_n_0
    SLICE_X145Y858       CARRY8 (Prop_CARRY8_SLICEL_CI_CO[7])
                                                      0.015     3.535 r  u_627_cam4_s/glen[0].core_i/core/g[0].g_normal.alu_i/g_soft_only.y_reg[31]_i_1/CO[7]
                         net (fo=1, routed)           0.026     3.561    u_627_cam4_s/glen[0].core_i/core/g[0].g_normal.alu_i/g_soft_only.y_reg[31]_i_1_n_0
    SLICE_X145Y859       CARRY8 (Prop_CARRY8_SLICEL_CI_CO[7])
                                                      0.015     3.576 r  u_627_cam4_s/glen[0].core_i/core/g[0].g_normal.alu_i/g_soft_only.y_reg[39]_i_1/CO[7]
                         net (fo=1, routed)           0.026     3.602    u_627_cam4_s/glen[0].core_i/core/g[0].g_normal.alu_i/g_soft_only.y_reg[39]_i_1_n_0
    SLICE_X145Y860       CARRY8 (Prop_CARRY8_SLICEL_CI_CO[7])
                                                      0.015     3.617 r  u_627_cam4_s/glen[0].core_i/core/g[0].g_normal.alu_i/g_soft_only.y_reg[47]_i_1/CO[7]
                         net (fo=1, routed)           0.026     3.643    u_627_cam4_s/glen[0].core_i/core/g[0].g_normal.alu_i/g_soft_only.y_reg[47]_i_1_n_0
    SLICE_X145Y861       CARRY8 (Prop_CARRY8_SLICEL_CI_CO[7])
                                                      0.015     3.658 r  u_627_cam4_s/glen[0].core_i/core/g[0].g_normal.alu_i/g_soft_only.y_reg[55]_i_1/CO[7]
                         net (fo=1, routed)           0.026     3.684    u_627_cam4_s/glen[0].core_i/core/g[0].g_normal.alu_i/g_soft_only.y_reg[55]_i_1_n_0
    SLICE_X145Y862       CARRY8 (Prop_CARRY8_SLICEL_CI_O[7])
                                                      0.116     3.800 r  u_627_cam4_s/glen[0].core_i/core/g[0].g_normal.alu_i/g_soft_only.y_reg[63]_i_1/O[7]
                         net (fo=1, routed)           0.026     3.826    u_627_cam4_s/glen[0].core_i/core/g[0].g_normal.alu_i/g_soft_only.y_comb[63]
    SLICE_X145Y862       FDRE                                         r  u_627_cam4_s/glen[0].core_i/core/g[0].g_normal.alu_i/g_soft_only.y_reg[63]/D
  -------------------------------------------------------------------    -------------------

                         (clock host_clk rise edge)
                                                      3.333     3.333 r  
    H17                                               0.000     3.333 r  clk (IN)
                         net (fo=0)                   0.000     3.333    clk_IBUF_inst/I
    H17                  INBUF (Prop_INBUF_HPIOB_M_PAD_O)
                                                      0.264     3.597 r  clk_IBUF_inst/INBUF_INST/O
                         net (fo=1, routed)           0.000     3.597    clk_IBUF_inst/OUT
    H17                  IBUFCTRL (Prop_IBUFCTRL_HPIOB_M_I_O)
                                                      0.000     3.597 r  clk_IBUF_inst/IBUFCTRL_INST/O
                         net (fo=1, routed)           0.309     3.906    clk_IBUF
    BUFGCE_X1Y290        BUFGCE (Prop_BUFCE_BUFGCE_I_O)
                                                      0.024     3.930 r  clk_IBUF_BUFG_inst/O
    X5Y14 (CLOCK_ROOT)   net (fo=3087, routed)        1.581     5.511    u_627_cam4_s/glen[0].core_i/core/g[0].g_normal.alu_i/clk
    SLICE_X145Y862       FDRE                                         r  u_627_cam4_s/glen[0].core_i/core/g[0].g_normal.alu_i/g_soft_only.y_reg[63]/C
                         clock pessimism              0.466     5.977    
                         clock uncertainty           -0.035     5.942    
    SLICE_X145Y862       FDRE (Setup_HFF_SLICEL_C_D)
                                                      0.025     5.967    u_627_cam4_s/glen[0].core_i/core/g[0].g_normal.alu_i/g_soft_only.y_reg[63]
  -------------------------------------------------------------------
                         required time                          5.967    
                         arrival time                          -3.826    
  -------------------------------------------------------------------
                         slack                                  2.141    





Min Delay Paths
--------------------------------------------------------------------------------------
Slack (MET) :             0.010ns  (arrival time - required time)
  Source:                 u_627_cam4_s/glen[6].core_i/core/g[0].g_ff.stage_reg[1][56]/C
                            (rising edge-triggered cell FDRE clocked by host_clk  {rise@0.000ns fall@1.666ns period=3.333ns})
  Destination:            u_627_cam4_s/glen[6].core_i/core/g[1].g_normal.alu_i/g_mov.y_reg[56]/D
                            (rising edge-triggered cell FDRE clocked by host_clk  {rise@0.000ns fall@1.666ns period=3.333ns})
  Path Group:             host_clk
  Path Type:              Hold (Min at Slow Process Corner)
  Requirement:            0.000ns  (host_clk rise@0.000ns - host_clk rise@0.000ns)
  Data Path Delay:        0.161ns  (logic 0.058ns (36.025%)  route 0.103ns (63.975%))
  Logic Levels:           0  
  Clock Path Skew:        0.089ns (DCD - SCD - CPR)
    Destination Clock Delay (DCD):    2.688ns
    Source Clock Delay      (SCD):    2.183ns
    Clock Pessimism Removal (CPR):    0.416ns
  Clock Net Delay (Source):      1.586ns (routing 0.896ns, distribution 0.690ns)
  Clock Net Delay (Destination): 1.798ns (routing 0.985ns, distribution 0.813ns)

    Location             Delay type                Incr(ns)  Path(ns)    Netlist Resource(s)
  -------------------------------------------------------------------    -------------------
                         (clock host_clk rise edge)
                                                      0.000     0.000 r  
    H17                                               0.000     0.000 r  clk (IN)
                         net (fo=0)                   0.000     0.000    clk_IBUF_inst/I
    H17                  INBUF (Prop_INBUF_HPIOB_M_PAD_O)
                                                      0.264     0.264 r  clk_IBUF_inst/INBUF_INST/O
                         net (fo=1, routed)           0.000     0.264    clk_IBUF_inst/OUT
    H17                  IBUFCTRL (Prop_IBUFCTRL_HPIOB_M_I_O)
                                                      0.000     0.264 r  clk_IBUF_inst/IBUFCTRL_INST/O
                         net (fo=1, routed)           0.309     0.573    clk_IBUF
    BUFGCE_X1Y290        BUFGCE (Prop_BUFCE_BUFGCE_I_O)
                                                      0.024     0.597 r  clk_IBUF_BUFG_inst/O
    X5Y14 (CLOCK_ROOT)   net (fo=3087, routed)        1.586     2.183    u_627_cam4_s/glen[6].core_i/core/clk
    SLICE_X144Y861       FDRE                                         r  u_627_cam4_s/glen[6].core_i/core/g[0].g_ff.stage_reg[1][56]/C
  -------------------------------------------------------------------    -------------------
    SLICE_X144Y861       FDRE (Prop_HFF_SLICEM_C_Q)
                                                      0.058     2.241 r  u_627_cam4_s/glen[6].core_i/core/g[0].g_ff.stage_reg[1][56]/Q
                         net (fo=1, routed)           0.103     2.344    u_627_cam4_s/glen[6].core_i/core/g[1].g_normal.alu_i/a[56]
    SLICE_X143Y862       FDRE                                         r  u_627_cam4_s/glen[6].core_i/core/g[1].g_normal.alu_i/g_mov.y_reg[56]/D
  -------------------------------------------------------------------    -------------------

                         (clock host_clk rise edge)
                                                      0.000     0.000 r  
    H17                                               0.000     0.000 r  clk (IN)
                         net (fo=0)                   0.000     0.000    clk_IBUF_inst/I
    H17                  INBUF (Prop_INBUF_HPIOB_M_PAD_O)
                                                      0.514     0.514 r  clk_IBUF_inst/INBUF_INST/O
                         net (fo=1, routed)           0.000     0.514    clk_IBUF_inst/OUT
    H17                  IBUFCTRL (Prop_IBUFCTRL_HPIOB_M_I_O)
                                                      0.000     0.514 r  clk_IBUF_inst/IBUFCTRL_INST/O
                         net (fo=1, routed)           0.348     0.862    clk_IBUF
    BUFGCE_X1Y290        BUFGCE (Prop_BUFCE_BUFGCE_I_O)
                                                      0.028     0.890 r  clk_IBUF_BUFG_inst/O
    X5Y14 (CLOCK_ROOT)   net (fo=3087, routed)        1.798     2.688    u_627_cam4_s/glen[6].core_i/core/g[1].g_normal.alu_i/clk
    SLICE_X143Y862       FDRE                                         r  u_627_cam4_s/glen[6].core_i/core/g[1].g_normal.alu_i/g_mov.y_reg[56]/C
                         clock pessimism             -0.416     2.272    
    SLICE_X143Y862       FDRE (Hold_BFF2_SLICEL_C_D)
                                                      0.062     2.334    u_627_cam4_s/glen[6].core_i/core/g[1].g_normal.alu_i/g_mov.y_reg[56]
  -------------------------------------------------------------------
                         required time                         -2.334    
                         arrival time                           2.344    
  -------------------------------------------------------------------
                         slack                                  0.010    





Pulse Width Checks
--------------------------------------------------------------------------------------
Clock Name:         host_clk
Waveform(ns):       { 0.000 1.666 }
Period(ns):         3.333
Sources:            { clk }

Check Type        Corner  Lib Pin     Reference Pin  Required(ns)  Actual(ns)  Slack(ns)  Location        Pin
Min Period        n/a     BUFGCE/I    n/a            1.290         3.333       2.043      BUFGCE_X1Y290   clk_IBUF_BUFG_inst/I
Low Pulse Width   Slow    SRL16E/CLK  n/a            0.532         1.666       1.134      SLICE_X152Y862  u_627_cam4_s/glen[3].core_i/core/g[1].g_normal.alu_i/g_imul.mul64_ip.mul_i/U0/i_mult/gDSP.gDSP_only.iDSP/use_prim.appDSP48[1].bppDSP48[0].need_output_delay.output_delay/dN_hlutnm.srl_loop[0].i_srl16e0/CLK
High Pulse Width  Fast    SRL16E/CLK  n/a            0.532         1.666       1.135      SLICE_X152Y862  u_627_cam4_s/glen[3].core_i/core/g[1].g_normal.alu_i/g_imul.mul64_ip.mul_i/U0/i_mult/gDSP.gDSP_only.iDSP/use_prim.appDSP48[1].bppDSP48[0].need_output_delay.output_delay/dN_hlutnm.srl_loop[0].i_srl16e0/CLK



