Copyright 1986-2020 Xilinx, Inc. All Rights Reserved.
---------------------------------------------------------------------------------------------------------------------------------------------------------
| Tool Version : Vivado v.2020.1 (lin64) Build 2902540 Wed May 27 19:54:35 MDT 2020
| Date         : Sun Sep 21 21:42:19 2025
| Host         : orthanc running 64-bit Ubuntu 22.04.4 LTS
| Command      : report_utilization -hierarchical -file /home/jyoo/custom_v_2/custom-core-tool/reports/alubase/benches/505_mcf_r/505_mcf_r_util_hier.rpt
| Design       : top_bench__505_mcf_r
| Device       : xcu200fsgd2104-2
| Design State : Optimized
---------------------------------------------------------------------------------------------------------------------------------------------------------

Utilization Design Information

Table of Contents
-----------------
1. Utilization by Hierarchy

1. Utilization by Hierarchy
---------------------------

+-----------------------------------------------------------------------------------+------------------------------------------------------+------------+------------+---------+------+------+--------+--------+------+------------+
|                                      Instance                                     |                        Module                        | Total LUTs | Logic LUTs | LUTRAMs | SRLs |  FFs | RAMB36 | RAMB18 | URAM | DSP Blocks |
+-----------------------------------------------------------------------------------+------------------------------------------------------+------------+------------+---------+------+------+--------+--------+------+------------+
| top_bench__505_mcf_r                                                              |                                                (top) |       1434 |       1041 |       0 |  393 | 6540 |      0 |      0 |    0 |         30 |
|   (top_bench__505_mcf_r)                                                          |                                                (top) |          0 |          0 |       0 |    0 |    0 |      0 |      0 |    0 |          0 |
|   u_505_mcf_r                                                                     |                                bench_core__505_mcf_r |       1434 |       1041 |       0 |  393 | 6540 |      0 |      0 |    0 |         30 |
|     (u_505_mcf_r)                                                                 |                                bench_core__505_mcf_r |        256 |        256 |       0 |    0 |    0 |      0 |      0 |    0 |          0 |
|     glen[0].core_i                                                                |                                    uop_block_wrap__1 |          1 |          1 |       0 |    0 |  256 |      0 |      0 |    0 |          0 |
|       (glen[0].core_i)                                                            |                                    uop_block_wrap__1 |          0 |          0 |       0 |    0 |  128 |      0 |      0 |    0 |          0 |
|       core                                                                        |                                         uop_block__1 |          1 |          1 |       0 |    0 |  128 |      0 |      0 |    0 |          0 |
|         (core)                                                                    |                                         uop_block__1 |          1 |          1 |       0 |    0 |    0 |      0 |      0 |    0 |          0 |
|         g[0].g_normal.alu_i                                                       |                                     microop_unit__15 |          0 |          0 |       0 |    0 |   64 |      0 |      0 |    0 |          0 |
|         g[1].g_normal.alu_i                                                       |                                     microop_unit__14 |          0 |          0 |       0 |    0 |   64 |      0 |      0 |    0 |          0 |
|     glen[10].core_i                                                               |                       uop_block_wrap__parameterized4 |         65 |         65 |       0 |    0 |  384 |      0 |      0 |    0 |          0 |
|       (glen[10].core_i)                                                           |                       uop_block_wrap__parameterized4 |          0 |          0 |       0 |    0 |  192 |      0 |      0 |    0 |          0 |
|       core                                                                        |                            uop_block__parameterized4 |         65 |         65 |       0 |    0 |  192 |      0 |      0 |    0 |          0 |
|         (core)                                                                    |                            uop_block__parameterized4 |          1 |          1 |       0 |    0 |    0 |      0 |      0 |    0 |          0 |
|         g[0].g_normal.alu_i                                                       |              microop_unit__parameterized3__xdcDup__4 |         64 |         64 |       0 |    0 |  128 |      0 |      0 |    0 |          0 |
|           (g[0].g_normal.alu_i)                                                   |              microop_unit__parameterized3__xdcDup__4 |          0 |          0 |       0 |    0 |   64 |      0 |      0 |    0 |          0 |
|           g_iadd.use_ip.int_addsub_i                                              |                                integer_addsub_HD1814 |         64 |         64 |       0 |    0 |   64 |      0 |      0 |    0 |          0 |
|             U0                                                                    |               integer_addsubc_addsub_v12_0_14_HD1815 |         64 |         64 |       0 |    0 |   64 |      0 |      0 |    0 |          0 |
|               xst_addsub                                                          |           integer_addsubc_addsub_v12_0_14_viv_HD1816 |         64 |         64 |       0 |    0 |   64 |      0 |      0 |    0 |          0 |
|                 i_baseblox.i_baseblox_addsub                                      |        integer_addsubc_addsub_v12_0_14_legacy_HD1817 |         64 |         64 |       0 |    0 |   64 |      0 |      0 |    0 |          0 |
|                   no_pipelining.the_addsub                                        | integer_addsubc_addsub_v12_0_14_fabric_legacy_HD1818 |         64 |         64 |       0 |    0 |   64 |      0 |      0 |    0 |          0 |
|                     i_lut6.i_lut6_addsub                                          |   integer_addsubc_addsub_v12_0_14_lut6_legacy_HD1819 |         64 |         64 |       0 |    0 |   64 |      0 |      0 |    0 |          0 |
|                       (i_lut6.i_lut6_addsub)                                      |   integer_addsubc_addsub_v12_0_14_lut6_legacy_HD1819 |         64 |         64 |       0 |    0 |    0 |      0 |      0 |    0 |          0 |
|                       i_q.i_simple.qreg                                           |            integer_addsubc_reg_fd_v12_0_6_viv_HD1820 |          0 |          0 |       0 |    0 |   64 |      0 |      0 |    0 |          0 |
|         g[1].g_normal.alu_i                                                       |                                     microop_unit__11 |          0 |          0 |       0 |    0 |   64 |      0 |      0 |    0 |          0 |
|     glen[11].core_i                                                               |                       uop_block_wrap__parameterized2 |         65 |         65 |       0 |    0 |  320 |      0 |      0 |    0 |          0 |
|       (glen[11].core_i)                                                           |                       uop_block_wrap__parameterized2 |          0 |          0 |       0 |    0 |  128 |      0 |      0 |    0 |          0 |
|       core                                                                        |                            uop_block__parameterized2 |         65 |         65 |       0 |    0 |  192 |      0 |      0 |    0 |          0 |
|         (core)                                                                    |                            uop_block__parameterized2 |          1 |          1 |       0 |    0 |    0 |      0 |      0 |    0 |          0 |
|         g[0].g_normal.alu_i                                                       |                                     microop_unit__12 |          0 |          0 |       0 |    0 |   64 |      0 |      0 |    0 |          0 |
|         g[1].g_normal.alu_i                                                       |                         microop_unit__parameterized0 |         64 |         64 |       0 |    0 |  128 |      0 |      0 |    0 |          0 |
|           (g[1].g_normal.alu_i)                                                   |                         microop_unit__parameterized0 |          0 |          0 |       0 |    0 |   64 |      0 |      0 |    0 |          0 |
|           g_iadd.use_ip.int_addsub_i                                              |                                integer_addsub_HD1821 |         64 |         64 |       0 |    0 |   64 |      0 |      0 |    0 |          0 |
|             U0                                                                    |               integer_addsubc_addsub_v12_0_14_HD1822 |         64 |         64 |       0 |    0 |   64 |      0 |      0 |    0 |          0 |
|               xst_addsub                                                          |           integer_addsubc_addsub_v12_0_14_viv_HD1823 |         64 |         64 |       0 |    0 |   64 |      0 |      0 |    0 |          0 |
|                 i_baseblox.i_baseblox_addsub                                      |        integer_addsubc_addsub_v12_0_14_legacy_HD1824 |         64 |         64 |       0 |    0 |   64 |      0 |      0 |    0 |          0 |
|                   no_pipelining.the_addsub                                        | integer_addsubc_addsub_v12_0_14_fabric_legacy_HD1825 |         64 |         64 |       0 |    0 |   64 |      0 |      0 |    0 |          0 |
|                     i_lut6.i_lut6_addsub                                          |   integer_addsubc_addsub_v12_0_14_lut6_legacy_HD1826 |         64 |         64 |       0 |    0 |   64 |      0 |      0 |    0 |          0 |
|                       (i_lut6.i_lut6_addsub)                                      |   integer_addsubc_addsub_v12_0_14_lut6_legacy_HD1826 |         64 |         64 |       0 |    0 |    0 |      0 |      0 |    0 |          0 |
|                       i_q.i_simple.qreg                                           |            integer_addsubc_reg_fd_v12_0_6_viv_HD1827 |          0 |          0 |       0 |    0 |   64 |      0 |      0 |    0 |          0 |
|     glen[12].core_i                                                               |                                       uop_block_wrap |          1 |          1 |       0 |    0 |  256 |      0 |      0 |    0 |          0 |
|       (glen[12].core_i)                                                           |                                       uop_block_wrap |          0 |          0 |       0 |    0 |  128 |      0 |      0 |    0 |          0 |
|       core                                                                        |                                            uop_block |          1 |          1 |       0 |    0 |  128 |      0 |      0 |    0 |          0 |
|         (core)                                                                    |                                            uop_block |          1 |          1 |       0 |    0 |    0 |      0 |      0 |    0 |          0 |
|         g[0].g_normal.alu_i                                                       |                                      microop_unit__3 |          0 |          0 |       0 |    0 |   64 |      0 |      0 |    0 |          0 |
|         g[1].g_normal.alu_i                                                       |                                      microop_unit__4 |          0 |          0 |       0 |    0 |   64 |      0 |      0 |    0 |          0 |
|     glen[13].core_i                                                               |                       uop_block_wrap__parameterized7 |         65 |         65 |       0 |    0 |  448 |      0 |      0 |    0 |          0 |
|       (glen[13].core_i)                                                           |                       uop_block_wrap__parameterized7 |          0 |          0 |       0 |    0 |  192 |      0 |      0 |    0 |          0 |
|       core                                                                        |                            uop_block__parameterized7 |         65 |         65 |       0 |    0 |  256 |      0 |      0 |    0 |          0 |
|         (core)                                                                    |                            uop_block__parameterized7 |          1 |          1 |       0 |    0 |   64 |      0 |      0 |    0 |          0 |
|         g[0].g_normal.alu_i                                                       |                      microop_unit__parameterized5__1 |         64 |         64 |       0 |    0 |   64 |      0 |      0 |    0 |          0 |
|         g[1].g_normal.alu_i                                                       |                                     microop_unit__13 |          0 |          0 |       0 |    0 |   64 |      0 |      0 |    0 |          0 |
|         g[2].g_normal.alu_i                                                       |                                         microop_unit |          0 |          0 |       0 |    0 |   64 |      0 |      0 |    0 |          0 |
|     glen[14].core_i                                                               |                       uop_block_wrap__parameterized8 |        519 |        257 |       0 |  262 | 1588 |      0 |      0 |    0 |         20 |
|       (glen[14].core_i)                                                           |                       uop_block_wrap__parameterized8 |          0 |          0 |       0 |    0 |  192 |      0 |      0 |    0 |          0 |
|       core                                                                        |                            uop_block__parameterized8 |        519 |        257 |       0 |  262 | 1396 |      0 |      0 |    0 |         20 |
|         (core)                                                                    |                            uop_block__parameterized8 |          1 |          1 |       0 |    0 |  256 |      0 |      0 |    0 |          0 |
|         g[0].g_normal.alu_i                                                       |                         microop_unit__parameterized5 |         64 |         64 |       0 |    0 |   64 |      0 |      0 |    0 |          0 |
|         g[1].g_normal.alu_i                                                       |                         microop_unit__parameterized1 |         64 |         64 |       0 |    0 |  128 |      0 |      0 |    0 |          0 |
|           (g[1].g_normal.alu_i)                                                   |                         microop_unit__parameterized1 |          0 |          0 |       0 |    0 |   64 |      0 |      0 |    0 |          0 |
|           g_iadd.use_ip.int_addsub_i                                              |                                integer_addsub_HD1828 |         64 |         64 |       0 |    0 |   64 |      0 |      0 |    0 |          0 |
|             U0                                                                    |               integer_addsubc_addsub_v12_0_14_HD1829 |         64 |         64 |       0 |    0 |   64 |      0 |      0 |    0 |          0 |
|               xst_addsub                                                          |           integer_addsubc_addsub_v12_0_14_viv_HD1830 |         64 |         64 |       0 |    0 |   64 |      0 |      0 |    0 |          0 |
|                 i_baseblox.i_baseblox_addsub                                      |        integer_addsubc_addsub_v12_0_14_legacy_HD1831 |         64 |         64 |       0 |    0 |   64 |      0 |      0 |    0 |          0 |
|                   no_pipelining.the_addsub                                        | integer_addsubc_addsub_v12_0_14_fabric_legacy_HD1832 |         64 |         64 |       0 |    0 |   64 |      0 |      0 |    0 |          0 |
|                     i_lut6.i_lut6_addsub                                          |   integer_addsubc_addsub_v12_0_14_lut6_legacy_HD1833 |         64 |         64 |       0 |    0 |   64 |      0 |      0 |    0 |          0 |
|                       (i_lut6.i_lut6_addsub)                                      |   integer_addsubc_addsub_v12_0_14_lut6_legacy_HD1833 |         64 |         64 |       0 |    0 |    0 |      0 |      0 |    0 |          0 |
|                       i_q.i_simple.qreg                                           |            integer_addsubc_reg_fd_v12_0_6_viv_HD1834 |          0 |          0 |       0 |    0 |   64 |      0 |      0 |    0 |          0 |
|         g[2].g_normal.alu_i                                                       |              microop_unit__parameterized2__xdcDup__2 |        131 |          0 |       0 |  131 |  346 |      0 |      0 |    0 |         10 |
|           (g[2].g_normal.alu_i)                                                   |              microop_unit__parameterized2__xdcDup__2 |          0 |          0 |       0 |    0 |   64 |      0 |      0 |    0 |          0 |
|           g_imul.mul64_ip.mul_i                                                   |                                   integer_mul_HD1851 |        131 |          0 |       0 |  131 |  282 |      0 |      0 |    0 |         10 |
|             U0                                                                    |                  integer_mulmult_gen_v12_0_16_HD1852 |        131 |          0 |       0 |  131 |  282 |      0 |      0 |    0 |         10 |
|               i_mult                                                              |              integer_mulmult_gen_v12_0_16_viv_HD1853 |        131 |          0 |       0 |  131 |  282 |      0 |      0 |    0 |         10 |
|                 gDSP.gDSP_only.iDSP                                               |                                integer_muldsp_HD1854 |        131 |          0 |       0 |  131 |  282 |      0 |      0 |    0 |         10 |
|                   (gDSP.gDSP_only.iDSP)                                           |                                integer_muldsp_HD1854 |          0 |          0 |       0 |    0 |    0 |      0 |      0 |    0 |         10 |
|                   use_prim.appDSP48[0].bppDSP48[0].need_output_delay.output_delay |        integer_muldelay_line__parameterized16_HD1855 |          9 |          0 |       0 |    9 |   17 |      0 |      0 |    0 |          0 |
|                   use_prim.appDSP48[0].bppDSP48[2].need_output_delay.output_delay |        integer_muldelay_line__parameterized18_HD1856 |          9 |          0 |       0 |    9 |   17 |      0 |      0 |    0 |          0 |
|                   use_prim.appDSP48[1].bppDSP48[0].need_output_delay.output_delay |        integer_muldelay_line__parameterized19_HD1857 |          9 |          0 |       0 |    9 |   17 |      0 |      0 |    0 |          0 |
|                   use_prim.appDSP48[3].bppDSP48[0].need_output_delay.output_delay |        integer_muldelay_line__parameterized21_HD1859 |          7 |          0 |       0 |    7 |   13 |      0 |      0 |    0 |          0 |
|                   use_prim.iAdelx[0].iAdely[2].use_delay_line.Adelay              |         integer_muldelay_line__parameterized0_HD1861 |          9 |          0 |       0 |    9 |   17 |      0 |      0 |    0 |          0 |
|                   use_prim.iAdelx[1].iAdely[1].use_delay_line.Adelay              |         integer_muldelay_line__parameterized1_HD1862 |          9 |          0 |       0 |    9 |   17 |      0 |      0 |    0 |          0 |
|                   use_prim.iAdelx[1].iAdely[2].use_delay_line.Adelay              |         integer_muldelay_line__parameterized2_HD1863 |          9 |          0 |       0 |    9 |   17 |      0 |      0 |    0 |          0 |
|                   use_prim.iAdelx[2].iAdely[0].use_delay_line.Adelay              |         integer_muldelay_line__parameterized4_HD1865 |          0 |          0 |       0 |    0 |   17 |      0 |      0 |    0 |          0 |
|                   use_prim.iAdelx[2].iAdely[1].use_delay_line.Adelay              |         integer_muldelay_line__parameterized5_HD1866 |          9 |          0 |       0 |    9 |   17 |      0 |      0 |    0 |          0 |
|                   use_prim.iAdelx[3].iAdely[0].use_delay_line.Adelay              |         integer_muldelay_line__parameterized8_HD1869 |          7 |          0 |       0 |    7 |   13 |      0 |      0 |    0 |          0 |
|                   use_prim.iBdelx[0].iBdely[2].need_delay_line.Bdelay             |       integer_muldelay_line__parameterized0_0_HD1871 |          9 |          0 |       0 |    9 |   17 |      0 |      0 |    0 |          0 |
|                   use_prim.iBdelx[0].iBdely[3].need_delay_line.Bdelay             |        integer_muldelay_line__parameterized10_HD1872 |          9 |          0 |       0 |    9 |   18 |      0 |      0 |    0 |          0 |
|                   use_prim.iBdelx[1].iBdely[0].need_delay_line.Bdelay             |       integer_muldelay_line__parameterized4_1_HD1873 |          0 |          0 |       0 |    0 |   17 |      0 |      0 |    0 |          0 |
|                   use_prim.iBdelx[1].iBdely[1].need_delay_line.Bdelay             |       integer_muldelay_line__parameterized1_2_HD1874 |          9 |          0 |       0 |    9 |   17 |      0 |      0 |    0 |          0 |
|                   use_prim.iBdelx[1].iBdely[2].need_delay_line.Bdelay             |       integer_muldelay_line__parameterized2_3_HD1875 |          9 |          0 |       0 |    9 |   17 |      0 |      0 |    0 |          0 |
|                   use_prim.iBdelx[2].iBdely[1].need_delay_line.Bdelay             |       integer_muldelay_line__parameterized5_5_HD1877 |          9 |          0 |       0 |    9 |   17 |      0 |      0 |    0 |          0 |
|                   use_prim.iBdelx[3].iBdely[0].need_delay_line.Bdelay             |        integer_muldelay_line__parameterized11_HD1879 |          9 |          0 |       0 |    9 |   17 |      0 |      0 |    0 |          0 |
|         g[3].g_normal.alu_i                                                       |                         microop_unit__parameterized2 |        131 |          0 |       0 |  131 |  346 |      0 |      0 |    0 |         10 |
|           (g[3].g_normal.alu_i)                                                   |                         microop_unit__parameterized2 |          0 |          0 |       0 |    0 |   64 |      0 |      0 |    0 |          0 |
|           g_imul.mul64_ip.mul_i                                                   |                                   integer_mul_HD1883 |        131 |          0 |       0 |  131 |  282 |      0 |      0 |    0 |         10 |
|             U0                                                                    |                  integer_mulmult_gen_v12_0_16_HD1884 |        131 |          0 |       0 |  131 |  282 |      0 |      0 |    0 |         10 |
|               i_mult                                                              |              integer_mulmult_gen_v12_0_16_viv_HD1885 |        131 |          0 |       0 |  131 |  282 |      0 |      0 |    0 |         10 |
|                 gDSP.gDSP_only.iDSP                                               |                                integer_muldsp_HD1886 |        131 |          0 |       0 |  131 |  282 |      0 |      0 |    0 |         10 |
|                   (gDSP.gDSP_only.iDSP)                                           |                                integer_muldsp_HD1886 |          0 |          0 |       0 |    0 |    0 |      0 |      0 |    0 |         10 |
|                   use_prim.appDSP48[0].bppDSP48[0].need_output_delay.output_delay |        integer_muldelay_line__parameterized16_HD1887 |          9 |          0 |       0 |    9 |   17 |      0 |      0 |    0 |          0 |
|                   use_prim.appDSP48[0].bppDSP48[2].need_output_delay.output_delay |        integer_muldelay_line__parameterized18_HD1888 |          9 |          0 |       0 |    9 |   17 |      0 |      0 |    0 |          0 |
|                   use_prim.appDSP48[1].bppDSP48[0].need_output_delay.output_delay |        integer_muldelay_line__parameterized19_HD1889 |          9 |          0 |       0 |    9 |   17 |      0 |      0 |    0 |          0 |
|                   use_prim.appDSP48[3].bppDSP48[0].need_output_delay.output_delay |        integer_muldelay_line__parameterized21_HD1891 |          7 |          0 |       0 |    7 |   13 |      0 |      0 |    0 |          0 |
|                   use_prim.iAdelx[0].iAdely[2].use_delay_line.Adelay              |         integer_muldelay_line__parameterized0_HD1893 |          9 |          0 |       0 |    9 |   17 |      0 |      0 |    0 |          0 |
|                   use_prim.iAdelx[1].iAdely[1].use_delay_line.Adelay              |         integer_muldelay_line__parameterized1_HD1894 |          9 |          0 |       0 |    9 |   17 |      0 |      0 |    0 |          0 |
|                   use_prim.iAdelx[1].iAdely[2].use_delay_line.Adelay              |         integer_muldelay_line__parameterized2_HD1895 |          9 |          0 |       0 |    9 |   17 |      0 |      0 |    0 |          0 |
|                   use_prim.iAdelx[2].iAdely[0].use_delay_line.Adelay              |         integer_muldelay_line__parameterized4_HD1897 |          0 |          0 |       0 |    0 |   17 |      0 |      0 |    0 |          0 |
|                   use_prim.iAdelx[2].iAdely[1].use_delay_line.Adelay              |         integer_muldelay_line__parameterized5_HD1898 |          9 |          0 |       0 |    9 |   17 |      0 |      0 |    0 |          0 |
|                   use_prim.iAdelx[3].iAdely[0].use_delay_line.Adelay              |         integer_muldelay_line__parameterized8_HD1901 |          7 |          0 |       0 |    7 |   13 |      0 |      0 |    0 |          0 |
|                   use_prim.iBdelx[0].iBdely[2].need_delay_line.Bdelay             |       integer_muldelay_line__parameterized0_0_HD1903 |          9 |          0 |       0 |    9 |   17 |      0 |      0 |    0 |          0 |
|                   use_prim.iBdelx[0].iBdely[3].need_delay_line.Bdelay             |        integer_muldelay_line__parameterized10_HD1904 |          9 |          0 |       0 |    9 |   18 |      0 |      0 |    0 |          0 |
|                   use_prim.iBdelx[1].iBdely[0].need_delay_line.Bdelay             |       integer_muldelay_line__parameterized4_1_HD1905 |          0 |          0 |       0 |    0 |   17 |      0 |      0 |    0 |          0 |
|                   use_prim.iBdelx[1].iBdely[1].need_delay_line.Bdelay             |       integer_muldelay_line__parameterized1_2_HD1906 |          9 |          0 |       0 |    9 |   17 |      0 |      0 |    0 |          0 |
|                   use_prim.iBdelx[1].iBdely[2].need_delay_line.Bdelay             |       integer_muldelay_line__parameterized2_3_HD1907 |          9 |          0 |       0 |    9 |   17 |      0 |      0 |    0 |          0 |
|                   use_prim.iBdelx[2].iBdely[1].need_delay_line.Bdelay             |       integer_muldelay_line__parameterized5_5_HD1909 |          9 |          0 |       0 |    9 |   17 |      0 |      0 |    0 |          0 |
|                   use_prim.iBdelx[3].iBdely[0].need_delay_line.Bdelay             |        integer_muldelay_line__parameterized11_HD1911 |          9 |          0 |       0 |    9 |   17 |      0 |      0 |    0 |          0 |
|         g[4].g_normal.alu_i                                                       |              microop_unit__parameterized3__xdcDup__5 |         64 |         64 |       0 |    0 |  128 |      0 |      0 |    0 |          0 |
|           (g[4].g_normal.alu_i)                                                   |              microop_unit__parameterized3__xdcDup__5 |          0 |          0 |       0 |    0 |   64 |      0 |      0 |    0 |          0 |
|           g_iadd.use_ip.int_addsub_i                                              |                                integer_addsub_HD1835 |         64 |         64 |       0 |    0 |   64 |      0 |      0 |    0 |          0 |
|             U0                                                                    |               integer_addsubc_addsub_v12_0_14_HD1836 |         64 |         64 |       0 |    0 |   64 |      0 |      0 |    0 |          0 |
|               xst_addsub                                                          |           integer_addsubc_addsub_v12_0_14_viv_HD1837 |         64 |         64 |       0 |    0 |   64 |      0 |      0 |    0 |          0 |
|                 i_baseblox.i_baseblox_addsub                                      |        integer_addsubc_addsub_v12_0_14_legacy_HD1838 |         64 |         64 |       0 |    0 |   64 |      0 |      0 |    0 |          0 |
|                   no_pipelining.the_addsub                                        | integer_addsubc_addsub_v12_0_14_fabric_legacy_HD1839 |         64 |         64 |       0 |    0 |   64 |      0 |      0 |    0 |          0 |
|                     i_lut6.i_lut6_addsub                                          |   integer_addsubc_addsub_v12_0_14_lut6_legacy_HD1840 |         64 |         64 |       0 |    0 |   64 |      0 |      0 |    0 |          0 |
|                       (i_lut6.i_lut6_addsub)                                      |   integer_addsubc_addsub_v12_0_14_lut6_legacy_HD1840 |         64 |         64 |       0 |    0 |    0 |      0 |      0 |    0 |          0 |
|                       i_q.i_simple.qreg                                           |            integer_addsubc_reg_fd_v12_0_6_viv_HD1841 |          0 |          0 |       0 |    0 |   64 |      0 |      0 |    0 |          0 |
|         g[5].g_normal.alu_i                                                       |                         microop_unit__parameterized3 |         64 |         64 |       0 |    0 |  128 |      0 |      0 |    0 |          0 |
|           (g[5].g_normal.alu_i)                                                   |                         microop_unit__parameterized3 |          0 |          0 |       0 |    0 |   64 |      0 |      0 |    0 |          0 |
|           g_iadd.use_ip.int_addsub_i                                              |                                integer_addsub_HD1842 |         64 |         64 |       0 |    0 |   64 |      0 |      0 |    0 |          0 |
|             U0                                                                    |               integer_addsubc_addsub_v12_0_14_HD1843 |         64 |         64 |       0 |    0 |   64 |      0 |      0 |    0 |          0 |
|               xst_addsub                                                          |           integer_addsubc_addsub_v12_0_14_viv_HD1844 |         64 |         64 |       0 |    0 |   64 |      0 |      0 |    0 |          0 |
|                 i_baseblox.i_baseblox_addsub                                      |        integer_addsubc_addsub_v12_0_14_legacy_HD1845 |         64 |         64 |       0 |    0 |   64 |      0 |      0 |    0 |          0 |
|                   no_pipelining.the_addsub                                        | integer_addsubc_addsub_v12_0_14_fabric_legacy_HD1846 |         64 |         64 |       0 |    0 |   64 |      0 |      0 |    0 |          0 |
|                     i_lut6.i_lut6_addsub                                          |   integer_addsubc_addsub_v12_0_14_lut6_legacy_HD1847 |         64 |         64 |       0 |    0 |   64 |      0 |      0 |    0 |          0 |
|                       (i_lut6.i_lut6_addsub)                                      |   integer_addsubc_addsub_v12_0_14_lut6_legacy_HD1847 |         64 |         64 |       0 |    0 |    0 |      0 |      0 |    0 |          0 |
|                       i_q.i_simple.qreg                                           |            integer_addsubc_reg_fd_v12_0_6_viv_HD1848 |          0 |          0 |       0 |    0 |   64 |      0 |      0 |    0 |          0 |
|     glen[1].core_i                                                                |                       uop_block_wrap__parameterized0 |         65 |         65 |       0 |    0 |  320 |      0 |      0 |    0 |          0 |
|       (glen[1].core_i)                                                            |                       uop_block_wrap__parameterized0 |          0 |          0 |       0 |    0 |  128 |      0 |      0 |    0 |          0 |
|       core                                                                        |                            uop_block__parameterized0 |         65 |         65 |       0 |    0 |  192 |      0 |      0 |    0 |          0 |
|         (core)                                                                    |                            uop_block__parameterized0 |          1 |          1 |       0 |    0 |    0 |      0 |      0 |    0 |          0 |
|         g[0].g_normal.alu_i                                                       |              microop_unit__parameterized0__xdcDup__1 |         64 |         64 |       0 |    0 |  128 |      0 |      0 |    0 |          0 |
|           (g[0].g_normal.alu_i)                                                   |              microop_unit__parameterized0__xdcDup__1 |          0 |          0 |       0 |    0 |   64 |      0 |      0 |    0 |          0 |
|           g_iadd.use_ip.int_addsub_i                                              |                                       integer_addsub |         64 |         64 |       0 |    0 |   64 |      0 |      0 |    0 |          0 |
|             U0                                                                    |                      integer_addsubc_addsub_v12_0_14 |         64 |         64 |       0 |    0 |   64 |      0 |      0 |    0 |          0 |
|               xst_addsub                                                          |                  integer_addsubc_addsub_v12_0_14_viv |         64 |         64 |       0 |    0 |   64 |      0 |      0 |    0 |          0 |
|                 i_baseblox.i_baseblox_addsub                                      |               integer_addsubc_addsub_v12_0_14_legacy |         64 |         64 |       0 |    0 |   64 |      0 |      0 |    0 |          0 |
|                   no_pipelining.the_addsub                                        |        integer_addsubc_addsub_v12_0_14_fabric_legacy |         64 |         64 |       0 |    0 |   64 |      0 |      0 |    0 |          0 |
|                     i_lut6.i_lut6_addsub                                          |          integer_addsubc_addsub_v12_0_14_lut6_legacy |         64 |         64 |       0 |    0 |   64 |      0 |      0 |    0 |          0 |
|                       (i_lut6.i_lut6_addsub)                                      |          integer_addsubc_addsub_v12_0_14_lut6_legacy |         64 |         64 |       0 |    0 |    0 |      0 |      0 |    0 |          0 |
|                       i_q.i_simple.qreg                                           |                   integer_addsubc_reg_fd_v12_0_6_viv |          0 |          0 |       0 |    0 |   64 |      0 |      0 |    0 |          0 |
|         g[1].g_normal.alu_i                                                       |                                      microop_unit__5 |          0 |          0 |       0 |    0 |   64 |      0 |      0 |    0 |          0 |
|     glen[2].core_i                                                                |                       uop_block_wrap__parameterized1 |         65 |         65 |       0 |    0 |  384 |      0 |      0 |    0 |          0 |
|       (glen[2].core_i)                                                            |                       uop_block_wrap__parameterized1 |          0 |          0 |       0 |    0 |  192 |      0 |      0 |    0 |          0 |
|       core                                                                        |                            uop_block__parameterized1 |         65 |         65 |       0 |    0 |  192 |      0 |      0 |    0 |          0 |
|         (core)                                                                    |                            uop_block__parameterized1 |          1 |          1 |       0 |    0 |    0 |      0 |      0 |    0 |          0 |
|         g[0].g_normal.alu_i                                                       |                                      microop_unit__6 |          0 |          0 |       0 |    0 |   64 |      0 |      0 |    0 |          0 |
|         g[1].g_normal.alu_i                                                       |              microop_unit__parameterized1__xdcDup__1 |         64 |         64 |       0 |    0 |  128 |      0 |      0 |    0 |          0 |
|           (g[1].g_normal.alu_i)                                                   |              microop_unit__parameterized1__xdcDup__1 |          0 |          0 |       0 |    0 |   64 |      0 |      0 |    0 |          0 |
|           g_iadd.use_ip.int_addsub_i                                              |                                integer_addsub_HD1772 |         64 |         64 |       0 |    0 |   64 |      0 |      0 |    0 |          0 |
|             U0                                                                    |               integer_addsubc_addsub_v12_0_14_HD1773 |         64 |         64 |       0 |    0 |   64 |      0 |      0 |    0 |          0 |
|               xst_addsub                                                          |           integer_addsubc_addsub_v12_0_14_viv_HD1774 |         64 |         64 |       0 |    0 |   64 |      0 |      0 |    0 |          0 |
|                 i_baseblox.i_baseblox_addsub                                      |        integer_addsubc_addsub_v12_0_14_legacy_HD1775 |         64 |         64 |       0 |    0 |   64 |      0 |      0 |    0 |          0 |
|                   no_pipelining.the_addsub                                        | integer_addsubc_addsub_v12_0_14_fabric_legacy_HD1776 |         64 |         64 |       0 |    0 |   64 |      0 |      0 |    0 |          0 |
|                     i_lut6.i_lut6_addsub                                          |   integer_addsubc_addsub_v12_0_14_lut6_legacy_HD1777 |         64 |         64 |       0 |    0 |   64 |      0 |      0 |    0 |          0 |
|                       (i_lut6.i_lut6_addsub)                                      |   integer_addsubc_addsub_v12_0_14_lut6_legacy_HD1777 |         64 |         64 |       0 |    0 |    0 |      0 |      0 |    0 |          0 |
|                       i_q.i_simple.qreg                                           |            integer_addsubc_reg_fd_v12_0_6_viv_HD1778 |          0 |          0 |       0 |    0 |   64 |      0 |      0 |    0 |          0 |
|     glen[3].core_i                                                                |            uop_block_wrap__parameterized2__xdcDup__1 |         65 |         65 |       0 |    0 |  320 |      0 |      0 |    0 |          0 |
|       (glen[3].core_i)                                                            |            uop_block_wrap__parameterized2__xdcDup__1 |          0 |          0 |       0 |    0 |  128 |      0 |      0 |    0 |          0 |
|       core                                                                        |                 uop_block__parameterized2__xdcDup__1 |         65 |         65 |       0 |    0 |  192 |      0 |      0 |    0 |          0 |
|         (core)                                                                    |                 uop_block__parameterized2__xdcDup__1 |          1 |          1 |       0 |    0 |    0 |      0 |      0 |    0 |          0 |
|         g[0].g_normal.alu_i                                                       |                                      microop_unit__7 |          0 |          0 |       0 |    0 |   64 |      0 |      0 |    0 |          0 |
|         g[1].g_normal.alu_i                                                       |              microop_unit__parameterized0__xdcDup__2 |         64 |         64 |       0 |    0 |  128 |      0 |      0 |    0 |          0 |
|           (g[1].g_normal.alu_i)                                                   |              microop_unit__parameterized0__xdcDup__2 |          0 |          0 |       0 |    0 |   64 |      0 |      0 |    0 |          0 |
|           g_iadd.use_ip.int_addsub_i                                              |                                integer_addsub_HD1779 |         64 |         64 |       0 |    0 |   64 |      0 |      0 |    0 |          0 |
|             U0                                                                    |               integer_addsubc_addsub_v12_0_14_HD1780 |         64 |         64 |       0 |    0 |   64 |      0 |      0 |    0 |          0 |
|               xst_addsub                                                          |           integer_addsubc_addsub_v12_0_14_viv_HD1781 |         64 |         64 |       0 |    0 |   64 |      0 |      0 |    0 |          0 |
|                 i_baseblox.i_baseblox_addsub                                      |        integer_addsubc_addsub_v12_0_14_legacy_HD1782 |         64 |         64 |       0 |    0 |   64 |      0 |      0 |    0 |          0 |
|                   no_pipelining.the_addsub                                        | integer_addsubc_addsub_v12_0_14_fabric_legacy_HD1783 |         64 |         64 |       0 |    0 |   64 |      0 |      0 |    0 |          0 |
|                     i_lut6.i_lut6_addsub                                          |   integer_addsubc_addsub_v12_0_14_lut6_legacy_HD1784 |         64 |         64 |       0 |    0 |   64 |      0 |      0 |    0 |          0 |
|                       (i_lut6.i_lut6_addsub)                                      |   integer_addsubc_addsub_v12_0_14_lut6_legacy_HD1784 |         64 |         64 |       0 |    0 |    0 |      0 |      0 |    0 |          0 |
|                       i_q.i_simple.qreg                                           |            integer_addsubc_reg_fd_v12_0_6_viv_HD1785 |          0 |          0 |       0 |    0 |   64 |      0 |      0 |    0 |          0 |
|     glen[4].core_i                                                                |                       uop_block_wrap__parameterized3 |        196 |         65 |       0 |  131 |  730 |      0 |      0 |    0 |         10 |
|       (glen[4].core_i)                                                            |                       uop_block_wrap__parameterized3 |          0 |          0 |       0 |    0 |  192 |      0 |      0 |    0 |          0 |
|       core                                                                        |                            uop_block__parameterized3 |        196 |         65 |       0 |  131 |  538 |      0 |      0 |    0 |         10 |
|         (core)                                                                    |                            uop_block__parameterized3 |          1 |          1 |       0 |    0 |   64 |      0 |      0 |    0 |          0 |
|         g[0].g_normal.alu_i                                                       |              microop_unit__parameterized2__xdcDup__1 |        131 |          0 |       0 |  131 |  346 |      0 |      0 |    0 |         10 |
|           (g[0].g_normal.alu_i)                                                   |              microop_unit__parameterized2__xdcDup__1 |          0 |          0 |       0 |    0 |   64 |      0 |      0 |    0 |          0 |
|           g_imul.mul64_ip.mul_i                                                   |                                          integer_mul |        131 |          0 |       0 |  131 |  282 |      0 |      0 |    0 |         10 |
|             U0                                                                    |                         integer_mulmult_gen_v12_0_16 |        131 |          0 |       0 |  131 |  282 |      0 |      0 |    0 |         10 |
|               i_mult                                                              |                     integer_mulmult_gen_v12_0_16_viv |        131 |          0 |       0 |  131 |  282 |      0 |      0 |    0 |         10 |
|                 gDSP.gDSP_only.iDSP                                               |                                       integer_muldsp |        131 |          0 |       0 |  131 |  282 |      0 |      0 |    0 |         10 |
|                   (gDSP.gDSP_only.iDSP)                                           |                                       integer_muldsp |          0 |          0 |       0 |    0 |    0 |      0 |      0 |    0 |         10 |
|                   use_prim.appDSP48[0].bppDSP48[0].need_output_delay.output_delay |               integer_muldelay_line__parameterized16 |          9 |          0 |       0 |    9 |   17 |      0 |      0 |    0 |          0 |
|                   use_prim.appDSP48[0].bppDSP48[2].need_output_delay.output_delay |               integer_muldelay_line__parameterized18 |          9 |          0 |       0 |    9 |   17 |      0 |      0 |    0 |          0 |
|                   use_prim.appDSP48[1].bppDSP48[0].need_output_delay.output_delay |               integer_muldelay_line__parameterized19 |          9 |          0 |       0 |    9 |   17 |      0 |      0 |    0 |          0 |
|                   use_prim.appDSP48[3].bppDSP48[0].need_output_delay.output_delay |               integer_muldelay_line__parameterized21 |          7 |          0 |       0 |    7 |   13 |      0 |      0 |    0 |          0 |
|                   use_prim.iAdelx[0].iAdely[2].use_delay_line.Adelay              |                integer_muldelay_line__parameterized0 |          9 |          0 |       0 |    9 |   17 |      0 |      0 |    0 |          0 |
|                   use_prim.iAdelx[1].iAdely[1].use_delay_line.Adelay              |                integer_muldelay_line__parameterized1 |          9 |          0 |       0 |    9 |   17 |      0 |      0 |    0 |          0 |
|                   use_prim.iAdelx[1].iAdely[2].use_delay_line.Adelay              |                integer_muldelay_line__parameterized2 |          9 |          0 |       0 |    9 |   17 |      0 |      0 |    0 |          0 |
|                   use_prim.iAdelx[2].iAdely[0].use_delay_line.Adelay              |                integer_muldelay_line__parameterized4 |          0 |          0 |       0 |    0 |   17 |      0 |      0 |    0 |          0 |
|                   use_prim.iAdelx[2].iAdely[1].use_delay_line.Adelay              |                integer_muldelay_line__parameterized5 |          9 |          0 |       0 |    9 |   17 |      0 |      0 |    0 |          0 |
|                   use_prim.iAdelx[3].iAdely[0].use_delay_line.Adelay              |                integer_muldelay_line__parameterized8 |          7 |          0 |       0 |    7 |   13 |      0 |      0 |    0 |          0 |
|                   use_prim.iBdelx[0].iBdely[2].need_delay_line.Bdelay             |              integer_muldelay_line__parameterized0_0 |          9 |          0 |       0 |    9 |   17 |      0 |      0 |    0 |          0 |
|                   use_prim.iBdelx[0].iBdely[3].need_delay_line.Bdelay             |               integer_muldelay_line__parameterized10 |          9 |          0 |       0 |    9 |   18 |      0 |      0 |    0 |          0 |
|                   use_prim.iBdelx[1].iBdely[0].need_delay_line.Bdelay             |              integer_muldelay_line__parameterized4_1 |          0 |          0 |       0 |    0 |   17 |      0 |      0 |    0 |          0 |
|                   use_prim.iBdelx[1].iBdely[1].need_delay_line.Bdelay             |              integer_muldelay_line__parameterized1_2 |          9 |          0 |       0 |    9 |   17 |      0 |      0 |    0 |          0 |
|                   use_prim.iBdelx[1].iBdely[2].need_delay_line.Bdelay             |              integer_muldelay_line__parameterized2_3 |          9 |          0 |       0 |    9 |   17 |      0 |      0 |    0 |          0 |
|                   use_prim.iBdelx[2].iBdely[1].need_delay_line.Bdelay             |              integer_muldelay_line__parameterized5_5 |          9 |          0 |       0 |    9 |   17 |      0 |      0 |    0 |          0 |
|                   use_prim.iBdelx[3].iBdely[0].need_delay_line.Bdelay             |               integer_muldelay_line__parameterized11 |          9 |          0 |       0 |    9 |   17 |      0 |      0 |    0 |          0 |
|         g[1].g_normal.alu_i                                                       |              microop_unit__parameterized3__xdcDup__1 |         64 |         64 |       0 |    0 |  128 |      0 |      0 |    0 |          0 |
|           (g[1].g_normal.alu_i)                                                   |              microop_unit__parameterized3__xdcDup__1 |          0 |          0 |       0 |    0 |   64 |      0 |      0 |    0 |          0 |
|           g_iadd.use_ip.int_addsub_i                                              |                                integer_addsub_HD1786 |         64 |         64 |       0 |    0 |   64 |      0 |      0 |    0 |          0 |
|             U0                                                                    |               integer_addsubc_addsub_v12_0_14_HD1787 |         64 |         64 |       0 |    0 |   64 |      0 |      0 |    0 |          0 |
|               xst_addsub                                                          |           integer_addsubc_addsub_v12_0_14_viv_HD1788 |         64 |         64 |       0 |    0 |   64 |      0 |      0 |    0 |          0 |
|                 i_baseblox.i_baseblox_addsub                                      |        integer_addsubc_addsub_v12_0_14_legacy_HD1789 |         64 |         64 |       0 |    0 |   64 |      0 |      0 |    0 |          0 |
|                   no_pipelining.the_addsub                                        | integer_addsubc_addsub_v12_0_14_fabric_legacy_HD1790 |         64 |         64 |       0 |    0 |   64 |      0 |      0 |    0 |          0 |
|                     i_lut6.i_lut6_addsub                                          |   integer_addsubc_addsub_v12_0_14_lut6_legacy_HD1791 |         64 |         64 |       0 |    0 |   64 |      0 |      0 |    0 |          0 |
|                       (i_lut6.i_lut6_addsub)                                      |   integer_addsubc_addsub_v12_0_14_lut6_legacy_HD1791 |         64 |         64 |       0 |    0 |    0 |      0 |      0 |    0 |          0 |
|                       i_q.i_simple.qreg                                           |            integer_addsubc_reg_fd_v12_0_6_viv_HD1792 |          0 |          0 |       0 |    0 |   64 |      0 |      0 |    0 |          0 |
|     glen[5].core_i                                                                |                                    uop_block_wrap__2 |          1 |          1 |       0 |    0 |  256 |      0 |      0 |    0 |          0 |
|       (glen[5].core_i)                                                            |                                    uop_block_wrap__2 |          0 |          0 |       0 |    0 |  128 |      0 |      0 |    0 |          0 |
|       core                                                                        |                                         uop_block__2 |          1 |          1 |       0 |    0 |  128 |      0 |      0 |    0 |          0 |
|         (core)                                                                    |                                         uop_block__2 |          1 |          1 |       0 |    0 |    0 |      0 |      0 |    0 |          0 |
|         g[0].g_normal.alu_i                                                       |                                     microop_unit__17 |          0 |          0 |       0 |    0 |   64 |      0 |      0 |    0 |          0 |
|         g[1].g_normal.alu_i                                                       |                                     microop_unit__16 |          0 |          0 |       0 |    0 |   64 |      0 |      0 |    0 |          0 |
|     glen[6].core_i                                                                |            uop_block_wrap__parameterized4__xdcDup__1 |         65 |         65 |       0 |    0 |  384 |      0 |      0 |    0 |          0 |
|       (glen[6].core_i)                                                            |            uop_block_wrap__parameterized4__xdcDup__1 |          0 |          0 |       0 |    0 |  192 |      0 |      0 |    0 |          0 |
|       core                                                                        |                 uop_block__parameterized4__xdcDup__1 |         65 |         65 |       0 |    0 |  192 |      0 |      0 |    0 |          0 |
|         (core)                                                                    |                 uop_block__parameterized4__xdcDup__1 |          1 |          1 |       0 |    0 |    0 |      0 |      0 |    0 |          0 |
|         g[0].g_normal.alu_i                                                       |              microop_unit__parameterized3__xdcDup__2 |         64 |         64 |       0 |    0 |  128 |      0 |      0 |    0 |          0 |
|           (g[0].g_normal.alu_i)                                                   |              microop_unit__parameterized3__xdcDup__2 |          0 |          0 |       0 |    0 |   64 |      0 |      0 |    0 |          0 |
|           g_iadd.use_ip.int_addsub_i                                              |                                integer_addsub_HD1793 |         64 |         64 |       0 |    0 |   64 |      0 |      0 |    0 |          0 |
|             U0                                                                    |               integer_addsubc_addsub_v12_0_14_HD1794 |         64 |         64 |       0 |    0 |   64 |      0 |      0 |    0 |          0 |
|               xst_addsub                                                          |           integer_addsubc_addsub_v12_0_14_viv_HD1795 |         64 |         64 |       0 |    0 |   64 |      0 |      0 |    0 |          0 |
|                 i_baseblox.i_baseblox_addsub                                      |        integer_addsubc_addsub_v12_0_14_legacy_HD1796 |         64 |         64 |       0 |    0 |   64 |      0 |      0 |    0 |          0 |
|                   no_pipelining.the_addsub                                        | integer_addsubc_addsub_v12_0_14_fabric_legacy_HD1797 |         64 |         64 |       0 |    0 |   64 |      0 |      0 |    0 |          0 |
|                     i_lut6.i_lut6_addsub                                          |   integer_addsubc_addsub_v12_0_14_lut6_legacy_HD1798 |         64 |         64 |       0 |    0 |   64 |      0 |      0 |    0 |          0 |
|                       (i_lut6.i_lut6_addsub)                                      |   integer_addsubc_addsub_v12_0_14_lut6_legacy_HD1798 |         64 |         64 |       0 |    0 |    0 |      0 |      0 |    0 |          0 |
|                       i_q.i_simple.qreg                                           |            integer_addsubc_reg_fd_v12_0_6_viv_HD1799 |          0 |          0 |       0 |    0 |   64 |      0 |      0 |    0 |          0 |
|         g[1].g_normal.alu_i                                                       |                                      microop_unit__8 |          0 |          0 |       0 |    0 |   64 |      0 |      0 |    0 |          0 |
|     glen[7].core_i                                                                |                       uop_block_wrap__parameterized5 |          2 |          2 |       0 |    0 |  318 |      0 |      0 |    0 |          0 |
|       (glen[7].core_i)                                                            |                       uop_block_wrap__parameterized5 |          0 |          0 |       0 |    0 |  128 |      0 |      0 |    0 |          0 |
|       core                                                                        |                            uop_block__parameterized5 |          2 |          2 |       0 |    0 |  190 |      0 |      0 |    0 |          0 |
|         (core)                                                                    |                            uop_block__parameterized5 |          1 |          1 |       0 |    0 |   63 |      0 |      0 |    0 |          0 |
|         g[0].g_normal.alu_i                                                       |                                      microop_unit__9 |          0 |          0 |       0 |    0 |    1 |      0 |      0 |    0 |          0 |
|         g[2].g_normal.alu_i                                                       |              microop_unit__parameterized3__xdcDup__3 |          1 |          1 |       0 |    0 |  126 |      0 |      0 |    0 |          0 |
|           (g[2].g_normal.alu_i)                                                   |              microop_unit__parameterized3__xdcDup__3 |          0 |          0 |       0 |    0 |   63 |      0 |      0 |    0 |          0 |
|           g_iadd.use_ip.int_addsub_i                                              |                                integer_addsub_HD1800 |          1 |          1 |       0 |    0 |   63 |      0 |      0 |    0 |          0 |
|             U0                                                                    |               integer_addsubc_addsub_v12_0_14_HD1801 |          1 |          1 |       0 |    0 |   63 |      0 |      0 |    0 |          0 |
|               xst_addsub                                                          |           integer_addsubc_addsub_v12_0_14_viv_HD1802 |          1 |          1 |       0 |    0 |   63 |      0 |      0 |    0 |          0 |
|                 i_baseblox.i_baseblox_addsub                                      |        integer_addsubc_addsub_v12_0_14_legacy_HD1803 |          1 |          1 |       0 |    0 |   63 |      0 |      0 |    0 |          0 |
|                   no_pipelining.the_addsub                                        | integer_addsubc_addsub_v12_0_14_fabric_legacy_HD1804 |          1 |          1 |       0 |    0 |   63 |      0 |      0 |    0 |          0 |
|                     i_lut6.i_lut6_addsub                                          |   integer_addsubc_addsub_v12_0_14_lut6_legacy_HD1805 |          1 |          1 |       0 |    0 |   63 |      0 |      0 |    0 |          0 |
|                       (i_lut6.i_lut6_addsub)                                      |   integer_addsubc_addsub_v12_0_14_lut6_legacy_HD1805 |          1 |          1 |       0 |    0 |    0 |      0 |      0 |    0 |          0 |
|                       i_q.i_simple.qreg                                           |            integer_addsubc_reg_fd_v12_0_6_viv_HD1806 |          0 |          0 |       0 |    0 |   63 |      0 |      0 |    0 |          0 |
|     glen[8].core_i                                                                |                       uop_block_wrap__parameterized6 |          2 |          2 |       0 |    0 |  320 |      0 |      0 |    0 |          0 |
|       (glen[8].core_i)                                                            |                       uop_block_wrap__parameterized6 |          0 |          0 |       0 |    0 |  128 |      0 |      0 |    0 |          0 |
|       core                                                                        |                            uop_block__parameterized6 |          2 |          2 |       0 |    0 |  192 |      0 |      0 |    0 |          0 |
|         (core)                                                                    |                            uop_block__parameterized6 |          1 |          1 |       0 |    0 |    0 |      0 |      0 |    0 |          0 |
|         g[0].g_normal.alu_i                                                       |                         microop_unit__parameterized4 |          1 |          1 |       0 |    0 |  128 |      0 |      0 |    0 |          0 |
|           (g[0].g_normal.alu_i)                                                   |                         microop_unit__parameterized4 |          0 |          0 |       0 |    0 |   64 |      0 |      0 |    0 |          0 |
|           g_iadd.use_ip.int_addsub_i                                              |                                integer_addsub_HD1807 |          1 |          1 |       0 |    0 |   64 |      0 |      0 |    0 |          0 |
|             U0                                                                    |               integer_addsubc_addsub_v12_0_14_HD1808 |          1 |          1 |       0 |    0 |   64 |      0 |      0 |    0 |          0 |
|               xst_addsub                                                          |           integer_addsubc_addsub_v12_0_14_viv_HD1809 |          1 |          1 |       0 |    0 |   64 |      0 |      0 |    0 |          0 |
|                 i_baseblox.i_baseblox_addsub                                      |        integer_addsubc_addsub_v12_0_14_legacy_HD1810 |          1 |          1 |       0 |    0 |   64 |      0 |      0 |    0 |          0 |
|                   no_pipelining.the_addsub                                        | integer_addsubc_addsub_v12_0_14_fabric_legacy_HD1811 |          1 |          1 |       0 |    0 |   64 |      0 |      0 |    0 |          0 |
|                     i_lut6.i_lut6_addsub                                          |   integer_addsubc_addsub_v12_0_14_lut6_legacy_HD1812 |          1 |          1 |       0 |    0 |   64 |      0 |      0 |    0 |          0 |
|                       (i_lut6.i_lut6_addsub)                                      |   integer_addsubc_addsub_v12_0_14_lut6_legacy_HD1812 |          1 |          1 |       0 |    0 |    0 |      0 |      0 |    0 |          0 |
|                       i_q.i_simple.qreg                                           |            integer_addsubc_reg_fd_v12_0_6_viv_HD1813 |          0 |          0 |       0 |    0 |   64 |      0 |      0 |    0 |          0 |
|         g[1].g_normal.alu_i                                                       |                                     microop_unit__10 |          0 |          0 |       0 |    0 |   64 |      0 |      0 |    0 |          0 |
|     glen[9].core_i                                                                |                                    uop_block_wrap__3 |          1 |          1 |       0 |    0 |  256 |      0 |      0 |    0 |          0 |
|       (glen[9].core_i)                                                            |                                    uop_block_wrap__3 |          0 |          0 |       0 |    0 |  128 |      0 |      0 |    0 |          0 |
|       core                                                                        |                                         uop_block__3 |          1 |          1 |       0 |    0 |  128 |      0 |      0 |    0 |          0 |
|         (core)                                                                    |                                         uop_block__3 |          1 |          1 |       0 |    0 |    0 |      0 |      0 |    0 |          0 |
|         g[0].g_normal.alu_i                                                       |                                     microop_unit__19 |          0 |          0 |       0 |    0 |   64 |      0 |      0 |    0 |          0 |
|         g[1].g_normal.alu_i                                                       |                                     microop_unit__18 |          0 |          0 |       0 |    0 |   64 |      0 |      0 |    0 |          0 |
+-----------------------------------------------------------------------------------+------------------------------------------------------+------------+------------+---------+------+------+--------+--------+------+------------+


