Copyright 1986-2020 Xilinx, Inc. All Rights Reserved.
-----------------------------------------------------------------------------------------------------------------------------------------------
| Tool Version : Vivado v.2020.1 (lin64) Build 2902540 Wed May 27 19:54:35 MDT 2020
| Date         : Fri Sep 19 11:36:51 2025
| Host         : orthanc running 64-bit Ubuntu 22.04.4 LTS
| Command      : report_utilization -hierarchical -file /home/jyoo/custom_v_2/custom-core-tool/reports/benches/657_xz_s/657_xz_s_util_hier.rpt
| Design       : top_bench__657_xz_s
| Device       : xcu200fsgd2104-2
| Design State : Optimized
-----------------------------------------------------------------------------------------------------------------------------------------------

Utilization Design Information

Table of Contents
-----------------
1. Utilization by Hierarchy

1. Utilization by Hierarchy
---------------------------

+----------------------------------------------+------------------------------------------------------+------------+------------+---------+------+------+--------+--------+------+------------+
|                   Instance                   |                        Module                        | Total LUTs | Logic LUTs | LUTRAMs | SRLs |  FFs | RAMB36 | RAMB18 | URAM | DSP Blocks |
+----------------------------------------------+------------------------------------------------------+------------+------------+---------+------+------+--------+--------+------+------------+
| top_bench__657_xz_s                          |                                                (top) |        718 |        718 |       0 |    0 | 3608 |      0 |      0 |    0 |          0 |
|   (top_bench__657_xz_s)                      |                                                (top) |          0 |          0 |       0 |    0 |    0 |      0 |      0 |    0 |          0 |
|   u_657_xz_s                                 |                                 bench_core__657_xz_s |        718 |        718 |       0 |    0 | 3608 |      0 |      0 |    0 |          0 |
|     (u_657_xz_s)                             |                                 bench_core__657_xz_s |        214 |        214 |       0 |    0 |    0 |      0 |      0 |    0 |          0 |
|     glen[0].core_i                           |                            uop_block_wrap__xdcDup__1 |         65 |         65 |       0 |    0 |  320 |      0 |      0 |    0 |          0 |
|       (glen[0].core_i)                       |                            uop_block_wrap__xdcDup__1 |          0 |          0 |       0 |    0 |  128 |      0 |      0 |    0 |          0 |
|       core                                   |                                 uop_block__xdcDup__1 |         65 |         65 |       0 |    0 |  192 |      0 |      0 |    0 |          0 |
|         (core)                               |                                 uop_block__xdcDup__1 |          1 |          1 |       0 |    0 |    0 |      0 |      0 |    0 |          0 |
|         g[0].g_normal.alu_i                  |                                      microop_unit__2 |         64 |         64 |       0 |    0 |   64 |      0 |      0 |    0 |          0 |
|         g[1].g_normal.alu_i                  |              microop_unit__parameterized0__xdcDup__1 |          0 |          0 |       0 |    0 |  128 |      0 |      0 |    0 |          0 |
|           (g[1].g_normal.alu_i)              |              microop_unit__parameterized0__xdcDup__1 |          0 |          0 |       0 |    0 |   64 |      0 |      0 |    0 |          0 |
|           g_iadd.use_ip.int_addsub_i         |                                       integer_addsub |          0 |          0 |       0 |    0 |   64 |      0 |      0 |    0 |          0 |
|             U0                               |                      integer_addsubc_addsub_v12_0_14 |          0 |          0 |       0 |    0 |   64 |      0 |      0 |    0 |          0 |
|               xst_addsub                     |                  integer_addsubc_addsub_v12_0_14_viv |          0 |          0 |       0 |    0 |   64 |      0 |      0 |    0 |          0 |
|                 i_baseblox.i_baseblox_addsub |               integer_addsubc_addsub_v12_0_14_legacy |          0 |          0 |       0 |    0 |   64 |      0 |      0 |    0 |          0 |
|                   no_pipelining.the_addsub   |        integer_addsubc_addsub_v12_0_14_fabric_legacy |          0 |          0 |       0 |    0 |   64 |      0 |      0 |    0 |          0 |
|                     i_lut6.i_lut6_addsub     |          integer_addsubc_addsub_v12_0_14_lut6_legacy |          0 |          0 |       0 |    0 |   64 |      0 |      0 |    0 |          0 |
|                       (i_lut6.i_lut6_addsub) |          integer_addsubc_addsub_v12_0_14_lut6_legacy |          0 |          0 |       0 |    0 |    0 |      0 |      0 |    0 |          0 |
|                       i_q.i_simple.qreg      |                   integer_addsubc_reg_fd_v12_0_6_viv |          0 |          0 |       0 |    0 |   64 |      0 |      0 |    0 |          0 |
|     glen[10].core_i                          |                    uop_block_wrap__parameterized1__2 |         33 |         33 |       0 |    0 |  180 |      0 |      0 |    0 |          0 |
|       (glen[10].core_i)                      |                    uop_block_wrap__parameterized1__2 |          0 |          0 |       0 |    0 |   63 |      0 |      0 |    0 |          0 |
|       core                                   |                         uop_block__parameterized1__2 |         33 |         33 |       0 |    0 |  117 |      0 |      0 |    0 |          0 |
|         (core)                               |                         uop_block__parameterized1__2 |          1 |          1 |       0 |    0 |   27 |      0 |      0 |    0 |          0 |
|         g[0].g_normal.alu_i                  |                      microop_unit__parameterized2__9 |          0 |          0 |       0 |    0 |   32 |      0 |      0 |    0 |          0 |
|         g[1].g_normal.alu_i                  |                      microop_unit__parameterized3__4 |         32 |         32 |       0 |    0 |   27 |      0 |      0 |    0 |          0 |
|         g[3].g_normal.alu_i                  |                      microop_unit__parameterized4__3 |          0 |          0 |       0 |    0 |   31 |      0 |      0 |    0 |          0 |
|     glen[11].core_i                          |                    uop_block_wrap__parameterized8__1 |         33 |         33 |       0 |    0 |  128 |      0 |      0 |    0 |          0 |
|       (glen[11].core_i)                      |                    uop_block_wrap__parameterized8__1 |          0 |          0 |       0 |    0 |   64 |      0 |      0 |    0 |          0 |
|       core                                   |                         uop_block__parameterized8__1 |         33 |         33 |       0 |    0 |   64 |      0 |      0 |    0 |          0 |
|         (core)                               |                         uop_block__parameterized8__1 |          1 |          1 |       0 |    0 |    0 |      0 |      0 |    0 |          0 |
|         g[0].g_normal.alu_i                  |                     microop_unit__parameterized2__16 |          0 |          0 |       0 |    0 |   32 |      0 |      0 |    0 |          0 |
|         g[1].g_normal.alu_i                  |                      microop_unit__parameterized3__8 |         32 |         32 |       0 |    0 |   32 |      0 |      0 |    0 |          0 |
|     glen[12].core_i                          |                       uop_block_wrap__parameterized9 |          1 |          1 |       0 |    0 |  128 |      0 |      0 |    0 |          0 |
|       (glen[12].core_i)                      |                       uop_block_wrap__parameterized9 |          0 |          0 |       0 |    0 |   64 |      0 |      0 |    0 |          0 |
|       core                                   |                            uop_block__parameterized9 |          1 |          1 |       0 |    0 |   64 |      0 |      0 |    0 |          0 |
|         (core)                               |                            uop_block__parameterized9 |          1 |          1 |       0 |    0 |    0 |      0 |      0 |    0 |          0 |
|         g[0].g_normal.alu_i                  |                        microop_unit__parameterized10 |          0 |          0 |       0 |    0 |   32 |      0 |      0 |    0 |          0 |
|         g[1].g_normal.alu_i                  |                         microop_unit__parameterized2 |          0 |          0 |       0 |    0 |   32 |      0 |      0 |    0 |          0 |
|     glen[13].core_i                          |                    uop_block_wrap__parameterized1__3 |         33 |         33 |       0 |    0 |  180 |      0 |      0 |    0 |          0 |
|       (glen[13].core_i)                      |                    uop_block_wrap__parameterized1__3 |          0 |          0 |       0 |    0 |   63 |      0 |      0 |    0 |          0 |
|       core                                   |                         uop_block__parameterized1__3 |         33 |         33 |       0 |    0 |  117 |      0 |      0 |    0 |          0 |
|         (core)                               |                         uop_block__parameterized1__3 |          1 |          1 |       0 |    0 |   27 |      0 |      0 |    0 |          0 |
|         g[0].g_normal.alu_i                  |                     microop_unit__parameterized2__10 |          0 |          0 |       0 |    0 |   32 |      0 |      0 |    0 |          0 |
|         g[1].g_normal.alu_i                  |                      microop_unit__parameterized3__5 |         32 |         32 |       0 |    0 |   27 |      0 |      0 |    0 |          0 |
|         g[3].g_normal.alu_i                  |                      microop_unit__parameterized4__4 |          0 |          0 |       0 |    0 |   31 |      0 |      0 |    0 |          0 |
|     glen[14].core_i                          |                    uop_block_wrap__parameterized1__4 |         33 |         33 |       0 |    0 |  180 |      0 |      0 |    0 |          0 |
|       (glen[14].core_i)                      |                    uop_block_wrap__parameterized1__4 |          0 |          0 |       0 |    0 |   63 |      0 |      0 |    0 |          0 |
|       core                                   |                         uop_block__parameterized1__4 |         33 |         33 |       0 |    0 |  117 |      0 |      0 |    0 |          0 |
|         (core)                               |                         uop_block__parameterized1__4 |          1 |          1 |       0 |    0 |   27 |      0 |      0 |    0 |          0 |
|         g[0].g_normal.alu_i                  |                     microop_unit__parameterized2__11 |          0 |          0 |       0 |    0 |   32 |      0 |      0 |    0 |          0 |
|         g[1].g_normal.alu_i                  |                      microop_unit__parameterized3__6 |         32 |         32 |       0 |    0 |   27 |      0 |      0 |    0 |          0 |
|         g[3].g_normal.alu_i                  |                      microop_unit__parameterized4__5 |          0 |          0 |       0 |    0 |   31 |      0 |      0 |    0 |          0 |
|     glen[15].core_i                          |                       uop_block_wrap__parameterized8 |         33 |         33 |       0 |    0 |  128 |      0 |      0 |    0 |          0 |
|       (glen[15].core_i)                      |                       uop_block_wrap__parameterized8 |          0 |          0 |       0 |    0 |   64 |      0 |      0 |    0 |          0 |
|       core                                   |                            uop_block__parameterized8 |         33 |         33 |       0 |    0 |   64 |      0 |      0 |    0 |          0 |
|         (core)                               |                            uop_block__parameterized8 |          1 |          1 |       0 |    0 |    0 |      0 |      0 |    0 |          0 |
|         g[0].g_normal.alu_i                  |                      microop_unit__parameterized2__7 |          0 |          0 |       0 |    0 |   32 |      0 |      0 |    0 |          0 |
|         g[1].g_normal.alu_i                  |                         microop_unit__parameterized3 |         32 |         32 |       0 |    0 |   32 |      0 |      0 |    0 |          0 |
|     glen[16].core_i                          |                       uop_block_wrap__parameterized6 |          1 |          1 |       0 |    0 |   16 |      0 |      0 |    0 |          0 |
|       (glen[16].core_i)                      |                       uop_block_wrap__parameterized6 |          0 |          0 |       0 |    0 |    8 |      0 |      0 |    0 |          0 |
|       core                                   |                            uop_block__parameterized6 |          1 |          1 |       0 |    0 |    8 |      0 |      0 |    0 |          0 |
|         (core)                               |                            uop_block__parameterized6 |          1 |          1 |       0 |    0 |    0 |      0 |      0 |    0 |          0 |
|         g[0].g_normal.alu_i                  |                      microop_unit__parameterized2__4 |          0 |          0 |       0 |    0 |    4 |      0 |      0 |    0 |          0 |
|         g[1].g_normal.alu_i                  |                      microop_unit__parameterized9__1 |          0 |          0 |       0 |    0 |    4 |      0 |      0 |    0 |          0 |
|     glen[17].core_i                          |                       uop_block_wrap__parameterized7 |          1 |          1 |       0 |    0 |    3 |      0 |      0 |    0 |          0 |
|       (glen[17].core_i)                      |                       uop_block_wrap__parameterized7 |          0 |          0 |       0 |    0 |    2 |      0 |      0 |    0 |          0 |
|       core                                   |                            uop_block__parameterized7 |          1 |          1 |       0 |    0 |    1 |      0 |      0 |    0 |          0 |
|         (core)                               |                            uop_block__parameterized7 |          1 |          1 |       0 |    0 |    0 |      0 |      0 |    0 |          0 |
|         g[6].g_normal.alu_i                  |                         microop_unit__parameterized4 |          0 |          0 |       0 |    0 |    1 |      0 |      0 |    0 |          0 |
|     glen[18].core_i                          |                                       uop_block_wrap |         65 |         65 |       0 |    0 |  320 |      0 |      0 |    0 |          0 |
|       (glen[18].core_i)                      |                                       uop_block_wrap |          0 |          0 |       0 |    0 |  128 |      0 |      0 |    0 |          0 |
|       core                                   |                                            uop_block |         65 |         65 |       0 |    0 |  192 |      0 |      0 |    0 |          0 |
|         (core)                               |                                            uop_block |          1 |          1 |       0 |    0 |    0 |      0 |      0 |    0 |          0 |
|         g[0].g_normal.alu_i                  |                                         microop_unit |         64 |         64 |       0 |    0 |   64 |      0 |      0 |    0 |          0 |
|         g[1].g_normal.alu_i                  |                         microop_unit__parameterized0 |          0 |          0 |       0 |    0 |  128 |      0 |      0 |    0 |          0 |
|           (g[1].g_normal.alu_i)              |                         microop_unit__parameterized0 |          0 |          0 |       0 |    0 |   64 |      0 |      0 |    0 |          0 |
|           g_iadd.use_ip.int_addsub_i         |                                integer_addsub_HD5902 |          0 |          0 |       0 |    0 |   64 |      0 |      0 |    0 |          0 |
|             U0                               |               integer_addsubc_addsub_v12_0_14_HD5903 |          0 |          0 |       0 |    0 |   64 |      0 |      0 |    0 |          0 |
|               xst_addsub                     |           integer_addsubc_addsub_v12_0_14_viv_HD5904 |          0 |          0 |       0 |    0 |   64 |      0 |      0 |    0 |          0 |
|                 i_baseblox.i_baseblox_addsub |        integer_addsubc_addsub_v12_0_14_legacy_HD5905 |          0 |          0 |       0 |    0 |   64 |      0 |      0 |    0 |          0 |
|                   no_pipelining.the_addsub   | integer_addsubc_addsub_v12_0_14_fabric_legacy_HD5906 |          0 |          0 |       0 |    0 |   64 |      0 |      0 |    0 |          0 |
|                     i_lut6.i_lut6_addsub     |   integer_addsubc_addsub_v12_0_14_lut6_legacy_HD5907 |          0 |          0 |       0 |    0 |   64 |      0 |      0 |    0 |          0 |
|                       (i_lut6.i_lut6_addsub) |   integer_addsubc_addsub_v12_0_14_lut6_legacy_HD5907 |          0 |          0 |       0 |    0 |    0 |      0 |      0 |    0 |          0 |
|                       i_q.i_simple.qreg      |            integer_addsubc_reg_fd_v12_0_6_viv_HD5908 |          0 |          0 |       0 |    0 |   64 |      0 |      0 |    0 |          0 |
|     glen[19].core_i                          |                       uop_block_wrap__parameterized5 |          1 |          1 |       0 |    0 |   32 |      0 |      0 |    0 |          0 |
|       (glen[19].core_i)                      |                       uop_block_wrap__parameterized5 |          0 |          0 |       0 |    0 |   16 |      0 |      0 |    0 |          0 |
|       core                                   |                            uop_block__parameterized5 |          1 |          1 |       0 |    0 |   16 |      0 |      0 |    0 |          0 |
|         (core)                               |                            uop_block__parameterized5 |          1 |          1 |       0 |    0 |    0 |      0 |      0 |    0 |          0 |
|         g[0].g_normal.alu_i                  |                         microop_unit__parameterized8 |          0 |          0 |       0 |    0 |    8 |      0 |      0 |    0 |          0 |
|         g[1].g_normal.alu_i                  |                      microop_unit__parameterized2__3 |          0 |          0 |       0 |    0 |    8 |      0 |      0 |    0 |          0 |
|     glen[1].core_i                           |                       uop_block_wrap__parameterized0 |          1 |          1 |       0 |    0 |   80 |      0 |      0 |    0 |          0 |
|       (glen[1].core_i)                       |                       uop_block_wrap__parameterized0 |          0 |          0 |       0 |    0 |   40 |      0 |      0 |    0 |          0 |
|       core                                   |                            uop_block__parameterized0 |          1 |          1 |       0 |    0 |   40 |      0 |      0 |    0 |          0 |
|         (core)                               |                            uop_block__parameterized0 |          1 |          1 |       0 |    0 |    0 |      0 |      0 |    0 |          0 |
|         g[0].g_normal.alu_i                  |                         microop_unit__parameterized1 |          0 |          0 |       0 |    0 |    8 |      0 |      0 |    0 |          0 |
|         g[1].g_normal.alu_i                  |                      microop_unit__parameterized2__1 |          0 |          0 |       0 |    0 |   32 |      0 |      0 |    0 |          0 |
|     glen[20].core_i                          |                    uop_block_wrap__parameterized2__3 |          1 |          1 |       0 |    0 |  222 |      0 |      0 |    0 |          0 |
|       (glen[20].core_i)                      |                    uop_block_wrap__parameterized2__3 |          0 |          0 |       0 |    0 |  112 |      0 |      0 |    0 |          0 |
|       core                                   |                         uop_block__parameterized2__3 |          1 |          1 |       0 |    0 |  110 |      0 |      0 |    0 |          0 |
|         (core)                               |                         uop_block__parameterized2__3 |          1 |          1 |       0 |    0 |   55 |      0 |      0 |    0 |          0 |
|         g[0].g_normal.alu_i                  |                      microop_unit__parameterized5__3 |          0 |          0 |       0 |    0 |   55 |      0 |      0 |    0 |          0 |
|     glen[21].core_i                          |                       uop_block_wrap__parameterized1 |         33 |         33 |       0 |    0 |  180 |      0 |      0 |    0 |          0 |
|       (glen[21].core_i)                      |                       uop_block_wrap__parameterized1 |          0 |          0 |       0 |    0 |   63 |      0 |      0 |    0 |          0 |
|       core                                   |                            uop_block__parameterized1 |         33 |         33 |       0 |    0 |  117 |      0 |      0 |    0 |          0 |
|         (core)                               |                            uop_block__parameterized1 |          1 |          1 |       0 |    0 |   27 |      0 |      0 |    0 |          0 |
|         g[0].g_normal.alu_i                  |                      microop_unit__parameterized2__2 |          0 |          0 |       0 |    0 |   32 |      0 |      0 |    0 |          0 |
|         g[1].g_normal.alu_i                  |                      microop_unit__parameterized3__1 |         32 |         32 |       0 |    0 |   27 |      0 |      0 |    0 |          0 |
|         g[3].g_normal.alu_i                  |                      microop_unit__parameterized4__1 |          0 |          0 |       0 |    0 |   31 |      0 |      0 |    0 |          0 |
|     glen[22].core_i                          |                       uop_block_wrap__parameterized2 |          1 |          1 |       0 |    0 |  222 |      0 |      0 |    0 |          0 |
|       (glen[22].core_i)                      |                       uop_block_wrap__parameterized2 |          0 |          0 |       0 |    0 |  112 |      0 |      0 |    0 |          0 |
|       core                                   |                            uop_block__parameterized2 |          1 |          1 |       0 |    0 |  110 |      0 |      0 |    0 |          0 |
|         (core)                               |                            uop_block__parameterized2 |          1 |          1 |       0 |    0 |   55 |      0 |      0 |    0 |          0 |
|         g[0].g_normal.alu_i                  |                         microop_unit__parameterized5 |          0 |          0 |       0 |    0 |   55 |      0 |      0 |    0 |          0 |
|     glen[23].core_i                          |                       uop_block_wrap__parameterized3 |         65 |         65 |       0 |    0 |  247 |      0 |      0 |    0 |          0 |
|       (glen[23].core_i)                      |                       uop_block_wrap__parameterized3 |          0 |          0 |       0 |    0 |  125 |      0 |      0 |    0 |          0 |
|       core                                   |                            uop_block__parameterized3 |         65 |         65 |       0 |    0 |  122 |      0 |      0 |    0 |          0 |
|         (core)                               |                            uop_block__parameterized3 |          1 |          1 |       0 |    0 |    0 |      0 |      0 |    0 |          0 |
|         g[0].g_normal.alu_i                  |                         microop_unit__parameterized6 |         64 |         64 |       0 |    0 |  122 |      0 |      0 |    0 |          0 |
|           (g[0].g_normal.alu_i)              |                         microop_unit__parameterized6 |          0 |          0 |       0 |    0 |   61 |      0 |      0 |    0 |          0 |
|           g_iadd.use_ip.int_addsub_i         |                                integer_addsub_HD5909 |         64 |         64 |       0 |    0 |   61 |      0 |      0 |    0 |          0 |
|             U0                               |               integer_addsubc_addsub_v12_0_14_HD5910 |         64 |         64 |       0 |    0 |   61 |      0 |      0 |    0 |          0 |
|               xst_addsub                     |           integer_addsubc_addsub_v12_0_14_viv_HD5911 |         64 |         64 |       0 |    0 |   61 |      0 |      0 |    0 |          0 |
|                 i_baseblox.i_baseblox_addsub |        integer_addsubc_addsub_v12_0_14_legacy_HD5912 |         64 |         64 |       0 |    0 |   61 |      0 |      0 |    0 |          0 |
|                   no_pipelining.the_addsub   | integer_addsubc_addsub_v12_0_14_fabric_legacy_HD5913 |         64 |         64 |       0 |    0 |   61 |      0 |      0 |    0 |          0 |
|                     i_lut6.i_lut6_addsub     |   integer_addsubc_addsub_v12_0_14_lut6_legacy_HD5914 |         64 |         64 |       0 |    0 |   61 |      0 |      0 |    0 |          0 |
|                       (i_lut6.i_lut6_addsub) |   integer_addsubc_addsub_v12_0_14_lut6_legacy_HD5914 |         64 |         64 |       0 |    0 |    0 |      0 |      0 |    0 |          0 |
|                       i_q.i_simple.qreg      |            integer_addsubc_reg_fd_v12_0_6_viv_HD5915 |          0 |          0 |       0 |    0 |   61 |      0 |      0 |    0 |          0 |
|     glen[2].core_i                           |                    uop_block_wrap__parameterized1__1 |         33 |         33 |       0 |    0 |  180 |      0 |      0 |    0 |          0 |
|       (glen[2].core_i)                       |                    uop_block_wrap__parameterized1__1 |          0 |          0 |       0 |    0 |   63 |      0 |      0 |    0 |          0 |
|       core                                   |                         uop_block__parameterized1__1 |         33 |         33 |       0 |    0 |  117 |      0 |      0 |    0 |          0 |
|         (core)                               |                         uop_block__parameterized1__1 |          1 |          1 |       0 |    0 |   27 |      0 |      0 |    0 |          0 |
|         g[0].g_normal.alu_i                  |                      microop_unit__parameterized2__8 |          0 |          0 |       0 |    0 |   32 |      0 |      0 |    0 |          0 |
|         g[1].g_normal.alu_i                  |                      microop_unit__parameterized3__3 |         32 |         32 |       0 |    0 |   27 |      0 |      0 |    0 |          0 |
|         g[3].g_normal.alu_i                  |                      microop_unit__parameterized4__2 |          0 |          0 |       0 |    0 |   31 |      0 |      0 |    0 |          0 |
|     glen[3].core_i                           |                    uop_block_wrap__parameterized2__1 |          1 |          1 |       0 |    0 |  222 |      0 |      0 |    0 |          0 |
|       (glen[3].core_i)                       |                    uop_block_wrap__parameterized2__1 |          0 |          0 |       0 |    0 |  112 |      0 |      0 |    0 |          0 |
|       core                                   |                         uop_block__parameterized2__1 |          1 |          1 |       0 |    0 |  110 |      0 |      0 |    0 |          0 |
|         (core)                               |                         uop_block__parameterized2__1 |          1 |          1 |       0 |    0 |   55 |      0 |      0 |    0 |          0 |
|         g[0].g_normal.alu_i                  |                      microop_unit__parameterized5__1 |          0 |          0 |       0 |    0 |   55 |      0 |      0 |    0 |          0 |
|     glen[4].core_i                           |            uop_block_wrap__parameterized3__xdcDup__1 |         65 |         65 |       0 |    0 |  247 |      0 |      0 |    0 |          0 |
|       (glen[4].core_i)                       |            uop_block_wrap__parameterized3__xdcDup__1 |          0 |          0 |       0 |    0 |  125 |      0 |      0 |    0 |          0 |
|       core                                   |                 uop_block__parameterized3__xdcDup__1 |         65 |         65 |       0 |    0 |  122 |      0 |      0 |    0 |          0 |
|         (core)                               |                 uop_block__parameterized3__xdcDup__1 |          1 |          1 |       0 |    0 |    0 |      0 |      0 |    0 |          0 |
|         g[0].g_normal.alu_i                  |              microop_unit__parameterized6__xdcDup__1 |         64 |         64 |       0 |    0 |  122 |      0 |      0 |    0 |          0 |
|           (g[0].g_normal.alu_i)              |              microop_unit__parameterized6__xdcDup__1 |          0 |          0 |       0 |    0 |   61 |      0 |      0 |    0 |          0 |
|           g_iadd.use_ip.int_addsub_i         |                                integer_addsub_HD5895 |         64 |         64 |       0 |    0 |   61 |      0 |      0 |    0 |          0 |
|             U0                               |               integer_addsubc_addsub_v12_0_14_HD5896 |         64 |         64 |       0 |    0 |   61 |      0 |      0 |    0 |          0 |
|               xst_addsub                     |           integer_addsubc_addsub_v12_0_14_viv_HD5897 |         64 |         64 |       0 |    0 |   61 |      0 |      0 |    0 |          0 |
|                 i_baseblox.i_baseblox_addsub |        integer_addsubc_addsub_v12_0_14_legacy_HD5898 |         64 |         64 |       0 |    0 |   61 |      0 |      0 |    0 |          0 |
|                   no_pipelining.the_addsub   | integer_addsubc_addsub_v12_0_14_fabric_legacy_HD5899 |         64 |         64 |       0 |    0 |   61 |      0 |      0 |    0 |          0 |
|                     i_lut6.i_lut6_addsub     |   integer_addsubc_addsub_v12_0_14_lut6_legacy_HD5900 |         64 |         64 |       0 |    0 |   61 |      0 |      0 |    0 |          0 |
|                       (i_lut6.i_lut6_addsub) |   integer_addsubc_addsub_v12_0_14_lut6_legacy_HD5900 |         64 |         64 |       0 |    0 |    0 |      0 |      0 |    0 |          0 |
|                       i_q.i_simple.qreg      |            integer_addsubc_reg_fd_v12_0_6_viv_HD5901 |          0 |          0 |       0 |    0 |   61 |      0 |      0 |    0 |          0 |
|     glen[5].core_i                           |                       uop_block_wrap__parameterized4 |          1 |          1 |       0 |    0 |  120 |      0 |      0 |    0 |          0 |
|       (glen[5].core_i)                       |                       uop_block_wrap__parameterized4 |          0 |          0 |       0 |    0 |   80 |      0 |      0 |    0 |          0 |
|       core                                   |                            uop_block__parameterized4 |          1 |          1 |       0 |    0 |   40 |      0 |      0 |    0 |          0 |
|         (core)                               |                            uop_block__parameterized4 |          1 |          1 |       0 |    0 |    0 |      0 |      0 |    0 |          0 |
|         g[0].g_normal.alu_i                  |                         microop_unit__parameterized7 |          0 |          0 |       0 |    0 |   40 |      0 |      0 |    0 |          0 |
|     glen[6].core_i                           |                    uop_block_wrap__parameterized2__2 |          1 |          1 |       0 |    0 |  222 |      0 |      0 |    0 |          0 |
|       (glen[6].core_i)                       |                    uop_block_wrap__parameterized2__2 |          0 |          0 |       0 |    0 |  112 |      0 |      0 |    0 |          0 |
|       core                                   |                         uop_block__parameterized2__2 |          1 |          1 |       0 |    0 |  110 |      0 |      0 |    0 |          0 |
|         (core)                               |                         uop_block__parameterized2__2 |          1 |          1 |       0 |    0 |   55 |      0 |      0 |    0 |          0 |
|         g[0].g_normal.alu_i                  |                      microop_unit__parameterized5__2 |          0 |          0 |       0 |    0 |   55 |      0 |      0 |    0 |          0 |
|     glen[7].core_i                           |                    uop_block_wrap__parameterized5__1 |          1 |          1 |       0 |    0 |   32 |      0 |      0 |    0 |          0 |
|       (glen[7].core_i)                       |                    uop_block_wrap__parameterized5__1 |          0 |          0 |       0 |    0 |   16 |      0 |      0 |    0 |          0 |
|       core                                   |                         uop_block__parameterized5__1 |          1 |          1 |       0 |    0 |   16 |      0 |      0 |    0 |          0 |
|         (core)                               |                         uop_block__parameterized5__1 |          1 |          1 |       0 |    0 |    0 |      0 |      0 |    0 |          0 |
|         g[0].g_normal.alu_i                  |                      microop_unit__parameterized8__1 |          0 |          0 |       0 |    0 |    8 |      0 |      0 |    0 |          0 |
|         g[1].g_normal.alu_i                  |                     microop_unit__parameterized2__12 |          0 |          0 |       0 |    0 |    8 |      0 |      0 |    0 |          0 |
|     glen[8].core_i                           |                    uop_block_wrap__parameterized6__1 |          1 |          1 |       0 |    0 |   16 |      0 |      0 |    0 |          0 |
|       (glen[8].core_i)                       |                    uop_block_wrap__parameterized6__1 |          0 |          0 |       0 |    0 |    8 |      0 |      0 |    0 |          0 |
|       core                                   |                         uop_block__parameterized6__1 |          1 |          1 |       0 |    0 |    8 |      0 |      0 |    0 |          0 |
|         (core)                               |                         uop_block__parameterized6__1 |          1 |          1 |       0 |    0 |    0 |      0 |      0 |    0 |          0 |
|         g[0].g_normal.alu_i                  |                     microop_unit__parameterized2__15 |          0 |          0 |       0 |    0 |    4 |      0 |      0 |    0 |          0 |
|         g[1].g_normal.alu_i                  |                      microop_unit__parameterized9__3 |          0 |          0 |       0 |    0 |    4 |      0 |      0 |    0 |          0 |
|     glen[9].core_i                           |                    uop_block_wrap__parameterized7__1 |          1 |          1 |       0 |    0 |    3 |      0 |      0 |    0 |          0 |
|       (glen[9].core_i)                       |                    uop_block_wrap__parameterized7__1 |          0 |          0 |       0 |    0 |    2 |      0 |      0 |    0 |          0 |
|       core                                   |                         uop_block__parameterized7__1 |          1 |          1 |       0 |    0 |    1 |      0 |      0 |    0 |          0 |
|         (core)                               |                         uop_block__parameterized7__1 |          1 |          1 |       0 |    0 |    0 |      0 |      0 |    0 |          0 |
|         g[6].g_normal.alu_i                  |                      microop_unit__parameterized4__6 |          0 |          0 |       0 |    0 |    1 |      0 |      0 |    0 |          0 |
+----------------------------------------------+------------------------------------------------------+------------+------------+---------+------+------+--------+--------+------+------------+


