Copyright 1986-2020 Xilinx, Inc. All Rights Reserved.
-----------------------------------------------------------------------------------------------------------------------------------------------------
| Tool Version      : Vivado v.2020.1 (lin64) Build 2902540 Wed May 27 19:54:35 MDT 2020
| Date              : Sun Sep 21 19:07:32 2025
| Host              : orthanc running 64-bit Ubuntu 22.04.4 LTS
| Command           : report_timing_summary -file /home/jyoo/custom_v_2/custom-core-tool/reports/wo_simd_div/single/525_x264_r/post_route_timing.rpt
| Design            : top_bench__525_x264_r
| Device            : xcu200-fsgd2104
| Speed File        : -2  PRODUCTION 1.27 02-28-2020
| Temperature Grade : E
-----------------------------------------------------------------------------------------------------------------------------------------------------

Timing Summary Report

------------------------------------------------------------------------------------------------
| Timer Settings
| --------------
------------------------------------------------------------------------------------------------

  Enable Multi Corner Analysis               :  Yes
  Enable Pessimism Removal                   :  Yes
  Pessimism Removal Resolution               :  Nearest Common Node
  Enable Input Delay Default Clock           :  No
  Enable Preset / Clear Arcs                 :  No
  Disable Flight Delays                      :  No
  Ignore I/O Paths                           :  No
  Timing Early Launch at Borrowing Latches   :  No
  Borrow Time for Max Delay Exceptions       :  Yes
  Merge Timing Exceptions                    :  Yes

  Corner  Analyze    Analyze    
  Name    Max Paths  Min Paths  
  ------  ---------  ---------  
  Slow    Yes        Yes        
  Fast    Yes        Yes        



check_timing report

Table of Contents
-----------------
1. checking no_clock (0)
2. checking constant_clock (0)
3. checking pulse_width_clock (0)
4. checking unconstrained_internal_endpoints (0)
5. checking no_input_delay (64)
6. checking no_output_delay (64)
7. checking multiple_clock (0)
8. checking generated_clocks (0)
9. checking loops (0)
10. checking partial_input_delay (0)
11. checking partial_output_delay (0)
12. checking latch_loops (0)

1. checking no_clock (0)
------------------------
 There are 0 register/latch pins with no clock.


2. checking constant_clock (0)
------------------------------
 There are 0 register/latch pins with constant_clock.


3. checking pulse_width_clock (0)
---------------------------------
 There are 0 register/latch pins which need pulse_width check


4. checking unconstrained_internal_endpoints (0)
------------------------------------------------
 There are 0 pins that are not constrained for maximum delay.

 There are 0 pins that are not constrained for maximum delay due to constant clock.


5. checking no_input_delay (64)
-------------------------------
 There are 64 input ports with no input delay specified. (HIGH)

 There are 0 input ports with no input delay but user has a false path constraint.


6. checking no_output_delay (64)
--------------------------------
 There are 64 ports with no output delay specified. (HIGH)

 There are 0 ports with no output delay but user has a false path constraint

 There are 0 ports with no output delay but with a timing clock defined on it or propagating through it


7. checking multiple_clock (0)
------------------------------
 There are 0 register/latch pins with multiple clocks.


8. checking generated_clocks (0)
--------------------------------
 There are 0 generated clocks that are not connected to a clock source.


9. checking loops (0)
---------------------
 There are 0 combinational loops in the design.


10. checking partial_input_delay (0)
------------------------------------
 There are 0 input ports with partial input delay specified.


11. checking partial_output_delay (0)
-------------------------------------
 There are 0 ports with partial output delay specified.


12. checking latch_loops (0)
----------------------------
 There are 0 combinational latch loops in the design through latch input



------------------------------------------------------------------------------------------------
| Design Timing Summary
| ---------------------
------------------------------------------------------------------------------------------------

    WNS(ns)      TNS(ns)  TNS Failing Endpoints  TNS Total Endpoints      WHS(ns)      THS(ns)  THS Failing Endpoints  THS Total Endpoints     WPWS(ns)     TPWS(ns)  TPWS Failing Endpoints  TPWS Total Endpoints  
    -------      -------  ---------------------  -------------------      -------      -------  ---------------------  -------------------     --------     --------  ----------------------  --------------------  
      0.541        0.000                      0                12230        0.010        0.000                      0                12230        1.391        0.000                       0                 14721  


All user specified timing constraints are met.


------------------------------------------------------------------------------------------------
| Clock Summary
| -------------
------------------------------------------------------------------------------------------------

Clock     Waveform(ns)         Period(ns)      Frequency(MHz)
-----     ------------         ----------      --------------
host_clk  {0.000 1.666}        3.333           300.030         


------------------------------------------------------------------------------------------------
| Intra Clock Table
| -----------------
------------------------------------------------------------------------------------------------

Clock             WNS(ns)      TNS(ns)  TNS Failing Endpoints  TNS Total Endpoints      WHS(ns)      THS(ns)  THS Failing Endpoints  THS Total Endpoints     WPWS(ns)     TPWS(ns)  TPWS Failing Endpoints  TPWS Total Endpoints  
-----             -------      -------  ---------------------  -------------------      -------      -------  ---------------------  -------------------     --------     --------  ----------------------  --------------------  
host_clk            0.541        0.000                      0                12230        0.010        0.000                      0                12230        1.391        0.000                       0                 14721  


------------------------------------------------------------------------------------------------
| Inter Clock Table
| -----------------
------------------------------------------------------------------------------------------------

From Clock    To Clock          WNS(ns)      TNS(ns)  TNS Failing Endpoints  TNS Total Endpoints      WHS(ns)      THS(ns)  THS Failing Endpoints  THS Total Endpoints  
----------    --------          -------      -------  ---------------------  -------------------      -------      -------  ---------------------  -------------------  


------------------------------------------------------------------------------------------------
| Other Path Groups Table
| -----------------------
------------------------------------------------------------------------------------------------

Path Group    From Clock    To Clock          WNS(ns)      TNS(ns)  TNS Failing Endpoints  TNS Total Endpoints      WHS(ns)      THS(ns)  THS Failing Endpoints  THS Total Endpoints  
----------    ----------    --------          -------      -------  ---------------------  -------------------      -------      -------  ---------------------  -------------------  


------------------------------------------------------------------------------------------------
| Timing Details
| --------------
------------------------------------------------------------------------------------------------


---------------------------------------------------------------------------------------------------
From Clock:  host_clk
  To Clock:  host_clk

Setup :            0  Failing Endpoints,  Worst Slack        0.541ns,  Total Violation        0.000ns
Hold  :            0  Failing Endpoints,  Worst Slack        0.010ns,  Total Violation        0.000ns
PW    :            0  Failing Endpoints,  Worst Slack        1.391ns,  Total Violation        0.000ns
---------------------------------------------------------------------------------------------------


Max Delay Paths
--------------------------------------------------------------------------------------
Slack (MET) :             0.541ns  (required time - arrival time)
  Source:                 u_525_x264_r/glen[88].core_i/core/g[11].g_ff.stage_reg[12][16]/C
                            (rising edge-triggered cell FDRE clocked by host_clk  {rise@0.000ns fall@1.666ns period=3.333ns})
  Destination:            u_525_x264_r/glen[88].core_i/core/g[12].g_normal.alu_i/g_imul.mul_fabric.y_reg__0/DSP_OUTPUT_INST/ALU_OUT[0]
                            (rising edge-triggered cell DSP_OUTPUT clocked by host_clk  {rise@0.000ns fall@1.666ns period=3.333ns})
  Path Group:             host_clk
  Path Type:              Setup (Max at Slow Process Corner)
  Requirement:            3.333ns  (host_clk rise@3.333ns - host_clk rise@0.000ns)
  Data Path Delay:        2.634ns  (logic 2.152ns (81.701%)  route 0.482ns (18.299%))
  Logic Levels:           7  (DSP_A_B_DATA=1 DSP_ALU=2 DSP_M_DATA=1 DSP_MULTIPLIER=1 DSP_OUTPUT=1 DSP_PREADD_DATA=1)
  Clock Path Skew:        -0.138ns (DCD - SCD + CPR)
    Destination Clock Delay (DCD):    2.202ns = ( 5.535 - 3.333 ) 
    Source Clock Delay      (SCD):    2.756ns
    Clock Pessimism Removal (CPR):    0.416ns
  Clock Uncertainty:      0.035ns  ((TSJ^2 + TIJ^2)^1/2 + DJ) / 2 + PE
    Total System Jitter     (TSJ):    0.071ns
    Total Input Jitter      (TIJ):    0.000ns
    Discrete Jitter          (DJ):    0.000ns
    Phase Error              (PE):    0.000ns
  Clock Net Delay (Source):      1.866ns (routing 0.985ns, distribution 0.881ns)
  Clock Net Delay (Destination): 1.605ns (routing 0.896ns, distribution 0.709ns)

    Location             Delay type                Incr(ns)  Path(ns)    Netlist Resource(s)
  -------------------------------------------------------------------    -------------------
                         (clock host_clk rise edge)
                                                      0.000     0.000 r  
    H17                                               0.000     0.000 r  clk (IN)
                         net (fo=0)                   0.000     0.000    clk_IBUF_inst/I
    H17                  INBUF (Prop_INBUF_HPIOB_M_PAD_O)
                                                      0.514     0.514 r  clk_IBUF_inst/INBUF_INST/O
                         net (fo=1, routed)           0.000     0.514    clk_IBUF_inst/OUT
    H17                  IBUFCTRL (Prop_IBUFCTRL_HPIOB_M_I_O)
                                                      0.000     0.514 r  clk_IBUF_inst/IBUFCTRL_INST/O
                         net (fo=1, routed)           0.348     0.862    clk_IBUF
    BUFGCE_X1Y290        BUFGCE (Prop_BUFCE_BUFGCE_I_O)
                                                      0.028     0.890 r  clk_IBUF_BUFG_inst/O
    X5Y14 (CLOCK_ROOT)   net (fo=14800, routed)       1.866     2.756    u_525_x264_r/glen[88].core_i/core/clk
    SLICE_X164Y856       FDRE                                         r  u_525_x264_r/glen[88].core_i/core/g[11].g_ff.stage_reg[12][16]/C
  -------------------------------------------------------------------    -------------------
    SLICE_X164Y856       FDRE (Prop_AFF_SLICEL_C_Q)
                                                      0.079     2.835 f  u_525_x264_r/glen[88].core_i/core/g[11].g_ff.stage_reg[12][16]/Q
                         net (fo=1, routed)           0.444     3.279    u_525_x264_r/glen[88].core_i/core/g[12].g_normal.alu_i/y0/A[16]
    DSP48E2_X17Y343      DSP_A_B_DATA (Prop_DSP_A_B_DATA_DSP48E2_A[16]_A2_DATA[16])
                                                      0.192     3.471 r  u_525_x264_r/glen[88].core_i/core/g[12].g_normal.alu_i/y0/DSP_A_B_DATA_INST/A2_DATA[16]
                         net (fo=1, routed)           0.000     3.471    u_525_x264_r/glen[88].core_i/core/g[12].g_normal.alu_i/y0/DSP_A_B_DATA.A2_DATA<16>
    DSP48E2_X17Y343      DSP_PREADD_DATA (Prop_DSP_PREADD_DATA_DSP48E2_A2_DATA[16]_A2A1[16])
                                                      0.076     3.547 r  u_525_x264_r/glen[88].core_i/core/g[12].g_normal.alu_i/y0/DSP_PREADD_DATA_INST/A2A1[16]
                         net (fo=1, routed)           0.000     3.547    u_525_x264_r/glen[88].core_i/core/g[12].g_normal.alu_i/y0/DSP_PREADD_DATA.A2A1<16>
    DSP48E2_X17Y343      DSP_MULTIPLIER (Prop_DSP_MULTIPLIER_DSP48E2_A2A1[16]_U[36])
                                                      0.505     4.052 f  u_525_x264_r/glen[88].core_i/core/g[12].g_normal.alu_i/y0/DSP_MULTIPLIER_INST/U[36]
                         net (fo=1, routed)           0.000     4.052    u_525_x264_r/glen[88].core_i/core/g[12].g_normal.alu_i/y0/DSP_MULTIPLIER.U<36>
    DSP48E2_X17Y343      DSP_M_DATA (Prop_DSP_M_DATA_DSP48E2_U[36]_U_DATA[36])
                                                      0.047     4.099 r  u_525_x264_r/glen[88].core_i/core/g[12].g_normal.alu_i/y0/DSP_M_DATA_INST/U_DATA[36]
                         net (fo=1, routed)           0.000     4.099    u_525_x264_r/glen[88].core_i/core/g[12].g_normal.alu_i/y0/DSP_M_DATA.U_DATA<36>
    DSP48E2_X17Y343      DSP_ALU (Prop_DSP_ALU_DSP48E2_U_DATA[36]_ALU_OUT[47])
                                                      0.585     4.684 f  u_525_x264_r/glen[88].core_i/core/g[12].g_normal.alu_i/y0/DSP_ALU_INST/ALU_OUT[47]
                         net (fo=1, routed)           0.000     4.684    u_525_x264_r/glen[88].core_i/core/g[12].g_normal.alu_i/y0/DSP_ALU.ALU_OUT<47>
    DSP48E2_X17Y343      DSP_OUTPUT (Prop_DSP_OUTPUT_DSP48E2_ALU_OUT[47]_PCOUT[47])
                                                      0.122     4.806 r  u_525_x264_r/glen[88].core_i/core/g[12].g_normal.alu_i/y0/DSP_OUTPUT_INST/PCOUT[47]
                         net (fo=1, routed)           0.038     4.844    u_525_x264_r/glen[88].core_i/core/g[12].g_normal.alu_i/g_imul.mul_fabric.y_reg__0/PCIN[47]
    DSP48E2_X17Y344      DSP_ALU (Prop_DSP_ALU_DSP48E2_PCIN[47]_ALU_OUT[0])
                                                      0.546     5.390 r  u_525_x264_r/glen[88].core_i/core/g[12].g_normal.alu_i/g_imul.mul_fabric.y_reg__0/DSP_ALU_INST/ALU_OUT[0]
                         net (fo=1, routed)           0.000     5.390    u_525_x264_r/glen[88].core_i/core/g[12].g_normal.alu_i/g_imul.mul_fabric.y_reg__0/DSP_ALU.ALU_OUT<0>
    DSP48E2_X17Y344      DSP_OUTPUT                                   r  u_525_x264_r/glen[88].core_i/core/g[12].g_normal.alu_i/g_imul.mul_fabric.y_reg__0/DSP_OUTPUT_INST/ALU_OUT[0]
  -------------------------------------------------------------------    -------------------

                         (clock host_clk rise edge)
                                                      3.333     3.333 r  
    H17                                               0.000     3.333 r  clk (IN)
                         net (fo=0)                   0.000     3.333    clk_IBUF_inst/I
    H17                  INBUF (Prop_INBUF_HPIOB_M_PAD_O)
                                                      0.264     3.597 r  clk_IBUF_inst/INBUF_INST/O
                         net (fo=1, routed)           0.000     3.597    clk_IBUF_inst/OUT
    H17                  IBUFCTRL (Prop_IBUFCTRL_HPIOB_M_I_O)
                                                      0.000     3.597 r  clk_IBUF_inst/IBUFCTRL_INST/O
                         net (fo=1, routed)           0.309     3.906    clk_IBUF
    BUFGCE_X1Y290        BUFGCE (Prop_BUFCE_BUFGCE_I_O)
                                                      0.024     3.930 r  clk_IBUF_BUFG_inst/O
    X5Y14 (CLOCK_ROOT)   net (fo=14800, routed)       1.605     5.535    u_525_x264_r/glen[88].core_i/core/g[12].g_normal.alu_i/g_imul.mul_fabric.y_reg__0/CLK
    DSP48E2_X17Y344      DSP_OUTPUT                                   r  u_525_x264_r/glen[88].core_i/core/g[12].g_normal.alu_i/g_imul.mul_fabric.y_reg__0/DSP_OUTPUT_INST/CLK
                         clock pessimism              0.416     5.951    
                         clock uncertainty           -0.035     5.916    
    DSP48E2_X17Y344      DSP_OUTPUT (Setup_DSP_OUTPUT_DSP48E2_CLK_ALU_OUT[0])
                                                      0.015     5.931    u_525_x264_r/glen[88].core_i/core/g[12].g_normal.alu_i/g_imul.mul_fabric.y_reg__0/DSP_OUTPUT_INST
  -------------------------------------------------------------------
                         required time                          5.931    
                         arrival time                          -5.390    
  -------------------------------------------------------------------
                         slack                                  0.541    





Min Delay Paths
--------------------------------------------------------------------------------------
Slack (MET) :             0.010ns  (arrival time - required time)
  Source:                 u_525_x264_r/glen[62].core_i/src_q_reg[16]/C
                            (rising edge-triggered cell FDRE clocked by host_clk  {rise@0.000ns fall@1.666ns period=3.333ns})
  Destination:            u_525_x264_r/glen[62].core_i/core/g[0].g_normal.alu_i/g_soft_only.y_reg[16]/D
                            (rising edge-triggered cell FDRE clocked by host_clk  {rise@0.000ns fall@1.666ns period=3.333ns})
  Path Group:             host_clk
  Path Type:              Hold (Min at Slow Process Corner)
  Requirement:            0.000ns  (host_clk rise@0.000ns - host_clk rise@0.000ns)
  Data Path Delay:        0.191ns  (logic 0.088ns (46.073%)  route 0.103ns (53.927%))
  Logic Levels:           1  (CARRY8=1)
  Clock Path Skew:        0.121ns (DCD - SCD - CPR)
    Destination Clock Delay (DCD):    2.768ns
    Source Clock Delay      (SCD):    2.231ns
    Clock Pessimism Removal (CPR):    0.416ns
  Clock Net Delay (Source):      1.634ns (routing 0.896ns, distribution 0.738ns)
  Clock Net Delay (Destination): 1.878ns (routing 0.985ns, distribution 0.893ns)

    Location             Delay type                Incr(ns)  Path(ns)    Netlist Resource(s)
  -------------------------------------------------------------------    -------------------
                         (clock host_clk rise edge)
                                                      0.000     0.000 r  
    H17                                               0.000     0.000 r  clk (IN)
                         net (fo=0)                   0.000     0.000    clk_IBUF_inst/I
    H17                  INBUF (Prop_INBUF_HPIOB_M_PAD_O)
                                                      0.264     0.264 r  clk_IBUF_inst/INBUF_INST/O
                         net (fo=1, routed)           0.000     0.264    clk_IBUF_inst/OUT
    H17                  IBUFCTRL (Prop_IBUFCTRL_HPIOB_M_I_O)
                                                      0.000     0.264 r  clk_IBUF_inst/IBUFCTRL_INST/O
                         net (fo=1, routed)           0.309     0.573    clk_IBUF
    BUFGCE_X1Y290        BUFGCE (Prop_BUFCE_BUFGCE_I_O)
                                                      0.024     0.597 r  clk_IBUF_BUFG_inst/O
    X5Y14 (CLOCK_ROOT)   net (fo=14800, routed)       1.634     2.231    u_525_x264_r/glen[62].core_i/clk
    SLICE_X162Y855       FDRE                                         r  u_525_x264_r/glen[62].core_i/src_q_reg[16]/C
  -------------------------------------------------------------------    -------------------
    SLICE_X162Y855       FDRE (Prop_BFF_SLICEL_C_Q)
                                                      0.059     2.290 r  u_525_x264_r/glen[62].core_i/src_q_reg[16]/Q
                         net (fo=2, routed)           0.094     2.384    u_525_x264_r/glen[62].core_i/core/g[0].g_normal.alu_i/a[16]
    SLICE_X163Y855       CARRY8 (Prop_CARRY8_SLICEM_S[0]_O[0])
                                                      0.029     2.413 r  u_525_x264_r/glen[62].core_i/core/g[0].g_normal.alu_i/g_soft_only.y_reg[23]_i_1/O[0]
                         net (fo=1, routed)           0.009     2.422    u_525_x264_r/glen[62].core_i/core/g[0].g_normal.alu_i/g_soft_only.y_comb[16]
    SLICE_X163Y855       FDRE                                         r  u_525_x264_r/glen[62].core_i/core/g[0].g_normal.alu_i/g_soft_only.y_reg[16]/D
  -------------------------------------------------------------------    -------------------

                         (clock host_clk rise edge)
                                                      0.000     0.000 r  
    H17                                               0.000     0.000 r  clk (IN)
                         net (fo=0)                   0.000     0.000    clk_IBUF_inst/I
    H17                  INBUF (Prop_INBUF_HPIOB_M_PAD_O)
                                                      0.514     0.514 r  clk_IBUF_inst/INBUF_INST/O
                         net (fo=1, routed)           0.000     0.514    clk_IBUF_inst/OUT
    H17                  IBUFCTRL (Prop_IBUFCTRL_HPIOB_M_I_O)
                                                      0.000     0.514 r  clk_IBUF_inst/IBUFCTRL_INST/O
                         net (fo=1, routed)           0.348     0.862    clk_IBUF
    BUFGCE_X1Y290        BUFGCE (Prop_BUFCE_BUFGCE_I_O)
                                                      0.028     0.890 r  clk_IBUF_BUFG_inst/O
    X5Y14 (CLOCK_ROOT)   net (fo=14800, routed)       1.878     2.768    u_525_x264_r/glen[62].core_i/core/g[0].g_normal.alu_i/clk
    SLICE_X163Y855       FDRE                                         r  u_525_x264_r/glen[62].core_i/core/g[0].g_normal.alu_i/g_soft_only.y_reg[16]/C
                         clock pessimism             -0.416     2.352    
    SLICE_X163Y855       FDRE (Hold_AFF_SLICEM_C_D)
                                                      0.060     2.412    u_525_x264_r/glen[62].core_i/core/g[0].g_normal.alu_i/g_soft_only.y_reg[16]
  -------------------------------------------------------------------
                         required time                         -2.412    
                         arrival time                           2.422    
  -------------------------------------------------------------------
                         slack                                  0.010    





Pulse Width Checks
--------------------------------------------------------------------------------------
Clock Name:         host_clk
Waveform(ns):       { 0.000 1.666 }
Period(ns):         3.333
Sources:            { clk }

Check Type        Corner  Lib Pin   Reference Pin  Required(ns)  Actual(ns)  Slack(ns)  Location        Pin
Min Period        n/a     BUFGCE/I  n/a            1.290         3.333       2.043      BUFGCE_X1Y290   clk_IBUF_BUFG_inst/I
Low Pulse Width   Slow    FDRE/C    n/a            0.275         1.666       1.391      SLICE_X157Y866  u_525_x264_r/glen[63].core_i/core/g[1].g_normal.alu_i/g_iadd.use_ip.int_addsub_i/U0/xst_addsub/i_baseblox.i_baseblox_addsub/no_pipelining.the_addsub/i_lut6.i_lut6_addsub/i_q.i_simple.qreg/i_no_async_controls.output_reg[25]/C
High Pulse Width  Fast    FDRE/C    n/a            0.275         1.666       1.391      SLICE_X152Y872  u_525_x264_r/glen[29].core_i/g_out_ff.dst_o_reg[9]/C



