Copyright 1986-2020 Xilinx, Inc. All Rights Reserved.
-------------------------------------------------------------------------------------------------------------------------------------------------------------------
| Tool Version : Vivado v.2020.1 (lin64) Build 2902540 Wed May 27 19:54:35 MDT 2020
| Date         : Mon Oct 27 18:24:54 2025
| Host         : orthanc running 64-bit Ubuntu 22.04.4 LTS
| Command      : report_utilization -hierarchical -file /home/jyoo/custom_v_2/custom-core-tool/reports/synth_0p5pct/benches/548_exchange2_r/pre_impl_util_hier.rpt
| Design       : top_multi_len
| Device       : xcu200fsgd2104-2
| Design State : Synthesized
-------------------------------------------------------------------------------------------------------------------------------------------------------------------

Utilization Design Information

Table of Contents
-----------------
1. Utilization by Hierarchy

1. Utilization by Hierarchy
---------------------------

+---------------------------------------------------------------------------------+------------------------------------------------+------------+------------+---------+------+------+--------+--------+------+------------+
|                                     Instance                                    |                     Module                     | Total LUTs | Logic LUTs | LUTRAMs | SRLs |  FFs | RAMB36 | RAMB18 | URAM | DSP Blocks |
+---------------------------------------------------------------------------------+------------------------------------------------+------------+------------+---------+------+------+--------+--------+------+------------+
| top_multi_len                                                                   |                                          (top) |       3828 |       3171 |       0 |  657 | 7312 |      8 |      0 |    0 |         48 |
|   (top_multi_len)                                                               |                                          (top) |        223 |        223 |       0 |    0 |  561 |      0 |      0 |    0 |          0 |
|   g_has_mem.glen_mem[0].blk_i                                                   |                                 uop_block_wrap |          4 |          4 |       0 |    0 |  205 |      0 |      0 |    0 |          0 |
|     (g_has_mem.glen_mem[0].blk_i)                                               |                                 uop_block_wrap |          1 |          1 |       0 |    0 |   76 |      0 |      0 |    0 |          0 |
|     core                                                                        |                                    uop_block_9 |          3 |          3 |       0 |    0 |  129 |      0 |      0 |    0 |          0 |
|       (core)                                                                    |                                    uop_block_9 |          3 |          3 |       0 |    0 |    1 |      0 |      0 |    0 |          0 |
|       g[0].g_normal.alu_i                                                       |                               microop_unit__10 |          0 |          0 |       0 |    0 |   64 |      0 |      0 |    0 |          0 |
|       g[1].g_normal.alu_i                                                       |                                microop_unit__9 |          0 |          0 |       0 |    0 |   64 |      0 |      0 |    0 |          0 |
|   g_has_mem.glen_mem[10].blk_i                                                  |                 uop_block_wrap__parameterized7 |         36 |         36 |       0 |    0 |  114 |      0 |      0 |    0 |          0 |
|     (g_has_mem.glen_mem[10].blk_i)                                              |                 uop_block_wrap__parameterized7 |          1 |          1 |       0 |    0 |   49 |      0 |      0 |    0 |          0 |
|     core                                                                        |                      uop_block__parameterized7 |         35 |         35 |       0 |    0 |   65 |      0 |      0 |    0 |          0 |
|       (core)                                                                    |                      uop_block__parameterized7 |          3 |          3 |       0 |    0 |    1 |      0 |      0 |    0 |          0 |
|       g[0].g_normal.alu_i                                                       |                   microop_unit__parameterized0 |         32 |         32 |       0 |    0 |   32 |      0 |      0 |    0 |          0 |
|       g[1].g_normal.alu_i                                                       |                   microop_unit__parameterized5 |          0 |          0 |       0 |    0 |   32 |      0 |      0 |    0 |          0 |
|   g_has_mem.glen_mem[11].blk_i                                                  |                 uop_block_wrap__parameterized8 |         70 |         70 |       0 |    0 |  207 |      0 |      0 |    0 |          0 |
|     (g_has_mem.glen_mem[11].blk_i)                                              |                 uop_block_wrap__parameterized8 |          3 |          3 |       0 |    0 |   78 |      0 |      0 |    0 |          0 |
|     core                                                                        |                    uop_block__parameterized8_8 |         67 |         67 |       0 |    0 |  129 |      0 |      0 |    0 |          0 |
|       (core)                                                                    |                    uop_block__parameterized8_8 |          3 |          3 |       0 |    0 |    1 |      0 |      0 |    0 |          0 |
|       g[0].g_normal.alu_i                                                       |               microop_unit__parameterized10__1 |         64 |         64 |       0 |    0 |   64 |      0 |      0 |    0 |          0 |
|       g[1].g_normal.alu_i                                                       |                                microop_unit__8 |          0 |          0 |       0 |    0 |   64 |      0 |      0 |    0 |          0 |
|   g_has_mem.glen_mem[12].blk_i                                                  |                 uop_block_wrap__parameterized0 |        463 |        463 |       0 |    0 |  594 |      0 |      0 |    0 |          0 |
|     (g_has_mem.glen_mem[12].blk_i)                                              |                 uop_block_wrap__parameterized0 |          3 |          3 |       0 |    0 |   78 |      0 |      0 |    0 |          0 |
|     core                                                                        |                    uop_block__parameterized0_7 |        460 |        460 |       0 |    0 |  516 |      0 |      0 |    0 |          0 |
|       (core)                                                                    |                    uop_block__parameterized0_7 |         12 |         12 |       0 |    0 |    4 |      0 |      0 |    0 |          0 |
|       g[0].g_normal.alu_i                                                       |                                microop_unit__3 |          0 |          0 |       0 |    0 |   64 |      0 |      0 |    0 |          0 |
|       g[10].g_normal.alu_i                                                      |               microop_unit__parameterized0__10 |         32 |         32 |       0 |    0 |   32 |      0 |      0 |    0 |          0 |
|       g[11].g_normal.alu_i                                                      |               microop_unit__parameterized0__11 |         32 |         32 |       0 |    0 |   32 |      0 |      0 |    0 |          0 |
|       g[12].g_normal.alu_i                                                      |               microop_unit__parameterized0__12 |         32 |         32 |       0 |    0 |   32 |      0 |      0 |    0 |          0 |
|       g[13].g_normal.alu_i                                                      |               microop_unit__parameterized0__13 |         32 |         32 |       0 |    0 |   32 |      0 |      0 |    0 |          0 |
|       g[14].g_normal.alu_i                                                      |               microop_unit__parameterized0__14 |         32 |         32 |       0 |    0 |   32 |      0 |      0 |    0 |          0 |
|       g[1].g_normal.alu_i                                                       |                microop_unit__parameterized0__1 |         32 |         32 |       0 |    0 |   32 |      0 |      0 |    0 |          0 |
|       g[2].g_normal.alu_i                                                       |                microop_unit__parameterized0__2 |         32 |         32 |       0 |    0 |   32 |      0 |      0 |    0 |          0 |
|       g[3].g_normal.alu_i                                                       |                microop_unit__parameterized0__3 |         32 |         32 |       0 |    0 |   32 |      0 |      0 |    0 |          0 |
|       g[4].g_normal.alu_i                                                       |                microop_unit__parameterized0__4 |         32 |         32 |       0 |    0 |   32 |      0 |      0 |    0 |          0 |
|       g[5].g_normal.alu_i                                                       |                microop_unit__parameterized0__5 |         32 |         32 |       0 |    0 |   32 |      0 |      0 |    0 |          0 |
|       g[6].g_normal.alu_i                                                       |                microop_unit__parameterized0__6 |         32 |         32 |       0 |    0 |   32 |      0 |      0 |    0 |          0 |
|       g[7].g_normal.alu_i                                                       |                microop_unit__parameterized0__7 |         32 |         32 |       0 |    0 |   32 |      0 |      0 |    0 |          0 |
|       g[8].g_normal.alu_i                                                       |                microop_unit__parameterized0__8 |         32 |         32 |       0 |    0 |   32 |      0 |      0 |    0 |          0 |
|       g[9].g_normal.alu_i                                                       |                microop_unit__parameterized0__9 |         32 |         32 |       0 |    0 |   32 |      0 |      0 |    0 |          0 |
|   g_has_mem.glen_mem[13].blk_i                                                  |                               uop_block_wrap_0 |          7 |          7 |       0 |    0 |  208 |      0 |      0 |    0 |          0 |
|     (g_has_mem.glen_mem[13].blk_i)                                              |                               uop_block_wrap_0 |          4 |          4 |       0 |    0 |   79 |      0 |      0 |    0 |          0 |
|     core                                                                        |                                      uop_block |          3 |          3 |       0 |    0 |  129 |      0 |      0 |    0 |          0 |
|       (core)                                                                    |                                      uop_block |          3 |          3 |       0 |    0 |    1 |      0 |      0 |    0 |          0 |
|       g[0].g_normal.alu_i                                                       |                                microop_unit__1 |          0 |          0 |       0 |    0 |   64 |      0 |      0 |    0 |          0 |
|       g[1].g_normal.alu_i                                                       |                                microop_unit__2 |          0 |          0 |       0 |    0 |   64 |      0 |      0 |    0 |          0 |
|   g_has_mem.glen_mem[14].blk_i                                                  |                 uop_block_wrap__parameterized9 |        230 |         11 |       0 |  219 |  751 |      0 |      0 |    0 |         16 |
|     (g_has_mem.glen_mem[14].blk_i)                                              |                 uop_block_wrap__parameterized9 |          4 |          4 |       0 |    0 |   76 |      0 |      0 |    0 |          0 |
|     core                                                                        |                      uop_block__parameterized9 |        226 |          7 |       0 |  219 |  675 |      0 |      0 |    0 |         16 |
|       (core)                                                                    |                      uop_block__parameterized9 |          7 |          7 |       0 |    0 |    2 |      0 |      0 |    0 |          0 |
|       g[0].g_normal.alu_i                                                       |                                microop_unit__6 |          0 |          0 |       0 |    0 |   64 |      0 |      0 |    0 |          0 |
|       g[1].g_normal.alu_i                                                       |        microop_unit__parameterized9__xdcDup__2 |        219 |          0 |       0 |  219 |  545 |      0 |      0 |    0 |         16 |
|         (g[1].g_normal.alu_i)                                                   |        microop_unit__parameterized9__xdcDup__2 |          0 |          0 |       0 |    0 |   64 |      0 |      0 |    0 |          0 |
|         g_imul.mul64_ip.mul_i                                                   |                                    integer_mul |        219 |          0 |       0 |  219 |  481 |      0 |      0 |    0 |         16 |
|           (g_imul.mul64_ip.mul_i)                                               |                                    integer_mul |          0 |          0 |       0 |    0 |    0 |      0 |      0 |    0 |          0 |
|           U0                                                                    |                   integer_mulmult_gen_v12_0_16 |        219 |          0 |       0 |  219 |  481 |      0 |      0 |    0 |         16 |
|             (U0)                                                                |                   integer_mulmult_gen_v12_0_16 |          0 |          0 |       0 |    0 |    0 |      0 |      0 |    0 |          0 |
|             i_mult                                                              |               integer_mulmult_gen_v12_0_16_viv |        219 |          0 |       0 |  219 |  481 |      0 |      0 |    0 |         16 |
|               (i_mult)                                                          |               integer_mulmult_gen_v12_0_16_viv |          0 |          0 |       0 |    0 |    0 |      0 |      0 |    0 |          0 |
|               gDSP.gDSP_only.iDSP                                               |                                 integer_muldsp |        219 |          0 |       0 |  219 |  481 |      0 |      0 |    0 |         16 |
|                 (gDSP.gDSP_only.iDSP)                                           |                                 integer_muldsp |          0 |          0 |       0 |    0 |    0 |      0 |      0 |    0 |         16 |
|                 use_prim.appDSP48[0].bppDSP48[0].need_output_delay.output_delay |         integer_muldelay_line__parameterized16 |          9 |          0 |       0 |    9 |   17 |      0 |      0 |    0 |          0 |
|                 use_prim.appDSP48[0].bppDSP48[2].need_output_delay.output_delay |         integer_muldelay_line__parameterized18 |          9 |          0 |       0 |    9 |   17 |      0 |      0 |    0 |          0 |
|                 use_prim.appDSP48[1].bppDSP48[0].need_output_delay.output_delay |         integer_muldelay_line__parameterized19 |          9 |          0 |       0 |    9 |   17 |      0 |      0 |    0 |          0 |
|                 use_prim.appDSP48[1].bppDSP48[3].need_output_delay.output_delay |         integer_muldelay_line__parameterized20 |          9 |          0 |       0 |    9 |   17 |      0 |      0 |    0 |          0 |
|                 use_prim.appDSP48[3].bppDSP48[0].need_output_delay.output_delay |         integer_muldelay_line__parameterized21 |          9 |          0 |       0 |    9 |   17 |      0 |      0 |    0 |          0 |
|                 use_prim.appDSP48[3].bppDSP48[2].need_output_delay.output_delay |         integer_muldelay_line__parameterized22 |          0 |          0 |       0 |    0 |   17 |      0 |      0 |    0 |          0 |
|                 use_prim.iAdelx[0].iAdely[2].use_delay_line.Adelay              |          integer_muldelay_line__parameterized0 |          9 |          0 |       0 |    9 |   18 |      0 |      0 |    0 |          0 |
|                 use_prim.iAdelx[1].iAdely[1].use_delay_line.Adelay              |          integer_muldelay_line__parameterized1 |          9 |          0 |       0 |    9 |   18 |      0 |      0 |    0 |          0 |
|                 use_prim.iAdelx[1].iAdely[2].use_delay_line.Adelay              |          integer_muldelay_line__parameterized2 |          9 |          0 |       0 |    9 |   18 |      0 |      0 |    0 |          0 |
|                 use_prim.iAdelx[1].iAdely[3].use_delay_line.Adelay              |          integer_muldelay_line__parameterized3 |          9 |          0 |       0 |    9 |   18 |      0 |      0 |    0 |          0 |
|                 use_prim.iAdelx[2].iAdely[0].use_delay_line.Adelay              |          integer_muldelay_line__parameterized4 |          0 |          0 |       0 |    0 |   17 |      0 |      0 |    0 |          0 |
|                 use_prim.iAdelx[2].iAdely[1].use_delay_line.Adelay              |          integer_muldelay_line__parameterized5 |          9 |          0 |       0 |    9 |   18 |      0 |      0 |    0 |          0 |
|                 use_prim.iAdelx[2].iAdely[2].use_delay_line.Adelay              |          integer_muldelay_line__parameterized6 |          9 |          0 |       0 |    9 |   18 |      0 |      0 |    0 |          0 |
|                 use_prim.iAdelx[2].iAdely[3].use_delay_line.Adelay              |          integer_muldelay_line__parameterized7 |          9 |          0 |       0 |    9 |   18 |      0 |      0 |    0 |          0 |
|                 use_prim.iAdelx[3].iAdely[0].use_delay_line.Adelay              |          integer_muldelay_line__parameterized8 |          7 |          0 |       0 |    7 |   13 |      0 |      0 |    0 |          0 |
|                 use_prim.iAdelx[3].iAdely[2].use_delay_line.Adelay              |          integer_muldelay_line__parameterized9 |          7 |          0 |       0 |    7 |   13 |      0 |      0 |    0 |          0 |
|                 use_prim.iBdelx[0].iBdely[2].need_delay_line.Bdelay             |        integer_muldelay_line__parameterized0_0 |          9 |          0 |       0 |    9 |   18 |      0 |      0 |    0 |          0 |
|                 use_prim.iBdelx[0].iBdely[3].need_delay_line.Bdelay             |         integer_muldelay_line__parameterized10 |          9 |          0 |       0 |    9 |   18 |      0 |      0 |    0 |          0 |
|                 use_prim.iBdelx[1].iBdely[0].need_delay_line.Bdelay             |        integer_muldelay_line__parameterized4_1 |          0 |          0 |       0 |    0 |   17 |      0 |      0 |    0 |          0 |
|                 use_prim.iBdelx[1].iBdely[1].need_delay_line.Bdelay             |        integer_muldelay_line__parameterized1_2 |          9 |          0 |       0 |    9 |   18 |      0 |      0 |    0 |          0 |
|                 use_prim.iBdelx[1].iBdely[2].need_delay_line.Bdelay             |        integer_muldelay_line__parameterized2_3 |          9 |          0 |       0 |    9 |   18 |      0 |      0 |    0 |          0 |
|                 use_prim.iBdelx[1].iBdely[3].need_delay_line.Bdelay             |        integer_muldelay_line__parameterized3_4 |          9 |          0 |       0 |    9 |   18 |      0 |      0 |    0 |          0 |
|                 use_prim.iBdelx[2].iBdely[1].need_delay_line.Bdelay             |        integer_muldelay_line__parameterized5_5 |          9 |          0 |       0 |    9 |   18 |      0 |      0 |    0 |          0 |
|                 use_prim.iBdelx[2].iBdely[2].need_delay_line.Bdelay             |        integer_muldelay_line__parameterized6_6 |          9 |          0 |       0 |    9 |   18 |      0 |      0 |    0 |          0 |
|                 use_prim.iBdelx[3].iBdely[0].need_delay_line.Bdelay             |         integer_muldelay_line__parameterized11 |          9 |          0 |       0 |    9 |   18 |      0 |      0 |    0 |          0 |
|                 use_prim.iBdelx[3].iBdely[1].need_delay_line.Bdelay             |         integer_muldelay_line__parameterized12 |          9 |          0 |       0 |    9 |   18 |      0 |      0 |    0 |          0 |
|                 use_prim.iBdelx[3].iBdely[2].need_delay_line.Bdelay             |         integer_muldelay_line__parameterized13 |          9 |          0 |       0 |    9 |   18 |      0 |      0 |    0 |          0 |
|                 use_prim.iBdelx[3].iBdely[3].need_delay_line.Bdelay             |         integer_muldelay_line__parameterized14 |          7 |          0 |       0 |    7 |   13 |      0 |      0 |    0 |          0 |
|       g[2].g_normal.alu_i                                                       |                                microop_unit__7 |          0 |          0 |       0 |    0 |   64 |      0 |      0 |    0 |          0 |
|   g_has_mem.glen_mem[15].blk_i                                                  |                uop_block_wrap__parameterized10 |        219 |          0 |       0 |  219 |  711 |      0 |      0 |    0 |         16 |
|     (g_has_mem.glen_mem[15].blk_i)                                              |                uop_block_wrap__parameterized10 |          0 |          0 |       0 |    0 |   70 |      0 |      0 |    0 |          0 |
|     core                                                                        |                     uop_block__parameterized10 |        219 |          0 |       0 |  219 |  641 |      0 |      0 |    0 |         16 |
|       (core)                                                                    |                     uop_block__parameterized10 |          0 |          0 |       0 |    0 |    0 |      0 |      0 |    0 |          0 |
|       g[0].g_normal.alu_i                                                       |                   microop_unit__parameterized7 |          0 |          0 |       0 |    0 |   32 |      0 |      0 |    0 |          0 |
|       g[1].g_normal.alu_i                                                       |                                   microop_unit |          0 |          0 |       0 |    0 |   64 |      0 |      0 |    0 |          0 |
|       g[2].g_normal.alu_i                                                       |                   microop_unit__parameterized9 |        219 |          0 |       0 |  219 |  545 |      0 |      0 |    0 |         16 |
|         (g[2].g_normal.alu_i)                                                   |                   microop_unit__parameterized9 |          0 |          0 |       0 |    0 |   64 |      0 |      0 |    0 |          0 |
|         g_imul.mul64_ip.mul_i                                                   |                             integer_mul_HD3576 |        219 |          0 |       0 |  219 |  481 |      0 |      0 |    0 |         16 |
|           (g_imul.mul64_ip.mul_i)                                               |                             integer_mul_HD3576 |          0 |          0 |       0 |    0 |    0 |      0 |      0 |    0 |          0 |
|           U0                                                                    |            integer_mulmult_gen_v12_0_16_HD3577 |        219 |          0 |       0 |  219 |  481 |      0 |      0 |    0 |         16 |
|             (U0)                                                                |            integer_mulmult_gen_v12_0_16_HD3577 |          0 |          0 |       0 |    0 |    0 |      0 |      0 |    0 |          0 |
|             i_mult                                                              |        integer_mulmult_gen_v12_0_16_viv_HD3578 |        219 |          0 |       0 |  219 |  481 |      0 |      0 |    0 |         16 |
|               (i_mult)                                                          |        integer_mulmult_gen_v12_0_16_viv_HD3578 |          0 |          0 |       0 |    0 |    0 |      0 |      0 |    0 |          0 |
|               gDSP.gDSP_only.iDSP                                               |                          integer_muldsp_HD3579 |        219 |          0 |       0 |  219 |  481 |      0 |      0 |    0 |         16 |
|                 (gDSP.gDSP_only.iDSP)                                           |                          integer_muldsp_HD3579 |          0 |          0 |       0 |    0 |    0 |      0 |      0 |    0 |         16 |
|                 use_prim.appDSP48[0].bppDSP48[0].need_output_delay.output_delay |  integer_muldelay_line__parameterized16_HD3580 |          9 |          0 |       0 |    9 |   17 |      0 |      0 |    0 |          0 |
|                 use_prim.appDSP48[0].bppDSP48[2].need_output_delay.output_delay |  integer_muldelay_line__parameterized18_HD3581 |          9 |          0 |       0 |    9 |   17 |      0 |      0 |    0 |          0 |
|                 use_prim.appDSP48[1].bppDSP48[0].need_output_delay.output_delay |  integer_muldelay_line__parameterized19_HD3582 |          9 |          0 |       0 |    9 |   17 |      0 |      0 |    0 |          0 |
|                 use_prim.appDSP48[1].bppDSP48[3].need_output_delay.output_delay |  integer_muldelay_line__parameterized20_HD3583 |          9 |          0 |       0 |    9 |   17 |      0 |      0 |    0 |          0 |
|                 use_prim.appDSP48[3].bppDSP48[0].need_output_delay.output_delay |  integer_muldelay_line__parameterized21_HD3584 |          9 |          0 |       0 |    9 |   17 |      0 |      0 |    0 |          0 |
|                 use_prim.appDSP48[3].bppDSP48[2].need_output_delay.output_delay |  integer_muldelay_line__parameterized22_HD3585 |          0 |          0 |       0 |    0 |   17 |      0 |      0 |    0 |          0 |
|                 use_prim.iAdelx[0].iAdely[2].use_delay_line.Adelay              |   integer_muldelay_line__parameterized0_HD3586 |          9 |          0 |       0 |    9 |   18 |      0 |      0 |    0 |          0 |
|                 use_prim.iAdelx[1].iAdely[1].use_delay_line.Adelay              |   integer_muldelay_line__parameterized1_HD3587 |          9 |          0 |       0 |    9 |   18 |      0 |      0 |    0 |          0 |
|                 use_prim.iAdelx[1].iAdely[2].use_delay_line.Adelay              |   integer_muldelay_line__parameterized2_HD3588 |          9 |          0 |       0 |    9 |   18 |      0 |      0 |    0 |          0 |
|                 use_prim.iAdelx[1].iAdely[3].use_delay_line.Adelay              |   integer_muldelay_line__parameterized3_HD3589 |          9 |          0 |       0 |    9 |   18 |      0 |      0 |    0 |          0 |
|                 use_prim.iAdelx[2].iAdely[0].use_delay_line.Adelay              |   integer_muldelay_line__parameterized4_HD3590 |          0 |          0 |       0 |    0 |   17 |      0 |      0 |    0 |          0 |
|                 use_prim.iAdelx[2].iAdely[1].use_delay_line.Adelay              |   integer_muldelay_line__parameterized5_HD3591 |          9 |          0 |       0 |    9 |   18 |      0 |      0 |    0 |          0 |
|                 use_prim.iAdelx[2].iAdely[2].use_delay_line.Adelay              |   integer_muldelay_line__parameterized6_HD3592 |          9 |          0 |       0 |    9 |   18 |      0 |      0 |    0 |          0 |
|                 use_prim.iAdelx[2].iAdely[3].use_delay_line.Adelay              |   integer_muldelay_line__parameterized7_HD3593 |          9 |          0 |       0 |    9 |   18 |      0 |      0 |    0 |          0 |
|                 use_prim.iAdelx[3].iAdely[0].use_delay_line.Adelay              |   integer_muldelay_line__parameterized8_HD3594 |          7 |          0 |       0 |    7 |   13 |      0 |      0 |    0 |          0 |
|                 use_prim.iAdelx[3].iAdely[2].use_delay_line.Adelay              |   integer_muldelay_line__parameterized9_HD3595 |          7 |          0 |       0 |    7 |   13 |      0 |      0 |    0 |          0 |
|                 use_prim.iBdelx[0].iBdely[2].need_delay_line.Bdelay             | integer_muldelay_line__parameterized0_0_HD3596 |          9 |          0 |       0 |    9 |   18 |      0 |      0 |    0 |          0 |
|                 use_prim.iBdelx[0].iBdely[3].need_delay_line.Bdelay             |  integer_muldelay_line__parameterized10_HD3597 |          9 |          0 |       0 |    9 |   18 |      0 |      0 |    0 |          0 |
|                 use_prim.iBdelx[1].iBdely[0].need_delay_line.Bdelay             | integer_muldelay_line__parameterized4_1_HD3598 |          0 |          0 |       0 |    0 |   17 |      0 |      0 |    0 |          0 |
|                 use_prim.iBdelx[1].iBdely[1].need_delay_line.Bdelay             | integer_muldelay_line__parameterized1_2_HD3599 |          9 |          0 |       0 |    9 |   18 |      0 |      0 |    0 |          0 |
|                 use_prim.iBdelx[1].iBdely[2].need_delay_line.Bdelay             | integer_muldelay_line__parameterized2_3_HD3600 |          9 |          0 |       0 |    9 |   18 |      0 |      0 |    0 |          0 |
|                 use_prim.iBdelx[1].iBdely[3].need_delay_line.Bdelay             | integer_muldelay_line__parameterized3_4_HD3601 |          9 |          0 |       0 |    9 |   18 |      0 |      0 |    0 |          0 |
|                 use_prim.iBdelx[2].iBdely[1].need_delay_line.Bdelay             | integer_muldelay_line__parameterized5_5_HD3602 |          9 |          0 |       0 |    9 |   18 |      0 |      0 |    0 |          0 |
|                 use_prim.iBdelx[2].iBdely[2].need_delay_line.Bdelay             | integer_muldelay_line__parameterized6_6_HD3603 |          9 |          0 |       0 |    9 |   18 |      0 |      0 |    0 |          0 |
|                 use_prim.iBdelx[3].iBdely[0].need_delay_line.Bdelay             |  integer_muldelay_line__parameterized11_HD3604 |          9 |          0 |       0 |    9 |   18 |      0 |      0 |    0 |          0 |
|                 use_prim.iBdelx[3].iBdely[1].need_delay_line.Bdelay             |  integer_muldelay_line__parameterized12_HD3605 |          9 |          0 |       0 |    9 |   18 |      0 |      0 |    0 |          0 |
|                 use_prim.iBdelx[3].iBdely[2].need_delay_line.Bdelay             |  integer_muldelay_line__parameterized13_HD3606 |          9 |          0 |       0 |    9 |   18 |      0 |      0 |    0 |          0 |
|                 use_prim.iBdelx[3].iBdely[3].need_delay_line.Bdelay             |  integer_muldelay_line__parameterized14_HD3607 |          7 |          0 |       0 |    7 |   13 |      0 |      0 |    0 |          0 |
|   g_has_mem.glen_mem[16].blk_i                                                  |               uop_block_wrap__parameterized8_1 |         80 |         80 |       0 |    0 |  206 |      0 |      0 |    0 |          0 |
|     (g_has_mem.glen_mem[16].blk_i)                                              |               uop_block_wrap__parameterized8_1 |         13 |         13 |       0 |    0 |   77 |      0 |      0 |    0 |          0 |
|     core                                                                        |                      uop_block__parameterized8 |         67 |         67 |       0 |    0 |  129 |      0 |      0 |    0 |          0 |
|       (core)                                                                    |                      uop_block__parameterized8 |          3 |          3 |       0 |    0 |    1 |      0 |      0 |    0 |          0 |
|       g[0].g_normal.alu_i                                                       |                  microop_unit__parameterized10 |         64 |         64 |       0 |    0 |   64 |      0 |      0 |    0 |          0 |
|       g[1].g_normal.alu_i                                                       |                                microop_unit__5 |          0 |          0 |       0 |    0 |   64 |      0 |      0 |    0 |          0 |
|   g_has_mem.glen_mem[1].blk_i                                                   |               uop_block_wrap__parameterized0_2 |        462 |        462 |       0 |    0 |  593 |      0 |      0 |    0 |          0 |
|     (g_has_mem.glen_mem[1].blk_i)                                               |               uop_block_wrap__parameterized0_2 |          3 |          3 |       0 |    0 |   77 |      0 |      0 |    0 |          0 |
|     core                                                                        |                      uop_block__parameterized0 |        459 |        459 |       0 |    0 |  516 |      0 |      0 |    0 |          0 |
|       (core)                                                                    |                      uop_block__parameterized0 |         11 |         11 |       0 |    0 |    4 |      0 |      0 |    0 |          0 |
|       g[0].g_normal.alu_i                                                       |                               microop_unit__11 |          0 |          0 |       0 |    0 |   64 |      0 |      0 |    0 |          0 |
|       g[10].g_normal.alu_i                                                      |               microop_unit__parameterized0__20 |         32 |         32 |       0 |    0 |   32 |      0 |      0 |    0 |          0 |
|       g[11].g_normal.alu_i                                                      |               microop_unit__parameterized0__19 |         32 |         32 |       0 |    0 |   32 |      0 |      0 |    0 |          0 |
|       g[12].g_normal.alu_i                                                      |               microop_unit__parameterized0__18 |         32 |         32 |       0 |    0 |   32 |      0 |      0 |    0 |          0 |
|       g[13].g_normal.alu_i                                                      |               microop_unit__parameterized0__17 |         32 |         32 |       0 |    0 |   32 |      0 |      0 |    0 |          0 |
|       g[14].g_normal.alu_i                                                      |               microop_unit__parameterized0__16 |         32 |         32 |       0 |    0 |   32 |      0 |      0 |    0 |          0 |
|       g[1].g_normal.alu_i                                                       |               microop_unit__parameterized0__29 |         32 |         32 |       0 |    0 |   32 |      0 |      0 |    0 |          0 |
|       g[2].g_normal.alu_i                                                       |               microop_unit__parameterized0__28 |         32 |         32 |       0 |    0 |   32 |      0 |      0 |    0 |          0 |
|       g[3].g_normal.alu_i                                                       |               microop_unit__parameterized0__27 |         32 |         32 |       0 |    0 |   32 |      0 |      0 |    0 |          0 |
|       g[4].g_normal.alu_i                                                       |               microop_unit__parameterized0__26 |         32 |         32 |       0 |    0 |   32 |      0 |      0 |    0 |          0 |
|       g[5].g_normal.alu_i                                                       |               microop_unit__parameterized0__25 |         32 |         32 |       0 |    0 |   32 |      0 |      0 |    0 |          0 |
|       g[6].g_normal.alu_i                                                       |               microop_unit__parameterized0__24 |         32 |         32 |       0 |    0 |   32 |      0 |      0 |    0 |          0 |
|       g[7].g_normal.alu_i                                                       |               microop_unit__parameterized0__23 |         32 |         32 |       0 |    0 |   32 |      0 |      0 |    0 |          0 |
|       g[8].g_normal.alu_i                                                       |               microop_unit__parameterized0__22 |         32 |         32 |       0 |    0 |   32 |      0 |      0 |    0 |          0 |
|       g[9].g_normal.alu_i                                                       |               microop_unit__parameterized0__21 |         32 |         32 |       0 |    0 |   32 |      0 |      0 |    0 |          0 |
|   g_has_mem.glen_mem[2].blk_i                                                   |                 uop_block_wrap__parameterized1 |         38 |         38 |       0 |    0 |   80 |      0 |      0 |    0 |          0 |
|     (g_has_mem.glen_mem[2].blk_i)                                               |                 uop_block_wrap__parameterized1 |          3 |          3 |       0 |    0 |   46 |      0 |      0 |    0 |          0 |
|     core                                                                        |                    uop_block__parameterized1_6 |         35 |         35 |       0 |    0 |   34 |      0 |      0 |    0 |          0 |
|       (core)                                                                    |                    uop_block__parameterized1_6 |          3 |          3 |       0 |    0 |    1 |      0 |      0 |    0 |          0 |
|       g[0].g_normal.alu_i                                                       |                microop_unit__parameterized1__2 |         32 |         32 |       0 |    0 |   32 |      0 |      0 |    0 |          0 |
|       g[1].g_normal.alu_i                                                       |                microop_unit__parameterized2__1 |          0 |          0 |       0 |    0 |    1 |      0 |      0 |    0 |          0 |
|   g_has_mem.glen_mem[3].blk_i                                                   |                 uop_block_wrap__parameterized2 |         64 |         64 |       0 |    0 |  101 |      0 |      0 |    0 |          0 |
|     (g_has_mem.glen_mem[3].blk_i)                                               |                 uop_block_wrap__parameterized2 |          0 |          0 |       0 |    0 |   37 |      0 |      0 |    0 |          0 |
|     core                                                                        |                    uop_block__parameterized2_5 |         64 |         64 |       0 |    0 |   64 |      0 |      0 |    0 |          0 |
|       (core)                                                                    |                    uop_block__parameterized2_5 |          0 |          0 |       0 |    0 |    0 |      0 |      0 |    0 |          0 |
|       g[0].g_normal.alu_i                                                       |                microop_unit__parameterized3__1 |         32 |         32 |       0 |    0 |   32 |      0 |      0 |    0 |          0 |
|       g[1].g_normal.alu_i                                                       |               microop_unit__parameterized0__30 |         32 |         32 |       0 |    0 |   32 |      0 |      0 |    0 |          0 |
|   g_has_mem.glen_mem[4].blk_i                                                   |               uop_block_wrap__parameterized1_3 |         35 |         35 |       0 |    0 |   78 |      0 |      0 |    0 |          0 |
|     (g_has_mem.glen_mem[4].blk_i)                                               |               uop_block_wrap__parameterized1_3 |          0 |          0 |       0 |    0 |   44 |      0 |      0 |    0 |          0 |
|     core                                                                        |                      uop_block__parameterized1 |         35 |         35 |       0 |    0 |   34 |      0 |      0 |    0 |          0 |
|       (core)                                                                    |                      uop_block__parameterized1 |          3 |          3 |       0 |    0 |    1 |      0 |      0 |    0 |          0 |
|       g[0].g_normal.alu_i                                                       |                microop_unit__parameterized1__1 |         32 |         32 |       0 |    0 |   32 |      0 |      0 |    0 |          0 |
|       g[1].g_normal.alu_i                                                       |                   microop_unit__parameterized2 |          0 |          0 |       0 |    0 |    1 |      0 |      0 |    0 |          0 |
|   g_has_mem.glen_mem[5].blk_i                                                   |               uop_block_wrap__parameterized2_4 |         64 |         64 |       0 |    0 |  101 |      0 |      0 |    0 |          0 |
|     (g_has_mem.glen_mem[5].blk_i)                                               |               uop_block_wrap__parameterized2_4 |          0 |          0 |       0 |    0 |   37 |      0 |      0 |    0 |          0 |
|     core                                                                        |                      uop_block__parameterized2 |         64 |         64 |       0 |    0 |   64 |      0 |      0 |    0 |          0 |
|       (core)                                                                    |                      uop_block__parameterized2 |          0 |          0 |       0 |    0 |    0 |      0 |      0 |    0 |          0 |
|       g[0].g_normal.alu_i                                                       |                   microop_unit__parameterized3 |         32 |         32 |       0 |    0 |   32 |      0 |      0 |    0 |          0 |
|       g[1].g_normal.alu_i                                                       |               microop_unit__parameterized0__15 |         32 |         32 |       0 |    0 |   32 |      0 |      0 |    0 |          0 |
|   g_has_mem.glen_mem[6].blk_i                                                   |                 uop_block_wrap__parameterized3 |         69 |         69 |       0 |    0 |  111 |      0 |      0 |    0 |          0 |
|     (g_has_mem.glen_mem[6].blk_i)                                               |                 uop_block_wrap__parameterized3 |          1 |          1 |       0 |    0 |   46 |      0 |      0 |    0 |          0 |
|     core                                                                        |                      uop_block__parameterized3 |         68 |         68 |       0 |    0 |   65 |      0 |      0 |    0 |          0 |
|       (core)                                                                    |                      uop_block__parameterized3 |          3 |          3 |       0 |    0 |    1 |      0 |      0 |    0 |          0 |
|       g[0].g_normal.alu_i                                                       |                   microop_unit__parameterized1 |         32 |         32 |       0 |    0 |   32 |      0 |      0 |    0 |          0 |
|       g[1].g_normal.alu_i                                                       |                   microop_unit__parameterized4 |         33 |         33 |       0 |    0 |   32 |      0 |      0 |    0 |          0 |
|   g_has_mem.glen_mem[7].blk_i                                                   |                 uop_block_wrap__parameterized4 |         76 |         76 |       0 |    0 |  246 |      0 |      0 |    0 |          0 |
|     (g_has_mem.glen_mem[7].blk_i)                                               |                 uop_block_wrap__parameterized4 |          3 |          3 |       0 |    0 |   51 |      0 |      0 |    0 |          0 |
|     core                                                                        |                      uop_block__parameterized4 |         73 |         73 |       0 |    0 |  195 |      0 |      0 |    0 |          0 |
|       (core)                                                                    |                      uop_block__parameterized4 |          9 |          9 |       0 |    0 |    3 |      0 |      0 |    0 |          0 |
|       g[0].g_normal.alu_i                                                       |                microop_unit__parameterized5__1 |          0 |          0 |       0 |    0 |   32 |      0 |      0 |    0 |          0 |
|       g[1].g_normal.alu_i                                                       |                microop_unit__parameterized5__2 |          0 |          0 |       0 |    0 |   32 |      0 |      0 |    0 |          0 |
|       g[2].g_normal.alu_i                                                       |                microop_unit__parameterized5__3 |          0 |          0 |       0 |    0 |   32 |      0 |      0 |    0 |          0 |
|       g[3].g_normal.alu_i                                                       |                microop_unit__parameterized6__1 |         32 |         32 |       0 |    0 |   32 |      0 |      0 |    0 |          0 |
|       g[4].g_normal.alu_i                                                       |                   microop_unit__parameterized6 |         32 |         32 |       0 |    0 |   32 |      0 |      0 |    0 |          0 |
|       g[5].g_normal.alu_i                                                       |                microop_unit__parameterized7__1 |          0 |          0 |       0 |    0 |   32 |      0 |      0 |    0 |          0 |
|   g_has_mem.glen_mem[8].blk_i                                                   |                 uop_block_wrap__parameterized5 |          5 |          5 |       0 |    0 |  114 |      0 |      0 |    0 |          0 |
|     (g_has_mem.glen_mem[8].blk_i)                                               |                 uop_block_wrap__parameterized5 |          2 |          2 |       0 |    0 |   49 |      0 |      0 |    0 |          0 |
|     core                                                                        |                      uop_block__parameterized5 |          3 |          3 |       0 |    0 |   65 |      0 |      0 |    0 |          0 |
|       (core)                                                                    |                      uop_block__parameterized5 |          3 |          3 |       0 |    0 |    1 |      0 |      0 |    0 |          0 |
|       g[0].g_normal.alu_i                                                       |                microop_unit__parameterized5__4 |          0 |          0 |       0 |    0 |   32 |      0 |      0 |    0 |          0 |
|       g[1].g_normal.alu_i                                                       |                microop_unit__parameterized5__5 |          0 |          0 |       0 |    0 |   32 |      0 |      0 |    0 |          0 |
|   g_has_mem.glen_mem[9].blk_i                                                   |                 uop_block_wrap__parameterized6 |        219 |          0 |       0 |  219 |  711 |      0 |      0 |    0 |         16 |
|     (g_has_mem.glen_mem[9].blk_i)                                               |                 uop_block_wrap__parameterized6 |          0 |          0 |       0 |    0 |   70 |      0 |      0 |    0 |          0 |
|     core                                                                        |                      uop_block__parameterized6 |        219 |          0 |       0 |  219 |  641 |      0 |      0 |    0 |         16 |
|       (core)                                                                    |                      uop_block__parameterized6 |          0 |          0 |       0 |    0 |    0 |      0 |      0 |    0 |          0 |
|       g[0].g_normal.alu_i                                                       |                   microop_unit__parameterized8 |          0 |          0 |       0 |    0 |   32 |      0 |      0 |    0 |          0 |
|       g[1].g_normal.alu_i                                                       |                                microop_unit__4 |          0 |          0 |       0 |    0 |   64 |      0 |      0 |    0 |          0 |
|       g[2].g_normal.alu_i                                                       |        microop_unit__parameterized9__xdcDup__1 |        219 |          0 |       0 |  219 |  545 |      0 |      0 |    0 |         16 |
|         (g[2].g_normal.alu_i)                                                   |        microop_unit__parameterized9__xdcDup__1 |          0 |          0 |       0 |    0 |   64 |      0 |      0 |    0 |          0 |
|         g_imul.mul64_ip.mul_i                                                   |                             integer_mul_HD3608 |        219 |          0 |       0 |  219 |  481 |      0 |      0 |    0 |         16 |
|           (g_imul.mul64_ip.mul_i)                                               |                             integer_mul_HD3608 |          0 |          0 |       0 |    0 |    0 |      0 |      0 |    0 |          0 |
|           U0                                                                    |            integer_mulmult_gen_v12_0_16_HD3609 |        219 |          0 |       0 |  219 |  481 |      0 |      0 |    0 |         16 |
|             (U0)                                                                |            integer_mulmult_gen_v12_0_16_HD3609 |          0 |          0 |       0 |    0 |    0 |      0 |      0 |    0 |          0 |
|             i_mult                                                              |        integer_mulmult_gen_v12_0_16_viv_HD3610 |        219 |          0 |       0 |  219 |  481 |      0 |      0 |    0 |         16 |
|               (i_mult)                                                          |        integer_mulmult_gen_v12_0_16_viv_HD3610 |          0 |          0 |       0 |    0 |    0 |      0 |      0 |    0 |          0 |
|               gDSP.gDSP_only.iDSP                                               |                          integer_muldsp_HD3611 |        219 |          0 |       0 |  219 |  481 |      0 |      0 |    0 |         16 |
|                 (gDSP.gDSP_only.iDSP)                                           |                          integer_muldsp_HD3611 |          0 |          0 |       0 |    0 |    0 |      0 |      0 |    0 |         16 |
|                 use_prim.appDSP48[0].bppDSP48[0].need_output_delay.output_delay |  integer_muldelay_line__parameterized16_HD3612 |          9 |          0 |       0 |    9 |   17 |      0 |      0 |    0 |          0 |
|                 use_prim.appDSP48[0].bppDSP48[2].need_output_delay.output_delay |  integer_muldelay_line__parameterized18_HD3613 |          9 |          0 |       0 |    9 |   17 |      0 |      0 |    0 |          0 |
|                 use_prim.appDSP48[1].bppDSP48[0].need_output_delay.output_delay |  integer_muldelay_line__parameterized19_HD3614 |          9 |          0 |       0 |    9 |   17 |      0 |      0 |    0 |          0 |
|                 use_prim.appDSP48[1].bppDSP48[3].need_output_delay.output_delay |  integer_muldelay_line__parameterized20_HD3615 |          9 |          0 |       0 |    9 |   17 |      0 |      0 |    0 |          0 |
|                 use_prim.appDSP48[3].bppDSP48[0].need_output_delay.output_delay |  integer_muldelay_line__parameterized21_HD3616 |          9 |          0 |       0 |    9 |   17 |      0 |      0 |    0 |          0 |
|                 use_prim.appDSP48[3].bppDSP48[2].need_output_delay.output_delay |  integer_muldelay_line__parameterized22_HD3617 |          0 |          0 |       0 |    0 |   17 |      0 |      0 |    0 |          0 |
|                 use_prim.iAdelx[0].iAdely[2].use_delay_line.Adelay              |   integer_muldelay_line__parameterized0_HD3618 |          9 |          0 |       0 |    9 |   18 |      0 |      0 |    0 |          0 |
|                 use_prim.iAdelx[1].iAdely[1].use_delay_line.Adelay              |   integer_muldelay_line__parameterized1_HD3619 |          9 |          0 |       0 |    9 |   18 |      0 |      0 |    0 |          0 |
|                 use_prim.iAdelx[1].iAdely[2].use_delay_line.Adelay              |   integer_muldelay_line__parameterized2_HD3620 |          9 |          0 |       0 |    9 |   18 |      0 |      0 |    0 |          0 |
|                 use_prim.iAdelx[1].iAdely[3].use_delay_line.Adelay              |   integer_muldelay_line__parameterized3_HD3621 |          9 |          0 |       0 |    9 |   18 |      0 |      0 |    0 |          0 |
|                 use_prim.iAdelx[2].iAdely[0].use_delay_line.Adelay              |   integer_muldelay_line__parameterized4_HD3622 |          0 |          0 |       0 |    0 |   17 |      0 |      0 |    0 |          0 |
|                 use_prim.iAdelx[2].iAdely[1].use_delay_line.Adelay              |   integer_muldelay_line__parameterized5_HD3623 |          9 |          0 |       0 |    9 |   18 |      0 |      0 |    0 |          0 |
|                 use_prim.iAdelx[2].iAdely[2].use_delay_line.Adelay              |   integer_muldelay_line__parameterized6_HD3624 |          9 |          0 |       0 |    9 |   18 |      0 |      0 |    0 |          0 |
|                 use_prim.iAdelx[2].iAdely[3].use_delay_line.Adelay              |   integer_muldelay_line__parameterized7_HD3625 |          9 |          0 |       0 |    9 |   18 |      0 |      0 |    0 |          0 |
|                 use_prim.iAdelx[3].iAdely[0].use_delay_line.Adelay              |   integer_muldelay_line__parameterized8_HD3626 |          7 |          0 |       0 |    7 |   13 |      0 |      0 |    0 |          0 |
|                 use_prim.iAdelx[3].iAdely[2].use_delay_line.Adelay              |   integer_muldelay_line__parameterized9_HD3627 |          7 |          0 |       0 |    7 |   13 |      0 |      0 |    0 |          0 |
|                 use_prim.iBdelx[0].iBdely[2].need_delay_line.Bdelay             | integer_muldelay_line__parameterized0_0_HD3628 |          9 |          0 |       0 |    9 |   18 |      0 |      0 |    0 |          0 |
|                 use_prim.iBdelx[0].iBdely[3].need_delay_line.Bdelay             |  integer_muldelay_line__parameterized10_HD3629 |          9 |          0 |       0 |    9 |   18 |      0 |      0 |    0 |          0 |
|                 use_prim.iBdelx[1].iBdely[0].need_delay_line.Bdelay             | integer_muldelay_line__parameterized4_1_HD3630 |          0 |          0 |       0 |    0 |   17 |      0 |      0 |    0 |          0 |
|                 use_prim.iBdelx[1].iBdely[1].need_delay_line.Bdelay             | integer_muldelay_line__parameterized1_2_HD3631 |          9 |          0 |       0 |    9 |   18 |      0 |      0 |    0 |          0 |
|                 use_prim.iBdelx[1].iBdely[2].need_delay_line.Bdelay             | integer_muldelay_line__parameterized2_3_HD3632 |          9 |          0 |       0 |    9 |   18 |      0 |      0 |    0 |          0 |
|                 use_prim.iBdelx[1].iBdely[3].need_delay_line.Bdelay             | integer_muldelay_line__parameterized3_4_HD3633 |          9 |          0 |       0 |    9 |   18 |      0 |      0 |    0 |          0 |
|                 use_prim.iBdelx[2].iBdely[1].need_delay_line.Bdelay             | integer_muldelay_line__parameterized5_5_HD3634 |          9 |          0 |       0 |    9 |   18 |      0 |      0 |    0 |          0 |
|                 use_prim.iBdelx[2].iBdely[2].need_delay_line.Bdelay             | integer_muldelay_line__parameterized6_6_HD3635 |          9 |          0 |       0 |    9 |   18 |      0 |      0 |    0 |          0 |
|                 use_prim.iBdelx[3].iBdely[0].need_delay_line.Bdelay             |  integer_muldelay_line__parameterized11_HD3636 |          9 |          0 |       0 |    9 |   18 |      0 |      0 |    0 |          0 |
|                 use_prim.iBdelx[3].iBdely[1].need_delay_line.Bdelay             |  integer_muldelay_line__parameterized12_HD3637 |          9 |          0 |       0 |    9 |   18 |      0 |      0 |    0 |          0 |
|                 use_prim.iBdelx[3].iBdely[2].need_delay_line.Bdelay             |  integer_muldelay_line__parameterized13_HD3638 |          9 |          0 |       0 |    9 |   18 |      0 |      0 |    0 |          0 |
|                 use_prim.iBdelx[3].iBdely[3].need_delay_line.Bdelay             |  integer_muldelay_line__parameterized14_HD3639 |          7 |          0 |       0 |    7 |   13 |      0 |      0 |    0 |          0 |
|   g_has_mem.u_pool                                                              |                                       spm_pool |       1464 |       1464 |       0 |    0 | 1620 |      8 |      0 |    0 |          0 |
|     (g_has_mem.u_pool)                                                          |                                       spm_pool |       1272 |       1272 |       0 |    0 | 1556 |      0 |      0 |    0 |          0 |
|     g_banks.gb[0].u_bank64                                                      |                                    spm_bank__1 |          5 |          5 |       0 |    0 |    2 |      1 |      0 |    0 |          0 |
|       (g_banks.gb[0].u_bank64)                                                  |                                    spm_bank__1 |          1 |          1 |       0 |    0 |    2 |      0 |      0 |    0 |          0 |
|       u_mem                                                                     |                           xpm_memory_sdpram_16 |          4 |          4 |       0 |    0 |    0 |      1 |      0 |    0 |          0 |
|         (u_mem)                                                                 |                           xpm_memory_sdpram_16 |          4 |          4 |       0 |    0 |    0 |      0 |      0 |    0 |          0 |
|         xpm_memory_base_inst                                                    |                             xpm_memory_base__1 |          0 |          0 |       0 |    0 |    0 |      1 |      0 |    0 |          0 |
|     g_banks.gb[1].u_bank64                                                      |                                    spm_bank__2 |          5 |          5 |       0 |    0 |    2 |      1 |      0 |    0 |          0 |
|       (g_banks.gb[1].u_bank64)                                                  |                                    spm_bank__2 |          1 |          1 |       0 |    0 |    2 |      0 |      0 |    0 |          0 |
|       u_mem                                                                     |                           xpm_memory_sdpram_15 |          4 |          4 |       0 |    0 |    0 |      1 |      0 |    0 |          0 |
|         (u_mem)                                                                 |                           xpm_memory_sdpram_15 |          4 |          4 |       0 |    0 |    0 |      0 |      0 |    0 |          0 |
|         xpm_memory_base_inst                                                    |                             xpm_memory_base__2 |          0 |          0 |       0 |    0 |    0 |      1 |      0 |    0 |          0 |
|     g_banks.gb[2].u_bank64                                                      |                                    spm_bank__3 |          5 |          5 |       0 |    0 |    2 |      1 |      0 |    0 |          0 |
|       (g_banks.gb[2].u_bank64)                                                  |                                    spm_bank__3 |          1 |          1 |       0 |    0 |    2 |      0 |      0 |    0 |          0 |
|       u_mem                                                                     |                           xpm_memory_sdpram_14 |          4 |          4 |       0 |    0 |    0 |      1 |      0 |    0 |          0 |
|         (u_mem)                                                                 |                           xpm_memory_sdpram_14 |          4 |          4 |       0 |    0 |    0 |      0 |      0 |    0 |          0 |
|         xpm_memory_base_inst                                                    |                             xpm_memory_base__3 |          0 |          0 |       0 |    0 |    0 |      1 |      0 |    0 |          0 |
|     g_banks.gb[3].u_bank64                                                      |                                    spm_bank__4 |          5 |          5 |       0 |    0 |    2 |      1 |      0 |    0 |          0 |
|       (g_banks.gb[3].u_bank64)                                                  |                                    spm_bank__4 |          1 |          1 |       0 |    0 |    2 |      0 |      0 |    0 |          0 |
|       u_mem                                                                     |                           xpm_memory_sdpram_13 |          4 |          4 |       0 |    0 |    0 |      1 |      0 |    0 |          0 |
|         (u_mem)                                                                 |                           xpm_memory_sdpram_13 |          4 |          4 |       0 |    0 |    0 |      0 |      0 |    0 |          0 |
|         xpm_memory_base_inst                                                    |                             xpm_memory_base__4 |          0 |          0 |       0 |    0 |    0 |      1 |      0 |    0 |          0 |
|     g_banks.gb[4].u_bank64                                                      |                                    spm_bank__5 |          5 |          5 |       0 |    0 |    2 |      1 |      0 |    0 |          0 |
|       (g_banks.gb[4].u_bank64)                                                  |                                    spm_bank__5 |          1 |          1 |       0 |    0 |    2 |      0 |      0 |    0 |          0 |
|       u_mem                                                                     |                           xpm_memory_sdpram_12 |          4 |          4 |       0 |    0 |    0 |      1 |      0 |    0 |          0 |
|         (u_mem)                                                                 |                           xpm_memory_sdpram_12 |          4 |          4 |       0 |    0 |    0 |      0 |      0 |    0 |          0 |
|         xpm_memory_base_inst                                                    |                             xpm_memory_base__5 |          0 |          0 |       0 |    0 |    0 |      1 |      0 |    0 |          0 |
|     g_banks.gb[5].u_bank64                                                      |                                    spm_bank__6 |          5 |          5 |       0 |    0 |    2 |      1 |      0 |    0 |          0 |
|       (g_banks.gb[5].u_bank64)                                                  |                                    spm_bank__6 |          1 |          1 |       0 |    0 |    2 |      0 |      0 |    0 |          0 |
|       u_mem                                                                     |                           xpm_memory_sdpram_11 |          4 |          4 |       0 |    0 |    0 |      1 |      0 |    0 |          0 |
|         (u_mem)                                                                 |                           xpm_memory_sdpram_11 |          4 |          4 |       0 |    0 |    0 |      0 |      0 |    0 |          0 |
|         xpm_memory_base_inst                                                    |                             xpm_memory_base__6 |          0 |          0 |       0 |    0 |    0 |      1 |      0 |    0 |          0 |
|     g_banks.gb[6].u_bank64                                                      |                                    spm_bank__7 |          5 |          5 |       0 |    0 |    2 |      1 |      0 |    0 |          0 |
|       (g_banks.gb[6].u_bank64)                                                  |                                    spm_bank__7 |          1 |          1 |       0 |    0 |    2 |      0 |      0 |    0 |          0 |
|       u_mem                                                                     |                           xpm_memory_sdpram_10 |          4 |          4 |       0 |    0 |    0 |      1 |      0 |    0 |          0 |
|         (u_mem)                                                                 |                           xpm_memory_sdpram_10 |          4 |          4 |       0 |    0 |    0 |      0 |      0 |    0 |          0 |
|         xpm_memory_base_inst                                                    |                             xpm_memory_base__7 |          0 |          0 |       0 |    0 |    0 |      1 |      0 |    0 |          0 |
|     g_banks.gb[7].u_bank64                                                      |                                       spm_bank |          5 |          5 |       0 |    0 |    2 |      1 |      0 |    0 |          0 |
|       (g_banks.gb[7].u_bank64)                                                  |                                       spm_bank |          1 |          1 |       0 |    0 |    2 |      0 |      0 |    0 |          0 |
|       u_mem                                                                     |                              xpm_memory_sdpram |          4 |          4 |       0 |    0 |    0 |      1 |      0 |    0 |          0 |
|         (u_mem)                                                                 |                              xpm_memory_sdpram |          4 |          4 |       0 |    0 |    0 |      0 |      0 |    0 |          0 |
|         xpm_memory_base_inst                                                    |                                xpm_memory_base |          0 |          0 |       0 |    0 |    0 |      1 |      0 |    0 |          0 |
|     u_rrA                                                                       |                                  rr_arbiter__1 |         76 |         76 |       0 |    0 |   24 |      0 |      0 |    0 |          0 |
|     u_rrB                                                                       |                                     rr_arbiter |         76 |         76 |       0 |    0 |   24 |      0 |      0 |    0 |          0 |
+---------------------------------------------------------------------------------+------------------------------------------------+------------+------------+---------+------+------+--------+--------+------+------------+


