Copyright 1986-2020 Xilinx, Inc. All Rights Reserved.
--------------------------------------------------------------------------------------------------------------------------------------------------------------
| Tool Version : Vivado v.2020.1 (lin64) Build 2902540 Wed May 27 19:54:35 MDT 2020
| Date         : Mon Oct 27 18:19:12 2025
| Host         : orthanc running 64-bit Ubuntu 22.04.4 LTS
| Command      : report_utilization -hierarchical -file /home/jyoo/custom_v_2/custom-core-tool/reports/synth_0p5pct/benches/525_x264_r/pre_impl_util_hier.rpt
| Design       : top_multi_len
| Device       : xcu200fsgd2104-2
| Design State : Synthesized
--------------------------------------------------------------------------------------------------------------------------------------------------------------

Utilization Design Information

Table of Contents
-----------------
1. Utilization by Hierarchy

1. Utilization by Hierarchy
---------------------------

+--------------------------------------------+------------------------------------------------------+------------+------------+---------+------+------+--------+--------+------+------------+
|                  Instance                  |                        Module                        | Total LUTs | Logic LUTs | LUTRAMs | SRLs |  FFs | RAMB36 | RAMB18 | URAM | DSP Blocks |
+--------------------------------------------+------------------------------------------------------+------------+------------+---------+------+------+--------+--------+------+------------+
| top_multi_len                              |                                                (top) |       3970 |       3970 |       0 |    0 | 5744 |      8 |      0 |    0 |         21 |
|   (top_multi_len)                          |                                                (top) |        165 |        165 |       0 |    0 |  379 |      0 |      0 |    0 |          0 |
|   g_has_mem.glen_mem[0].blk_i              |                                       uop_block_wrap |         32 |         32 |       0 |    0 |   69 |      0 |      0 |    0 |          0 |
|     (g_has_mem.glen_mem[0].blk_i)          |                                       uop_block_wrap |          0 |          0 |       0 |    0 |   37 |      0 |      0 |    0 |          0 |
|     core                                   |                                         uop_block_13 |         32 |         32 |       0 |    0 |   32 |      0 |      0 |    0 |          0 |
|       (core)                               |                                         uop_block_13 |          0 |          0 |       0 |    0 |    0 |      0 |      0 |    0 |          0 |
|       g[0].g_normal.alu_i                  |                                      microop_unit__2 |         32 |         32 |       0 |    0 |   32 |      0 |      0 |    0 |          0 |
|   g_has_mem.glen_mem[10].blk_i             |                       uop_block_wrap__parameterized3 |         64 |         64 |       0 |    0 |  101 |      0 |      0 |    0 |          0 |
|     (g_has_mem.glen_mem[10].blk_i)         |                       uop_block_wrap__parameterized3 |          0 |          0 |       0 |    0 |   37 |      0 |      0 |    0 |          0 |
|     core                                   |                            uop_block__parameterized3 |         64 |         64 |       0 |    0 |   64 |      0 |      0 |    0 |          0 |
|       (core)                               |                            uop_block__parameterized3 |          0 |          0 |       0 |    0 |    0 |      0 |      0 |    0 |          0 |
|       g[0].g_normal.alu_i                  |                        microop_unit__parameterized11 |         32 |         32 |       0 |    0 |   32 |      0 |      0 |    0 |          0 |
|       g[1].g_normal.alu_i                  |                        microop_unit__parameterized12 |         32 |         32 |       0 |    0 |   32 |      0 |      0 |    0 |          0 |
|   g_has_mem.glen_mem[11].blk_i             |                                     uop_block_wrap_0 |         32 |         32 |       0 |    0 |   69 |      0 |      0 |    0 |          0 |
|     (g_has_mem.glen_mem[11].blk_i)         |                                     uop_block_wrap_0 |          0 |          0 |       0 |    0 |   37 |      0 |      0 |    0 |          0 |
|     core                                   |                                         uop_block_12 |         32 |         32 |       0 |    0 |   32 |      0 |      0 |    0 |          0 |
|       (core)                               |                                         uop_block_12 |          0 |          0 |       0 |    0 |    0 |      0 |      0 |    0 |          0 |
|       g[0].g_normal.alu_i                  |                                      microop_unit__3 |         32 |         32 |       0 |    0 |   32 |      0 |      0 |    0 |          0 |
|   g_has_mem.glen_mem[12].blk_i             |                                     uop_block_wrap_1 |         37 |         37 |       0 |    0 |   69 |      0 |      0 |    0 |          0 |
|     (g_has_mem.glen_mem[12].blk_i)         |                                     uop_block_wrap_1 |          5 |          5 |       0 |    0 |   37 |      0 |      0 |    0 |          0 |
|     core                                   |                                            uop_block |         32 |         32 |       0 |    0 |   32 |      0 |      0 |    0 |          0 |
|       (core)                               |                                            uop_block |          0 |          0 |       0 |    0 |    0 |      0 |      0 |    0 |          0 |
|       g[0].g_normal.alu_i                  |                                      microop_unit__1 |         32 |         32 |       0 |    0 |   32 |      0 |      0 |    0 |          0 |
|   g_has_mem.glen_mem[1].blk_i              |                       uop_block_wrap__parameterized0 |        347 |        347 |       0 |    0 |  394 |      0 |      0 |    0 |          3 |
|     (g_has_mem.glen_mem[1].blk_i)          |                       uop_block_wrap__parameterized0 |          1 |          1 |       0 |    0 |   45 |      0 |      0 |    0 |          0 |
|     core                                   |                         uop_block__parameterized0_11 |        346 |        346 |       0 |    0 |  349 |      0 |      0 |    0 |          3 |
|       (core)                               |                         uop_block__parameterized0_11 |          9 |          9 |       0 |    0 |    4 |      0 |      0 |    0 |          0 |
|       g[0].g_normal.alu_i                  |                      microop_unit__parameterized0__4 |          0 |          0 |       0 |    0 |    8 |      0 |      0 |    0 |          0 |
|       g[10].g_normal.alu_i                 |                      microop_unit__parameterized7__1 |         31 |         31 |       0 |    0 |   32 |      0 |      0 |    0 |          0 |
|       g[12].g_normal.alu_i                 |                      microop_unit__parameterized8__1 |         16 |         16 |       0 |    0 |   32 |      0 |      0 |    0 |          0 |
|       g[1].g_normal.alu_i                  |                      microop_unit__parameterized1__8 |          0 |          0 |       0 |    0 |   32 |      0 |      0 |    0 |          0 |
|       g[2].g_normal.alu_i                  |                                      microop_unit__4 |         32 |         32 |       0 |    0 |   32 |      0 |      0 |    0 |          0 |
|       g[3].g_normal.alu_i                  |                      microop_unit__parameterized2__1 |         71 |         71 |       0 |    0 |   32 |      0 |      0 |    0 |          0 |
|       g[4].g_normal.alu_i                  |                      microop_unit__parameterized3__2 |         15 |         15 |       0 |    0 |   17 |      0 |      0 |    0 |          3 |
|       g[5].g_normal.alu_i                  |                      microop_unit__parameterized4__7 |         32 |         32 |       0 |    0 |   32 |      0 |      0 |    0 |          0 |
|       g[6].g_normal.alu_i                  |                      microop_unit__parameterized5__1 |         76 |         76 |       0 |    0 |   32 |      0 |      0 |    0 |          0 |
|       g[7].g_normal.alu_i                  |                      microop_unit__parameterized4__6 |         32 |         32 |       0 |    0 |   32 |      0 |      0 |    0 |          0 |
|       g[8].g_normal.alu_i                  |                      microop_unit__parameterized6__1 |         32 |         32 |       0 |    0 |   32 |      0 |      0 |    0 |          0 |
|       g[9].g_normal.alu_i                  |                      microop_unit__parameterized1__7 |          0 |          0 |       0 |    0 |   32 |      0 |      0 |    0 |          0 |
|   g_has_mem.glen_mem[2].blk_i              |                     uop_block_wrap__parameterized0_2 |        349 |        349 |       0 |    0 |  395 |      0 |      0 |    0 |          3 |
|     (g_has_mem.glen_mem[2].blk_i)          |                     uop_block_wrap__parameterized0_2 |          3 |          3 |       0 |    0 |   46 |      0 |      0 |    0 |          0 |
|     core                                   |                         uop_block__parameterized0_10 |        346 |        346 |       0 |    0 |  349 |      0 |      0 |    0 |          3 |
|       (core)                               |                         uop_block__parameterized0_10 |          9 |          9 |       0 |    0 |    4 |      0 |      0 |    0 |          0 |
|       g[0].g_normal.alu_i                  |                      microop_unit__parameterized0__5 |          0 |          0 |       0 |    0 |    8 |      0 |      0 |    0 |          0 |
|       g[10].g_normal.alu_i                 |                      microop_unit__parameterized7__2 |         31 |         31 |       0 |    0 |   32 |      0 |      0 |    0 |          0 |
|       g[12].g_normal.alu_i                 |                      microop_unit__parameterized8__2 |         16 |         16 |       0 |    0 |   32 |      0 |      0 |    0 |          0 |
|       g[1].g_normal.alu_i                  |                     microop_unit__parameterized1__10 |          0 |          0 |       0 |    0 |   32 |      0 |      0 |    0 |          0 |
|       g[2].g_normal.alu_i                  |                                      microop_unit__5 |         32 |         32 |       0 |    0 |   32 |      0 |      0 |    0 |          0 |
|       g[3].g_normal.alu_i                  |                      microop_unit__parameterized2__2 |         71 |         71 |       0 |    0 |   32 |      0 |      0 |    0 |          0 |
|       g[4].g_normal.alu_i                  |                      microop_unit__parameterized3__3 |         15 |         15 |       0 |    0 |   17 |      0 |      0 |    0 |          3 |
|       g[5].g_normal.alu_i                  |                      microop_unit__parameterized4__9 |         32 |         32 |       0 |    0 |   32 |      0 |      0 |    0 |          0 |
|       g[6].g_normal.alu_i                  |                      microop_unit__parameterized5__2 |         76 |         76 |       0 |    0 |   32 |      0 |      0 |    0 |          0 |
|       g[7].g_normal.alu_i                  |                      microop_unit__parameterized4__8 |         32 |         32 |       0 |    0 |   32 |      0 |      0 |    0 |          0 |
|       g[8].g_normal.alu_i                  |                      microop_unit__parameterized6__2 |         32 |         32 |       0 |    0 |   32 |      0 |      0 |    0 |          0 |
|       g[9].g_normal.alu_i                  |                      microop_unit__parameterized1__9 |          0 |          0 |       0 |    0 |   32 |      0 |      0 |    0 |          0 |
|   g_has_mem.glen_mem[3].blk_i              |                     uop_block_wrap__parameterized0_3 |        347 |        347 |       0 |    0 |  396 |      0 |      0 |    0 |          3 |
|     (g_has_mem.glen_mem[3].blk_i)          |                     uop_block_wrap__parameterized0_3 |          1 |          1 |       0 |    0 |   47 |      0 |      0 |    0 |          0 |
|     core                                   |                          uop_block__parameterized0_9 |        346 |        346 |       0 |    0 |  349 |      0 |      0 |    0 |          3 |
|       (core)                               |                          uop_block__parameterized0_9 |          9 |          9 |       0 |    0 |    4 |      0 |      0 |    0 |          0 |
|       g[0].g_normal.alu_i                  |                      microop_unit__parameterized0__6 |          0 |          0 |       0 |    0 |    8 |      0 |      0 |    0 |          0 |
|       g[10].g_normal.alu_i                 |                      microop_unit__parameterized7__3 |         31 |         31 |       0 |    0 |   32 |      0 |      0 |    0 |          0 |
|       g[12].g_normal.alu_i                 |                      microop_unit__parameterized8__3 |         16 |         16 |       0 |    0 |   32 |      0 |      0 |    0 |          0 |
|       g[1].g_normal.alu_i                  |                     microop_unit__parameterized1__12 |          0 |          0 |       0 |    0 |   32 |      0 |      0 |    0 |          0 |
|       g[2].g_normal.alu_i                  |                                      microop_unit__6 |         32 |         32 |       0 |    0 |   32 |      0 |      0 |    0 |          0 |
|       g[3].g_normal.alu_i                  |                      microop_unit__parameterized2__3 |         71 |         71 |       0 |    0 |   32 |      0 |      0 |    0 |          0 |
|       g[4].g_normal.alu_i                  |                      microop_unit__parameterized3__4 |         15 |         15 |       0 |    0 |   17 |      0 |      0 |    0 |          3 |
|       g[5].g_normal.alu_i                  |                     microop_unit__parameterized4__11 |         32 |         32 |       0 |    0 |   32 |      0 |      0 |    0 |          0 |
|       g[6].g_normal.alu_i                  |                      microop_unit__parameterized5__3 |         76 |         76 |       0 |    0 |   32 |      0 |      0 |    0 |          0 |
|       g[7].g_normal.alu_i                  |                     microop_unit__parameterized4__10 |         32 |         32 |       0 |    0 |   32 |      0 |      0 |    0 |          0 |
|       g[8].g_normal.alu_i                  |                      microop_unit__parameterized6__3 |         32 |         32 |       0 |    0 |   32 |      0 |      0 |    0 |          0 |
|       g[9].g_normal.alu_i                  |                     microop_unit__parameterized1__11 |          0 |          0 |       0 |    0 |   32 |      0 |      0 |    0 |          0 |
|   g_has_mem.glen_mem[4].blk_i              |                     uop_block_wrap__parameterized0_4 |        346 |        346 |       0 |    0 |  393 |      0 |      0 |    0 |          3 |
|     (g_has_mem.glen_mem[4].blk_i)          |                     uop_block_wrap__parameterized0_4 |          0 |          0 |       0 |    0 |   44 |      0 |      0 |    0 |          0 |
|     core                                   |                          uop_block__parameterized0_8 |        346 |        346 |       0 |    0 |  349 |      0 |      0 |    0 |          3 |
|       (core)                               |                          uop_block__parameterized0_8 |          9 |          9 |       0 |    0 |    4 |      0 |      0 |    0 |          0 |
|       g[0].g_normal.alu_i                  |                      microop_unit__parameterized0__7 |          0 |          0 |       0 |    0 |    8 |      0 |      0 |    0 |          0 |
|       g[10].g_normal.alu_i                 |                      microop_unit__parameterized7__4 |         31 |         31 |       0 |    0 |   32 |      0 |      0 |    0 |          0 |
|       g[12].g_normal.alu_i                 |                      microop_unit__parameterized8__4 |         16 |         16 |       0 |    0 |   32 |      0 |      0 |    0 |          0 |
|       g[1].g_normal.alu_i                  |                     microop_unit__parameterized1__14 |          0 |          0 |       0 |    0 |   32 |      0 |      0 |    0 |          0 |
|       g[2].g_normal.alu_i                  |                                      microop_unit__7 |         32 |         32 |       0 |    0 |   32 |      0 |      0 |    0 |          0 |
|       g[3].g_normal.alu_i                  |                      microop_unit__parameterized2__4 |         71 |         71 |       0 |    0 |   32 |      0 |      0 |    0 |          0 |
|       g[4].g_normal.alu_i                  |                      microop_unit__parameterized3__5 |         15 |         15 |       0 |    0 |   17 |      0 |      0 |    0 |          3 |
|       g[5].g_normal.alu_i                  |                     microop_unit__parameterized4__13 |         32 |         32 |       0 |    0 |   32 |      0 |      0 |    0 |          0 |
|       g[6].g_normal.alu_i                  |                      microop_unit__parameterized5__4 |         76 |         76 |       0 |    0 |   32 |      0 |      0 |    0 |          0 |
|       g[7].g_normal.alu_i                  |                     microop_unit__parameterized4__12 |         32 |         32 |       0 |    0 |   32 |      0 |      0 |    0 |          0 |
|       g[8].g_normal.alu_i                  |                      microop_unit__parameterized6__4 |         32 |         32 |       0 |    0 |   32 |      0 |      0 |    0 |          0 |
|       g[9].g_normal.alu_i                  |                     microop_unit__parameterized1__13 |          0 |          0 |       0 |    0 |   32 |      0 |      0 |    0 |          0 |
|   g_has_mem.glen_mem[5].blk_i              |                     uop_block_wrap__parameterized0_5 |        347 |        347 |       0 |    0 |  394 |      0 |      0 |    0 |          3 |
|     (g_has_mem.glen_mem[5].blk_i)          |                     uop_block_wrap__parameterized0_5 |          1 |          1 |       0 |    0 |   45 |      0 |      0 |    0 |          0 |
|     core                                   |                          uop_block__parameterized0_7 |        346 |        346 |       0 |    0 |  349 |      0 |      0 |    0 |          3 |
|       (core)                               |                          uop_block__parameterized0_7 |          9 |          9 |       0 |    0 |    4 |      0 |      0 |    0 |          0 |
|       g[0].g_normal.alu_i                  |                      microop_unit__parameterized0__8 |          0 |          0 |       0 |    0 |    8 |      0 |      0 |    0 |          0 |
|       g[10].g_normal.alu_i                 |                      microop_unit__parameterized7__5 |         31 |         31 |       0 |    0 |   32 |      0 |      0 |    0 |          0 |
|       g[12].g_normal.alu_i                 |                      microop_unit__parameterized8__5 |         16 |         16 |       0 |    0 |   32 |      0 |      0 |    0 |          0 |
|       g[1].g_normal.alu_i                  |                     microop_unit__parameterized1__16 |          0 |          0 |       0 |    0 |   32 |      0 |      0 |    0 |          0 |
|       g[2].g_normal.alu_i                  |                                      microop_unit__8 |         32 |         32 |       0 |    0 |   32 |      0 |      0 |    0 |          0 |
|       g[3].g_normal.alu_i                  |                      microop_unit__parameterized2__5 |         71 |         71 |       0 |    0 |   32 |      0 |      0 |    0 |          0 |
|       g[4].g_normal.alu_i                  |                      microop_unit__parameterized3__6 |         15 |         15 |       0 |    0 |   17 |      0 |      0 |    0 |          3 |
|       g[5].g_normal.alu_i                  |                     microop_unit__parameterized4__15 |         32 |         32 |       0 |    0 |   32 |      0 |      0 |    0 |          0 |
|       g[6].g_normal.alu_i                  |                      microop_unit__parameterized5__5 |         76 |         76 |       0 |    0 |   32 |      0 |      0 |    0 |          0 |
|       g[7].g_normal.alu_i                  |                     microop_unit__parameterized4__14 |         32 |         32 |       0 |    0 |   32 |      0 |      0 |    0 |          0 |
|       g[8].g_normal.alu_i                  |                      microop_unit__parameterized6__5 |         32 |         32 |       0 |    0 |   32 |      0 |      0 |    0 |          0 |
|       g[9].g_normal.alu_i                  |                     microop_unit__parameterized1__15 |          0 |          0 |       0 |    0 |   32 |      0 |      0 |    0 |          0 |
|   g_has_mem.glen_mem[6].blk_i              |                     uop_block_wrap__parameterized0_6 |        348 |        348 |       0 |    0 |  395 |      0 |      0 |    0 |          3 |
|     (g_has_mem.glen_mem[6].blk_i)          |                     uop_block_wrap__parameterized0_6 |          2 |          2 |       0 |    0 |   46 |      0 |      0 |    0 |          0 |
|     core                                   |                            uop_block__parameterized0 |        346 |        346 |       0 |    0 |  349 |      0 |      0 |    0 |          3 |
|       (core)                               |                            uop_block__parameterized0 |          9 |          9 |       0 |    0 |    4 |      0 |      0 |    0 |          0 |
|       g[0].g_normal.alu_i                  |                      microop_unit__parameterized0__2 |          0 |          0 |       0 |    0 |    8 |      0 |      0 |    0 |          0 |
|       g[10].g_normal.alu_i                 |                         microop_unit__parameterized7 |         31 |         31 |       0 |    0 |   32 |      0 |      0 |    0 |          0 |
|       g[12].g_normal.alu_i                 |                         microop_unit__parameterized8 |         16 |         16 |       0 |    0 |   32 |      0 |      0 |    0 |          0 |
|       g[1].g_normal.alu_i                  |                      microop_unit__parameterized1__2 |          0 |          0 |       0 |    0 |   32 |      0 |      0 |    0 |          0 |
|       g[2].g_normal.alu_i                  |                                         microop_unit |         32 |         32 |       0 |    0 |   32 |      0 |      0 |    0 |          0 |
|       g[3].g_normal.alu_i                  |                         microop_unit__parameterized2 |         71 |         71 |       0 |    0 |   32 |      0 |      0 |    0 |          0 |
|       g[4].g_normal.alu_i                  |                      microop_unit__parameterized3__1 |         15 |         15 |       0 |    0 |   17 |      0 |      0 |    0 |          3 |
|       g[5].g_normal.alu_i                  |                      microop_unit__parameterized4__2 |         32 |         32 |       0 |    0 |   32 |      0 |      0 |    0 |          0 |
|       g[6].g_normal.alu_i                  |                         microop_unit__parameterized5 |         76 |         76 |       0 |    0 |   32 |      0 |      0 |    0 |          0 |
|       g[7].g_normal.alu_i                  |                      microop_unit__parameterized4__3 |         32 |         32 |       0 |    0 |   32 |      0 |      0 |    0 |          0 |
|       g[8].g_normal.alu_i                  |                         microop_unit__parameterized6 |         32 |         32 |       0 |    0 |   32 |      0 |      0 |    0 |          0 |
|       g[9].g_normal.alu_i                  |                      microop_unit__parameterized1__3 |          0 |          0 |       0 |    0 |   32 |      0 |      0 |    0 |          0 |
|   g_has_mem.glen_mem[7].blk_i              |            uop_block_wrap__parameterized1__xdcDup__1 |        171 |        171 |       0 |    0 |  410 |      0 |      0 |    0 |          0 |
|     (g_has_mem.glen_mem[7].blk_i)          |            uop_block_wrap__parameterized1__xdcDup__1 |          2 |          2 |       0 |    0 |   79 |      0 |      0 |    0 |          0 |
|     core                                   |                 uop_block__parameterized1__xdcDup__1 |        169 |        169 |       0 |    0 |  331 |      0 |      0 |    0 |          0 |
|       (core)                               |                 uop_block__parameterized1__xdcDup__1 |          9 |          9 |       0 |    0 |    3 |      0 |      0 |    0 |          0 |
|       g[0].g_normal.alu_i                  |                      microop_unit__parameterized9__2 |          0 |          0 |       0 |    0 |   64 |      0 |      0 |    0 |          0 |
|       g[1].g_normal.alu_i                  |                      microop_unit__parameterized1__4 |          0 |          0 |       0 |    0 |   32 |      0 |      0 |    0 |          0 |
|       g[2].g_normal.alu_i                  |             microop_unit__parameterized10__xdcDup__1 |         64 |         64 |       0 |    0 |  128 |      0 |      0 |    0 |          0 |
|         (g[2].g_normal.alu_i)              |             microop_unit__parameterized10__xdcDup__1 |          0 |          0 |       0 |    0 |   64 |      0 |      0 |    0 |          0 |
|         g_iadd.use_ip.u_addsub             |                                       integer_addsub |         64 |         64 |       0 |    0 |   64 |      0 |      0 |    0 |          0 |
|           (g_iadd.use_ip.u_addsub)         |                                       integer_addsub |          0 |          0 |       0 |    0 |    0 |      0 |      0 |    0 |          0 |
|           U0                               |                      integer_addsubc_addsub_v12_0_14 |         64 |         64 |       0 |    0 |   64 |      0 |      0 |    0 |          0 |
|             (U0)                           |                      integer_addsubc_addsub_v12_0_14 |          0 |          0 |       0 |    0 |    0 |      0 |      0 |    0 |          0 |
|             xst_addsub                     |                  integer_addsubc_addsub_v12_0_14_viv |         64 |         64 |       0 |    0 |   64 |      0 |      0 |    0 |          0 |
|               (xst_addsub)                 |                  integer_addsubc_addsub_v12_0_14_viv |          0 |          0 |       0 |    0 |    0 |      0 |      0 |    0 |          0 |
|               i_baseblox.i_baseblox_addsub |               integer_addsubc_addsub_v12_0_14_legacy |         64 |         64 |       0 |    0 |   64 |      0 |      0 |    0 |          0 |
|                 no_pipelining.the_addsub   |        integer_addsubc_addsub_v12_0_14_fabric_legacy |         64 |         64 |       0 |    0 |   64 |      0 |      0 |    0 |          0 |
|                   i_lut6.i_lut6_addsub     |          integer_addsubc_addsub_v12_0_14_lut6_legacy |         64 |         64 |       0 |    0 |   64 |      0 |      0 |    0 |          0 |
|                     (i_lut6.i_lut6_addsub) |          integer_addsubc_addsub_v12_0_14_lut6_legacy |         64 |         64 |       0 |    0 |    0 |      0 |      0 |    0 |          0 |
|                     i_q.i_simple.qreg      |                   integer_addsubc_reg_fd_v12_0_6_viv |          0 |          0 |       0 |    0 |   64 |      0 |      0 |    0 |          0 |
|       g[3].g_normal.alu_i                  |                      microop_unit__parameterized0__3 |          0 |          0 |       0 |    0 |    8 |      0 |      0 |    0 |          0 |
|       g[4].g_normal.alu_i                  |                      microop_unit__parameterized4__4 |         32 |         32 |       0 |    0 |   32 |      0 |      0 |    0 |          0 |
|       g[5].g_normal.alu_i                  |                     microop_unit__parameterized11__2 |         32 |         32 |       0 |    0 |   32 |      0 |      0 |    0 |          0 |
|       g[6].g_normal.alu_i                  |                     microop_unit__parameterized12__2 |         32 |         32 |       0 |    0 |   32 |      0 |      0 |    0 |          0 |
|   g_has_mem.glen_mem[8].blk_i              |                       uop_block_wrap__parameterized2 |         60 |         60 |       0 |    0 |  256 |      0 |      0 |    0 |          3 |
|     (g_has_mem.glen_mem[8].blk_i)          |                       uop_block_wrap__parameterized2 |          5 |          5 |       0 |    0 |   76 |      0 |      0 |    0 |          0 |
|     core                                   |                            uop_block__parameterized2 |         55 |         55 |       0 |    0 |  180 |      0 |      0 |    0 |          3 |
|       (core)                               |                            uop_block__parameterized2 |          8 |          8 |       0 |    0 |    3 |      0 |      0 |    0 |          0 |
|       g[0].g_normal.alu_i                  |                      microop_unit__parameterized9__3 |          0 |          0 |       0 |    0 |   64 |      0 |      0 |    0 |          0 |
|       g[1].g_normal.alu_i                  |                      microop_unit__parameterized1__5 |          0 |          0 |       0 |    0 |   32 |      0 |      0 |    0 |          0 |
|       g[2].g_normal.alu_i                  |                         microop_unit__parameterized3 |         15 |         15 |       0 |    0 |   17 |      0 |      0 |    0 |          3 |
|       g[3].g_normal.alu_i                  |                      microop_unit__parameterized4__5 |         32 |         32 |       0 |    0 |   32 |      0 |      0 |    0 |          0 |
|       g[5].g_normal.alu_i                  |                      microop_unit__parameterized1__6 |          0 |          0 |       0 |    0 |   32 |      0 |      0 |    0 |          0 |
|   g_has_mem.glen_mem[9].blk_i              |                       uop_block_wrap__parameterized1 |        172 |        172 |       0 |    0 |  404 |      0 |      0 |    0 |          0 |
|     (g_has_mem.glen_mem[9].blk_i)          |                       uop_block_wrap__parameterized1 |          4 |          4 |       0 |    0 |   73 |      0 |      0 |    0 |          0 |
|     core                                   |                            uop_block__parameterized1 |        168 |        168 |       0 |    0 |  331 |      0 |      0 |    0 |          0 |
|       (core)                               |                            uop_block__parameterized1 |          8 |          8 |       0 |    0 |    3 |      0 |      0 |    0 |          0 |
|       g[0].g_normal.alu_i                  |                         microop_unit__parameterized9 |          0 |          0 |       0 |    0 |   64 |      0 |      0 |    0 |          0 |
|       g[1].g_normal.alu_i                  |                         microop_unit__parameterized1 |          0 |          0 |       0 |    0 |   32 |      0 |      0 |    0 |          0 |
|       g[2].g_normal.alu_i                  |                        microop_unit__parameterized10 |         64 |         64 |       0 |    0 |  128 |      0 |      0 |    0 |          0 |
|         (g[2].g_normal.alu_i)              |                        microop_unit__parameterized10 |          0 |          0 |       0 |    0 |   64 |      0 |      0 |    0 |          0 |
|         g_iadd.use_ip.u_addsub             |                                integer_addsub_HD2460 |         64 |         64 |       0 |    0 |   64 |      0 |      0 |    0 |          0 |
|           (g_iadd.use_ip.u_addsub)         |                                integer_addsub_HD2460 |          0 |          0 |       0 |    0 |    0 |      0 |      0 |    0 |          0 |
|           U0                               |               integer_addsubc_addsub_v12_0_14_HD2461 |         64 |         64 |       0 |    0 |   64 |      0 |      0 |    0 |          0 |
|             (U0)                           |               integer_addsubc_addsub_v12_0_14_HD2461 |          0 |          0 |       0 |    0 |    0 |      0 |      0 |    0 |          0 |
|             xst_addsub                     |           integer_addsubc_addsub_v12_0_14_viv_HD2462 |         64 |         64 |       0 |    0 |   64 |      0 |      0 |    0 |          0 |
|               (xst_addsub)                 |           integer_addsubc_addsub_v12_0_14_viv_HD2462 |          0 |          0 |       0 |    0 |    0 |      0 |      0 |    0 |          0 |
|               i_baseblox.i_baseblox_addsub |        integer_addsubc_addsub_v12_0_14_legacy_HD2463 |         64 |         64 |       0 |    0 |   64 |      0 |      0 |    0 |          0 |
|                 no_pipelining.the_addsub   | integer_addsubc_addsub_v12_0_14_fabric_legacy_HD2464 |         64 |         64 |       0 |    0 |   64 |      0 |      0 |    0 |          0 |
|                   i_lut6.i_lut6_addsub     |   integer_addsubc_addsub_v12_0_14_lut6_legacy_HD2465 |         64 |         64 |       0 |    0 |   64 |      0 |      0 |    0 |          0 |
|                     (i_lut6.i_lut6_addsub) |   integer_addsubc_addsub_v12_0_14_lut6_legacy_HD2465 |         64 |         64 |       0 |    0 |    0 |      0 |      0 |    0 |          0 |
|                     i_q.i_simple.qreg      |            integer_addsubc_reg_fd_v12_0_6_viv_HD2466 |          0 |          0 |       0 |    0 |   64 |      0 |      0 |    0 |          0 |
|       g[3].g_normal.alu_i                  |                         microop_unit__parameterized0 |          0 |          0 |       0 |    0 |    8 |      0 |      0 |    0 |          0 |
|       g[4].g_normal.alu_i                  |                         microop_unit__parameterized4 |         32 |         32 |       0 |    0 |   32 |      0 |      0 |    0 |          0 |
|       g[5].g_normal.alu_i                  |                     microop_unit__parameterized11__3 |         32 |         32 |       0 |    0 |   32 |      0 |      0 |    0 |          0 |
|       g[6].g_normal.alu_i                  |                     microop_unit__parameterized12__3 |         32 |         32 |       0 |    0 |   32 |      0 |      0 |    0 |          0 |
|   g_has_mem.u_pool                         |                                             spm_pool |       1153 |       1153 |       0 |    0 | 1620 |      8 |      0 |    0 |          0 |
|     (g_has_mem.u_pool)                     |                                             spm_pool |        961 |        961 |       0 |    0 | 1556 |      0 |      0 |    0 |          0 |
|     g_banks.gb[0].u_bank64                 |                                          spm_bank__1 |          5 |          5 |       0 |    0 |    2 |      1 |      0 |    0 |          0 |
|       (g_banks.gb[0].u_bank64)             |                                          spm_bank__1 |          1 |          1 |       0 |    0 |    2 |      0 |      0 |    0 |          0 |
|       u_mem                                |                                 xpm_memory_sdpram_20 |          4 |          4 |       0 |    0 |    0 |      1 |      0 |    0 |          0 |
|         (u_mem)                            |                                 xpm_memory_sdpram_20 |          4 |          4 |       0 |    0 |    0 |      0 |      0 |    0 |          0 |
|         xpm_memory_base_inst               |                                   xpm_memory_base__1 |          0 |          0 |       0 |    0 |    0 |      1 |      0 |    0 |          0 |
|     g_banks.gb[1].u_bank64                 |                                          spm_bank__2 |          5 |          5 |       0 |    0 |    2 |      1 |      0 |    0 |          0 |
|       (g_banks.gb[1].u_bank64)             |                                          spm_bank__2 |          1 |          1 |       0 |    0 |    2 |      0 |      0 |    0 |          0 |
|       u_mem                                |                                 xpm_memory_sdpram_19 |          4 |          4 |       0 |    0 |    0 |      1 |      0 |    0 |          0 |
|         (u_mem)                            |                                 xpm_memory_sdpram_19 |          4 |          4 |       0 |    0 |    0 |      0 |      0 |    0 |          0 |
|         xpm_memory_base_inst               |                                   xpm_memory_base__2 |          0 |          0 |       0 |    0 |    0 |      1 |      0 |    0 |          0 |
|     g_banks.gb[2].u_bank64                 |                                          spm_bank__3 |          5 |          5 |       0 |    0 |    2 |      1 |      0 |    0 |          0 |
|       (g_banks.gb[2].u_bank64)             |                                          spm_bank__3 |          1 |          1 |       0 |    0 |    2 |      0 |      0 |    0 |          0 |
|       u_mem                                |                                 xpm_memory_sdpram_18 |          4 |          4 |       0 |    0 |    0 |      1 |      0 |    0 |          0 |
|         (u_mem)                            |                                 xpm_memory_sdpram_18 |          4 |          4 |       0 |    0 |    0 |      0 |      0 |    0 |          0 |
|         xpm_memory_base_inst               |                                   xpm_memory_base__3 |          0 |          0 |       0 |    0 |    0 |      1 |      0 |    0 |          0 |
|     g_banks.gb[3].u_bank64                 |                                          spm_bank__4 |          5 |          5 |       0 |    0 |    2 |      1 |      0 |    0 |          0 |
|       (g_banks.gb[3].u_bank64)             |                                          spm_bank__4 |          1 |          1 |       0 |    0 |    2 |      0 |      0 |    0 |          0 |
|       u_mem                                |                                 xpm_memory_sdpram_17 |          4 |          4 |       0 |    0 |    0 |      1 |      0 |    0 |          0 |
|         (u_mem)                            |                                 xpm_memory_sdpram_17 |          4 |          4 |       0 |    0 |    0 |      0 |      0 |    0 |          0 |
|         xpm_memory_base_inst               |                                   xpm_memory_base__4 |          0 |          0 |       0 |    0 |    0 |      1 |      0 |    0 |          0 |
|     g_banks.gb[4].u_bank64                 |                                          spm_bank__5 |          5 |          5 |       0 |    0 |    2 |      1 |      0 |    0 |          0 |
|       (g_banks.gb[4].u_bank64)             |                                          spm_bank__5 |          1 |          1 |       0 |    0 |    2 |      0 |      0 |    0 |          0 |
|       u_mem                                |                                 xpm_memory_sdpram_16 |          4 |          4 |       0 |    0 |    0 |      1 |      0 |    0 |          0 |
|         (u_mem)                            |                                 xpm_memory_sdpram_16 |          4 |          4 |       0 |    0 |    0 |      0 |      0 |    0 |          0 |
|         xpm_memory_base_inst               |                                   xpm_memory_base__5 |          0 |          0 |       0 |    0 |    0 |      1 |      0 |    0 |          0 |
|     g_banks.gb[5].u_bank64                 |                                          spm_bank__6 |          5 |          5 |       0 |    0 |    2 |      1 |      0 |    0 |          0 |
|       (g_banks.gb[5].u_bank64)             |                                          spm_bank__6 |          1 |          1 |       0 |    0 |    2 |      0 |      0 |    0 |          0 |
|       u_mem                                |                                 xpm_memory_sdpram_15 |          4 |          4 |       0 |    0 |    0 |      1 |      0 |    0 |          0 |
|         (u_mem)                            |                                 xpm_memory_sdpram_15 |          4 |          4 |       0 |    0 |    0 |      0 |      0 |    0 |          0 |
|         xpm_memory_base_inst               |                                   xpm_memory_base__6 |          0 |          0 |       0 |    0 |    0 |      1 |      0 |    0 |          0 |
|     g_banks.gb[6].u_bank64                 |                                          spm_bank__7 |          5 |          5 |       0 |    0 |    2 |      1 |      0 |    0 |          0 |
|       (g_banks.gb[6].u_bank64)             |                                          spm_bank__7 |          1 |          1 |       0 |    0 |    2 |      0 |      0 |    0 |          0 |
|       u_mem                                |                                 xpm_memory_sdpram_14 |          4 |          4 |       0 |    0 |    0 |      1 |      0 |    0 |          0 |
|         (u_mem)                            |                                 xpm_memory_sdpram_14 |          4 |          4 |       0 |    0 |    0 |      0 |      0 |    0 |          0 |
|         xpm_memory_base_inst               |                                   xpm_memory_base__7 |          0 |          0 |       0 |    0 |    0 |      1 |      0 |    0 |          0 |
|     g_banks.gb[7].u_bank64                 |                                             spm_bank |          5 |          5 |       0 |    0 |    2 |      1 |      0 |    0 |          0 |
|       (g_banks.gb[7].u_bank64)             |                                             spm_bank |          1 |          1 |       0 |    0 |    2 |      0 |      0 |    0 |          0 |
|       u_mem                                |                                    xpm_memory_sdpram |          4 |          4 |       0 |    0 |    0 |      1 |      0 |    0 |          0 |
|         (u_mem)                            |                                    xpm_memory_sdpram |          4 |          4 |       0 |    0 |    0 |      0 |      0 |    0 |          0 |
|         xpm_memory_base_inst               |                                      xpm_memory_base |          0 |          0 |       0 |    0 |    0 |      1 |      0 |    0 |          0 |
|     u_rrA                                  |                                        rr_arbiter__1 |         76 |         76 |       0 |    0 |   24 |      0 |      0 |    0 |          0 |
|     u_rrB                                  |                                           rr_arbiter |         76 |         76 |       0 |    0 |   24 |      0 |      0 |    0 |          0 |
+--------------------------------------------+------------------------------------------------------+------------+------------+---------+------+------+--------+--------+------+------------+


