Copyright 1986-2020 Xilinx, Inc. All Rights Reserved.
------------------------------------------------------------------------------------------------------------------------------------------------------------------
| Tool Version : Vivado v.2020.1 (lin64) Build 2902540 Wed May 27 19:54:35 MDT 2020
| Date         : Mon Sep 22 17:44:39 2025
| Host         : orthanc running 64-bit Ubuntu 22.04.4 LTS
| Command      : report_utilization -hierarchical -file /home/jyoo/custom_v_2/custom-core-tool/reports/memory_wo_simd/benches/627_cam4_s/627_cam4_s_util_hier.rpt
| Design       : top_bench__627_cam4_s
| Device       : xcu200fsgd2104-2
| Design State : Optimized
------------------------------------------------------------------------------------------------------------------------------------------------------------------

Utilization Design Information

Table of Contents
-----------------
1. Utilization by Hierarchy

1. Utilization by Hierarchy
---------------------------

+-----------------------------------------------------------------------------------+-----------------------------------------------+------------+------------+---------+------+------+--------+--------+------+------------+
|                                      Instance                                     |                     Module                    | Total LUTs | Logic LUTs | LUTRAMs | SRLs |  FFs | RAMB36 | RAMB18 | URAM | DSP Blocks |
+-----------------------------------------------------------------------------------+-----------------------------------------------+------------+------------+---------+------+------+--------+--------+------+------------+
| top_bench__627_cam4_s                                                             |                                         (top) |        511 |        494 |       0 |   17 | 3037 |      0 |      0 |    0 |          3 |
|   (top_bench__627_cam4_s)                                                         |                                         (top) |          0 |          0 |       0 |    0 |    0 |      0 |      0 |    0 |          0 |
|   u_627_cam4_s                                                                    |                        bench_core__627_cam4_s |        511 |        494 |       0 |   17 | 3037 |      0 |      0 |    0 |          3 |
|     (u_627_cam4_s)                                                                |                        bench_core__627_cam4_s |        188 |        188 |       0 |    0 |    0 |      0 |      0 |    0 |          0 |
|     glen[0].core_i                                                                |                                uop_block_wrap |         65 |         65 |       0 |    0 |  308 |      0 |      0 |    0 |          0 |
|       (glen[0].core_i)                                                            |                                uop_block_wrap |          0 |          0 |       0 |    0 |  188 |      0 |      0 |    0 |          0 |
|       core                                                                        |                                     uop_block |         65 |         65 |       0 |    0 |  120 |      0 |      0 |    0 |          0 |
|         (core)                                                                    |                                     uop_block |          1 |          1 |       0 |    0 |   60 |      0 |      0 |    0 |          0 |
|         g[0].g_normal.alu_i                                                       |                               microop_unit__1 |         64 |         64 |       0 |    0 |   60 |      0 |      0 |    0 |          0 |
|     glen[1].core_i                                                                |             uop_block_wrap__parameterized0__1 |          1 |          1 |       0 |    0 |  160 |      0 |      0 |    0 |          0 |
|       (glen[1].core_i)                                                            |             uop_block_wrap__parameterized0__1 |          0 |          0 |       0 |    0 |   64 |      0 |      0 |    0 |          0 |
|       core                                                                        |                  uop_block__parameterized0__1 |          1 |          1 |       0 |    0 |   96 |      0 |      0 |    0 |          0 |
|         (core)                                                                    |                  uop_block__parameterized0__1 |          1 |          1 |       0 |    0 |   32 |      0 |      0 |    0 |          0 |
|         g[0].g_normal.alu_i                                                       |               microop_unit__parameterized0__5 |          0 |          0 |       0 |    0 |   32 |      0 |      0 |    0 |          0 |
|         g[1].g_normal.alu_i                                                       |               microop_unit__parameterized0__4 |          0 |          0 |       0 |    0 |   32 |      0 |      0 |    0 |          0 |
|     glen[2].core_i                                                                |                uop_block_wrap__parameterized0 |          1 |          1 |       0 |    0 |  160 |      0 |      0 |    0 |          0 |
|       (glen[2].core_i)                                                            |                uop_block_wrap__parameterized0 |          0 |          0 |       0 |    0 |   64 |      0 |      0 |    0 |          0 |
|       core                                                                        |                     uop_block__parameterized0 |          1 |          1 |       0 |    0 |   96 |      0 |      0 |    0 |          0 |
|         (core)                                                                    |                     uop_block__parameterized0 |          1 |          1 |       0 |    0 |   32 |      0 |      0 |    0 |          0 |
|         g[0].g_normal.alu_i                                                       |               microop_unit__parameterized0__1 |          0 |          0 |       0 |    0 |   32 |      0 |      0 |    0 |          0 |
|         g[1].g_normal.alu_i                                                       |               microop_unit__parameterized0__2 |          0 |          0 |       0 |    0 |   32 |      0 |      0 |    0 |          0 |
|     glen[3].core_i                                                                |                uop_block_wrap__parameterized1 |         50 |         33 |       0 |   17 |  501 |      0 |      0 |    0 |          3 |
|       (glen[3].core_i)                                                            |                uop_block_wrap__parameterized1 |          0 |          0 |       0 |    0 |   98 |      0 |      0 |    0 |          0 |
|       core                                                                        |                     uop_block__parameterized1 |         50 |         33 |       0 |   17 |  403 |      0 |      0 |    0 |          3 |
|         (core)                                                                    |                     uop_block__parameterized1 |          1 |          1 |       0 |    0 |  130 |      0 |      0 |    0 |          0 |
|         g[0].g_normal.alu_i                                                       |               microop_unit__parameterized1__1 |          0 |          0 |       0 |    0 |   32 |      0 |      0 |    0 |          0 |
|         g[1].g_normal.alu_i                                                       |                  microop_unit__parameterized2 |         17 |          0 |       0 |   17 |   81 |      0 |      0 |    0 |          3 |
|           (g[1].g_normal.alu_i)                                                   |                  microop_unit__parameterized2 |          0 |          0 |       0 |    0 |   32 |      0 |      0 |    0 |          0 |
|           g_imul.mul64_ip.mul_i                                                   |                                   integer_mul |         17 |          0 |       0 |   17 |   49 |      0 |      0 |    0 |          3 |
|             U0                                                                    |                  integer_mulmult_gen_v12_0_16 |         17 |          0 |       0 |   17 |   49 |      0 |      0 |    0 |          3 |
|               i_mult                                                              |              integer_mulmult_gen_v12_0_16_viv |         17 |          0 |       0 |   17 |   49 |      0 |      0 |    0 |          3 |
|                 gDSP.gDSP_only.iDSP                                               |                                integer_muldsp |         17 |          0 |       0 |   17 |   49 |      0 |      0 |    0 |          3 |
|                   (gDSP.gDSP_only.iDSP)                                           |                                integer_muldsp |          0 |          0 |       0 |    0 |    0 |      0 |      0 |    0 |          3 |
|                   use_prim.appDSP48[0].bppDSP48[0].need_output_delay.output_delay |        integer_muldelay_line__parameterized16 |          9 |          0 |       0 |    9 |   17 |      0 |      0 |    0 |          0 |
|                   use_prim.appDSP48[1].bppDSP48[0].need_output_delay.output_delay |        integer_muldelay_line__parameterized19 |          8 |          0 |       0 |    8 |   15 |      0 |      0 |    0 |          0 |
|                   use_prim.iBdelx[1].iBdely[0].need_delay_line.Bdelay             |       integer_muldelay_line__parameterized4_1 |          0 |          0 |       0 |    0 |   17 |      0 |      0 |    0 |          0 |
|         g[2].g_normal.alu_i                                                       |               microop_unit__parameterized3__1 |          0 |          0 |       0 |    0 |   32 |      0 |      0 |    0 |          0 |
|         g[3].g_normal.alu_i                                                       |                  microop_unit__parameterized4 |         32 |         32 |       0 |    0 |   64 |      0 |      0 |    0 |          0 |
|           (g[3].g_normal.alu_i)                                                   |                  microop_unit__parameterized4 |          0 |          0 |       0 |    0 |   32 |      0 |      0 |    0 |          0 |
|           g_iadd.use_ip.u_addsub                                                  |                                integer_addsub |         32 |         32 |       0 |    0 |   32 |      0 |      0 |    0 |          0 |
|             U0                                                                    |               integer_addsubc_addsub_v12_0_14 |         32 |         32 |       0 |    0 |   32 |      0 |      0 |    0 |          0 |
|               xst_addsub                                                          |           integer_addsubc_addsub_v12_0_14_viv |         32 |         32 |       0 |    0 |   32 |      0 |      0 |    0 |          0 |
|                 i_baseblox.i_baseblox_addsub                                      |        integer_addsubc_addsub_v12_0_14_legacy |         32 |         32 |       0 |    0 |   32 |      0 |      0 |    0 |          0 |
|                   no_pipelining.the_addsub                                        | integer_addsubc_addsub_v12_0_14_fabric_legacy |         32 |         32 |       0 |    0 |   32 |      0 |      0 |    0 |          0 |
|                     i_lut6.i_lut6_addsub                                          |   integer_addsubc_addsub_v12_0_14_lut6_legacy |         32 |         32 |       0 |    0 |   32 |      0 |      0 |    0 |          0 |
|                       (i_lut6.i_lut6_addsub)                                      |   integer_addsubc_addsub_v12_0_14_lut6_legacy |         32 |         32 |       0 |    0 |    0 |      0 |      0 |    0 |          0 |
|                       i_q.i_simple.qreg                                           |            integer_addsubc_reg_fd_v12_0_6_viv |          0 |          0 |       0 |    0 |   32 |      0 |      0 |    0 |          0 |
|         g[4].g_normal.alu_i                                                       |               microop_unit__parameterized0__3 |          0 |          0 |       0 |    0 |   32 |      0 |      0 |    0 |          0 |
|         g[5].g_normal.alu_i                                                       |                  microop_unit__parameterized0 |          0 |          0 |       0 |    0 |   32 |      0 |      0 |    0 |          0 |
|     glen[4].core_i                                                                |                uop_block_wrap__parameterized2 |         33 |         33 |       0 |    0 |  224 |      0 |      0 |    0 |          0 |
|       (glen[4].core_i)                                                            |                uop_block_wrap__parameterized2 |          0 |          0 |       0 |    0 |  128 |      0 |      0 |    0 |          0 |
|       core                                                                        |                     uop_block__parameterized2 |         33 |         33 |       0 |    0 |   96 |      0 |      0 |    0 |          0 |
|         (core)                                                                    |                     uop_block__parameterized2 |          1 |          1 |       0 |    0 |   32 |      0 |      0 |    0 |          0 |
|         g[0].g_normal.alu_i                                                       |                  microop_unit__parameterized5 |         32 |         32 |       0 |    0 |   32 |      0 |      0 |    0 |          0 |
|         g[1].g_normal.alu_i                                                       |                  microop_unit__parameterized1 |          0 |          0 |       0 |    0 |   32 |      0 |      0 |    0 |          0 |
|     glen[5].core_i                                                                |                uop_block_wrap__parameterized3 |          1 |          1 |       0 |    0 |   28 |      0 |      0 |    0 |          0 |
|       (glen[5].core_i)                                                            |                uop_block_wrap__parameterized3 |          0 |          0 |       0 |    0 |   14 |      0 |      0 |    0 |          0 |
|       core                                                                        |                     uop_block__parameterized3 |          1 |          1 |       0 |    0 |   14 |      0 |      0 |    0 |          0 |
|         (core)                                                                    |                     uop_block__parameterized3 |          1 |          1 |       0 |    0 |    0 |      0 |      0 |    0 |          0 |
|         g[0].g_normal.alu_i                                                       |               microop_unit__parameterized6__1 |          0 |          0 |       0 |    0 |    7 |      0 |      0 |    0 |          0 |
|         g[1].g_normal.alu_i                                                       |                  microop_unit__parameterized6 |          0 |          0 |       0 |    0 |    7 |      0 |      0 |    0 |          0 |
|     glen[6].core_i                                                                |                uop_block_wrap__parameterized4 |         65 |         65 |       0 |    0 |  384 |      0 |      0 |    0 |          0 |
|       (glen[6].core_i)                                                            |                uop_block_wrap__parameterized4 |          0 |          0 |       0 |    0 |  192 |      0 |      0 |    0 |          0 |
|       core                                                                        |                     uop_block__parameterized4 |         65 |         65 |       0 |    0 |  192 |      0 |      0 |    0 |          0 |
|         (core)                                                                    |                     uop_block__parameterized4 |          1 |          1 |       0 |    0 |   64 |      0 |      0 |    0 |          0 |
|         g[0].g_normal.alu_i                                                       |                                  microop_unit |         64 |         64 |       0 |    0 |   64 |      0 |      0 |    0 |          0 |
|         g[1].g_normal.alu_i                                                       |               microop_unit__parameterized3__2 |          0 |          0 |       0 |    0 |   64 |      0 |      0 |    0 |          0 |
|     glen[7].core_i                                                                |             uop_block_wrap__parameterized5__1 |         53 |         53 |       0 |    0 |  476 |      0 |      0 |    0 |          0 |
|       (glen[7].core_i)                                                            |             uop_block_wrap__parameterized5__1 |          0 |          0 |       0 |    0 |  180 |      0 |      0 |    0 |          0 |
|       core                                                                        |                  uop_block__parameterized5__1 |         53 |         53 |       0 |    0 |  296 |      0 |      0 |    0 |          0 |
|         (core)                                                                    |                  uop_block__parameterized5__1 |          1 |          1 |       0 |    0 |  116 |      0 |      0 |    0 |          0 |
|         g[0].g_normal.alu_i                                                       |               microop_unit__parameterized3__7 |          0 |          0 |       0 |    0 |   52 |      0 |      0 |    0 |          0 |
|         g[2].g_normal.alu_i                                                       |               microop_unit__parameterized7__1 |         52 |         52 |       0 |    0 |   64 |      0 |      0 |    0 |          0 |
|         g[3].g_normal.alu_i                                                       |               microop_unit__parameterized3__6 |          0 |          0 |       0 |    0 |   64 |      0 |      0 |    0 |          0 |
|     glen[8].core_i                                                                |                uop_block_wrap__parameterized6 |          1 |          1 |       0 |    0 |  320 |      0 |      0 |    0 |          0 |
|       (glen[8].core_i)                                                            |                uop_block_wrap__parameterized6 |          0 |          0 |       0 |    0 |  128 |      0 |      0 |    0 |          0 |
|       core                                                                        |                     uop_block__parameterized6 |          1 |          1 |       0 |    0 |  192 |      0 |      0 |    0 |          0 |
|         (core)                                                                    |                     uop_block__parameterized6 |          1 |          1 |       0 |    0 |   64 |      0 |      0 |    0 |          0 |
|         g[0].g_normal.alu_i                                                       |               microop_unit__parameterized3__5 |          0 |          0 |       0 |    0 |   64 |      0 |      0 |    0 |          0 |
|         g[1].g_normal.alu_i                                                       |                  microop_unit__parameterized3 |          0 |          0 |       0 |    0 |   64 |      0 |      0 |    0 |          0 |
|     glen[9].core_i                                                                |                uop_block_wrap__parameterized5 |         53 |         53 |       0 |    0 |  476 |      0 |      0 |    0 |          0 |
|       (glen[9].core_i)                                                            |                uop_block_wrap__parameterized5 |          0 |          0 |       0 |    0 |  180 |      0 |      0 |    0 |          0 |
|       core                                                                        |                     uop_block__parameterized5 |         53 |         53 |       0 |    0 |  296 |      0 |      0 |    0 |          0 |
|         (core)                                                                    |                     uop_block__parameterized5 |          1 |          1 |       0 |    0 |  116 |      0 |      0 |    0 |          0 |
|         g[0].g_normal.alu_i                                                       |               microop_unit__parameterized3__3 |          0 |          0 |       0 |    0 |   52 |      0 |      0 |    0 |          0 |
|         g[2].g_normal.alu_i                                                       |                  microop_unit__parameterized7 |         52 |         52 |       0 |    0 |   64 |      0 |      0 |    0 |          0 |
|         g[3].g_normal.alu_i                                                       |               microop_unit__parameterized3__4 |          0 |          0 |       0 |    0 |   64 |      0 |      0 |    0 |          0 |
+-----------------------------------------------------------------------------------+-----------------------------------------------+------------+------------+---------+------+------+--------+--------+------+------------+


