Copyright 1986-2020 Xilinx, Inc. All Rights Reserved.
----------------------------------------------------------------------------------------------------------------------------------------------------------------
| Tool Version : Vivado v.2020.1 (lin64) Build 2902540 Wed May 27 19:54:35 MDT 2020
| Date         : Mon Sep 22 17:49:07 2025
| Host         : orthanc running 64-bit Ubuntu 22.04.4 LTS
| Command      : report_utilization -hierarchical -file /home/jyoo/custom_v_2/custom-core-tool/reports/memory_wo_simd/benches/644_nab_s/644_nab_s_util_hier.rpt
| Design       : top_bench__644_nab_s
| Device       : xcu200fsgd2104-2
| Design State : Optimized
----------------------------------------------------------------------------------------------------------------------------------------------------------------

Utilization Design Information

Table of Contents
-----------------
1. Utilization by Hierarchy

1. Utilization by Hierarchy
---------------------------

+----------------------------------------------+-------------------------------------------------------+------------+------------+---------+------+-------+--------+--------+------+------------+
|                   Instance                   |                         Module                        | Total LUTs | Logic LUTs | LUTRAMs | SRLs |  FFs  | RAMB36 | RAMB18 | URAM | DSP Blocks |
+----------------------------------------------+-------------------------------------------------------+------------+------------+---------+------+-------+--------+--------+------+------------+
| top_bench__644_nab_s                         |                                                 (top) |       2068 |       2068 |       0 |    0 | 11298 |      0 |      0 |    0 |          6 |
|   (top_bench__644_nab_s)                     |                                                 (top) |          0 |          0 |       0 |    0 |     0 |      0 |      0 |    0 |          0 |
|   u_644_nab_s                                |                                 bench_core__644_nab_s |       2068 |       2068 |       0 |    0 | 11298 |      0 |      0 |    0 |          6 |
|     (u_644_nab_s)                            |                                 bench_core__644_nab_s |        512 |        512 |       0 |    0 |     0 |      0 |      0 |    0 |          0 |
|     glen[0].core_i                           |                                     uop_block_wrap__1 |         33 |         33 |       0 |    0 |   192 |      0 |      0 |    0 |          0 |
|       (glen[0].core_i)                       |                                     uop_block_wrap__1 |          0 |          0 |       0 |    0 |    96 |      0 |      0 |    0 |          0 |
|       core                                   |                                          uop_block__1 |         33 |         33 |       0 |    0 |    96 |      0 |      0 |    0 |          0 |
|         (core)                               |                                          uop_block__1 |          1 |          1 |       0 |    0 |    32 |      0 |      0 |    0 |          0 |
|         g[0].g_normal.alu_i                  |                                       microop_unit__2 |         32 |         32 |       0 |    0 |    32 |      0 |      0 |    0 |          0 |
|         g[1].g_normal.alu_i                  |                      microop_unit__parameterized0__13 |          0 |          0 |       0 |    0 |    32 |      0 |      0 |    0 |          0 |
|     glen[10].core_i                          |                     uop_block_wrap__parameterized4__1 |         65 |         65 |       0 |    0 |   384 |      0 |      0 |    0 |          0 |
|       (glen[10].core_i)                      |                     uop_block_wrap__parameterized4__1 |          0 |          0 |       0 |    0 |   192 |      0 |      0 |    0 |          0 |
|       core                                   |                          uop_block__parameterized4__1 |         65 |         65 |       0 |    0 |   192 |      0 |      0 |    0 |          0 |
|         (core)                               |                          uop_block__parameterized4__1 |          1 |          1 |       0 |    0 |    64 |      0 |      0 |    0 |          0 |
|         g[0].g_normal.alu_i                  |                                       microop_unit__3 |         64 |         64 |       0 |    0 |    64 |      0 |      0 |    0 |          0 |
|         g[1].g_normal.alu_i                  |                      microop_unit__parameterized3__17 |          0 |          0 |       0 |    0 |    64 |      0 |      0 |    0 |          0 |
|     glen[11].core_i                          |                     uop_block_wrap__parameterized4__2 |         65 |         65 |       0 |    0 |   384 |      0 |      0 |    0 |          0 |
|       (glen[11].core_i)                      |                     uop_block_wrap__parameterized4__2 |          0 |          0 |       0 |    0 |   192 |      0 |      0 |    0 |          0 |
|       core                                   |                          uop_block__parameterized4__2 |         65 |         65 |       0 |    0 |   192 |      0 |      0 |    0 |          0 |
|         (core)                               |                          uop_block__parameterized4__2 |          1 |          1 |       0 |    0 |    64 |      0 |      0 |    0 |          0 |
|         g[0].g_normal.alu_i                  |                                       microop_unit__4 |         64 |         64 |       0 |    0 |    64 |      0 |      0 |    0 |          0 |
|         g[1].g_normal.alu_i                  |                      microop_unit__parameterized3__18 |          0 |          0 |       0 |    0 |    64 |      0 |      0 |    0 |          0 |
|     glen[12].core_i                          |                     uop_block_wrap__parameterized4__3 |         65 |         65 |       0 |    0 |   384 |      0 |      0 |    0 |          0 |
|       (glen[12].core_i)                      |                     uop_block_wrap__parameterized4__3 |          0 |          0 |       0 |    0 |   192 |      0 |      0 |    0 |          0 |
|       core                                   |                          uop_block__parameterized4__3 |         65 |         65 |       0 |    0 |   192 |      0 |      0 |    0 |          0 |
|         (core)                               |                          uop_block__parameterized4__3 |          1 |          1 |       0 |    0 |    64 |      0 |      0 |    0 |          0 |
|         g[0].g_normal.alu_i                  |                                       microop_unit__5 |         64 |         64 |       0 |    0 |    64 |      0 |      0 |    0 |          0 |
|         g[1].g_normal.alu_i                  |                      microop_unit__parameterized3__19 |          0 |          0 |       0 |    0 |    64 |      0 |      0 |    0 |          0 |
|     glen[13].core_i                          |                     uop_block_wrap__parameterized4__4 |         65 |         65 |       0 |    0 |   384 |      0 |      0 |    0 |          0 |
|       (glen[13].core_i)                      |                     uop_block_wrap__parameterized4__4 |          0 |          0 |       0 |    0 |   192 |      0 |      0 |    0 |          0 |
|       core                                   |                          uop_block__parameterized4__4 |         65 |         65 |       0 |    0 |   192 |      0 |      0 |    0 |          0 |
|         (core)                               |                          uop_block__parameterized4__4 |          1 |          1 |       0 |    0 |    64 |      0 |      0 |    0 |          0 |
|         g[0].g_normal.alu_i                  |                                       microop_unit__6 |         64 |         64 |       0 |    0 |    64 |      0 |      0 |    0 |          0 |
|         g[1].g_normal.alu_i                  |                      microop_unit__parameterized3__20 |          0 |          0 |       0 |    0 |    64 |      0 |      0 |    0 |          0 |
|     glen[14].core_i                          |                     uop_block_wrap__parameterized4__5 |         65 |         65 |       0 |    0 |   384 |      0 |      0 |    0 |          0 |
|       (glen[14].core_i)                      |                     uop_block_wrap__parameterized4__5 |          0 |          0 |       0 |    0 |   192 |      0 |      0 |    0 |          0 |
|       core                                   |                          uop_block__parameterized4__5 |         65 |         65 |       0 |    0 |   192 |      0 |      0 |    0 |          0 |
|         (core)                               |                          uop_block__parameterized4__5 |          1 |          1 |       0 |    0 |    64 |      0 |      0 |    0 |          0 |
|         g[0].g_normal.alu_i                  |                                       microop_unit__7 |         64 |         64 |       0 |    0 |    64 |      0 |      0 |    0 |          0 |
|         g[1].g_normal.alu_i                  |                      microop_unit__parameterized3__21 |          0 |          0 |       0 |    0 |    64 |      0 |      0 |    0 |          0 |
|     glen[15].core_i                          |                     uop_block_wrap__parameterized4__6 |         65 |         65 |       0 |    0 |   384 |      0 |      0 |    0 |          0 |
|       (glen[15].core_i)                      |                     uop_block_wrap__parameterized4__6 |          0 |          0 |       0 |    0 |   192 |      0 |      0 |    0 |          0 |
|       core                                   |                          uop_block__parameterized4__6 |         65 |         65 |       0 |    0 |   192 |      0 |      0 |    0 |          0 |
|         (core)                               |                          uop_block__parameterized4__6 |          1 |          1 |       0 |    0 |    64 |      0 |      0 |    0 |          0 |
|         g[0].g_normal.alu_i                  |                                       microop_unit__8 |         64 |         64 |       0 |    0 |    64 |      0 |      0 |    0 |          0 |
|         g[1].g_normal.alu_i                  |                      microop_unit__parameterized3__22 |          0 |          0 |       0 |    0 |    64 |      0 |      0 |    0 |          0 |
|     glen[16].core_i                          |                     uop_block_wrap__parameterized4__7 |         65 |         65 |       0 |    0 |   384 |      0 |      0 |    0 |          0 |
|       (glen[16].core_i)                      |                     uop_block_wrap__parameterized4__7 |          0 |          0 |       0 |    0 |   192 |      0 |      0 |    0 |          0 |
|       core                                   |                          uop_block__parameterized4__7 |         65 |         65 |       0 |    0 |   192 |      0 |      0 |    0 |          0 |
|         (core)                               |                          uop_block__parameterized4__7 |          1 |          1 |       0 |    0 |    64 |      0 |      0 |    0 |          0 |
|         g[0].g_normal.alu_i                  |                                       microop_unit__9 |         64 |         64 |       0 |    0 |    64 |      0 |      0 |    0 |          0 |
|         g[1].g_normal.alu_i                  |                      microop_unit__parameterized3__23 |          0 |          0 |       0 |    0 |    64 |      0 |      0 |    0 |          0 |
|     glen[17].core_i                          |                        uop_block_wrap__parameterized5 |         33 |         33 |       0 |    0 |   256 |      0 |      0 |    0 |          0 |
|       (glen[17].core_i)                      |                        uop_block_wrap__parameterized5 |          0 |          0 |       0 |    0 |   128 |      0 |      0 |    0 |          0 |
|       core                                   |                             uop_block__parameterized5 |         33 |         33 |       0 |    0 |   128 |      0 |      0 |    0 |          0 |
|         (core)                               |                             uop_block__parameterized5 |          1 |          1 |       0 |    0 |    32 |      0 |      0 |    0 |          0 |
|         g[0].g_normal.alu_i                  |                       microop_unit__parameterized0__5 |          0 |          0 |       0 |    0 |    32 |      0 |      0 |    0 |          0 |
|         g[1].g_normal.alu_i                  |                          microop_unit__parameterized7 |         32 |         32 |       0 |    0 |    32 |      0 |      0 |    0 |          0 |
|         g[2].g_normal.alu_i                  |                       microop_unit__parameterized1__2 |          0 |          0 |       0 |    0 |    32 |      0 |      0 |    0 |          0 |
|     glen[18].core_i                          |                        uop_block_wrap__parameterized6 |          1 |          1 |       0 |    0 |   160 |      0 |      0 |    0 |          0 |
|       (glen[18].core_i)                      |                        uop_block_wrap__parameterized6 |          0 |          0 |       0 |    0 |    64 |      0 |      0 |    0 |          0 |
|       core                                   |                             uop_block__parameterized6 |          1 |          1 |       0 |    0 |    96 |      0 |      0 |    0 |          0 |
|         (core)                               |                             uop_block__parameterized6 |          1 |          1 |       0 |    0 |    32 |      0 |      0 |    0 |          0 |
|         g[0].g_normal.alu_i                  |                       microop_unit__parameterized0__6 |          0 |          0 |       0 |    0 |    32 |      0 |      0 |    0 |          0 |
|         g[1].g_normal.alu_i                  |                       microop_unit__parameterized0__7 |          0 |          0 |       0 |    0 |    32 |      0 |      0 |    0 |          0 |
|     glen[19].core_i                          |                     uop_block_wrap__parameterized7__1 |          2 |          2 |       0 |    0 |   160 |      0 |      0 |    0 |          0 |
|       (glen[19].core_i)                      |                     uop_block_wrap__parameterized7__1 |          0 |          0 |       0 |    0 |    96 |      0 |      0 |    0 |          0 |
|       core                                   |                          uop_block__parameterized7__1 |          2 |          2 |       0 |    0 |    64 |      0 |      0 |    0 |          0 |
|         (core)                               |                          uop_block__parameterized7__1 |          1 |          1 |       0 |    0 |     0 |      0 |      0 |    0 |          0 |
|         g[0].g_normal.alu_i                  |                       microop_unit__parameterized8__1 |          1 |          1 |       0 |    0 |    32 |      0 |      0 |    0 |          0 |
|         g[1].g_normal.alu_i                  |                       microop_unit__parameterized1__5 |          0 |          0 |       0 |    0 |    32 |      0 |      0 |    0 |          0 |
|     glen[1].core_i                           |                        uop_block_wrap__parameterized0 |         65 |         65 |       0 |    0 |   384 |      0 |      0 |    0 |          0 |
|       (glen[1].core_i)                       |                        uop_block_wrap__parameterized0 |          0 |          0 |       0 |    0 |   160 |      0 |      0 |    0 |          0 |
|       core                                   |                             uop_block__parameterized0 |         65 |         65 |       0 |    0 |   224 |      0 |      0 |    0 |          0 |
|         (core)                               |                             uop_block__parameterized0 |          1 |          1 |       0 |    0 |    64 |      0 |      0 |    0 |          0 |
|         g[0].g_normal.alu_i                  |                       microop_unit__parameterized1__1 |          0 |          0 |       0 |    0 |    32 |      0 |      0 |    0 |          0 |
|         g[1].g_normal.alu_i                  |               microop_unit__parameterized2__xdcDup__1 |         64 |         64 |       0 |    0 |   128 |      0 |      0 |    0 |          0 |
|           (g[1].g_normal.alu_i)              |               microop_unit__parameterized2__xdcDup__1 |          0 |          0 |       0 |    0 |    64 |      0 |      0 |    0 |          0 |
|           g_iadd.use_ip.u_addsub             |                                        integer_addsub |         64 |         64 |       0 |    0 |    64 |      0 |      0 |    0 |          0 |
|             U0                               |                       integer_addsubc_addsub_v12_0_14 |         64 |         64 |       0 |    0 |    64 |      0 |      0 |    0 |          0 |
|               xst_addsub                     |                   integer_addsubc_addsub_v12_0_14_viv |         64 |         64 |       0 |    0 |    64 |      0 |      0 |    0 |          0 |
|                 i_baseblox.i_baseblox_addsub |                integer_addsubc_addsub_v12_0_14_legacy |         64 |         64 |       0 |    0 |    64 |      0 |      0 |    0 |          0 |
|                   no_pipelining.the_addsub   |         integer_addsubc_addsub_v12_0_14_fabric_legacy |         64 |         64 |       0 |    0 |    64 |      0 |      0 |    0 |          0 |
|                     i_lut6.i_lut6_addsub     |           integer_addsubc_addsub_v12_0_14_lut6_legacy |         64 |         64 |       0 |    0 |    64 |      0 |      0 |    0 |          0 |
|                       (i_lut6.i_lut6_addsub) |           integer_addsubc_addsub_v12_0_14_lut6_legacy |         64 |         64 |       0 |    0 |     0 |      0 |      0 |    0 |          0 |
|                       i_q.i_simple.qreg      |                    integer_addsubc_reg_fd_v12_0_6_viv |          0 |          0 |       0 |    0 |    64 |      0 |      0 |    0 |          0 |
|     glen[20].core_i                          |                     uop_block_wrap__parameterized4__8 |         65 |         65 |       0 |    0 |   384 |      0 |      0 |    0 |          0 |
|       (glen[20].core_i)                      |                     uop_block_wrap__parameterized4__8 |          0 |          0 |       0 |    0 |   192 |      0 |      0 |    0 |          0 |
|       core                                   |                          uop_block__parameterized4__8 |         65 |         65 |       0 |    0 |   192 |      0 |      0 |    0 |          0 |
|         (core)                               |                          uop_block__parameterized4__8 |          1 |          1 |       0 |    0 |    64 |      0 |      0 |    0 |          0 |
|         g[0].g_normal.alu_i                  |                                      microop_unit__10 |         64 |         64 |       0 |    0 |    64 |      0 |      0 |    0 |          0 |
|         g[1].g_normal.alu_i                  |                      microop_unit__parameterized3__24 |          0 |          0 |       0 |    0 |    64 |      0 |      0 |    0 |          0 |
|     glen[21].core_i                          |                     uop_block_wrap__parameterized4__9 |         65 |         65 |       0 |    0 |   384 |      0 |      0 |    0 |          0 |
|       (glen[21].core_i)                      |                     uop_block_wrap__parameterized4__9 |          0 |          0 |       0 |    0 |   192 |      0 |      0 |    0 |          0 |
|       core                                   |                          uop_block__parameterized4__9 |         65 |         65 |       0 |    0 |   192 |      0 |      0 |    0 |          0 |
|         (core)                               |                          uop_block__parameterized4__9 |          1 |          1 |       0 |    0 |    64 |      0 |      0 |    0 |          0 |
|         g[0].g_normal.alu_i                  |                                      microop_unit__11 |         64 |         64 |       0 |    0 |    64 |      0 |      0 |    0 |          0 |
|         g[1].g_normal.alu_i                  |                      microop_unit__parameterized3__25 |          0 |          0 |       0 |    0 |    64 |      0 |      0 |    0 |          0 |
|     glen[22].core_i                          |                        uop_block_wrap__parameterized8 |         16 |         16 |       0 |    0 |   145 |      0 |      0 |    0 |          3 |
|       (glen[22].core_i)                      |                        uop_block_wrap__parameterized8 |          0 |          0 |       0 |    0 |    96 |      0 |      0 |    0 |          0 |
|       core                                   |                             uop_block__parameterized8 |         16 |         16 |       0 |    0 |    49 |      0 |      0 |    0 |          3 |
|         (core)                               |                             uop_block__parameterized8 |          1 |          1 |       0 |    0 |     0 |      0 |      0 |    0 |          0 |
|         g[0].g_normal.alu_i                  |                       microop_unit__parameterized0__8 |          0 |          0 |       0 |    0 |    32 |      0 |      0 |    0 |          0 |
|         g[1].g_normal.alu_i                  |                          microop_unit__parameterized4 |         15 |         15 |       0 |    0 |    17 |      0 |      0 |    0 |          3 |
|     glen[23].core_i                          |                        uop_block_wrap__parameterized9 |          1 |          1 |       0 |    0 |   320 |      0 |      0 |    0 |          0 |
|       (glen[23].core_i)                      |                        uop_block_wrap__parameterized9 |          0 |          0 |       0 |    0 |   128 |      0 |      0 |    0 |          0 |
|       core                                   |                             uop_block__parameterized9 |          1 |          1 |       0 |    0 |   192 |      0 |      0 |    0 |          0 |
|         (core)                               |                             uop_block__parameterized9 |          1 |          1 |       0 |    0 |    64 |      0 |      0 |    0 |          0 |
|         g[0].g_normal.alu_i                  |                      microop_unit__parameterized3__14 |          0 |          0 |       0 |    0 |    64 |      0 |      0 |    0 |          0 |
|         g[1].g_normal.alu_i                  |                      microop_unit__parameterized3__15 |          0 |          0 |       0 |    0 |    64 |      0 |      0 |    0 |          0 |
|     glen[24].core_i                          |                     uop_block_wrap__parameterized7__2 |          2 |          2 |       0 |    0 |   160 |      0 |      0 |    0 |          0 |
|       (glen[24].core_i)                      |                     uop_block_wrap__parameterized7__2 |          0 |          0 |       0 |    0 |    96 |      0 |      0 |    0 |          0 |
|       core                                   |                          uop_block__parameterized7__2 |          2 |          2 |       0 |    0 |    64 |      0 |      0 |    0 |          0 |
|         (core)                               |                          uop_block__parameterized7__2 |          1 |          1 |       0 |    0 |     0 |      0 |      0 |    0 |          0 |
|         g[0].g_normal.alu_i                  |                       microop_unit__parameterized8__2 |          1 |          1 |       0 |    0 |    32 |      0 |      0 |    0 |          0 |
|         g[1].g_normal.alu_i                  |                       microop_unit__parameterized1__6 |          0 |          0 |       0 |    0 |    32 |      0 |      0 |    0 |          0 |
|     glen[25].core_i                          |                       uop_block_wrap__parameterized10 |          1 |          1 |       0 |    0 |   192 |      0 |      0 |    0 |          0 |
|       (glen[25].core_i)                      |                       uop_block_wrap__parameterized10 |          0 |          0 |       0 |    0 |    96 |      0 |      0 |    0 |          0 |
|       core                                   |                            uop_block__parameterized10 |          1 |          1 |       0 |    0 |    96 |      0 |      0 |    0 |          0 |
|         (core)                               |                            uop_block__parameterized10 |          1 |          1 |       0 |    0 |     0 |      0 |      0 |    0 |          0 |
|         g[0].g_normal.alu_i                  |                       microop_unit__parameterized1__4 |          0 |          0 |       0 |    0 |    32 |      0 |      0 |    0 |          0 |
|         g[1].g_normal.alu_i                  |                      microop_unit__parameterized3__16 |          0 |          0 |       0 |    0 |    64 |      0 |      0 |    0 |          0 |
|     glen[26].core_i                          |                    uop_block_wrap__parameterized4__10 |         65 |         65 |       0 |    0 |   384 |      0 |      0 |    0 |          0 |
|       (glen[26].core_i)                      |                    uop_block_wrap__parameterized4__10 |          0 |          0 |       0 |    0 |   192 |      0 |      0 |    0 |          0 |
|       core                                   |                         uop_block__parameterized4__10 |         65 |         65 |       0 |    0 |   192 |      0 |      0 |    0 |          0 |
|         (core)                               |                         uop_block__parameterized4__10 |          1 |          1 |       0 |    0 |    64 |      0 |      0 |    0 |          0 |
|         g[0].g_normal.alu_i                  |                                      microop_unit__12 |         64 |         64 |       0 |    0 |    64 |      0 |      0 |    0 |          0 |
|         g[1].g_normal.alu_i                  |                      microop_unit__parameterized3__26 |          0 |          0 |       0 |    0 |    64 |      0 |      0 |    0 |          0 |
|     glen[27].core_i                          |                    uop_block_wrap__parameterized4__11 |         65 |         65 |       0 |    0 |   384 |      0 |      0 |    0 |          0 |
|       (glen[27].core_i)                      |                    uop_block_wrap__parameterized4__11 |          0 |          0 |       0 |    0 |   192 |      0 |      0 |    0 |          0 |
|       core                                   |                         uop_block__parameterized4__11 |         65 |         65 |       0 |    0 |   192 |      0 |      0 |    0 |          0 |
|         (core)                               |                         uop_block__parameterized4__11 |          1 |          1 |       0 |    0 |    64 |      0 |      0 |    0 |          0 |
|         g[0].g_normal.alu_i                  |                                      microop_unit__13 |         64 |         64 |       0 |    0 |    64 |      0 |      0 |    0 |          0 |
|         g[1].g_normal.alu_i                  |                      microop_unit__parameterized3__27 |          0 |          0 |       0 |    0 |    64 |      0 |      0 |    0 |          0 |
|     glen[28].core_i                          |                    uop_block_wrap__parameterized4__12 |         65 |         65 |       0 |    0 |   384 |      0 |      0 |    0 |          0 |
|       (glen[28].core_i)                      |                    uop_block_wrap__parameterized4__12 |          0 |          0 |       0 |    0 |   192 |      0 |      0 |    0 |          0 |
|       core                                   |                         uop_block__parameterized4__12 |         65 |         65 |       0 |    0 |   192 |      0 |      0 |    0 |          0 |
|         (core)                               |                         uop_block__parameterized4__12 |          1 |          1 |       0 |    0 |    64 |      0 |      0 |    0 |          0 |
|         g[0].g_normal.alu_i                  |                                      microop_unit__14 |         64 |         64 |       0 |    0 |    64 |      0 |      0 |    0 |          0 |
|         g[1].g_normal.alu_i                  |                      microop_unit__parameterized3__28 |          0 |          0 |       0 |    0 |    64 |      0 |      0 |    0 |          0 |
|     glen[29].core_i                          |                        uop_block_wrap__parameterized4 |         65 |         65 |       0 |    0 |   384 |      0 |      0 |    0 |          0 |
|       (glen[29].core_i)                      |                        uop_block_wrap__parameterized4 |          0 |          0 |       0 |    0 |   192 |      0 |      0 |    0 |          0 |
|       core                                   |                             uop_block__parameterized4 |         65 |         65 |       0 |    0 |   192 |      0 |      0 |    0 |          0 |
|         (core)                               |                             uop_block__parameterized4 |          1 |          1 |       0 |    0 |    64 |      0 |      0 |    0 |          0 |
|         g[0].g_normal.alu_i                  |                                          microop_unit |         64 |         64 |       0 |    0 |    64 |      0 |      0 |    0 |          0 |
|         g[1].g_normal.alu_i                  |                      microop_unit__parameterized3__13 |          0 |          0 |       0 |    0 |    64 |      0 |      0 |    0 |          0 |
|     glen[2].core_i                           |             uop_block_wrap__parameterized1__xdcDup__1 |         65 |         65 |       0 |    0 |   448 |      0 |      0 |    0 |          0 |
|       (glen[2].core_i)                       |             uop_block_wrap__parameterized1__xdcDup__1 |          0 |          0 |       0 |    0 |   192 |      0 |      0 |    0 |          0 |
|       core                                   |                  uop_block__parameterized1__xdcDup__1 |         65 |         65 |       0 |    0 |   256 |      0 |      0 |    0 |          0 |
|         (core)                               |                  uop_block__parameterized1__xdcDup__1 |          1 |          1 |       0 |    0 |    64 |      0 |      0 |    0 |          0 |
|         g[0].g_normal.alu_i                  |                       microop_unit__parameterized3__6 |          0 |          0 |       0 |    0 |    64 |      0 |      0 |    0 |          0 |
|         g[1].g_normal.alu_i                  |               microop_unit__parameterized2__xdcDup__2 |         64 |         64 |       0 |    0 |   128 |      0 |      0 |    0 |          0 |
|           (g[1].g_normal.alu_i)              |               microop_unit__parameterized2__xdcDup__2 |          0 |          0 |       0 |    0 |    64 |      0 |      0 |    0 |          0 |
|           g_iadd.use_ip.u_addsub             |                                integer_addsub_HD20175 |         64 |         64 |       0 |    0 |    64 |      0 |      0 |    0 |          0 |
|             U0                               |               integer_addsubc_addsub_v12_0_14_HD20176 |         64 |         64 |       0 |    0 |    64 |      0 |      0 |    0 |          0 |
|               xst_addsub                     |           integer_addsubc_addsub_v12_0_14_viv_HD20177 |         64 |         64 |       0 |    0 |    64 |      0 |      0 |    0 |          0 |
|                 i_baseblox.i_baseblox_addsub |        integer_addsubc_addsub_v12_0_14_legacy_HD20178 |         64 |         64 |       0 |    0 |    64 |      0 |      0 |    0 |          0 |
|                   no_pipelining.the_addsub   | integer_addsubc_addsub_v12_0_14_fabric_legacy_HD20179 |         64 |         64 |       0 |    0 |    64 |      0 |      0 |    0 |          0 |
|                     i_lut6.i_lut6_addsub     |   integer_addsubc_addsub_v12_0_14_lut6_legacy_HD20180 |         64 |         64 |       0 |    0 |    64 |      0 |      0 |    0 |          0 |
|                       (i_lut6.i_lut6_addsub) |   integer_addsubc_addsub_v12_0_14_lut6_legacy_HD20180 |         64 |         64 |       0 |    0 |     0 |      0 |      0 |    0 |          0 |
|                       i_q.i_simple.qreg      |            integer_addsubc_reg_fd_v12_0_6_viv_HD20181 |          0 |          0 |       0 |    0 |    64 |      0 |      0 |    0 |          0 |
|     glen[30].core_i                          |                       uop_block_wrap__parameterized11 |         33 |         33 |       0 |    0 |   192 |      0 |      0 |    0 |          0 |
|       (glen[30].core_i)                      |                       uop_block_wrap__parameterized11 |          0 |          0 |       0 |    0 |    96 |      0 |      0 |    0 |          0 |
|       core                                   |                            uop_block__parameterized11 |         33 |         33 |       0 |    0 |    96 |      0 |      0 |    0 |          0 |
|         (core)                               |                            uop_block__parameterized11 |          1 |          1 |       0 |    0 |    32 |      0 |      0 |    0 |          0 |
|         g[0].g_normal.alu_i                  |                          microop_unit__parameterized9 |         32 |         32 |       0 |    0 |    32 |      0 |      0 |    0 |          0 |
|         g[1].g_normal.alu_i                  |                       microop_unit__parameterized0__9 |          0 |          0 |       0 |    0 |    32 |      0 |      0 |    0 |          0 |
|     glen[31].core_i                          |                       uop_block_wrap__parameterized12 |         33 |         33 |       0 |    0 |   192 |      0 |      0 |    0 |          0 |
|       (glen[31].core_i)                      |                       uop_block_wrap__parameterized12 |          0 |          0 |       0 |    0 |    96 |      0 |      0 |    0 |          0 |
|       core                                   |                            uop_block__parameterized12 |         33 |         33 |       0 |    0 |    96 |      0 |      0 |    0 |          0 |
|         (core)                               |                            uop_block__parameterized12 |          1 |          1 |       0 |    0 |    32 |      0 |      0 |    0 |          0 |
|         g[0].g_normal.alu_i                  |                      microop_unit__parameterized0__10 |          0 |          0 |       0 |    0 |    32 |      0 |      0 |    0 |          0 |
|         g[1].g_normal.alu_i                  |                         microop_unit__parameterized10 |         32 |         32 |       0 |    0 |    32 |      0 |      0 |    0 |          0 |
|     glen[32].core_i                          |                       uop_block_wrap__parameterized13 |          1 |          1 |       0 |    0 |   224 |      0 |      0 |    0 |          0 |
|       (glen[32].core_i)                      |                       uop_block_wrap__parameterized13 |          0 |          0 |       0 |    0 |    64 |      0 |      0 |    0 |          0 |
|       core                                   |                            uop_block__parameterized13 |          1 |          1 |       0 |    0 |   160 |      0 |      0 |    0 |          0 |
|         (core)                               |                            uop_block__parameterized13 |          1 |          1 |       0 |    0 |    64 |      0 |      0 |    0 |          0 |
|         g[0].g_normal.alu_i                  |                      microop_unit__parameterized0__11 |          0 |          0 |       0 |    0 |    32 |      0 |      0 |    0 |          0 |
|         g[1].g_normal.alu_i                  |                      microop_unit__parameterized0__12 |          0 |          0 |       0 |    0 |    32 |      0 |      0 |    0 |          0 |
|         g[2].g_normal.alu_i                  |                          microop_unit__parameterized0 |          0 |          0 |       0 |    0 |    32 |      0 |      0 |    0 |          0 |
|     glen[33].core_i                          |                        uop_block_wrap__parameterized7 |          2 |          2 |       0 |    0 |   160 |      0 |      0 |    0 |          0 |
|       (glen[33].core_i)                      |                        uop_block_wrap__parameterized7 |          0 |          0 |       0 |    0 |    96 |      0 |      0 |    0 |          0 |
|       core                                   |                             uop_block__parameterized7 |          2 |          2 |       0 |    0 |    64 |      0 |      0 |    0 |          0 |
|         (core)                               |                             uop_block__parameterized7 |          1 |          1 |       0 |    0 |     0 |      0 |      0 |    0 |          0 |
|         g[0].g_normal.alu_i                  |                          microop_unit__parameterized8 |          1 |          1 |       0 |    0 |    32 |      0 |      0 |    0 |          0 |
|         g[1].g_normal.alu_i                  |                       microop_unit__parameterized1__3 |          0 |          0 |       0 |    0 |    32 |      0 |      0 |    0 |          0 |
|     glen[34].core_i                          |                                        uop_block_wrap |         33 |         33 |       0 |    0 |   192 |      0 |      0 |    0 |          0 |
|       (glen[34].core_i)                      |                                        uop_block_wrap |          0 |          0 |       0 |    0 |    96 |      0 |      0 |    0 |          0 |
|       core                                   |                                             uop_block |         33 |         33 |       0 |    0 |    96 |      0 |      0 |    0 |          0 |
|         (core)                               |                                             uop_block |          1 |          1 |       0 |    0 |    32 |      0 |      0 |    0 |          0 |
|         g[0].g_normal.alu_i                  |                                       microop_unit__1 |         32 |         32 |       0 |    0 |    32 |      0 |      0 |    0 |          0 |
|         g[1].g_normal.alu_i                  |                       microop_unit__parameterized0__1 |          0 |          0 |       0 |    0 |    32 |      0 |      0 |    0 |          0 |
|     glen[35].core_i                          |                       uop_block_wrap__parameterized14 |          1 |          1 |       0 |    0 |   192 |      0 |      0 |    0 |          0 |
|       (glen[35].core_i)                      |                       uop_block_wrap__parameterized14 |          0 |          0 |       0 |    0 |    96 |      0 |      0 |    0 |          0 |
|       core                                   |                            uop_block__parameterized14 |          1 |          1 |       0 |    0 |    96 |      0 |      0 |    0 |          0 |
|         (core)                               |                            uop_block__parameterized14 |          1 |          1 |       0 |    0 |    32 |      0 |      0 |    0 |          0 |
|         g[0].g_normal.alu_i                  |                          microop_unit__parameterized3 |          0 |          0 |       0 |    0 |    32 |      0 |      0 |    0 |          0 |
|         g[1].g_normal.alu_i                  |                          microop_unit__parameterized1 |          0 |          0 |       0 |    0 |    32 |      0 |      0 |    0 |          0 |
|     glen[3].core_i                           |             uop_block_wrap__parameterized1__xdcDup__2 |         65 |         65 |       0 |    0 |   448 |      0 |      0 |    0 |          0 |
|       (glen[3].core_i)                       |             uop_block_wrap__parameterized1__xdcDup__2 |          0 |          0 |       0 |    0 |   192 |      0 |      0 |    0 |          0 |
|       core                                   |                  uop_block__parameterized1__xdcDup__2 |         65 |         65 |       0 |    0 |   256 |      0 |      0 |    0 |          0 |
|         (core)                               |                  uop_block__parameterized1__xdcDup__2 |          1 |          1 |       0 |    0 |    64 |      0 |      0 |    0 |          0 |
|         g[0].g_normal.alu_i                  |                       microop_unit__parameterized3__7 |          0 |          0 |       0 |    0 |    64 |      0 |      0 |    0 |          0 |
|         g[1].g_normal.alu_i                  |               microop_unit__parameterized2__xdcDup__3 |         64 |         64 |       0 |    0 |   128 |      0 |      0 |    0 |          0 |
|           (g[1].g_normal.alu_i)              |               microop_unit__parameterized2__xdcDup__3 |          0 |          0 |       0 |    0 |    64 |      0 |      0 |    0 |          0 |
|           g_iadd.use_ip.u_addsub             |                                integer_addsub_HD20182 |         64 |         64 |       0 |    0 |    64 |      0 |      0 |    0 |          0 |
|             U0                               |               integer_addsubc_addsub_v12_0_14_HD20183 |         64 |         64 |       0 |    0 |    64 |      0 |      0 |    0 |          0 |
|               xst_addsub                     |           integer_addsubc_addsub_v12_0_14_viv_HD20184 |         64 |         64 |       0 |    0 |    64 |      0 |      0 |    0 |          0 |
|                 i_baseblox.i_baseblox_addsub |        integer_addsubc_addsub_v12_0_14_legacy_HD20185 |         64 |         64 |       0 |    0 |    64 |      0 |      0 |    0 |          0 |
|                   no_pipelining.the_addsub   | integer_addsubc_addsub_v12_0_14_fabric_legacy_HD20186 |         64 |         64 |       0 |    0 |    64 |      0 |      0 |    0 |          0 |
|                     i_lut6.i_lut6_addsub     |   integer_addsubc_addsub_v12_0_14_lut6_legacy_HD20187 |         64 |         64 |       0 |    0 |    64 |      0 |      0 |    0 |          0 |
|                       (i_lut6.i_lut6_addsub) |   integer_addsubc_addsub_v12_0_14_lut6_legacy_HD20187 |         64 |         64 |       0 |    0 |     0 |      0 |      0 |    0 |          0 |
|                       i_q.i_simple.qreg      |            integer_addsubc_reg_fd_v12_0_6_viv_HD20188 |          0 |          0 |       0 |    0 |    64 |      0 |      0 |    0 |          0 |
|     glen[4].core_i                           |             uop_block_wrap__parameterized1__xdcDup__3 |         65 |         65 |       0 |    0 |   448 |      0 |      0 |    0 |          0 |
|       (glen[4].core_i)                       |             uop_block_wrap__parameterized1__xdcDup__3 |          0 |          0 |       0 |    0 |   192 |      0 |      0 |    0 |          0 |
|       core                                   |                  uop_block__parameterized1__xdcDup__3 |         65 |         65 |       0 |    0 |   256 |      0 |      0 |    0 |          0 |
|         (core)                               |                  uop_block__parameterized1__xdcDup__3 |          1 |          1 |       0 |    0 |    64 |      0 |      0 |    0 |          0 |
|         g[0].g_normal.alu_i                  |                       microop_unit__parameterized3__8 |          0 |          0 |       0 |    0 |    64 |      0 |      0 |    0 |          0 |
|         g[1].g_normal.alu_i                  |               microop_unit__parameterized2__xdcDup__4 |         64 |         64 |       0 |    0 |   128 |      0 |      0 |    0 |          0 |
|           (g[1].g_normal.alu_i)              |               microop_unit__parameterized2__xdcDup__4 |          0 |          0 |       0 |    0 |    64 |      0 |      0 |    0 |          0 |
|           g_iadd.use_ip.u_addsub             |                                integer_addsub_HD20189 |         64 |         64 |       0 |    0 |    64 |      0 |      0 |    0 |          0 |
|             U0                               |               integer_addsubc_addsub_v12_0_14_HD20190 |         64 |         64 |       0 |    0 |    64 |      0 |      0 |    0 |          0 |
|               xst_addsub                     |           integer_addsubc_addsub_v12_0_14_viv_HD20191 |         64 |         64 |       0 |    0 |    64 |      0 |      0 |    0 |          0 |
|                 i_baseblox.i_baseblox_addsub |        integer_addsubc_addsub_v12_0_14_legacy_HD20192 |         64 |         64 |       0 |    0 |    64 |      0 |      0 |    0 |          0 |
|                   no_pipelining.the_addsub   | integer_addsubc_addsub_v12_0_14_fabric_legacy_HD20193 |         64 |         64 |       0 |    0 |    64 |      0 |      0 |    0 |          0 |
|                     i_lut6.i_lut6_addsub     |   integer_addsubc_addsub_v12_0_14_lut6_legacy_HD20194 |         64 |         64 |       0 |    0 |    64 |      0 |      0 |    0 |          0 |
|                       (i_lut6.i_lut6_addsub) |   integer_addsubc_addsub_v12_0_14_lut6_legacy_HD20194 |         64 |         64 |       0 |    0 |     0 |      0 |      0 |    0 |          0 |
|                       i_q.i_simple.qreg      |            integer_addsubc_reg_fd_v12_0_6_viv_HD20195 |          0 |          0 |       0 |    0 |    64 |      0 |      0 |    0 |          0 |
|     glen[5].core_i                           |             uop_block_wrap__parameterized1__xdcDup__4 |         65 |         65 |       0 |    0 |   448 |      0 |      0 |    0 |          0 |
|       (glen[5].core_i)                       |             uop_block_wrap__parameterized1__xdcDup__4 |          0 |          0 |       0 |    0 |   192 |      0 |      0 |    0 |          0 |
|       core                                   |                  uop_block__parameterized1__xdcDup__4 |         65 |         65 |       0 |    0 |   256 |      0 |      0 |    0 |          0 |
|         (core)                               |                  uop_block__parameterized1__xdcDup__4 |          1 |          1 |       0 |    0 |    64 |      0 |      0 |    0 |          0 |
|         g[0].g_normal.alu_i                  |                       microop_unit__parameterized3__9 |          0 |          0 |       0 |    0 |    64 |      0 |      0 |    0 |          0 |
|         g[1].g_normal.alu_i                  |               microop_unit__parameterized2__xdcDup__5 |         64 |         64 |       0 |    0 |   128 |      0 |      0 |    0 |          0 |
|           (g[1].g_normal.alu_i)              |               microop_unit__parameterized2__xdcDup__5 |          0 |          0 |       0 |    0 |    64 |      0 |      0 |    0 |          0 |
|           g_iadd.use_ip.u_addsub             |                                integer_addsub_HD20196 |         64 |         64 |       0 |    0 |    64 |      0 |      0 |    0 |          0 |
|             U0                               |               integer_addsubc_addsub_v12_0_14_HD20197 |         64 |         64 |       0 |    0 |    64 |      0 |      0 |    0 |          0 |
|               xst_addsub                     |           integer_addsubc_addsub_v12_0_14_viv_HD20198 |         64 |         64 |       0 |    0 |    64 |      0 |      0 |    0 |          0 |
|                 i_baseblox.i_baseblox_addsub |        integer_addsubc_addsub_v12_0_14_legacy_HD20199 |         64 |         64 |       0 |    0 |    64 |      0 |      0 |    0 |          0 |
|                   no_pipelining.the_addsub   | integer_addsubc_addsub_v12_0_14_fabric_legacy_HD20200 |         64 |         64 |       0 |    0 |    64 |      0 |      0 |    0 |          0 |
|                     i_lut6.i_lut6_addsub     |   integer_addsubc_addsub_v12_0_14_lut6_legacy_HD20201 |         64 |         64 |       0 |    0 |    64 |      0 |      0 |    0 |          0 |
|                       (i_lut6.i_lut6_addsub) |   integer_addsubc_addsub_v12_0_14_lut6_legacy_HD20201 |         64 |         64 |       0 |    0 |     0 |      0 |      0 |    0 |          0 |
|                       i_q.i_simple.qreg      |            integer_addsubc_reg_fd_v12_0_6_viv_HD20202 |          0 |          0 |       0 |    0 |    64 |      0 |      0 |    0 |          0 |
|     glen[6].core_i                           |             uop_block_wrap__parameterized1__xdcDup__5 |         65 |         65 |       0 |    0 |   448 |      0 |      0 |    0 |          0 |
|       (glen[6].core_i)                       |             uop_block_wrap__parameterized1__xdcDup__5 |          0 |          0 |       0 |    0 |   192 |      0 |      0 |    0 |          0 |
|       core                                   |                  uop_block__parameterized1__xdcDup__5 |         65 |         65 |       0 |    0 |   256 |      0 |      0 |    0 |          0 |
|         (core)                               |                  uop_block__parameterized1__xdcDup__5 |          1 |          1 |       0 |    0 |    64 |      0 |      0 |    0 |          0 |
|         g[0].g_normal.alu_i                  |                      microop_unit__parameterized3__10 |          0 |          0 |       0 |    0 |    64 |      0 |      0 |    0 |          0 |
|         g[1].g_normal.alu_i                  |               microop_unit__parameterized2__xdcDup__6 |         64 |         64 |       0 |    0 |   128 |      0 |      0 |    0 |          0 |
|           (g[1].g_normal.alu_i)              |               microop_unit__parameterized2__xdcDup__6 |          0 |          0 |       0 |    0 |    64 |      0 |      0 |    0 |          0 |
|           g_iadd.use_ip.u_addsub             |                                integer_addsub_HD20203 |         64 |         64 |       0 |    0 |    64 |      0 |      0 |    0 |          0 |
|             U0                               |               integer_addsubc_addsub_v12_0_14_HD20204 |         64 |         64 |       0 |    0 |    64 |      0 |      0 |    0 |          0 |
|               xst_addsub                     |           integer_addsubc_addsub_v12_0_14_viv_HD20205 |         64 |         64 |       0 |    0 |    64 |      0 |      0 |    0 |          0 |
|                 i_baseblox.i_baseblox_addsub |        integer_addsubc_addsub_v12_0_14_legacy_HD20206 |         64 |         64 |       0 |    0 |    64 |      0 |      0 |    0 |          0 |
|                   no_pipelining.the_addsub   | integer_addsubc_addsub_v12_0_14_fabric_legacy_HD20207 |         64 |         64 |       0 |    0 |    64 |      0 |      0 |    0 |          0 |
|                     i_lut6.i_lut6_addsub     |   integer_addsubc_addsub_v12_0_14_lut6_legacy_HD20208 |         64 |         64 |       0 |    0 |    64 |      0 |      0 |    0 |          0 |
|                       (i_lut6.i_lut6_addsub) |   integer_addsubc_addsub_v12_0_14_lut6_legacy_HD20208 |         64 |         64 |       0 |    0 |     0 |      0 |      0 |    0 |          0 |
|                       i_q.i_simple.qreg      |            integer_addsubc_reg_fd_v12_0_6_viv_HD20209 |          0 |          0 |       0 |    0 |    64 |      0 |      0 |    0 |          0 |
|     glen[7].core_i                           |                        uop_block_wrap__parameterized1 |         65 |         65 |       0 |    0 |   448 |      0 |      0 |    0 |          0 |
|       (glen[7].core_i)                       |                        uop_block_wrap__parameterized1 |          0 |          0 |       0 |    0 |   192 |      0 |      0 |    0 |          0 |
|       core                                   |                             uop_block__parameterized1 |         65 |         65 |       0 |    0 |   256 |      0 |      0 |    0 |          0 |
|         (core)                               |                             uop_block__parameterized1 |          1 |          1 |       0 |    0 |    64 |      0 |      0 |    0 |          0 |
|         g[0].g_normal.alu_i                  |                      microop_unit__parameterized3__11 |          0 |          0 |       0 |    0 |    64 |      0 |      0 |    0 |          0 |
|         g[1].g_normal.alu_i                  |                          microop_unit__parameterized2 |         64 |         64 |       0 |    0 |   128 |      0 |      0 |    0 |          0 |
|           (g[1].g_normal.alu_i)              |                          microop_unit__parameterized2 |          0 |          0 |       0 |    0 |    64 |      0 |      0 |    0 |          0 |
|           g_iadd.use_ip.u_addsub             |                                integer_addsub_HD20210 |         64 |         64 |       0 |    0 |    64 |      0 |      0 |    0 |          0 |
|             U0                               |               integer_addsubc_addsub_v12_0_14_HD20211 |         64 |         64 |       0 |    0 |    64 |      0 |      0 |    0 |          0 |
|               xst_addsub                     |           integer_addsubc_addsub_v12_0_14_viv_HD20212 |         64 |         64 |       0 |    0 |    64 |      0 |      0 |    0 |          0 |
|                 i_baseblox.i_baseblox_addsub |        integer_addsubc_addsub_v12_0_14_legacy_HD20213 |         64 |         64 |       0 |    0 |    64 |      0 |      0 |    0 |          0 |
|                   no_pipelining.the_addsub   | integer_addsubc_addsub_v12_0_14_fabric_legacy_HD20214 |         64 |         64 |       0 |    0 |    64 |      0 |      0 |    0 |          0 |
|                     i_lut6.i_lut6_addsub     |   integer_addsubc_addsub_v12_0_14_lut6_legacy_HD20215 |         64 |         64 |       0 |    0 |    64 |      0 |      0 |    0 |          0 |
|                       (i_lut6.i_lut6_addsub) |   integer_addsubc_addsub_v12_0_14_lut6_legacy_HD20215 |         64 |         64 |       0 |    0 |     0 |      0 |      0 |    0 |          0 |
|                       i_q.i_simple.qreg      |            integer_addsubc_reg_fd_v12_0_6_viv_HD20216 |          0 |          0 |       0 |    0 |    64 |      0 |      0 |    0 |          0 |
|     glen[8].core_i                           |                        uop_block_wrap__parameterized2 |         16 |         16 |       0 |    0 |   241 |      0 |      0 |    0 |          3 |
|       (glen[8].core_i)                       |                        uop_block_wrap__parameterized2 |          0 |          0 |       0 |    0 |    96 |      0 |      0 |    0 |          0 |
|       core                                   |                             uop_block__parameterized2 |         16 |         16 |       0 |    0 |   145 |      0 |      0 |    0 |          3 |
|         (core)                               |                             uop_block__parameterized2 |          1 |          1 |       0 |    0 |    64 |      0 |      0 |    0 |          0 |
|         g[0].g_normal.alu_i                  |                      microop_unit__parameterized3__12 |          0 |          0 |       0 |    0 |    32 |      0 |      0 |    0 |          0 |
|         g[1].g_normal.alu_i                  |                       microop_unit__parameterized0__2 |          0 |          0 |       0 |    0 |    32 |      0 |      0 |    0 |          0 |
|         g[2].g_normal.alu_i                  |                       microop_unit__parameterized4__1 |         15 |         15 |       0 |    0 |    17 |      0 |      0 |    0 |          3 |
|     glen[9].core_i                           |                        uop_block_wrap__parameterized3 |         48 |         48 |       0 |    0 |   256 |      0 |      0 |    0 |          0 |
|       (glen[9].core_i)                       |                        uop_block_wrap__parameterized3 |          0 |          0 |       0 |    0 |    96 |      0 |      0 |    0 |          0 |
|       core                                   |                             uop_block__parameterized3 |         48 |         48 |       0 |    0 |   160 |      0 |      0 |    0 |          0 |
|         (core)                               |                             uop_block__parameterized3 |          1 |          1 |       0 |    0 |    32 |      0 |      0 |    0 |          0 |
|         g[0].g_normal.alu_i                  |                       microop_unit__parameterized0__3 |          0 |          0 |       0 |    0 |    32 |      0 |      0 |    0 |          0 |
|         g[1].g_normal.alu_i                  |                       microop_unit__parameterized0__4 |          0 |          0 |       0 |    0 |    32 |      0 |      0 |    0 |          0 |
|         g[2].g_normal.alu_i                  |                          microop_unit__parameterized5 |         31 |         31 |       0 |    0 |    32 |      0 |      0 |    0 |          0 |
|         g[3].g_normal.alu_i                  |                          microop_unit__parameterized6 |         16 |         16 |       0 |    0 |    32 |      0 |      0 |    0 |          0 |
+----------------------------------------------+-------------------------------------------------------+------------+------------+---------+------+-------+--------+--------+------+------------+


