Copyright 1986-2020 Xilinx, Inc. All Rights Reserved.
-------------------------------------------------------------------------------------------------------------------------------------------------
| Tool Version : Vivado v.2020.1 (lin64) Build 2902540 Wed May 27 19:54:35 MDT 2020
| Date         : Fri Sep 19 11:34:26 2025
| Host         : orthanc running 64-bit Ubuntu 22.04.4 LTS
| Command      : report_utilization -hierarchical -file /home/jyoo/custom_v_2/custom-core-tool/reports/benches/644_nab_s/644_nab_s_util_hier.rpt
| Design       : top_bench__644_nab_s
| Device       : xcu200fsgd2104-2
| Design State : Optimized
-------------------------------------------------------------------------------------------------------------------------------------------------

Utilization Design Information

Table of Contents
-----------------
1. Utilization by Hierarchy

1. Utilization by Hierarchy
---------------------------

+-----------------------------+---------------------------------+------------+------------+---------+------+-----+--------+--------+------+------------+
|           Instance          |              Module             | Total LUTs | Logic LUTs | LUTRAMs | SRLs | FFs | RAMB36 | RAMB18 | URAM | DSP Blocks |
+-----------------------------+---------------------------------+------------+------------+---------+------+-----+--------+--------+------+------------+
| top_bench__644_nab_s        |                           (top) |         87 |         87 |       0 |    0 | 785 |      0 |      0 |    0 |          3 |
|   (top_bench__644_nab_s)    |                           (top) |          0 |          0 |       0 |    0 |   0 |      0 |      0 |    0 |          0 |
|   u_644_nab_s               |           bench_core__644_nab_s |         87 |         87 |       0 |    0 | 785 |      0 |      0 |    0 |          3 |
|     (u_644_nab_s)           |           bench_core__644_nab_s |         64 |         64 |       0 |    0 |   0 |      0 |      0 |    0 |          0 |
|     glen[0].core_i          |               uop_block_wrap__1 |          2 |          2 |       0 |    0 | 160 |      0 |      0 |    0 |          0 |
|       (glen[0].core_i)      |               uop_block_wrap__1 |          0 |          0 |       0 |    0 |  96 |      0 |      0 |    0 |          0 |
|       core                  |                    uop_block__1 |          2 |          2 |       0 |    0 |  64 |      0 |      0 |    0 |          0 |
|         (core)              |                    uop_block__1 |          1 |          1 |       0 |    0 |   0 |      0 |      0 |    0 |          0 |
|         g[0].g_normal.alu_i |                 microop_unit__1 |          1 |          1 |       0 |    0 |  32 |      0 |      0 |    0 |          0 |
|         g[1].g_normal.alu_i | microop_unit__parameterized0__2 |          0 |          0 |       0 |    0 |  32 |      0 |      0 |    0 |          0 |
|     glen[1].core_i          |  uop_block_wrap__parameterized0 |         16 |         16 |       0 |    0 | 113 |      0 |      0 |    0 |          3 |
|       (glen[1].core_i)      |  uop_block_wrap__parameterized0 |          0 |          0 |       0 |    0 |  64 |      0 |      0 |    0 |          0 |
|       core                  |       uop_block__parameterized0 |         16 |         16 |       0 |    0 |  49 |      0 |      0 |    0 |          3 |
|         (core)              |       uop_block__parameterized0 |          1 |          1 |       0 |    0 |   0 |      0 |      0 |    0 |          0 |
|         g[0].g_normal.alu_i |    microop_unit__parameterized1 |          0 |          0 |       0 |    0 |  32 |      0 |      0 |    0 |          0 |
|         g[1].g_normal.alu_i |    microop_unit__parameterized2 |         15 |         15 |       0 |    0 |  17 |      0 |      0 |    0 |          3 |
|     glen[2].core_i          |               uop_block_wrap__2 |          2 |          2 |       0 |    0 | 160 |      0 |      0 |    0 |          0 |
|       (glen[2].core_i)      |               uop_block_wrap__2 |          0 |          0 |       0 |    0 |  96 |      0 |      0 |    0 |          0 |
|       core                  |                    uop_block__2 |          2 |          2 |       0 |    0 |  64 |      0 |      0 |    0 |          0 |
|         (core)              |                    uop_block__2 |          1 |          1 |       0 |    0 |   0 |      0 |      0 |    0 |          0 |
|         g[0].g_normal.alu_i |                 microop_unit__2 |          1 |          1 |       0 |    0 |  32 |      0 |      0 |    0 |          0 |
|         g[1].g_normal.alu_i | microop_unit__parameterized0__3 |          0 |          0 |       0 |    0 |  32 |      0 |      0 |    0 |          0 |
|     glen[3].core_i          |  uop_block_wrap__parameterized1 |          1 |          1 |       0 |    0 | 192 |      0 |      0 |    0 |          0 |
|       (glen[3].core_i)      |  uop_block_wrap__parameterized1 |          0 |          0 |       0 |    0 |  96 |      0 |      0 |    0 |          0 |
|       core                  |       uop_block__parameterized1 |          1 |          1 |       0 |    0 |  96 |      0 |      0 |    0 |          0 |
|         (core)              |       uop_block__parameterized1 |          1 |          1 |       0 |    0 |   0 |      0 |      0 |    0 |          0 |
|         g[0].g_normal.alu_i |    microop_unit__parameterized0 |          0 |          0 |       0 |    0 |  32 |      0 |      0 |    0 |          0 |
|         g[1].g_normal.alu_i |    microop_unit__parameterized3 |          0 |          0 |       0 |    0 |  64 |      0 |      0 |    0 |          0 |
|     glen[4].core_i          |                  uop_block_wrap |          2 |          2 |       0 |    0 | 160 |      0 |      0 |    0 |          0 |
|       (glen[4].core_i)      |                  uop_block_wrap |          0 |          0 |       0 |    0 |  96 |      0 |      0 |    0 |          0 |
|       core                  |                       uop_block |          2 |          2 |       0 |    0 |  64 |      0 |      0 |    0 |          0 |
|         (core)              |                       uop_block |          1 |          1 |       0 |    0 |   0 |      0 |      0 |    0 |          0 |
|         g[0].g_normal.alu_i |                    microop_unit |          1 |          1 |       0 |    0 |  32 |      0 |      0 |    0 |          0 |
|         g[1].g_normal.alu_i | microop_unit__parameterized0__1 |          0 |          0 |       0 |    0 |  32 |      0 |      0 |    0 |          0 |
+-----------------------------+---------------------------------+------------+------------+---------+------+-----+--------+--------+------+------------+


