Copyright 1986-2020 Xilinx, Inc. All Rights Reserved.
-------------------------------------------------------------------------------------------------------------------------------------------------------
| Tool Version     : Vivado v.2020.1 (lin64) Build 2902540 Wed May 27 19:54:35 MDT 2020
| Date             : Mon Sep 22 19:38:35 2025
| Host             : orthanc running 64-bit Ubuntu 22.04.4 LTS
| Command          : report_power -file /home/jyoo/custom_v_2/custom-core-tool/reports/memory_wo_simd/single/503_bwaves_r/post_route_power.rpt
| Design           : top_bench__503_bwaves_r
| Device           : xcu200-fsgd2104-2-e
| Design State     : routed
| Grade            : extended
| Process          : typical
| Characterization : Production
-------------------------------------------------------------------------------------------------------------------------------------------------------

Power Report

Table of Contents
-----------------
1. Summary
1.1 On-Chip Components
1.2 Power Supply Summary
1.3 Confidence Level
2. Settings
2.1 Environment
2.2 Clock Constraints
3. Detailed Reports
3.1 By Hierarchy

1. Summary
----------

+--------------------------+--------------+
| Total On-Chip Power (W)  | 5.945        |
| Design Power Budget (W)  | Unspecified* |
| Power Budget Margin (W)  | NA           |
| Dynamic (W)              | 3.429        |
| Device Static (W)        | 2.516        |
| Effective TJA (C/W)      | 0.5          |
| Max Ambient (C)          | 96.9         |
| Junction Temperature (C) | 28.1         |
| Confidence Level         | Low          |
| Setting File             | ---          |
| Simulation Activity File | ---          |
| Design Nets Matched      | NA           |
+--------------------------+--------------+
* Specify Design Power Budget using, set_operating_conditions -design_power_budget <value in Watts>


1.1 On-Chip Components
----------------------

+-------------------------+-----------+----------+-----------+-----------------+
| On-Chip                 | Power (W) | Used     | Available | Utilization (%) |
+-------------------------+-----------+----------+-----------+-----------------+
| Clocks                  |     0.673 |        3 |       --- |             --- |
| CLB Logic               |     0.702 |   130130 |       --- |             --- |
|   LUT as Logic          |     0.308 |    18604 |   1182240 |            1.57 |
|   Register              |     0.250 |   102599 |   2364480 |            4.34 |
|   LUT as Shift Register |     0.109 |     1138 |    591840 |            0.19 |
|   CARRY8                |     0.035 |     2135 |    147780 |            1.44 |
|   Others                |     0.000 |     4631 |       --- |             --- |
| Signals                 |     1.552 |   113371 |       --- |             --- |
| DSPs                    |     0.168 |      109 |      6840 |            1.59 |
| I/O                     |     0.334 |      129 |       676 |           19.08 |
| Static Power            |     2.516 |          |           |                 |
| Total                   |     5.945 |          |           |                 |
+-------------------------+-----------+----------+-----------+-----------------+


1.2 Power Supply Summary
------------------------

+------------+-------------+-----------+-------------+------------+-------------+-------------+------------+
| Source     | Voltage (V) | Total (A) | Dynamic (A) | Static (A) | Powerup (A) | Budget (A)  | Margin (A) |
+------------+-------------+-----------+-------------+------------+-------------+-------------+------------+
| Vccint     |       0.850 |     4.510 |       3.642 |      0.868 |       NA    | Unspecified | NA         |
| Vccint_io  |       0.850 |     0.279 |       0.015 |      0.264 |       NA    | Unspecified | NA         |
| Vccbram    |       0.850 |     0.016 |       0.000 |      0.016 |       NA    | Unspecified | NA         |
| Vccaux     |       1.800 |     0.646 |       0.000 |      0.646 |       NA    | Unspecified | NA         |
| Vccaux_io  |       1.800 |     0.232 |       0.047 |      0.185 |       NA    | Unspecified | NA         |
| Vcco33     |       3.300 |     0.000 |       0.000 |      0.000 |       NA    | Unspecified | NA         |
| Vcco25     |       2.500 |     0.000 |       0.000 |      0.000 |       NA    | Unspecified | NA         |
| Vcco18     |       1.800 |     0.131 |       0.131 |      0.000 |       NA    | Unspecified | NA         |
| Vcco15     |       1.500 |     0.000 |       0.000 |      0.000 |       NA    | Unspecified | NA         |
| Vcco135    |       1.350 |     0.000 |       0.000 |      0.000 |       NA    | Unspecified | NA         |
| Vcco12     |       1.200 |     0.000 |       0.000 |      0.000 |       NA    | Unspecified | NA         |
| Vcco10     |       1.000 |     0.000 |       0.000 |      0.000 |       NA    | Unspecified | NA         |
| Vccadc     |       1.800 |     0.024 |       0.000 |      0.024 |       NA    | Unspecified | NA         |
| MGTYAVcc   |       0.900 |     0.000 |       0.000 |      0.000 |       NA    | Unspecified | NA         |
| MGTYAVtt   |       1.200 |     0.000 |       0.000 |      0.000 |       NA    | Unspecified | NA         |
| MGTYVccaux |       1.800 |     0.000 |       0.000 |      0.000 |       NA    | Unspecified | NA         |
+------------+-------------+-----------+-------------+------------+-------------+-------------+------------+


1.3 Confidence Level
--------------------

+-----------------------------+------------+--------------------------------------------------------+------------------------------------------------------------------------------------------------------------+
| User Input Data             | Confidence | Details                                                | Action                                                                                                     |
+-----------------------------+------------+--------------------------------------------------------+------------------------------------------------------------------------------------------------------------+
| Design implementation state | High       | Design is routed                                       |                                                                                                            |
| Clock nodes activity        | High       | User specified more than 95% of clocks                 |                                                                                                            |
| I/O nodes activity          | Low        | More than 75% of inputs are missing user specification | Provide missing input activity with simulation results or by editing the "By Resource Type -> I/Os" view   |
| Internal nodes activity     | Medium     | User specified less than 25% of internal nodes         | Provide missing internal nodes activity with simulation results or by editing the "By Resource Type" views |
| Device models               | High       | Device models are Production                           |                                                                                                            |
|                             |            |                                                        |                                                                                                            |
| Overall confidence level    | Low        |                                                        |                                                                                                            |
+-----------------------------+------------+--------------------------------------------------------+------------------------------------------------------------------------------------------------------------+


2. Settings
-----------

2.1 Environment
---------------

+-----------------------+--------------------------+
| Ambient Temp (C)      | 25.0                     |
| ThetaJA (C/W)         | 0.5                      |
| Airflow (LFM)         | 250                      |
| Heat Sink             | medium (Medium Profile)  |
| ThetaSA (C/W)         | 0.7                      |
| Board Selection       | medium (10"x10")         |
| # of Board Layers     | 12to15 (12 to 15 Layers) |
| Board Temperature (C) | 25.0                     |
+-----------------------+--------------------------+


2.2 Clock Constraints
---------------------

+----------+--------+-----------------+
| Clock    | Domain | Constraint (ns) |
+----------+--------+-----------------+
| host_clk | clk    |             3.3 |
+----------+--------+-----------------+


3. Detailed Reports
-------------------

3.1 By Hierarchy
----------------

+-------------------------+-----------+
| Name                    | Power (W) |
+-------------------------+-----------+
| top_bench__503_bwaves_r |     3.429 |
|   src_val_IBUF[0]_inst  |     0.001 |
|   src_val_IBUF[10]_inst |     0.001 |
|   src_val_IBUF[11]_inst |     0.001 |
|   src_val_IBUF[12]_inst |     0.001 |
|   src_val_IBUF[13]_inst |     0.001 |
|   src_val_IBUF[14]_inst |     0.001 |
|   src_val_IBUF[15]_inst |     0.001 |
|   src_val_IBUF[16]_inst |     0.001 |
|   src_val_IBUF[17]_inst |     0.001 |
|   src_val_IBUF[18]_inst |     0.001 |
|   src_val_IBUF[19]_inst |     0.001 |
|   src_val_IBUF[1]_inst  |     0.001 |
|   src_val_IBUF[20]_inst |     0.001 |
|   src_val_IBUF[21]_inst |     0.001 |
|   src_val_IBUF[22]_inst |     0.001 |
|   src_val_IBUF[23]_inst |     0.001 |
|   src_val_IBUF[24]_inst |     0.001 |
|   src_val_IBUF[25]_inst |     0.001 |
|   src_val_IBUF[26]_inst |     0.001 |
|   src_val_IBUF[27]_inst |     0.001 |
|   src_val_IBUF[28]_inst |     0.001 |
|   src_val_IBUF[29]_inst |     0.001 |
|   src_val_IBUF[2]_inst  |     0.001 |
|   src_val_IBUF[30]_inst |     0.001 |
|   src_val_IBUF[31]_inst |     0.001 |
|   src_val_IBUF[33]_inst |     0.001 |
|   src_val_IBUF[35]_inst |     0.001 |
|   src_val_IBUF[36]_inst |     0.001 |
|   src_val_IBUF[37]_inst |     0.001 |
|   src_val_IBUF[38]_inst |     0.001 |
|   src_val_IBUF[39]_inst |     0.001 |
|   src_val_IBUF[3]_inst  |     0.001 |
|   src_val_IBUF[40]_inst |     0.001 |
|   src_val_IBUF[41]_inst |     0.001 |
|   src_val_IBUF[44]_inst |     0.001 |
|   src_val_IBUF[46]_inst |     0.001 |
|   src_val_IBUF[47]_inst |     0.001 |
|   src_val_IBUF[48]_inst |     0.001 |
|   src_val_IBUF[4]_inst  |     0.001 |
|   src_val_IBUF[51]_inst |     0.001 |
|   src_val_IBUF[52]_inst |     0.001 |
|   src_val_IBUF[53]_inst |     0.001 |
|   src_val_IBUF[54]_inst |     0.001 |
|   src_val_IBUF[57]_inst |     0.001 |
|   src_val_IBUF[58]_inst |     0.001 |
|   src_val_IBUF[59]_inst |     0.001 |
|   src_val_IBUF[5]_inst  |     0.001 |
|   src_val_IBUF[60]_inst |     0.001 |
|   src_val_IBUF[63]_inst |     0.001 |
|   src_val_IBUF[6]_inst  |     0.001 |
|   src_val_IBUF[7]_inst  |     0.001 |
|   src_val_IBUF[8]_inst  |     0.001 |
|   src_val_IBUF[9]_inst  |     0.001 |
|   u_503_bwaves_r        |     3.021 |
|     glen[0].core_i      |     0.002 |
|     glen[102].core_i    |     0.002 |
|       core              |     0.002 |
|     glen[103].core_i    |     0.004 |
|       core              |     0.002 |
|     glen[104].core_i    |     0.005 |
|       core              |     0.004 |
|     glen[105].core_i    |     0.012 |
|       core              |     0.010 |
|     glen[106].core_i    |     0.072 |
|       core              |     0.068 |
|     glen[108].core_i    |     0.002 |
|     glen[109].core_i    |     0.004 |
|       core              |     0.002 |
|     glen[10].core_i     |     0.008 |
|       core              |     0.006 |
|     glen[110].core_i    |     0.004 |
|       core              |     0.002 |
|     glen[111].core_i    |     0.010 |
|       core              |     0.007 |
|     glen[112].core_i    |     0.001 |
|     glen[113].core_i    |     0.004 |
|       core              |     0.002 |
|     glen[114].core_i    |     0.004 |
|       core              |     0.002 |
|     glen[115].core_i    |     0.004 |
|       core              |     0.002 |
|     glen[116].core_i    |     0.004 |
|       core              |     0.002 |
|     glen[117].core_i    |     0.004 |
|       core              |     0.002 |
|     glen[118].core_i    |     0.014 |
|       core              |     0.011 |
|     glen[119].core_i    |     0.030 |
|       core              |     0.027 |
|     glen[11].core_i     |     0.009 |
|       core              |     0.006 |
|     glen[120].core_i    |     0.010 |
|       core              |     0.007 |
|     glen[121].core_i    |     0.009 |
|       core              |     0.007 |
|     glen[122].core_i    |     0.010 |
|       core              |     0.007 |
|     glen[123].core_i    |     0.010 |
|       core              |     0.007 |
|     glen[124].core_i    |     0.011 |
|       core              |     0.008 |
|     glen[125].core_i    |     0.023 |
|       core              |     0.020 |
|     glen[126].core_i    |     0.010 |
|       core              |     0.007 |
|     glen[127].core_i    |     0.010 |
|       core              |     0.007 |
|     glen[128].core_i    |     0.004 |
|       core              |     0.002 |
|     glen[129].core_i    |     0.004 |
|       core              |     0.002 |
|     glen[12].core_i     |     0.009 |
|       core              |     0.006 |
|     glen[130].core_i    |     0.011 |
|       core              |     0.008 |
|     glen[131].core_i    |     0.009 |
|       core              |     0.007 |
|     glen[132].core_i    |     0.009 |
|       core              |     0.007 |
|     glen[133].core_i    |     0.009 |
|       core              |     0.007 |
|     glen[134].core_i    |     0.002 |
|       core              |     0.001 |
|     glen[137].core_i    |     0.002 |
|       core              |     0.002 |
|     glen[138].core_i    |     0.003 |
|       core              |     0.002 |
|     glen[139].core_i    |     0.003 |
|       core              |     0.002 |
|     glen[13].core_i     |     0.001 |
|     glen[140].core_i    |     0.004 |
|       core              |     0.002 |
|     glen[141].core_i    |     0.009 |
|       core              |     0.007 |
|     glen[142].core_i    |     0.012 |
|       core              |     0.009 |
|     glen[143].core_i    |     0.007 |
|       core              |     0.004 |
|     glen[144].core_i    |     0.007 |
|       core              |     0.004 |
|     glen[145].core_i    |     0.002 |
|     glen[146].core_i    |     0.006 |
|       core              |     0.004 |
|     glen[147].core_i    |     0.013 |
|       core              |     0.011 |
|     glen[148].core_i    |     0.166 |
|       core              |     0.159 |
|     glen[149].core_i    |     0.002 |
|       core              |     0.001 |
|     glen[14].core_i     |     0.004 |
|       core              |     0.002 |
|     glen[150].core_i    |     0.015 |
|       core              |     0.013 |
|     glen[151].core_i    |     0.012 |
|       core              |     0.010 |
|     glen[152].core_i    |     0.004 |
|       core              |     0.002 |
|     glen[153].core_i    |     0.012 |
|       core              |     0.010 |
|     glen[154].core_i    |     0.002 |
|       core              |     0.001 |
|     glen[157].core_i    |     0.002 |
|       core              |     0.002 |
|     glen[158].core_i    |     0.003 |
|       core              |     0.002 |
|     glen[159].core_i    |     0.003 |
|       core              |     0.002 |
|     glen[15].core_i     |     0.006 |
|       core              |     0.004 |
|     glen[160].core_i    |     0.004 |
|       core              |     0.002 |
|     glen[161].core_i    |     0.009 |
|       core              |     0.007 |
|     glen[163].core_i    |     0.031 |
|       core              |     0.027 |
|     glen[164].core_i    |     0.007 |
|       core              |     0.004 |
|     glen[165].core_i    |     0.006 |
|       core              |     0.004 |
|     glen[166].core_i    |     0.002 |
|       core              |     0.001 |
|     glen[167].core_i    |     0.004 |
|       core              |     0.003 |
|     glen[168].core_i    |     0.005 |
|       core              |     0.004 |
|     glen[169].core_i    |     0.072 |
|       core              |     0.068 |
|     glen[16].core_i     |     0.022 |
|       core              |     0.019 |
|     glen[170].core_i    |     0.002 |
|     glen[171].core_i    |     0.004 |
|       core              |     0.002 |
|     glen[172].core_i    |     0.004 |
|       core              |     0.002 |
|     glen[173].core_i    |     0.004 |
|       core              |     0.002 |
|     glen[174].core_i    |     0.004 |
|       core              |     0.002 |
|     glen[175].core_i    |     0.013 |
|       core              |     0.010 |
|     glen[176].core_i    |     0.032 |
|       core              |     0.028 |
|     glen[177].core_i    |     0.008 |
|       core              |     0.006 |
|     glen[178].core_i    |     0.009 |
|       core              |     0.007 |
|     glen[179].core_i    |     0.009 |
|       core              |     0.006 |
|     glen[17].core_i     |     0.010 |
|       core              |     0.007 |
|     glen[180].core_i    |     0.010 |
|       core              |     0.007 |
|     glen[181].core_i    |     0.010 |
|       core              |     0.007 |
|     glen[182].core_i    |     0.004 |
|       core              |     0.002 |
|     glen[183].core_i    |     0.004 |
|       core              |     0.002 |
|     glen[184].core_i    |     0.010 |
|       core              |     0.008 |
|     glen[185].core_i    |     0.009 |
|       core              |     0.006 |
|     glen[186].core_i    |     0.009 |
|       core              |     0.007 |
|     glen[187].core_i    |     0.009 |
|       core              |     0.006 |
|     glen[188].core_i    |     0.010 |
|       core              |     0.007 |
|     glen[189].core_i    |     0.011 |
|       core              |     0.008 |
|     glen[18].core_i     |     0.010 |
|       core              |     0.007 |
|     glen[190].core_i    |     0.024 |
|       core              |     0.020 |
|     glen[191].core_i    |     0.010 |
|       core              |     0.007 |
|     glen[192].core_i    |     0.001 |
|     glen[193].core_i    |     0.004 |
|       core              |     0.002 |
|     glen[194].core_i    |     0.002 |
|       core              |     0.001 |
|     glen[197].core_i    |     0.003 |
|       core              |     0.002 |
|     glen[198].core_i    |     0.005 |
|       core              |     0.003 |
|     glen[199].core_i    |     0.002 |
|       core              |     0.001 |
|     glen[19].core_i     |     0.004 |
|       core              |     0.002 |
|     glen[1].core_i      |     0.009 |
|       core              |     0.007 |
|     glen[202].core_i    |     0.003 |
|       core              |     0.002 |
|     glen[203].core_i    |     0.013 |
|       core              |     0.010 |
|     glen[204].core_i    |     0.003 |
|       core              |     0.002 |
|     glen[205].core_i    |     0.003 |
|       core              |     0.002 |
|     glen[206].core_i    |     0.004 |
|       core              |     0.002 |
|     glen[207].core_i    |     0.009 |
|       core              |     0.007 |
|     glen[208].core_i    |     0.002 |
|       core              |     0.001 |
|     glen[209].core_i    |     0.015 |
|       core              |     0.012 |
|     glen[20].core_i     |     0.004 |
|       core              |     0.002 |
|     glen[210].core_i    |     0.030 |
|       core              |     0.027 |
|     glen[211].core_i    |     0.006 |
|       core              |     0.004 |
|     glen[212].core_i    |     0.006 |
|       core              |     0.004 |
|     glen[213].core_i    |     0.002 |
|     glen[214].core_i    |     0.004 |
|       core              |     0.003 |
|     glen[215].core_i    |     0.005 |
|       core              |     0.004 |
|     glen[216].core_i    |     0.072 |
|       core              |     0.068 |
|     glen[218].core_i    |     0.002 |
|     glen[21].core_i     |     0.010 |
|       core              |     0.008 |
|     glen[22].core_i     |     0.009 |
|       core              |     0.007 |
|     glen[23].core_i     |     0.009 |
|       core              |     0.007 |
|     glen[24].core_i     |     0.009 |
|       core              |     0.006 |
|     glen[25].core_i     |     0.002 |
|       core              |     0.001 |
|     glen[28].core_i     |     0.002 |
|       core              |     0.002 |
|     glen[29].core_i     |     0.007 |
|       core              |     0.004 |
|     glen[2].core_i      |     0.031 |
|       core              |     0.027 |
|     glen[30].core_i     |     0.007 |
|       core              |     0.004 |
|     glen[31].core_i     |     0.002 |
|     glen[32].core_i     |     0.002 |
|     glen[33].core_i     |     0.006 |
|       core              |     0.004 |
|     glen[34].core_i     |     0.013 |
|       core              |     0.010 |
|     glen[35].core_i     |     0.165 |
|       core              |     0.158 |
|     glen[36].core_i     |     0.003 |
|       core              |     0.002 |
|     glen[37].core_i     |     0.003 |
|       core              |     0.002 |
|     glen[38].core_i     |     0.003 |
|       core              |     0.002 |
|     glen[39].core_i     |     0.009 |
|       core              |     0.006 |
|     glen[3].core_i      |     0.004 |
|       core              |     0.002 |
|     glen[40].core_i     |     0.005 |
|       core              |     0.003 |
|     glen[41].core_i     |     0.013 |
|       core              |     0.010 |
|     glen[42].core_i     |     0.005 |
|       core              |     0.003 |
|     glen[43].core_i     |     0.005 |
|       core              |     0.003 |
|     glen[44].core_i     |     0.002 |
|       core              |     0.001 |
|     glen[45].core_i     |     0.015 |
|       core              |     0.012 |
|     glen[46].core_i     |     0.013 |
|       core              |     0.010 |
|     glen[47].core_i     |     0.003 |
|       core              |     0.002 |
|     glen[48].core_i     |     0.003 |
|       core              |     0.002 |
|     glen[49].core_i     |     0.003 |
|       core              |     0.002 |
|     glen[4].core_i      |     0.004 |
|       core              |     0.002 |
|     glen[50].core_i     |     0.009 |
|       core              |     0.007 |
|     glen[51].core_i     |     0.071 |
|       core              |     0.068 |
|     glen[53].core_i     |     0.010 |
|       core              |     0.007 |
|     glen[54].core_i     |     0.011 |
|       core              |     0.009 |
|     glen[55].core_i     |     0.004 |
|       core              |     0.002 |
|     glen[56].core_i     |     0.004 |
|       core              |     0.002 |
|     glen[57].core_i     |     0.012 |
|       core              |     0.010 |
|     glen[58].core_i     |     0.031 |
|       core              |     0.027 |
|     glen[59].core_i     |     0.009 |
|       core              |     0.006 |
|     glen[5].core_i      |     0.004 |
|       core              |     0.002 |
|     glen[60].core_i     |     0.009 |
|       core              |     0.007 |
|     glen[61].core_i     |     0.009 |
|       core              |     0.007 |
|     glen[62].core_i     |     0.031 |
|       core              |     0.027 |
|     glen[63].core_i     |     0.010 |
|       core              |     0.007 |
|     glen[64].core_i     |     0.001 |
|     glen[65].core_i     |     0.004 |
|       core              |     0.002 |
|     glen[66].core_i     |     0.007 |
|       core              |     0.004 |
|     glen[67].core_i     |     0.010 |
|       core              |     0.007 |
|     glen[68].core_i     |     0.012 |
|       core              |     0.009 |
|     glen[69].core_i     |     0.006 |
|       core              |     0.004 |
|     glen[6].core_i      |     0.004 |
|       core              |     0.002 |
|     glen[70].core_i     |     0.024 |
|       core              |     0.020 |
|     glen[71].core_i     |     0.010 |
|       core              |     0.007 |
|     glen[72].core_i     |     0.010 |
|       core              |     0.007 |
|     glen[73].core_i     |     0.004 |
|       core              |     0.002 |
|     glen[74].core_i     |     0.004 |
|       core              |     0.002 |
|     glen[75].core_i     |     0.010 |
|       core              |     0.008 |
|     glen[76].core_i     |     0.009 |
|       core              |     0.006 |
|     glen[77].core_i     |     0.009 |
|       core              |     0.006 |
|     glen[78].core_i     |     0.008 |
|       core              |     0.006 |
|     glen[79].core_i     |     0.002 |
|       core              |     0.001 |
|     glen[7].core_i      |     0.012 |
|       core              |     0.009 |
|     glen[82].core_i     |     0.002 |
|       core              |     0.002 |
|     glen[83].core_i     |     0.007 |
|       core              |     0.005 |
|     glen[84].core_i     |     0.007 |
|       core              |     0.005 |
|     glen[85].core_i     |     0.002 |
|     glen[86].core_i     |     0.002 |
|     glen[87].core_i     |     0.006 |
|       core              |     0.004 |
|     glen[88].core_i     |     0.014 |
|       core              |     0.011 |
|     glen[89].core_i     |     0.167 |
|       core              |     0.159 |
|     glen[8].core_i      |     0.007 |
|       core              |     0.004 |
|     glen[90].core_i     |     0.003 |
|       core              |     0.002 |
|     glen[91].core_i     |     0.003 |
|       core              |     0.002 |
|     glen[92].core_i     |     0.003 |
|       core              |     0.002 |
|     glen[93].core_i     |     0.010 |
|       core              |     0.007 |
|     glen[94].core_i     |     0.004 |
|       core              |     0.003 |
|     glen[95].core_i     |     0.012 |
|       core              |     0.010 |
|     glen[96].core_i     |     0.002 |
|       core              |     0.001 |
|     glen[97].core_i     |     0.016 |
|       core              |     0.012 |
|     glen[98].core_i     |     0.012 |
|       core              |     0.010 |
|     glen[99].core_i     |     0.002 |
|       core              |     0.001 |
|     glen[9].core_i      |     0.030 |
|       core              |     0.027 |
+-------------------------+-----------+


