Copyright 1986-2020 Xilinx, Inc. All Rights Reserved.
--------------------------------------------------------------------------------------------------------------------------------------------------------
| Tool Version      : Vivado v.2020.1 (lin64) Build 2902540 Wed May 27 19:54:35 MDT 2020
| Date              : Fri Oct  3 05:36:17 2025
| Host              : orthanc running 64-bit Ubuntu 22.04.4 LTS
| Command           : report_timing_summary -file /home/jyoo/custom_v_2/custom-core-tool/reports/memory_wo_simd/single/654_roms_s/post_route_timing.rpt
| Design            : top_multi_len
| Device            : xcu200-fsgd2104
| Speed File        : -2  PRODUCTION 1.27 02-28-2020
| Temperature Grade : E
--------------------------------------------------------------------------------------------------------------------------------------------------------

Timing Summary Report

------------------------------------------------------------------------------------------------
| Timer Settings
| --------------
------------------------------------------------------------------------------------------------

  Enable Multi Corner Analysis               :  Yes
  Enable Pessimism Removal                   :  Yes
  Pessimism Removal Resolution               :  Nearest Common Node
  Enable Input Delay Default Clock           :  No
  Enable Preset / Clear Arcs                 :  No
  Disable Flight Delays                      :  No
  Ignore I/O Paths                           :  No
  Timing Early Launch at Borrowing Latches   :  No
  Borrow Time for Max Delay Exceptions       :  Yes
  Merge Timing Exceptions                    :  Yes

  Corner  Analyze    Analyze    
  Name    Max Paths  Min Paths  
  ------  ---------  ---------  
  Slow    Yes        Yes        
  Fast    Yes        Yes        



check_timing report

Table of Contents
-----------------
1. checking no_clock (0)
2. checking constant_clock (0)
3. checking pulse_width_clock (0)
4. checking unconstrained_internal_endpoints (0)
5. checking no_input_delay (71)
6. checking no_output_delay (0)
7. checking multiple_clock (0)
8. checking generated_clocks (0)
9. checking loops (0)
10. checking partial_input_delay (0)
11. checking partial_output_delay (0)
12. checking latch_loops (0)

1. checking no_clock (0)
------------------------
 There are 0 register/latch pins with no clock.


2. checking constant_clock (0)
------------------------------
 There are 0 register/latch pins with constant_clock.


3. checking pulse_width_clock (0)
---------------------------------
 There are 0 register/latch pins which need pulse_width check


4. checking unconstrained_internal_endpoints (0)
------------------------------------------------
 There are 0 pins that are not constrained for maximum delay.

 There are 0 pins that are not constrained for maximum delay due to constant clock.


5. checking no_input_delay (71)
-------------------------------
 There are 71 input ports with no input delay specified. (HIGH)

 There are 0 input ports with no input delay but user has a false path constraint.


6. checking no_output_delay (0)
-------------------------------
 There are 0 ports with no output delay specified.

 There are 0 ports with no output delay but user has a false path constraint

 There are 0 ports with no output delay but with a timing clock defined on it or propagating through it


7. checking multiple_clock (0)
------------------------------
 There are 0 register/latch pins with multiple clocks.


8. checking generated_clocks (0)
--------------------------------
 There are 0 generated clocks that are not connected to a clock source.


9. checking loops (0)
---------------------
 There are 0 combinational loops in the design.


10. checking partial_input_delay (0)
------------------------------------
 There are 0 input ports with partial input delay specified.


11. checking partial_output_delay (0)
-------------------------------------
 There are 0 ports with partial output delay specified.


12. checking latch_loops (0)
----------------------------
 There are 0 combinational latch loops in the design through latch input



------------------------------------------------------------------------------------------------
| Design Timing Summary
| ---------------------
------------------------------------------------------------------------------------------------

    WNS(ns)      TNS(ns)  TNS Failing Endpoints  TNS Total Endpoints      WHS(ns)      THS(ns)  THS Failing Endpoints  THS Total Endpoints     WPWS(ns)     TPWS(ns)  TPWS Failing Endpoints  TPWS Total Endpoints  
    -------      -------  ---------------------  -------------------      -------      -------  ---------------------  -------------------     --------     --------  ----------------------  --------------------  
      0.727        0.000                      0                 6180        0.012        0.000                      0                 6180        1.124        0.000                       0                  3931  


All user specified timing constraints are met.


------------------------------------------------------------------------------------------------
| Clock Summary
| -------------
------------------------------------------------------------------------------------------------

Clock     Waveform(ns)         Period(ns)      Frequency(MHz)
-----     ------------         ----------      --------------
host_clk  {0.000 1.666}        3.333           300.030         


------------------------------------------------------------------------------------------------
| Intra Clock Table
| -----------------
------------------------------------------------------------------------------------------------

Clock             WNS(ns)      TNS(ns)  TNS Failing Endpoints  TNS Total Endpoints      WHS(ns)      THS(ns)  THS Failing Endpoints  THS Total Endpoints     WPWS(ns)     TPWS(ns)  TPWS Failing Endpoints  TPWS Total Endpoints  
-----             -------      -------  ---------------------  -------------------      -------      -------  ---------------------  -------------------     --------     --------  ----------------------  --------------------  
host_clk            0.727        0.000                      0                 6180        0.012        0.000                      0                 6180        1.124        0.000                       0                  3931  


------------------------------------------------------------------------------------------------
| Inter Clock Table
| -----------------
------------------------------------------------------------------------------------------------

From Clock    To Clock          WNS(ns)      TNS(ns)  TNS Failing Endpoints  TNS Total Endpoints      WHS(ns)      THS(ns)  THS Failing Endpoints  THS Total Endpoints  
----------    --------          -------      -------  ---------------------  -------------------      -------      -------  ---------------------  -------------------  


------------------------------------------------------------------------------------------------
| Other Path Groups Table
| -----------------------
------------------------------------------------------------------------------------------------

Path Group    From Clock    To Clock          WNS(ns)      TNS(ns)  TNS Failing Endpoints  TNS Total Endpoints      WHS(ns)      THS(ns)  THS Failing Endpoints  THS Total Endpoints  
----------    ----------    --------          -------      -------  ---------------------  -------------------      -------      -------  ---------------------  -------------------  


------------------------------------------------------------------------------------------------
| Timing Details
| --------------
------------------------------------------------------------------------------------------------


---------------------------------------------------------------------------------------------------
From Clock:  host_clk
  To Clock:  host_clk

Setup :            0  Failing Endpoints,  Worst Slack        0.727ns,  Total Violation        0.000ns
Hold  :            0  Failing Endpoints,  Worst Slack        0.012ns,  Total Violation        0.000ns
PW    :            0  Failing Endpoints,  Worst Slack        1.124ns,  Total Violation        0.000ns
---------------------------------------------------------------------------------------------------


Max Delay Paths
--------------------------------------------------------------------------------------
Slack (MET) :             0.727ns  (required time - arrival time)
  Source:                 g_has_mem.u_pool/u_rrB/g_n.ptr_oh_s1_reg[0]/C
                            (rising edge-triggered cell FDPE clocked by host_clk  {rise@0.000ns fall@1.666ns period=3.333ns})
  Destination:            g_has_mem.u_pool/rd64B_data_reg[25]/D
                            (rising edge-triggered cell FDCE clocked by host_clk  {rise@0.000ns fall@1.666ns period=3.333ns})
  Path Group:             host_clk
  Path Type:              Setup (Max at Slow Process Corner)
  Requirement:            3.333ns  (host_clk rise@3.333ns - host_clk rise@0.000ns)
  Data Path Delay:        2.512ns  (logic 0.713ns (28.384%)  route 1.799ns (71.616%))
  Logic Levels:           5  (LUT6=5)
  Clock Path Skew:        -0.083ns (DCD - SCD + CPR)
    Destination Clock Delay (DCD):    2.716ns = ( 6.049 - 3.333 ) 
    Source Clock Delay      (SCD):    3.258ns
    Clock Pessimism Removal (CPR):    0.458ns
  Clock Uncertainty:      0.035ns  ((TSJ^2 + TIJ^2)^1/2 + DJ) / 2 + PE
    Total System Jitter     (TSJ):    0.071ns
    Total Input Jitter      (TIJ):    0.000ns
    Discrete Jitter          (DJ):    0.000ns
    Phase Error              (PE):    0.000ns
  Clock Net Delay (Source):      2.343ns (routing 1.444ns, distribution 0.899ns)
  Clock Net Delay (Destination): 2.095ns (routing 1.314ns, distribution 0.781ns)

    Location             Delay type                Incr(ns)  Path(ns)    Netlist Resource(s)
  -------------------------------------------------------------------    -------------------
                         (clock host_clk rise edge)
                                                      0.000     0.000 r  
    AY32                                              0.000     0.000 r  clk (IN)
                         net (fo=0)                   0.000     0.000    clk_IBUF_inst/I
    AY32                 INBUF (Prop_INBUF_HPIOB_M_PAD_O)
                                                      0.539     0.539 r  clk_IBUF_inst/INBUF_INST/O
                         net (fo=1, routed)           0.000     0.539    clk_IBUF_inst/OUT
    AY32                 IBUFCTRL (Prop_IBUFCTRL_HPIOB_M_I_O)
                                                      0.000     0.539 r  clk_IBUF_inst/IBUFCTRL_INST/O
                         net (fo=1, routed)           0.348     0.887    clk_IBUF
    BUFGCE_X0Y50         BUFGCE (Prop_BUFCE_BUFGCE_I_O)
                                                      0.028     0.915 r  clk_IBUF_BUFG_inst/O
    X0Y0 (CLOCK_ROOT)    net (fo=3930, routed)        2.343     3.258    g_has_mem.u_pool/u_rrB/clk
    SLICE_X21Y18         FDPE                                         r  g_has_mem.u_pool/u_rrB/g_n.ptr_oh_s1_reg[0]/C
  -------------------------------------------------------------------    -------------------
    SLICE_X21Y18         FDPE (Prop_EFF_SLICEM_C_Q)
                                                      0.076     3.334 r  g_has_mem.u_pool/u_rrB/g_n.ptr_oh_s1_reg[0]/Q
                         net (fo=9, routed)           0.328     3.662    g_has_mem.u_pool/u_rrB/g_n.ptr_oh_s1[0]
    SLICE_X22Y16         LUT6 (Prop_G6LUT_SLICEM_I2_O)
                                                      0.150     3.812 r  g_has_mem.u_pool/u_rrB/grant[6]_INST_0_i_1/O
                         net (fo=1, routed)           0.047     3.859    g_has_mem.u_pool/u_rrB/grant[6]_INST_0_i_1_n_0
    SLICE_X22Y16         LUT6 (Prop_H6LUT_SLICEM_I4_O)
                                                      0.101     3.960 r  g_has_mem.u_pool/u_rrB/grant[6]_INST_0/O
                         net (fo=106, routed)         0.643     4.603    g_has_mem.u_pool/gB[6]
    SLICE_X29Y29         LUT6 (Prop_F6LUT_SLICEL_I1_O)
                                                      0.148     4.751 r  g_has_mem.u_pool/rd64B_data[57]_i_3/O
                         net (fo=1, routed)           0.342     5.093    g_has_mem.u_pool/rd64B_data[57]_i_3_n_0
    SLICE_X27Y22         LUT6 (Prop_G6LUT_SLICEM_I0_O)
                                                      0.090     5.183 r  g_has_mem.u_pool/rd64B_data[57]_i_2/O
                         net (fo=2, routed)           0.390     5.573    g_has_mem.u_pool/rd64B_data[57]_i_2_n_0
    SLICE_X23Y15         LUT6 (Prop_B6LUT_SLICEL_I0_O)
                                                      0.148     5.721 r  g_has_mem.u_pool/rd64B_data[25]_i_1/O
                         net (fo=1, routed)           0.049     5.770    g_has_mem.u_pool/pack_to_W0_return[25]
    SLICE_X23Y15         FDCE                                         r  g_has_mem.u_pool/rd64B_data_reg[25]/D
  -------------------------------------------------------------------    -------------------

                         (clock host_clk rise edge)
                                                      3.333     3.333 r  
    AY32                                              0.000     3.333 r  clk (IN)
                         net (fo=0)                   0.000     3.333    clk_IBUF_inst/I
    AY32                 INBUF (Prop_INBUF_HPIOB_M_PAD_O)
                                                      0.288     3.621 r  clk_IBUF_inst/INBUF_INST/O
                         net (fo=1, routed)           0.000     3.621    clk_IBUF_inst/OUT
    AY32                 IBUFCTRL (Prop_IBUFCTRL_HPIOB_M_I_O)
                                                      0.000     3.621 r  clk_IBUF_inst/IBUFCTRL_INST/O
                         net (fo=1, routed)           0.309     3.930    clk_IBUF
    BUFGCE_X0Y50         BUFGCE (Prop_BUFCE_BUFGCE_I_O)
                                                      0.024     3.954 r  clk_IBUF_BUFG_inst/O
    X0Y0 (CLOCK_ROOT)    net (fo=3930, routed)        2.095     6.049    g_has_mem.u_pool/clk
    SLICE_X23Y15         FDCE                                         r  g_has_mem.u_pool/rd64B_data_reg[25]/C
                         clock pessimism              0.458     6.507    
                         clock uncertainty           -0.035     6.472    
    SLICE_X23Y15         FDCE (Setup_BFF_SLICEL_C_D)
                                                      0.025     6.497    g_has_mem.u_pool/rd64B_data_reg[25]
  -------------------------------------------------------------------
                         required time                          6.497    
                         arrival time                          -5.770    
  -------------------------------------------------------------------
                         slack                                  0.727    





Min Delay Paths
--------------------------------------------------------------------------------------
Slack (MET) :             0.012ns  (arrival time - required time)
  Source:                 g_has_mem.u_pool/cur_q_reg[addr][11]/C
                            (rising edge-triggered cell FDCE clocked by host_clk  {rise@0.000ns fall@1.666ns period=3.333ns})
  Destination:            g_has_mem.u_pool/rd_q_reg[5][addr][7]/D
                            (rising edge-triggered cell FDCE clocked by host_clk  {rise@0.000ns fall@1.666ns period=3.333ns})
  Path Group:             host_clk
  Path Type:              Hold (Min at Slow Process Corner)
  Requirement:            0.000ns  (host_clk rise@0.000ns - host_clk rise@0.000ns)
  Data Path Delay:        0.130ns  (logic 0.058ns (44.615%)  route 0.072ns (55.385%))
  Logic Levels:           0  
  Clock Path Skew:        0.056ns (DCD - SCD - CPR)
    Destination Clock Delay (DCD):    3.275ns
    Source Clock Delay      (SCD):    2.706ns
    Clock Pessimism Removal (CPR):    0.513ns
  Clock Net Delay (Source):      2.085ns (routing 1.314ns, distribution 0.771ns)
  Clock Net Delay (Destination): 2.360ns (routing 1.444ns, distribution 0.916ns)

    Location             Delay type                Incr(ns)  Path(ns)    Netlist Resource(s)
  -------------------------------------------------------------------    -------------------
                         (clock host_clk rise edge)
                                                      0.000     0.000 r  
    AY32                                              0.000     0.000 r  clk (IN)
                         net (fo=0)                   0.000     0.000    clk_IBUF_inst/I
    AY32                 INBUF (Prop_INBUF_HPIOB_M_PAD_O)
                                                      0.288     0.288 r  clk_IBUF_inst/INBUF_INST/O
                         net (fo=1, routed)           0.000     0.288    clk_IBUF_inst/OUT
    AY32                 IBUFCTRL (Prop_IBUFCTRL_HPIOB_M_I_O)
                                                      0.000     0.288 r  clk_IBUF_inst/IBUFCTRL_INST/O
                         net (fo=1, routed)           0.309     0.597    clk_IBUF
    BUFGCE_X0Y50         BUFGCE (Prop_BUFCE_BUFGCE_I_O)
                                                      0.024     0.621 r  clk_IBUF_BUFG_inst/O
    X0Y0 (CLOCK_ROOT)    net (fo=3930, routed)        2.085     2.706    g_has_mem.u_pool/clk
    SLICE_X29Y39         FDCE                                         r  g_has_mem.u_pool/cur_q_reg[addr][11]/C
  -------------------------------------------------------------------    -------------------
    SLICE_X29Y39         FDCE (Prop_HFF_SLICEL_C_Q)
                                                      0.058     2.764 r  g_has_mem.u_pool/cur_q_reg[addr][11]/Q
                         net (fo=16, routed)          0.072     2.836    g_has_mem.u_pool/row64_of_return[7]
    SLICE_X29Y38         FDCE                                         r  g_has_mem.u_pool/rd_q_reg[5][addr][7]/D
  -------------------------------------------------------------------    -------------------

                         (clock host_clk rise edge)
                                                      0.000     0.000 r  
    AY32                                              0.000     0.000 r  clk (IN)
                         net (fo=0)                   0.000     0.000    clk_IBUF_inst/I
    AY32                 INBUF (Prop_INBUF_HPIOB_M_PAD_O)
                                                      0.539     0.539 r  clk_IBUF_inst/INBUF_INST/O
                         net (fo=1, routed)           0.000     0.539    clk_IBUF_inst/OUT
    AY32                 IBUFCTRL (Prop_IBUFCTRL_HPIOB_M_I_O)
                                                      0.000     0.539 r  clk_IBUF_inst/IBUFCTRL_INST/O
                         net (fo=1, routed)           0.348     0.887    clk_IBUF
    BUFGCE_X0Y50         BUFGCE (Prop_BUFCE_BUFGCE_I_O)
                                                      0.028     0.915 r  clk_IBUF_BUFG_inst/O
    X0Y0 (CLOCK_ROOT)    net (fo=3930, routed)        2.360     3.275    g_has_mem.u_pool/clk
    SLICE_X29Y38         FDCE                                         r  g_has_mem.u_pool/rd_q_reg[5][addr][7]/C
                         clock pessimism             -0.513     2.762    
    SLICE_X29Y38         FDCE (Hold_EFF2_SLICEL_C_D)
                                                      0.062     2.824    g_has_mem.u_pool/rd_q_reg[5][addr][7]
  -------------------------------------------------------------------
                         required time                         -2.824    
                         arrival time                           2.836    
  -------------------------------------------------------------------
                         slack                                  0.012    





Pulse Width Checks
--------------------------------------------------------------------------------------
Clock Name:         host_clk
Waveform(ns):       { 0.000 1.666 }
Period(ns):         3.333
Sources:            { clk }

Check Type        Corner  Lib Pin             Reference Pin  Required(ns)  Actual(ns)  Slack(ns)  Location     Pin
Min Period        n/a     RAMB36E2/CLKARDCLK  n/a            1.569         3.333       1.764      RAMB36_X2Y6  g_has_mem.u_pool/g_banks.gb[6].u_bank64/u_mem/xpm_memory_base_inst/gen_wr_a.gen_byte_narrow.for_mem_cols[1].mem_reg/CLKARDCLK
Low Pulse Width   Slow    RAMB36E2/CLKARDCLK  n/a            0.542         1.666       1.124      RAMB36_X2Y2  g_has_mem.u_pool/g_banks.gb[2].u_bank64/u_mem/xpm_memory_base_inst/gen_wr_a.gen_byte_narrow.for_mem_cols[1].mem_reg/CLKARDCLK
High Pulse Width  Fast    RAMB36E2/CLKARDCLK  n/a            0.542         1.666       1.124      RAMB36_X2Y2  g_has_mem.u_pool/g_banks.gb[2].u_bank64/u_mem/xpm_memory_base_inst/gen_wr_a.gen_byte_narrow.for_mem_cols[1].mem_reg/CLKARDCLK



