Copyright 1986-2020 Xilinx, Inc. All Rights Reserved.
-------------------------------------------------------------------------------------------------------------------------------------------------------------
| Tool Version : Vivado v.2020.1 (lin64) Build 2902540 Wed May 27 19:54:35 MDT 2020
| Date         : Mon Oct 27 19:24:30 2025
| Host         : orthanc running 64-bit Ubuntu 22.04.4 LTS
| Command      : report_utilization -hierarchical -file /home/jyoo/custom_v_2/custom-core-tool/reports/synth_1p0pct/benches/602_gcc_s/pre_impl_util_hier.rpt
| Design       : top_multi_len
| Device       : xcu200fsgd2104-2
| Design State : Synthesized
-------------------------------------------------------------------------------------------------------------------------------------------------------------

Utilization Design Information

Table of Contents
-----------------
1. Utilization by Hierarchy

1. Utilization by Hierarchy
---------------------------

+--------------------------------------------+------------------------------------------------------+------------+------------+---------+------+-------+--------+--------+------+------------+
|                  Instance                  |                        Module                        | Total LUTs | Logic LUTs | LUTRAMs | SRLs |  FFs  | RAMB36 | RAMB18 | URAM | DSP Blocks |
+--------------------------------------------+------------------------------------------------------+------------+------------+---------+------+-------+--------+--------+------+------------+
| top_multi_len                              |                                                (top) |       4869 |       4869 |       0 |    0 | 12108 |      8 |      0 |    0 |          0 |
|   (top_multi_len)                          |                                                (top) |        623 |        623 |       0 |    0 |  1471 |      0 |      0 |    0 |          0 |
|   g_has_mem.glen_mem[0].blk_i              |                                       uop_block_wrap |          9 |          9 |       0 |    0 |    20 |      0 |      0 |    0 |          0 |
|     (g_has_mem.glen_mem[0].blk_i)          |                                       uop_block_wrap |          0 |          0 |       0 |    0 |    11 |      0 |      0 |    0 |          0 |
|     core                                   |                                            uop_block |          9 |          9 |       0 |    0 |     9 |      0 |      0 |    0 |          0 |
|       (core)                               |                                            uop_block |          0 |          0 |       0 |    0 |     0 |      0 |      0 |    0 |          0 |
|       g[0].g_normal.alu_i                  |                                         microop_unit |          8 |          8 |       0 |    0 |     8 |      0 |      0 |    0 |          0 |
|       g[1].g_normal.alu_i                  |                         microop_unit__parameterized0 |          1 |          1 |       0 |    0 |     1 |      0 |      0 |    0 |          0 |
|   g_has_mem.glen_mem[10].blk_i             |                       uop_block_wrap__parameterized7 |         67 |         67 |       0 |    0 |   206 |      0 |      0 |    0 |          0 |
|     (g_has_mem.glen_mem[10].blk_i)         |                       uop_block_wrap__parameterized7 |          0 |          0 |       0 |    0 |    77 |      0 |      0 |    0 |          0 |
|     core                                   |                         uop_block__parameterized7_61 |         67 |         67 |       0 |    0 |   129 |      0 |      0 |    0 |          0 |
|       (core)                               |                         uop_block__parameterized7_61 |          3 |          3 |       0 |    0 |     1 |      0 |      0 |    0 |          0 |
|       g[0].g_normal.alu_i                  |                      microop_unit__parameterized6__1 |         64 |         64 |       0 |    0 |    64 |      0 |      0 |    0 |          0 |
|       g[1].g_normal.alu_i                  |                      microop_unit__parameterized2__8 |          0 |          0 |       0 |    0 |    64 |      0 |      0 |    0 |          0 |
|   g_has_mem.glen_mem[11].blk_i             |                       uop_block_wrap__parameterized8 |          7 |          7 |       0 |    0 |   207 |      0 |      0 |    0 |          0 |
|     (g_has_mem.glen_mem[11].blk_i)         |                       uop_block_wrap__parameterized8 |          4 |          4 |       0 |    0 |    78 |      0 |      0 |    0 |          0 |
|     core                                   |                         uop_block__parameterized8_60 |          3 |          3 |       0 |    0 |   129 |      0 |      0 |    0 |          0 |
|       (core)                               |                         uop_block__parameterized8_60 |          3 |          3 |       0 |    0 |     1 |      0 |      0 |    0 |          0 |
|       g[0].g_normal.alu_i                  |                     microop_unit__parameterized2__11 |          0 |          0 |       0 |    0 |    64 |      0 |      0 |    0 |          0 |
|       g[1].g_normal.alu_i                  |                     microop_unit__parameterized2__10 |          0 |          0 |       0 |    0 |    64 |      0 |      0 |    0 |          0 |
|   g_has_mem.glen_mem[12].blk_i             |                     uop_block_wrap__parameterized8_0 |          6 |          6 |       0 |    0 |   207 |      0 |      0 |    0 |          0 |
|     (g_has_mem.glen_mem[12].blk_i)         |                     uop_block_wrap__parameterized8_0 |          3 |          3 |       0 |    0 |    78 |      0 |      0 |    0 |          0 |
|     core                                   |                         uop_block__parameterized8_59 |          3 |          3 |       0 |    0 |   129 |      0 |      0 |    0 |          0 |
|       (core)                               |                         uop_block__parameterized8_59 |          3 |          3 |       0 |    0 |     1 |      0 |      0 |    0 |          0 |
|       g[0].g_normal.alu_i                  |                     microop_unit__parameterized2__13 |          0 |          0 |       0 |    0 |    64 |      0 |      0 |    0 |          0 |
|       g[1].g_normal.alu_i                  |                     microop_unit__parameterized2__12 |          0 |          0 |       0 |    0 |    64 |      0 |      0 |    0 |          0 |
|   g_has_mem.glen_mem[13].blk_i             |                       uop_block_wrap__parameterized9 |        199 |        199 |       0 |    0 |   336 |      0 |      0 |    0 |          0 |
|     (g_has_mem.glen_mem[13].blk_i)         |                       uop_block_wrap__parameterized9 |          2 |          2 |       0 |    0 |    78 |      0 |      0 |    0 |          0 |
|     core                                   |                            uop_block__parameterized9 |        197 |        197 |       0 |    0 |   258 |      0 |      0 |    0 |          0 |
|       (core)                               |                            uop_block__parameterized9 |          5 |          5 |       0 |    0 |     2 |      0 |      0 |    0 |          0 |
|       g[0].g_normal.alu_i                  |                     microop_unit__parameterized2__20 |          0 |          0 |       0 |    0 |    64 |      0 |      0 |    0 |          0 |
|       g[1].g_normal.alu_i                  |                      microop_unit__parameterized7__1 |         64 |         64 |       0 |    0 |    64 |      0 |      0 |    0 |          0 |
|       g[2].g_normal.alu_i                  |                      microop_unit__parameterized7__2 |         64 |         64 |       0 |    0 |    64 |      0 |      0 |    0 |          0 |
|       g[3].g_normal.alu_i                  |                         microop_unit__parameterized7 |         64 |         64 |       0 |    0 |    64 |      0 |      0 |    0 |          0 |
|   g_has_mem.glen_mem[14].blk_i             |                     uop_block_wrap__parameterized8_1 |          6 |          6 |       0 |    0 |   205 |      0 |      0 |    0 |          0 |
|     (g_has_mem.glen_mem[14].blk_i)         |                     uop_block_wrap__parameterized8_1 |          3 |          3 |       0 |    0 |    76 |      0 |      0 |    0 |          0 |
|     core                                   |                         uop_block__parameterized8_58 |          3 |          3 |       0 |    0 |   129 |      0 |      0 |    0 |          0 |
|       (core)                               |                         uop_block__parameterized8_58 |          3 |          3 |       0 |    0 |     1 |      0 |      0 |    0 |          0 |
|       g[0].g_normal.alu_i                  |                     microop_unit__parameterized2__15 |          0 |          0 |       0 |    0 |    64 |      0 |      0 |    0 |          0 |
|       g[1].g_normal.alu_i                  |                     microop_unit__parameterized2__14 |          0 |          0 |       0 |    0 |    64 |      0 |      0 |    0 |          0 |
|   g_has_mem.glen_mem[15].blk_i             |                      uop_block_wrap__parameterized10 |          4 |          4 |       0 |    0 |   149 |      0 |      0 |    0 |          0 |
|     (g_has_mem.glen_mem[15].blk_i)         |                      uop_block_wrap__parameterized10 |          1 |          1 |       0 |    0 |    76 |      0 |      0 |    0 |          0 |
|     core                                   |                        uop_block__parameterized10_57 |          3 |          3 |       0 |    0 |    73 |      0 |      0 |    0 |          0 |
|       (core)                               |                        uop_block__parameterized10_57 |          3 |          3 |       0 |    0 |     1 |      0 |      0 |    0 |          0 |
|       g[0].g_normal.alu_i                  |                      microop_unit__parameterized2__9 |          0 |          0 |       0 |    0 |    64 |      0 |      0 |    0 |          0 |
|       g[1].g_normal.alu_i                  |                      microop_unit__parameterized8__3 |          0 |          0 |       0 |    0 |     8 |      0 |      0 |    0 |          0 |
|   g_has_mem.glen_mem[16].blk_i             |                      uop_block_wrap__parameterized11 |         67 |         67 |       0 |    0 |   173 |      0 |      0 |    0 |          0 |
|     (g_has_mem.glen_mem[16].blk_i)         |                      uop_block_wrap__parameterized11 |          1 |          1 |       0 |    0 |    76 |      0 |      0 |    0 |          0 |
|     core                                   |                           uop_block__parameterized11 |         66 |         66 |       0 |    0 |    97 |      0 |      0 |    0 |          0 |
|       (core)                               |                           uop_block__parameterized11 |          2 |          2 |       0 |    0 |     1 |      0 |      0 |    0 |          0 |
|       g[0].g_normal.alu_i                  |                      microop_unit__parameterized9__1 |         64 |         64 |       0 |    0 |    64 |      0 |      0 |    0 |          0 |
|       g[1].g_normal.alu_i                  |                      microop_unit__parameterized1__3 |          0 |          0 |       0 |    0 |    32 |      0 |      0 |    0 |          0 |
|   g_has_mem.glen_mem[17].blk_i             |                     uop_block_wrap__parameterized8_2 |          4 |          4 |       0 |    0 |   204 |      0 |      0 |    0 |          0 |
|     (g_has_mem.glen_mem[17].blk_i)         |                     uop_block_wrap__parameterized8_2 |          1 |          1 |       0 |    0 |    75 |      0 |      0 |    0 |          0 |
|     core                                   |                         uop_block__parameterized8_56 |          3 |          3 |       0 |    0 |   129 |      0 |      0 |    0 |          0 |
|       (core)                               |                         uop_block__parameterized8_56 |          3 |          3 |       0 |    0 |     1 |      0 |      0 |    0 |          0 |
|       g[0].g_normal.alu_i                  |                     microop_unit__parameterized2__32 |          0 |          0 |       0 |    0 |    64 |      0 |      0 |    0 |          0 |
|       g[1].g_normal.alu_i                  |                     microop_unit__parameterized2__33 |          0 |          0 |       0 |    0 |    64 |      0 |      0 |    0 |          0 |
|   g_has_mem.glen_mem[18].blk_i             |                      uop_block_wrap__parameterized12 |         64 |         64 |       0 |    0 |   135 |      0 |      0 |    0 |          0 |
|     (g_has_mem.glen_mem[18].blk_i)         |                      uop_block_wrap__parameterized12 |          0 |          0 |       0 |    0 |    70 |      0 |      0 |    0 |          0 |
|     core                                   |                        uop_block__parameterized12_55 |         64 |         64 |       0 |    0 |    65 |      0 |      0 |    0 |          0 |
|       (core)                               |                        uop_block__parameterized12_55 |          0 |          0 |       0 |    0 |     0 |      0 |      0 |    0 |          0 |
|       g[0].g_normal.alu_i                  |                        microop_unit__parameterized10 |         64 |         64 |       0 |    0 |    64 |      0 |      0 |    0 |          0 |
|       g[1].g_normal.alu_i                  |                        microop_unit__parameterized11 |          0 |          0 |       0 |    0 |     1 |      0 |      0 |    0 |          0 |
|   g_has_mem.glen_mem[19].blk_i             |                    uop_block_wrap__parameterized12_3 |         64 |         64 |       0 |    0 |   135 |      0 |      0 |    0 |          0 |
|     (g_has_mem.glen_mem[19].blk_i)         |                    uop_block_wrap__parameterized12_3 |          0 |          0 |       0 |    0 |    70 |      0 |      0 |    0 |          0 |
|     core                                   |                        uop_block__parameterized12_54 |         64 |         64 |       0 |    0 |    65 |      0 |      0 |    0 |          0 |
|       (core)                               |                        uop_block__parameterized12_54 |          0 |          0 |       0 |    0 |     0 |      0 |      0 |    0 |          0 |
|       g[0].g_normal.alu_i                  |                     microop_unit__parameterized10__3 |         64 |         64 |       0 |    0 |    64 |      0 |      0 |    0 |          0 |
|       g[1].g_normal.alu_i                  |                     microop_unit__parameterized11__3 |          0 |          0 |       0 |    0 |     1 |      0 |      0 |    0 |          0 |
|   g_has_mem.glen_mem[1].blk_i              |                       uop_block_wrap__parameterized0 |          0 |          0 |       0 |    0 |    69 |      0 |      0 |    0 |          0 |
|     (g_has_mem.glen_mem[1].blk_i)          |                       uop_block_wrap__parameterized0 |          0 |          0 |       0 |    0 |    37 |      0 |      0 |    0 |          0 |
|     core                                   |                            uop_block__parameterized0 |          0 |          0 |       0 |    0 |    32 |      0 |      0 |    0 |          0 |
|       (core)                               |                            uop_block__parameterized0 |          0 |          0 |       0 |    0 |     0 |      0 |      0 |    0 |          0 |
|       g[0].g_normal.alu_i                  |                      microop_unit__parameterized1__9 |          0 |          0 |       0 |    0 |    32 |      0 |      0 |    0 |          0 |
|   g_has_mem.glen_mem[20].blk_i             |                       uop_block_wrap__parameterized2 |          0 |          0 |       0 |    0 |    69 |      0 |      0 |    0 |          0 |
|     (g_has_mem.glen_mem[20].blk_i)         |                       uop_block_wrap__parameterized2 |          0 |          0 |       0 |    0 |    37 |      0 |      0 |    0 |          0 |
|     core                                   |                         uop_block__parameterized2_53 |          0 |          0 |       0 |    0 |    32 |      0 |      0 |    0 |          0 |
|       (core)                               |                         uop_block__parameterized2_53 |          0 |          0 |       0 |    0 |     0 |      0 |      0 |    0 |          0 |
|       g[0].g_normal.alu_i                  |                     microop_unit__parameterized1__20 |          0 |          0 |       0 |    0 |    32 |      0 |      0 |    0 |          0 |
|   g_has_mem.glen_mem[21].blk_i             |                       uop_block_wrap__parameterized3 |         32 |         32 |       0 |    0 |   133 |      0 |      0 |    0 |          0 |
|     (g_has_mem.glen_mem[21].blk_i)         |                       uop_block_wrap__parameterized3 |          0 |          0 |       0 |    0 |    37 |      0 |      0 |    0 |          0 |
|     core                                   |                         uop_block__parameterized3_52 |         32 |         32 |       0 |    0 |    96 |      0 |      0 |    0 |          0 |
|       (core)                               |                         uop_block__parameterized3_52 |          0 |          0 |       0 |    0 |     0 |      0 |      0 |    0 |          0 |
|       g[0].g_normal.alu_i                  |                     microop_unit__parameterized1__21 |          0 |          0 |       0 |    0 |    32 |      0 |      0 |    0 |          0 |
|       g[2].g_normal.alu_i                  |                     microop_unit__parameterized3__10 |         32 |         32 |       0 |    0 |    32 |      0 |      0 |    0 |          0 |
|       g[3].g_normal.alu_i                  |                     microop_unit__parameterized1__22 |          0 |          0 |       0 |    0 |    32 |      0 |      0 |    0 |          0 |
|   g_has_mem.glen_mem[22].blk_i             |                     uop_block_wrap__parameterized2_4 |          0 |          0 |       0 |    0 |    69 |      0 |      0 |    0 |          0 |
|     (g_has_mem.glen_mem[22].blk_i)         |                     uop_block_wrap__parameterized2_4 |          0 |          0 |       0 |    0 |    37 |      0 |      0 |    0 |          0 |
|     core                                   |                         uop_block__parameterized2_51 |          0 |          0 |       0 |    0 |    32 |      0 |      0 |    0 |          0 |
|       (core)                               |                         uop_block__parameterized2_51 |          0 |          0 |       0 |    0 |     0 |      0 |      0 |    0 |          0 |
|       g[0].g_normal.alu_i                  |                     microop_unit__parameterized1__24 |          0 |          0 |       0 |    0 |    32 |      0 |      0 |    0 |          0 |
|   g_has_mem.glen_mem[23].blk_i             |                      uop_block_wrap__parameterized13 |         74 |         74 |       0 |    0 |   217 |      0 |      0 |    0 |          0 |
|     (g_has_mem.glen_mem[23].blk_i)         |                      uop_block_wrap__parameterized13 |          5 |          5 |       0 |    0 |    79 |      0 |      0 |    0 |          0 |
|     core                                   |                        uop_block__parameterized13_50 |         69 |         69 |       0 |    0 |   138 |      0 |      0 |    0 |          0 |
|       (core)                               |                        uop_block__parameterized13_50 |          5 |          5 |       0 |    0 |     2 |      0 |      0 |    0 |          0 |
|       g[0].g_normal.alu_i                  |                         microop_unit__parameterized9 |         64 |         64 |       0 |    0 |    64 |      0 |      0 |    0 |          0 |
|       g[1].g_normal.alu_i                  |                     microop_unit__parameterized2__34 |          0 |          0 |       0 |    0 |    64 |      0 |      0 |    0 |          0 |
|       g[2].g_normal.alu_i                  |                      microop_unit__parameterized8__5 |          0 |          0 |       0 |    0 |     8 |      0 |      0 |    0 |          0 |
|   g_has_mem.glen_mem[24].blk_i             |                       uop_block_wrap__parameterized5 |        174 |        174 |       0 |    0 |   205 |      0 |      0 |    0 |          0 |
|     (g_has_mem.glen_mem[24].blk_i)         |                       uop_block_wrap__parameterized5 |          0 |          0 |       0 |    0 |    76 |      0 |      0 |    0 |          0 |
|     core                                   |                         uop_block__parameterized5_49 |        174 |        174 |       0 |    0 |   129 |      0 |      0 |    0 |          0 |
|       (core)                               |                         uop_block__parameterized5_49 |          3 |          3 |       0 |    0 |     1 |      0 |      0 |    0 |          0 |
|       g[0].g_normal.alu_i                  |                     microop_unit__parameterized2__35 |          0 |          0 |       0 |    0 |    64 |      0 |      0 |    0 |          0 |
|       g[1].g_normal.alu_i                  |                         microop_unit__parameterized5 |        171 |        171 |       0 |    0 |    64 |      0 |      0 |    0 |          0 |
|   g_has_mem.glen_mem[25].blk_i             |                       uop_block_wrap__parameterized6 |         64 |         64 |       0 |    0 |   133 |      0 |      0 |    0 |          0 |
|     (g_has_mem.glen_mem[25].blk_i)         |                       uop_block_wrap__parameterized6 |          0 |          0 |       0 |    0 |    37 |      0 |      0 |    0 |          0 |
|     core                                   |                         uop_block__parameterized6_48 |         64 |         64 |       0 |    0 |    96 |      0 |      0 |    0 |          0 |
|       (core)                               |                         uop_block__parameterized6_48 |          0 |          0 |       0 |    0 |     0 |      0 |      0 |    0 |          0 |
|       g[0].g_normal.alu_i                  |                     microop_unit__parameterized1__23 |          0 |          0 |       0 |    0 |    32 |      0 |      0 |    0 |          0 |
|       g[2].g_normal.alu_i                  |                     microop_unit__parameterized3__11 |         32 |         32 |       0 |    0 |    32 |      0 |      0 |    0 |          0 |
|       g[3].g_normal.alu_i                  |                         microop_unit__parameterized3 |         32 |         32 |       0 |    0 |    32 |      0 |      0 |    0 |          0 |
|   g_has_mem.glen_mem[26].blk_i             |                      uop_block_wrap__parameterized14 |        105 |        105 |       0 |    0 |   180 |      0 |      0 |    0 |          0 |
|     (g_has_mem.glen_mem[26].blk_i)         |                      uop_block_wrap__parameterized14 |          2 |          2 |       0 |    0 |    50 |      0 |      0 |    0 |          0 |
|     core                                   |                           uop_block__parameterized14 |        103 |        103 |       0 |    0 |   130 |      0 |      0 |    0 |          0 |
|       (core)                               |                           uop_block__parameterized14 |          7 |          7 |       0 |    0 |     2 |      0 |      0 |    0 |          0 |
|       g[0].g_normal.alu_i                  |                         microop_unit__parameterized1 |          0 |          0 |       0 |    0 |    32 |      0 |      0 |    0 |          0 |
|       g[1].g_normal.alu_i                  |                        microop_unit__parameterized12 |         32 |         32 |       0 |    0 |    32 |      0 |      0 |    0 |          0 |
|       g[2].g_normal.alu_i                  |                        microop_unit__parameterized13 |         64 |         64 |       0 |    0 |    64 |      0 |      0 |    0 |          0 |
|   g_has_mem.glen_mem[27].blk_i             |                      uop_block_wrap__parameterized15 |          2 |          2 |       0 |    0 |   150 |      0 |      0 |    0 |          0 |
|     (g_has_mem.glen_mem[27].blk_i)         |                      uop_block_wrap__parameterized15 |          0 |          0 |       0 |    0 |    77 |      0 |      0 |    0 |          0 |
|     core                                   |                        uop_block__parameterized15_47 |          2 |          2 |       0 |    0 |    73 |      0 |      0 |    0 |          0 |
|       (core)                               |                        uop_block__parameterized15_47 |          2 |          2 |       0 |    0 |     1 |      0 |      0 |    0 |          0 |
|       g[0].g_normal.alu_i                  |                     microop_unit__parameterized2__36 |          0 |          0 |       0 |    0 |    64 |      0 |      0 |    0 |          0 |
|       g[1].g_normal.alu_i                  |                         microop_unit__parameterized8 |          0 |          0 |       0 |    0 |     8 |      0 |      0 |    0 |          0 |
|   g_has_mem.glen_mem[28].blk_i             |                     uop_block_wrap__parameterized7_5 |         68 |         68 |       0 |    0 |   204 |      0 |      0 |    0 |          0 |
|     (g_has_mem.glen_mem[28].blk_i)         |                     uop_block_wrap__parameterized7_5 |          1 |          1 |       0 |    0 |    75 |      0 |      0 |    0 |          0 |
|     core                                   |                         uop_block__parameterized7_46 |         67 |         67 |       0 |    0 |   129 |      0 |      0 |    0 |          0 |
|       (core)                               |                         uop_block__parameterized7_46 |          3 |          3 |       0 |    0 |     1 |      0 |      0 |    0 |          0 |
|       g[0].g_normal.alu_i                  |                         microop_unit__parameterized6 |         64 |         64 |       0 |    0 |    64 |      0 |      0 |    0 |          0 |
|       g[1].g_normal.alu_i                  |                     microop_unit__parameterized2__37 |          0 |          0 |       0 |    0 |    64 |      0 |      0 |    0 |          0 |
|   g_has_mem.glen_mem[29].blk_i             |                    uop_block_wrap__parameterized13_6 |         71 |         71 |       0 |    0 |   216 |      0 |      0 |    0 |          0 |
|     (g_has_mem.glen_mem[29].blk_i)         |                    uop_block_wrap__parameterized13_6 |          1 |          1 |       0 |    0 |    78 |      0 |      0 |    0 |          0 |
|     core                                   |                           uop_block__parameterized13 |         70 |         70 |       0 |    0 |   138 |      0 |      0 |    0 |          0 |
|       (core)                               |                           uop_block__parameterized13 |          6 |          6 |       0 |    0 |     2 |      0 |      0 |    0 |          0 |
|       g[0].g_normal.alu_i                  |                      microop_unit__parameterized9__3 |         64 |         64 |       0 |    0 |    64 |      0 |      0 |    0 |          0 |
|       g[1].g_normal.alu_i                  |                     microop_unit__parameterized2__39 |          0 |          0 |       0 |    0 |    64 |      0 |      0 |    0 |          0 |
|       g[2].g_normal.alu_i                  |                      microop_unit__parameterized8__6 |          0 |          0 |       0 |    0 |     8 |      0 |      0 |    0 |          0 |
|   g_has_mem.glen_mem[2].blk_i              |                       uop_block_wrap__parameterized1 |         10 |         10 |       0 |    0 |   273 |      0 |      0 |    0 |          0 |
|     (g_has_mem.glen_mem[2].blk_i)          |                       uop_block_wrap__parameterized1 |          4 |          4 |       0 |    0 |    79 |      0 |      0 |    0 |          0 |
|     core                                   |                         uop_block__parameterized1_45 |          6 |          6 |       0 |    0 |   194 |      0 |      0 |    0 |          0 |
|       (core)                               |                         uop_block__parameterized1_45 |          6 |          6 |       0 |    0 |     2 |      0 |      0 |    0 |          0 |
|       g[0].g_normal.alu_i                  |                     microop_unit__parameterized2__18 |          0 |          0 |       0 |    0 |    64 |      0 |      0 |    0 |          0 |
|       g[1].g_normal.alu_i                  |                     microop_unit__parameterized2__17 |          0 |          0 |       0 |    0 |    64 |      0 |      0 |    0 |          0 |
|       g[2].g_normal.alu_i                  |                     microop_unit__parameterized2__16 |          0 |          0 |       0 |    0 |    64 |      0 |      0 |    0 |          0 |
|   g_has_mem.glen_mem[30].blk_i             |                      uop_block_wrap__parameterized16 |          0 |          0 |       0 |    0 |   198 |      0 |      0 |    0 |          0 |
|     (g_has_mem.glen_mem[30].blk_i)         |                      uop_block_wrap__parameterized16 |          0 |          0 |       0 |    0 |    70 |      0 |      0 |    0 |          0 |
|     core                                   |                        uop_block__parameterized16_44 |          0 |          0 |       0 |    0 |   128 |      0 |      0 |    0 |          0 |
|       (core)                               |                        uop_block__parameterized16_44 |          0 |          0 |       0 |    0 |     0 |      0 |      0 |    0 |          0 |
|       g[0].g_normal.alu_i                  |                     microop_unit__parameterized2__38 |          0 |          0 |       0 |    0 |    64 |      0 |      0 |    0 |          0 |
|       g[1].g_normal.alu_i                  |                         microop_unit__parameterized2 |          0 |          0 |       0 |    0 |    64 |      0 |      0 |    0 |          0 |
|   g_has_mem.glen_mem[31].blk_i             |                    uop_block_wrap__parameterized16_7 |          0 |          0 |       0 |    0 |   198 |      0 |      0 |    0 |          0 |
|     (g_has_mem.glen_mem[31].blk_i)         |                    uop_block_wrap__parameterized16_7 |          0 |          0 |       0 |    0 |    70 |      0 |      0 |    0 |          0 |
|     core                                   |                        uop_block__parameterized16_43 |          0 |          0 |       0 |    0 |   128 |      0 |      0 |    0 |          0 |
|       (core)                               |                        uop_block__parameterized16_43 |          0 |          0 |       0 |    0 |     0 |      0 |      0 |    0 |          0 |
|       g[0].g_normal.alu_i                  |                     microop_unit__parameterized2__41 |          0 |          0 |       0 |    0 |    64 |      0 |      0 |    0 |          0 |
|       g[1].g_normal.alu_i                  |                     microop_unit__parameterized2__40 |          0 |          0 |       0 |    0 |    64 |      0 |      0 |    0 |          0 |
|   g_has_mem.glen_mem[32].blk_i             |                      uop_block_wrap__parameterized17 |         36 |         36 |       0 |    0 |    90 |      0 |      0 |    0 |          0 |
|     (g_has_mem.glen_mem[32].blk_i)         |                      uop_block_wrap__parameterized17 |          1 |          1 |       0 |    0 |    49 |      0 |      0 |    0 |          0 |
|     core                                   |                           uop_block__parameterized17 |         35 |         35 |       0 |    0 |    41 |      0 |      0 |    0 |          0 |
|       (core)                               |                           uop_block__parameterized17 |          3 |          3 |       0 |    0 |     1 |      0 |      0 |    0 |          0 |
|       g[0].g_normal.alu_i                  |                      microop_unit__parameterized8__4 |          0 |          0 |       0 |    0 |     8 |      0 |      0 |    0 |          0 |
|       g[1].g_normal.alu_i                  |                      microop_unit__parameterized3__1 |         32 |         32 |       0 |    0 |    32 |      0 |      0 |    0 |          0 |
|   g_has_mem.glen_mem[33].blk_i             |           uop_block_wrap__parameterized18__xdcDup__1 |         68 |         68 |       0 |    0 |   235 |      0 |      0 |    0 |          0 |
|     (g_has_mem.glen_mem[33].blk_i)         |           uop_block_wrap__parameterized18__xdcDup__1 |          1 |          1 |       0 |    0 |    74 |      0 |      0 |    0 |          0 |
|     core                                   |                uop_block__parameterized18__xdcDup__1 |         67 |         67 |       0 |    0 |   161 |      0 |      0 |    0 |          0 |
|       (core)                               |                uop_block__parameterized18__xdcDup__1 |          3 |          3 |       0 |    0 |     1 |      0 |      0 |    0 |          0 |
|       g[0].g_normal.alu_i                  |                        microop_unit__parameterized14 |          0 |          0 |       0 |    0 |    32 |      0 |      0 |    0 |          0 |
|       g[1].g_normal.alu_i                  |             microop_unit__parameterized15__xdcDup__1 |         64 |         64 |       0 |    0 |   128 |      0 |      0 |    0 |          0 |
|         (g[1].g_normal.alu_i)              |             microop_unit__parameterized15__xdcDup__1 |          0 |          0 |       0 |    0 |    64 |      0 |      0 |    0 |          0 |
|         g_iadd.use_ip.u_addsub             |                                       integer_addsub |         64 |         64 |       0 |    0 |    64 |      0 |      0 |    0 |          0 |
|           (g_iadd.use_ip.u_addsub)         |                                       integer_addsub |          0 |          0 |       0 |    0 |     0 |      0 |      0 |    0 |          0 |
|           U0                               |                      integer_addsubc_addsub_v12_0_14 |         64 |         64 |       0 |    0 |    64 |      0 |      0 |    0 |          0 |
|             (U0)                           |                      integer_addsubc_addsub_v12_0_14 |          0 |          0 |       0 |    0 |     0 |      0 |      0 |    0 |          0 |
|             xst_addsub                     |                  integer_addsubc_addsub_v12_0_14_viv |         64 |         64 |       0 |    0 |    64 |      0 |      0 |    0 |          0 |
|               (xst_addsub)                 |                  integer_addsubc_addsub_v12_0_14_viv |          0 |          0 |       0 |    0 |     0 |      0 |      0 |    0 |          0 |
|               i_baseblox.i_baseblox_addsub |               integer_addsubc_addsub_v12_0_14_legacy |         64 |         64 |       0 |    0 |    64 |      0 |      0 |    0 |          0 |
|                 no_pipelining.the_addsub   |        integer_addsubc_addsub_v12_0_14_fabric_legacy |         64 |         64 |       0 |    0 |    64 |      0 |      0 |    0 |          0 |
|                   i_lut6.i_lut6_addsub     |          integer_addsubc_addsub_v12_0_14_lut6_legacy |         64 |         64 |       0 |    0 |    64 |      0 |      0 |    0 |          0 |
|                     (i_lut6.i_lut6_addsub) |          integer_addsubc_addsub_v12_0_14_lut6_legacy |         64 |         64 |       0 |    0 |     0 |      0 |      0 |    0 |          0 |
|                     i_q.i_simple.qreg      |                   integer_addsubc_reg_fd_v12_0_6_viv |          0 |          0 |       0 |    0 |    64 |      0 |      0 |    0 |          0 |
|   g_has_mem.glen_mem[34].blk_i             |                     uop_block_wrap__parameterized8_8 |         10 |         10 |       0 |    0 |   210 |      0 |      0 |    0 |          0 |
|     (g_has_mem.glen_mem[34].blk_i)         |                     uop_block_wrap__parameterized8_8 |          6 |          6 |       0 |    0 |    81 |      0 |      0 |    0 |          0 |
|     core                                   |                            uop_block__parameterized8 |          4 |          4 |       0 |    0 |   129 |      0 |      0 |    0 |          0 |
|       (core)                               |                            uop_block__parameterized8 |          4 |          4 |       0 |    0 |     1 |      0 |      0 |    0 |          0 |
|       g[0].g_normal.alu_i                  |                      microop_unit__parameterized2__4 |          0 |          0 |       0 |    0 |    64 |      0 |      0 |    0 |          0 |
|       g[1].g_normal.alu_i                  |                      microop_unit__parameterized2__5 |          0 |          0 |       0 |    0 |    64 |      0 |      0 |    0 |          0 |
|   g_has_mem.glen_mem[35].blk_i             |                     uop_block_wrap__parameterized2_9 |          0 |          0 |       0 |    0 |    69 |      0 |      0 |    0 |          0 |
|     (g_has_mem.glen_mem[35].blk_i)         |                     uop_block_wrap__parameterized2_9 |          0 |          0 |       0 |    0 |    37 |      0 |      0 |    0 |          0 |
|     core                                   |                         uop_block__parameterized2_42 |          0 |          0 |       0 |    0 |    32 |      0 |      0 |    0 |          0 |
|       (core)                               |                         uop_block__parameterized2_42 |          0 |          0 |       0 |    0 |     0 |      0 |      0 |    0 |          0 |
|       g[0].g_normal.alu_i                  |                     microop_unit__parameterized1__12 |          0 |          0 |       0 |    0 |    32 |      0 |      0 |    0 |          0 |
|   g_has_mem.glen_mem[36].blk_i             |                      uop_block_wrap__parameterized19 |          6 |          6 |       0 |    0 |   144 |      0 |      0 |    0 |          0 |
|     (g_has_mem.glen_mem[36].blk_i)         |                      uop_block_wrap__parameterized19 |          1 |          1 |       0 |    0 |    46 |      0 |      0 |    0 |          0 |
|     core                                   |                           uop_block__parameterized19 |          5 |          5 |       0 |    0 |    98 |      0 |      0 |    0 |          0 |
|       (core)                               |                           uop_block__parameterized19 |          5 |          5 |       0 |    0 |     2 |      0 |      0 |    0 |          0 |
|       g[0].g_normal.alu_i                  |                      microop_unit__parameterized1__1 |          0 |          0 |       0 |    0 |    32 |      0 |      0 |    0 |          0 |
|       g[1].g_normal.alu_i                  |                      microop_unit__parameterized1__2 |          0 |          0 |       0 |    0 |    32 |      0 |      0 |    0 |          0 |
|       g[2].g_normal.alu_i                  |                        microop_unit__parameterized16 |          0 |          0 |       0 |    0 |    32 |      0 |      0 |    0 |          0 |
|   g_has_mem.glen_mem[37].blk_i             |                      uop_block_wrap__parameterized20 |         32 |         32 |       0 |    0 |   101 |      0 |      0 |    0 |          0 |
|     (g_has_mem.glen_mem[37].blk_i)         |                      uop_block_wrap__parameterized20 |          0 |          0 |       0 |    0 |    37 |      0 |      0 |    0 |          0 |
|     core                                   |                        uop_block__parameterized20_41 |         32 |         32 |       0 |    0 |    64 |      0 |      0 |    0 |          0 |
|       (core)                               |                        uop_block__parameterized20_41 |          0 |          0 |       0 |    0 |     0 |      0 |      0 |    0 |          0 |
|       g[0].g_normal.alu_i                  |                     microop_unit__parameterized1__13 |          0 |          0 |       0 |    0 |    32 |      0 |      0 |    0 |          0 |
|       g[2].g_normal.alu_i                  |                      microop_unit__parameterized3__7 |         32 |         32 |       0 |    0 |    32 |      0 |      0 |    0 |          0 |
|   g_has_mem.glen_mem[38].blk_i             |                      uop_block_wrap__parameterized21 |         64 |         64 |       0 |    0 |   198 |      0 |      0 |    0 |          0 |
|     (g_has_mem.glen_mem[38].blk_i)         |                      uop_block_wrap__parameterized21 |          0 |          0 |       0 |    0 |    70 |      0 |      0 |    0 |          0 |
|     core                                   |                           uop_block__parameterized21 |         64 |         64 |       0 |    0 |   128 |      0 |      0 |    0 |          0 |
|       (core)                               |                           uop_block__parameterized21 |          0 |          0 |       0 |    0 |     0 |      0 |      0 |    0 |          0 |
|       g[0].g_normal.alu_i                  |                      microop_unit__parameterized9__2 |         64 |         64 |       0 |    0 |    64 |      0 |      0 |    0 |          0 |
|       g[1].g_normal.alu_i                  |                     microop_unit__parameterized2__27 |          0 |          0 |       0 |    0 |    64 |      0 |      0 |    0 |          0 |
|   g_has_mem.glen_mem[39].blk_i             |                   uop_block_wrap__parameterized10_10 |          6 |          6 |       0 |    0 |   152 |      0 |      0 |    0 |          0 |
|     (g_has_mem.glen_mem[39].blk_i)         |                   uop_block_wrap__parameterized10_10 |          3 |          3 |       0 |    0 |    79 |      0 |      0 |    0 |          0 |
|     core                                   |                           uop_block__parameterized10 |          3 |          3 |       0 |    0 |    73 |      0 |      0 |    0 |          0 |
|       (core)                               |                           uop_block__parameterized10 |          3 |          3 |       0 |    0 |     1 |      0 |      0 |    0 |          0 |
|       g[0].g_normal.alu_i                  |                      microop_unit__parameterized2__3 |          0 |          0 |       0 |    0 |    64 |      0 |      0 |    0 |          0 |
|       g[1].g_normal.alu_i                  |                      microop_unit__parameterized8__2 |          0 |          0 |       0 |    0 |     8 |      0 |      0 |    0 |          0 |
|   g_has_mem.glen_mem[3].blk_i              |                    uop_block_wrap__parameterized2_11 |          0 |          0 |       0 |    0 |    69 |      0 |      0 |    0 |          0 |
|     (g_has_mem.glen_mem[3].blk_i)          |                    uop_block_wrap__parameterized2_11 |          0 |          0 |       0 |    0 |    37 |      0 |      0 |    0 |          0 |
|     core                                   |                         uop_block__parameterized2_40 |          0 |          0 |       0 |    0 |    32 |      0 |      0 |    0 |          0 |
|       (core)                               |                         uop_block__parameterized2_40 |          0 |          0 |       0 |    0 |     0 |      0 |      0 |    0 |          0 |
|       g[0].g_normal.alu_i                  |                      microop_unit__parameterized1__8 |          0 |          0 |       0 |    0 |    32 |      0 |      0 |    0 |          0 |
|   g_has_mem.glen_mem[40].blk_i             |                      uop_block_wrap__parameterized22 |         71 |         71 |       0 |    0 |   206 |      0 |      0 |    0 |          0 |
|     (g_has_mem.glen_mem[40].blk_i)         |                      uop_block_wrap__parameterized22 |          4 |          4 |       0 |    0 |    77 |      0 |      0 |    0 |          0 |
|     core                                   |                           uop_block__parameterized22 |         67 |         67 |       0 |    0 |   129 |      0 |      0 |    0 |          0 |
|       (core)                               |                           uop_block__parameterized22 |          3 |          3 |       0 |    0 |     1 |      0 |      0 |    0 |          0 |
|       g[0].g_normal.alu_i                  |                        microop_unit__parameterized17 |         64 |         64 |       0 |    0 |    64 |      0 |      0 |    0 |          0 |
|       g[1].g_normal.alu_i                  |                     microop_unit__parameterized2__21 |          0 |          0 |       0 |    0 |    64 |      0 |      0 |    0 |          0 |
|   g_has_mem.glen_mem[41].blk_i             |                    uop_block_wrap__parameterized3_12 |         32 |         32 |       0 |    0 |   133 |      0 |      0 |    0 |          0 |
|     (g_has_mem.glen_mem[41].blk_i)         |                    uop_block_wrap__parameterized3_12 |          0 |          0 |       0 |    0 |    37 |      0 |      0 |    0 |          0 |
|     core                                   |                         uop_block__parameterized3_39 |         32 |         32 |       0 |    0 |    96 |      0 |      0 |    0 |          0 |
|       (core)                               |                         uop_block__parameterized3_39 |          0 |          0 |       0 |    0 |     0 |      0 |      0 |    0 |          0 |
|       g[0].g_normal.alu_i                  |                     microop_unit__parameterized1__14 |          0 |          0 |       0 |    0 |    32 |      0 |      0 |    0 |          0 |
|       g[2].g_normal.alu_i                  |                      microop_unit__parameterized3__9 |         32 |         32 |       0 |    0 |    32 |      0 |      0 |    0 |          0 |
|       g[3].g_normal.alu_i                  |                     microop_unit__parameterized1__19 |          0 |          0 |       0 |    0 |    32 |      0 |      0 |    0 |          0 |
|   g_has_mem.glen_mem[42].blk_i             |                   uop_block_wrap__parameterized12_13 |         64 |         64 |       0 |    0 |   135 |      0 |      0 |    0 |          0 |
|     (g_has_mem.glen_mem[42].blk_i)         |                   uop_block_wrap__parameterized12_13 |          0 |          0 |       0 |    0 |    70 |      0 |      0 |    0 |          0 |
|     core                                   |                        uop_block__parameterized12_38 |         64 |         64 |       0 |    0 |    65 |      0 |      0 |    0 |          0 |
|       (core)                               |                        uop_block__parameterized12_38 |          0 |          0 |       0 |    0 |     0 |      0 |      0 |    0 |          0 |
|       g[0].g_normal.alu_i                  |                     microop_unit__parameterized10__2 |         64 |         64 |       0 |    0 |    64 |      0 |      0 |    0 |          0 |
|       g[1].g_normal.alu_i                  |                     microop_unit__parameterized11__2 |          0 |          0 |       0 |    0 |     1 |      0 |      0 |    0 |          0 |
|   g_has_mem.glen_mem[43].blk_i             |                   uop_block_wrap__parameterized12_14 |         64 |         64 |       0 |    0 |   135 |      0 |      0 |    0 |          0 |
|     (g_has_mem.glen_mem[43].blk_i)         |                   uop_block_wrap__parameterized12_14 |          0 |          0 |       0 |    0 |    70 |      0 |      0 |    0 |          0 |
|     core                                   |                           uop_block__parameterized12 |         64 |         64 |       0 |    0 |    65 |      0 |      0 |    0 |          0 |
|       (core)                               |                           uop_block__parameterized12 |          0 |          0 |       0 |    0 |     0 |      0 |      0 |    0 |          0 |
|       g[0].g_normal.alu_i                  |                     microop_unit__parameterized10__1 |         64 |         64 |       0 |    0 |    64 |      0 |      0 |    0 |          0 |
|       g[1].g_normal.alu_i                  |                     microop_unit__parameterized11__1 |          0 |          0 |       0 |    0 |     1 |      0 |      0 |    0 |          0 |
|   g_has_mem.glen_mem[44].blk_i             |                    uop_block_wrap__parameterized2_15 |          0 |          0 |       0 |    0 |    69 |      0 |      0 |    0 |          0 |
|     (g_has_mem.glen_mem[44].blk_i)         |                    uop_block_wrap__parameterized2_15 |          0 |          0 |       0 |    0 |    37 |      0 |      0 |    0 |          0 |
|     core                                   |                         uop_block__parameterized2_37 |          0 |          0 |       0 |    0 |    32 |      0 |      0 |    0 |          0 |
|       (core)                               |                         uop_block__parameterized2_37 |          0 |          0 |       0 |    0 |     0 |      0 |      0 |    0 |          0 |
|       g[0].g_normal.alu_i                  |                     microop_unit__parameterized1__17 |          0 |          0 |       0 |    0 |    32 |      0 |      0 |    0 |          0 |
|   g_has_mem.glen_mem[45].blk_i             |                    uop_block_wrap__parameterized2_16 |          0 |          0 |       0 |    0 |    69 |      0 |      0 |    0 |          0 |
|     (g_has_mem.glen_mem[45].blk_i)         |                    uop_block_wrap__parameterized2_16 |          0 |          0 |       0 |    0 |    37 |      0 |      0 |    0 |          0 |
|     core                                   |                         uop_block__parameterized2_36 |          0 |          0 |       0 |    0 |    32 |      0 |      0 |    0 |          0 |
|       (core)                               |                         uop_block__parameterized2_36 |          0 |          0 |       0 |    0 |     0 |      0 |      0 |    0 |          0 |
|       g[0].g_normal.alu_i                  |                     microop_unit__parameterized1__16 |          0 |          0 |       0 |    0 |    32 |      0 |      0 |    0 |          0 |
|   g_has_mem.glen_mem[46].blk_i             |                   uop_block_wrap__parameterized20_17 |         32 |         32 |       0 |    0 |   101 |      0 |      0 |    0 |          0 |
|     (g_has_mem.glen_mem[46].blk_i)         |                   uop_block_wrap__parameterized20_17 |          0 |          0 |       0 |    0 |    37 |      0 |      0 |    0 |          0 |
|     core                                   |                           uop_block__parameterized20 |         32 |         32 |       0 |    0 |    64 |      0 |      0 |    0 |          0 |
|       (core)                               |                           uop_block__parameterized20 |          0 |          0 |       0 |    0 |     0 |      0 |      0 |    0 |          0 |
|       g[0].g_normal.alu_i                  |                     microop_unit__parameterized1__18 |          0 |          0 |       0 |    0 |    32 |      0 |      0 |    0 |          0 |
|       g[2].g_normal.alu_i                  |                      microop_unit__parameterized3__8 |         32 |         32 |       0 |    0 |    32 |      0 |      0 |    0 |          0 |
|   g_has_mem.glen_mem[47].blk_i             |                    uop_block_wrap__parameterized7_18 |         71 |         71 |       0 |    0 |   209 |      0 |      0 |    0 |          0 |
|     (g_has_mem.glen_mem[47].blk_i)         |                    uop_block_wrap__parameterized7_18 |          4 |          4 |       0 |    0 |    80 |      0 |      0 |    0 |          0 |
|     core                                   |                            uop_block__parameterized7 |         67 |         67 |       0 |    0 |   129 |      0 |      0 |    0 |          0 |
|       (core)                               |                            uop_block__parameterized7 |          3 |          3 |       0 |    0 |     1 |      0 |      0 |    0 |          0 |
|       g[0].g_normal.alu_i                  |                      microop_unit__parameterized6__2 |         64 |         64 |       0 |    0 |    64 |      0 |      0 |    0 |          0 |
|       g[1].g_normal.alu_i                  |                      microop_unit__parameterized2__1 |          0 |          0 |       0 |    0 |    64 |      0 |      0 |    0 |          0 |
|   g_has_mem.glen_mem[48].blk_i             |                   uop_block_wrap__parameterized15_19 |         11 |         11 |       0 |    0 |   149 |      0 |      0 |    0 |          0 |
|     (g_has_mem.glen_mem[48].blk_i)         |                   uop_block_wrap__parameterized15_19 |          9 |          9 |       0 |    0 |    76 |      0 |      0 |    0 |          0 |
|     core                                   |                           uop_block__parameterized15 |          2 |          2 |       0 |    0 |    73 |      0 |      0 |    0 |          0 |
|       (core)                               |                           uop_block__parameterized15 |          2 |          2 |       0 |    0 |     1 |      0 |      0 |    0 |          0 |
|       g[0].g_normal.alu_i                  |                      microop_unit__parameterized2__2 |          0 |          0 |       0 |    0 |    64 |      0 |      0 |    0 |          0 |
|       g[1].g_normal.alu_i                  |                      microop_unit__parameterized8__1 |          0 |          0 |       0 |    0 |     8 |      0 |      0 |    0 |          0 |
|   g_has_mem.glen_mem[49].blk_i             |                    uop_block_wrap__parameterized2_20 |          0 |          0 |       0 |    0 |    69 |      0 |      0 |    0 |          0 |
|     (g_has_mem.glen_mem[49].blk_i)         |                    uop_block_wrap__parameterized2_20 |          0 |          0 |       0 |    0 |    37 |      0 |      0 |    0 |          0 |
|     core                                   |                         uop_block__parameterized2_35 |          0 |          0 |       0 |    0 |    32 |      0 |      0 |    0 |          0 |
|       (core)                               |                         uop_block__parameterized2_35 |          0 |          0 |       0 |    0 |     0 |      0 |      0 |    0 |          0 |
|       g[0].g_normal.alu_i                  |                     microop_unit__parameterized1__15 |          0 |          0 |       0 |    0 |    32 |      0 |      0 |    0 |          0 |
|   g_has_mem.glen_mem[4].blk_i              |                    uop_block_wrap__parameterized1_21 |          8 |          8 |       0 |    0 |   268 |      0 |      0 |    0 |          0 |
|     (g_has_mem.glen_mem[4].blk_i)          |                    uop_block_wrap__parameterized1_21 |          1 |          1 |       0 |    0 |    74 |      0 |      0 |    0 |          0 |
|     core                                   |                         uop_block__parameterized1_34 |          7 |          7 |       0 |    0 |   194 |      0 |      0 |    0 |          0 |
|       (core)                               |                         uop_block__parameterized1_34 |          7 |          7 |       0 |    0 |     2 |      0 |      0 |    0 |          0 |
|       g[0].g_normal.alu_i                  |                      microop_unit__parameterized2__6 |          0 |          0 |       0 |    0 |    64 |      0 |      0 |    0 |          0 |
|       g[1].g_normal.alu_i                  |                      microop_unit__parameterized2__7 |          0 |          0 |       0 |    0 |    64 |      0 |      0 |    0 |          0 |
|       g[2].g_normal.alu_i                  |                     microop_unit__parameterized2__19 |          0 |          0 |       0 |    0 |    64 |      0 |      0 |    0 |          0 |
|   g_has_mem.glen_mem[50].blk_i             |                   uop_block_wrap__parameterized16_22 |          0 |          0 |       0 |    0 |   198 |      0 |      0 |    0 |          0 |
|     (g_has_mem.glen_mem[50].blk_i)         |                   uop_block_wrap__parameterized16_22 |          0 |          0 |       0 |    0 |    70 |      0 |      0 |    0 |          0 |
|     core                                   |                        uop_block__parameterized16_33 |          0 |          0 |       0 |    0 |   128 |      0 |      0 |    0 |          0 |
|       (core)                               |                        uop_block__parameterized16_33 |          0 |          0 |       0 |    0 |     0 |      0 |      0 |    0 |          0 |
|       g[0].g_normal.alu_i                  |                     microop_unit__parameterized2__28 |          0 |          0 |       0 |    0 |    64 |      0 |      0 |    0 |          0 |
|       g[1].g_normal.alu_i                  |                     microop_unit__parameterized2__31 |          0 |          0 |       0 |    0 |    64 |      0 |      0 |    0 |          0 |
|   g_has_mem.glen_mem[51].blk_i             |                   uop_block_wrap__parameterized16_23 |          0 |          0 |       0 |    0 |   198 |      0 |      0 |    0 |          0 |
|     (g_has_mem.glen_mem[51].blk_i)         |                   uop_block_wrap__parameterized16_23 |          0 |          0 |       0 |    0 |    70 |      0 |      0 |    0 |          0 |
|     core                                   |                           uop_block__parameterized16 |          0 |          0 |       0 |    0 |   128 |      0 |      0 |    0 |          0 |
|       (core)                               |                           uop_block__parameterized16 |          0 |          0 |       0 |    0 |     0 |      0 |      0 |    0 |          0 |
|       g[0].g_normal.alu_i                  |                     microop_unit__parameterized2__30 |          0 |          0 |       0 |    0 |    64 |      0 |      0 |    0 |          0 |
|       g[1].g_normal.alu_i                  |                     microop_unit__parameterized2__29 |          0 |          0 |       0 |    0 |    64 |      0 |      0 |    0 |          0 |
|   g_has_mem.glen_mem[52].blk_i             |                      uop_block_wrap__parameterized18 |         68 |         68 |       0 |    0 |   233 |      0 |      0 |    0 |          0 |
|     (g_has_mem.glen_mem[52].blk_i)         |                      uop_block_wrap__parameterized18 |          1 |          1 |       0 |    0 |    72 |      0 |      0 |    0 |          0 |
|     core                                   |                           uop_block__parameterized18 |         67 |         67 |       0 |    0 |   161 |      0 |      0 |    0 |          0 |
|       (core)                               |                           uop_block__parameterized18 |          3 |          3 |       0 |    0 |     1 |      0 |      0 |    0 |          0 |
|       g[0].g_normal.alu_i                  |                     microop_unit__parameterized14__2 |          0 |          0 |       0 |    0 |    32 |      0 |      0 |    0 |          0 |
|       g[1].g_normal.alu_i                  |                        microop_unit__parameterized15 |         64 |         64 |       0 |    0 |   128 |      0 |      0 |    0 |          0 |
|         (g[1].g_normal.alu_i)              |                        microop_unit__parameterized15 |          0 |          0 |       0 |    0 |    64 |      0 |      0 |    0 |          0 |
|         g_iadd.use_ip.u_addsub             |                                integer_addsub_HD7553 |         64 |         64 |       0 |    0 |    64 |      0 |      0 |    0 |          0 |
|           (g_iadd.use_ip.u_addsub)         |                                integer_addsub_HD7553 |          0 |          0 |       0 |    0 |     0 |      0 |      0 |    0 |          0 |
|           U0                               |               integer_addsubc_addsub_v12_0_14_HD7554 |         64 |         64 |       0 |    0 |    64 |      0 |      0 |    0 |          0 |
|             (U0)                           |               integer_addsubc_addsub_v12_0_14_HD7554 |          0 |          0 |       0 |    0 |     0 |      0 |      0 |    0 |          0 |
|             xst_addsub                     |           integer_addsubc_addsub_v12_0_14_viv_HD7555 |         64 |         64 |       0 |    0 |    64 |      0 |      0 |    0 |          0 |
|               (xst_addsub)                 |           integer_addsubc_addsub_v12_0_14_viv_HD7555 |          0 |          0 |       0 |    0 |     0 |      0 |      0 |    0 |          0 |
|               i_baseblox.i_baseblox_addsub |        integer_addsubc_addsub_v12_0_14_legacy_HD7556 |         64 |         64 |       0 |    0 |    64 |      0 |      0 |    0 |          0 |
|                 no_pipelining.the_addsub   | integer_addsubc_addsub_v12_0_14_fabric_legacy_HD7557 |         64 |         64 |       0 |    0 |    64 |      0 |      0 |    0 |          0 |
|                   i_lut6.i_lut6_addsub     |   integer_addsubc_addsub_v12_0_14_lut6_legacy_HD7558 |         64 |         64 |       0 |    0 |    64 |      0 |      0 |    0 |          0 |
|                     (i_lut6.i_lut6_addsub) |   integer_addsubc_addsub_v12_0_14_lut6_legacy_HD7558 |         64 |         64 |       0 |    0 |     0 |      0 |      0 |    0 |          0 |
|                     i_q.i_simple.qreg      |            integer_addsubc_reg_fd_v12_0_6_viv_HD7559 |          0 |          0 |       0 |    0 |    64 |      0 |      0 |    0 |          0 |
|   g_has_mem.glen_mem[53].blk_i             |                    uop_block_wrap__parameterized1_24 |          7 |          7 |       0 |    0 |   269 |      0 |      0 |    0 |          0 |
|     (g_has_mem.glen_mem[53].blk_i)         |                    uop_block_wrap__parameterized1_24 |          2 |          2 |       0 |    0 |    75 |      0 |      0 |    0 |          0 |
|     core                                   |                            uop_block__parameterized1 |          5 |          5 |       0 |    0 |   194 |      0 |      0 |    0 |          0 |
|       (core)                               |                            uop_block__parameterized1 |          5 |          5 |       0 |    0 |     2 |      0 |      0 |    0 |          0 |
|       g[0].g_normal.alu_i                  |                     microop_unit__parameterized2__23 |          0 |          0 |       0 |    0 |    64 |      0 |      0 |    0 |          0 |
|       g[1].g_normal.alu_i                  |                     microop_unit__parameterized2__24 |          0 |          0 |       0 |    0 |    64 |      0 |      0 |    0 |          0 |
|       g[2].g_normal.alu_i                  |                     microop_unit__parameterized2__25 |          0 |          0 |       0 |    0 |    64 |      0 |      0 |    0 |          0 |
|   g_has_mem.glen_mem[54].blk_i             |                    uop_block_wrap__parameterized5_25 |        181 |        181 |       0 |    0 |   207 |      0 |      0 |    0 |          0 |
|     (g_has_mem.glen_mem[54].blk_i)         |                    uop_block_wrap__parameterized5_25 |          7 |          7 |       0 |    0 |    78 |      0 |      0 |    0 |          0 |
|     core                                   |                         uop_block__parameterized5_32 |        174 |        174 |       0 |    0 |   129 |      0 |      0 |    0 |          0 |
|       (core)                               |                         uop_block__parameterized5_32 |          3 |          3 |       0 |    0 |     1 |      0 |      0 |    0 |          0 |
|       g[0].g_normal.alu_i                  |                     microop_unit__parameterized2__22 |          0 |          0 |       0 |    0 |    64 |      0 |      0 |    0 |          0 |
|       g[1].g_normal.alu_i                  |                      microop_unit__parameterized5__1 |        171 |        171 |       0 |    0 |    64 |      0 |      0 |    0 |          0 |
|   g_has_mem.glen_mem[55].blk_i             |                    uop_block_wrap__parameterized6_26 |         64 |         64 |       0 |    0 |   133 |      0 |      0 |    0 |          0 |
|     (g_has_mem.glen_mem[55].blk_i)         |                    uop_block_wrap__parameterized6_26 |          0 |          0 |       0 |    0 |    37 |      0 |      0 |    0 |          0 |
|     core                                   |                         uop_block__parameterized6_31 |         64 |         64 |       0 |    0 |    96 |      0 |      0 |    0 |          0 |
|       (core)                               |                         uop_block__parameterized6_31 |          0 |          0 |       0 |    0 |     0 |      0 |      0 |    0 |          0 |
|       g[0].g_normal.alu_i                  |                     microop_unit__parameterized1__10 |          0 |          0 |       0 |    0 |    32 |      0 |      0 |    0 |          0 |
|       g[2].g_normal.alu_i                  |                      microop_unit__parameterized3__3 |         32 |         32 |       0 |    0 |    32 |      0 |      0 |    0 |          0 |
|       g[3].g_normal.alu_i                  |                      microop_unit__parameterized3__4 |         32 |         32 |       0 |    0 |    32 |      0 |      0 |    0 |          0 |
|   g_has_mem.glen_mem[5].blk_i              |                    uop_block_wrap__parameterized3_27 |         32 |         32 |       0 |    0 |   133 |      0 |      0 |    0 |          0 |
|     (g_has_mem.glen_mem[5].blk_i)          |                    uop_block_wrap__parameterized3_27 |          0 |          0 |       0 |    0 |    37 |      0 |      0 |    0 |          0 |
|     core                                   |                            uop_block__parameterized3 |         32 |         32 |       0 |    0 |    96 |      0 |      0 |    0 |          0 |
|       (core)                               |                            uop_block__parameterized3 |          0 |          0 |       0 |    0 |     0 |      0 |      0 |    0 |          0 |
|       g[0].g_normal.alu_i                  |                      microop_unit__parameterized1__6 |          0 |          0 |       0 |    0 |    32 |      0 |      0 |    0 |          0 |
|       g[2].g_normal.alu_i                  |                      microop_unit__parameterized3__2 |         32 |         32 |       0 |    0 |    32 |      0 |      0 |    0 |          0 |
|       g[3].g_normal.alu_i                  |                      microop_unit__parameterized1__7 |          0 |          0 |       0 |    0 |    32 |      0 |      0 |    0 |          0 |
|   g_has_mem.glen_mem[6].blk_i              |                    uop_block_wrap__parameterized2_28 |          0 |          0 |       0 |    0 |    69 |      0 |      0 |    0 |          0 |
|     (g_has_mem.glen_mem[6].blk_i)          |                    uop_block_wrap__parameterized2_28 |          0 |          0 |       0 |    0 |    37 |      0 |      0 |    0 |          0 |
|     core                                   |                            uop_block__parameterized2 |          0 |          0 |       0 |    0 |    32 |      0 |      0 |    0 |          0 |
|       (core)                               |                            uop_block__parameterized2 |          0 |          0 |       0 |    0 |     0 |      0 |      0 |    0 |          0 |
|       g[0].g_normal.alu_i                  |                      microop_unit__parameterized1__5 |          0 |          0 |       0 |    0 |    32 |      0 |      0 |    0 |          0 |
|   g_has_mem.glen_mem[7].blk_i              |                       uop_block_wrap__parameterized4 |          7 |          7 |       0 |    0 |   115 |      0 |      0 |    0 |          0 |
|     (g_has_mem.glen_mem[7].blk_i)          |                       uop_block_wrap__parameterized4 |          3 |          3 |       0 |    0 |    50 |      0 |      0 |    0 |          0 |
|     core                                   |                            uop_block__parameterized4 |          4 |          4 |       0 |    0 |    65 |      0 |      0 |    0 |          0 |
|       (core)                               |                            uop_block__parameterized4 |          3 |          3 |       0 |    0 |     1 |      0 |      0 |    0 |          0 |
|       g[0].g_normal.alu_i                  |                         microop_unit__parameterized4 |          1 |          1 |       0 |    0 |    32 |      0 |      0 |    0 |          0 |
|       g[1].g_normal.alu_i                  |                      microop_unit__parameterized1__4 |          0 |          0 |       0 |    0 |    32 |      0 |      0 |    0 |          0 |
|   g_has_mem.glen_mem[8].blk_i              |                    uop_block_wrap__parameterized5_29 |        179 |        179 |       0 |    0 |   205 |      0 |      0 |    0 |          0 |
|     (g_has_mem.glen_mem[8].blk_i)          |                    uop_block_wrap__parameterized5_29 |          4 |          4 |       0 |    0 |    76 |      0 |      0 |    0 |          0 |
|     core                                   |                            uop_block__parameterized5 |        175 |        175 |       0 |    0 |   129 |      0 |      0 |    0 |          0 |
|       (core)                               |                            uop_block__parameterized5 |          4 |          4 |       0 |    0 |     1 |      0 |      0 |    0 |          0 |
|       g[0].g_normal.alu_i                  |                     microop_unit__parameterized2__26 |          0 |          0 |       0 |    0 |    64 |      0 |      0 |    0 |          0 |
|       g[1].g_normal.alu_i                  |                      microop_unit__parameterized5__2 |        171 |        171 |       0 |    0 |    64 |      0 |      0 |    0 |          0 |
|   g_has_mem.glen_mem[9].blk_i              |                    uop_block_wrap__parameterized6_30 |         64 |         64 |       0 |    0 |   133 |      0 |      0 |    0 |          0 |
|     (g_has_mem.glen_mem[9].blk_i)          |                    uop_block_wrap__parameterized6_30 |          0 |          0 |       0 |    0 |    37 |      0 |      0 |    0 |          0 |
|     core                                   |                            uop_block__parameterized6 |         64 |         64 |       0 |    0 |    96 |      0 |      0 |    0 |          0 |
|       (core)                               |                            uop_block__parameterized6 |          0 |          0 |       0 |    0 |     0 |      0 |      0 |    0 |          0 |
|       g[0].g_normal.alu_i                  |                     microop_unit__parameterized1__11 |          0 |          0 |       0 |    0 |    32 |      0 |      0 |    0 |          0 |
|       g[2].g_normal.alu_i                  |                      microop_unit__parameterized3__5 |         32 |         32 |       0 |    0 |    32 |      0 |      0 |    0 |          0 |
|       g[3].g_normal.alu_i                  |                      microop_unit__parameterized3__6 |         32 |         32 |       0 |    0 |    32 |      0 |      0 |    0 |          0 |
|   g_has_mem.u_pool                         |                                             spm_pool |       1972 |       1972 |       0 |    0 |  1642 |      8 |      0 |    0 |          0 |
|     (g_has_mem.u_pool)                     |                                             spm_pool |       1780 |       1780 |       0 |    0 |  1578 |      0 |      0 |    0 |          0 |
|     g_banks.gb[0].u_bank64                 |                                          spm_bank__1 |          5 |          5 |       0 |    0 |     2 |      1 |      0 |    0 |          0 |
|       (g_banks.gb[0].u_bank64)             |                                          spm_bank__1 |          1 |          1 |       0 |    0 |     2 |      0 |      0 |    0 |          0 |
|       u_mem                                |                                 xpm_memory_sdpram_68 |          4 |          4 |       0 |    0 |     0 |      1 |      0 |    0 |          0 |
|         (u_mem)                            |                                 xpm_memory_sdpram_68 |          4 |          4 |       0 |    0 |     0 |      0 |      0 |    0 |          0 |
|         xpm_memory_base_inst               |                                   xpm_memory_base__1 |          0 |          0 |       0 |    0 |     0 |      1 |      0 |    0 |          0 |
|     g_banks.gb[1].u_bank64                 |                                          spm_bank__2 |          5 |          5 |       0 |    0 |     2 |      1 |      0 |    0 |          0 |
|       (g_banks.gb[1].u_bank64)             |                                          spm_bank__2 |          1 |          1 |       0 |    0 |     2 |      0 |      0 |    0 |          0 |
|       u_mem                                |                                 xpm_memory_sdpram_67 |          4 |          4 |       0 |    0 |     0 |      1 |      0 |    0 |          0 |
|         (u_mem)                            |                                 xpm_memory_sdpram_67 |          4 |          4 |       0 |    0 |     0 |      0 |      0 |    0 |          0 |
|         xpm_memory_base_inst               |                                   xpm_memory_base__2 |          0 |          0 |       0 |    0 |     0 |      1 |      0 |    0 |          0 |
|     g_banks.gb[2].u_bank64                 |                                          spm_bank__3 |          5 |          5 |       0 |    0 |     2 |      1 |      0 |    0 |          0 |
|       (g_banks.gb[2].u_bank64)             |                                          spm_bank__3 |          1 |          1 |       0 |    0 |     2 |      0 |      0 |    0 |          0 |
|       u_mem                                |                                 xpm_memory_sdpram_66 |          4 |          4 |       0 |    0 |     0 |      1 |      0 |    0 |          0 |
|         (u_mem)                            |                                 xpm_memory_sdpram_66 |          4 |          4 |       0 |    0 |     0 |      0 |      0 |    0 |          0 |
|         xpm_memory_base_inst               |                                   xpm_memory_base__3 |          0 |          0 |       0 |    0 |     0 |      1 |      0 |    0 |          0 |
|     g_banks.gb[3].u_bank64                 |                                          spm_bank__4 |          5 |          5 |       0 |    0 |     2 |      1 |      0 |    0 |          0 |
|       (g_banks.gb[3].u_bank64)             |                                          spm_bank__4 |          1 |          1 |       0 |    0 |     2 |      0 |      0 |    0 |          0 |
|       u_mem                                |                                 xpm_memory_sdpram_65 |          4 |          4 |       0 |    0 |     0 |      1 |      0 |    0 |          0 |
|         (u_mem)                            |                                 xpm_memory_sdpram_65 |          4 |          4 |       0 |    0 |     0 |      0 |      0 |    0 |          0 |
|         xpm_memory_base_inst               |                                   xpm_memory_base__4 |          0 |          0 |       0 |    0 |     0 |      1 |      0 |    0 |          0 |
|     g_banks.gb[4].u_bank64                 |                                          spm_bank__5 |          5 |          5 |       0 |    0 |     2 |      1 |      0 |    0 |          0 |
|       (g_banks.gb[4].u_bank64)             |                                          spm_bank__5 |          1 |          1 |       0 |    0 |     2 |      0 |      0 |    0 |          0 |
|       u_mem                                |                                 xpm_memory_sdpram_64 |          4 |          4 |       0 |    0 |     0 |      1 |      0 |    0 |          0 |
|         (u_mem)                            |                                 xpm_memory_sdpram_64 |          4 |          4 |       0 |    0 |     0 |      0 |      0 |    0 |          0 |
|         xpm_memory_base_inst               |                                   xpm_memory_base__5 |          0 |          0 |       0 |    0 |     0 |      1 |      0 |    0 |          0 |
|     g_banks.gb[5].u_bank64                 |                                          spm_bank__6 |          5 |          5 |       0 |    0 |     2 |      1 |      0 |    0 |          0 |
|       (g_banks.gb[5].u_bank64)             |                                          spm_bank__6 |          1 |          1 |       0 |    0 |     2 |      0 |      0 |    0 |          0 |
|       u_mem                                |                                 xpm_memory_sdpram_63 |          4 |          4 |       0 |    0 |     0 |      1 |      0 |    0 |          0 |
|         (u_mem)                            |                                 xpm_memory_sdpram_63 |          4 |          4 |       0 |    0 |     0 |      0 |      0 |    0 |          0 |
|         xpm_memory_base_inst               |                                   xpm_memory_base__6 |          0 |          0 |       0 |    0 |     0 |      1 |      0 |    0 |          0 |
|     g_banks.gb[6].u_bank64                 |                                          spm_bank__7 |          5 |          5 |       0 |    0 |     2 |      1 |      0 |    0 |          0 |
|       (g_banks.gb[6].u_bank64)             |                                          spm_bank__7 |          1 |          1 |       0 |    0 |     2 |      0 |      0 |    0 |          0 |
|       u_mem                                |                                 xpm_memory_sdpram_62 |          4 |          4 |       0 |    0 |     0 |      1 |      0 |    0 |          0 |
|         (u_mem)                            |                                 xpm_memory_sdpram_62 |          4 |          4 |       0 |    0 |     0 |      0 |      0 |    0 |          0 |
|         xpm_memory_base_inst               |                                   xpm_memory_base__7 |          0 |          0 |       0 |    0 |     0 |      1 |      0 |    0 |          0 |
|     g_banks.gb[7].u_bank64                 |                                             spm_bank |          5 |          5 |       0 |    0 |     2 |      1 |      0 |    0 |          0 |
|       (g_banks.gb[7].u_bank64)             |                                             spm_bank |          1 |          1 |       0 |    0 |     2 |      0 |      0 |    0 |          0 |
|       u_mem                                |                                    xpm_memory_sdpram |          4 |          4 |       0 |    0 |     0 |      1 |      0 |    0 |          0 |
|         (u_mem)                            |                                    xpm_memory_sdpram |          4 |          4 |       0 |    0 |     0 |      0 |      0 |    0 |          0 |
|         xpm_memory_base_inst               |                                      xpm_memory_base |          0 |          0 |       0 |    0 |     0 |      1 |      0 |    0 |          0 |
|     u_rrA                                  |                                        rr_arbiter__1 |         76 |         76 |       0 |    0 |    24 |      0 |      0 |    0 |          0 |
|     u_rrB                                  |                                           rr_arbiter |         76 |         76 |       0 |    0 |    24 |      0 |      0 |    0 |          0 |
+--------------------------------------------+------------------------------------------------------+------------+------------+---------+------+-------+--------+--------+------+------------+


